[0.011s] Invoking command in '/home/marino-lc/ROS2dev/tesisx3_plus/build/omni_bringup': DEBUGINFOD_URLS=https://debuginfod.ubuntu.com /usr/bin/cmake /home/marino-lc/ROS2dev/tesisx3_plus/src/omni_bringup -DCMAKE_INSTALL_PREFIX=/home/marino-lc/ROS2dev/tesisx3_plus/install/omni_bringup
[0.058s] -- The C compiler identification is GNU 13.3.0
[0.103s] -- The CXX compiler identification is GNU 13.3.0
[0.115s] -- Detecting C compiler ABI info
[0.239s] -- Detecting C compiler ABI info - done
[0.245s] -- Check for working C compiler: /usr/bin/cc - skipped
[0.245s] -- Detecting C compile features
[0.245s] -- Detecting C compile features - done
[0.252s] -- Detecting CXX compiler ABI info
[0.394s] -- Detecting CXX compiler ABI info - done
[0.401s] -- Check for working CXX compiler: /usr/bin/c++ - skipped
[0.402s] -- Detecting CXX compile features
[0.402s] -- Detecting CXX compile features - done
[0.410s] [31mCMake Error at CMakeLists.txt:9 (find_package):
[0.411s]   By not providing "Findament_cmake.cmake" in CMAKE_MODULE_PATH this project
[0.411s]   has asked CMake to find a package configuration file provided by
[0.411s]   "ament_cmake", but CMake did not find one.
[0.411s] 
[0.411s]   Could not find a package configuration file provided by "ament_cmake" with
[0.411s]   any of the following names:
[0.411s] 
[0.411s]     ament_cmakeConfig.cmake
[0.411s]     ament_cmake-config.cmake
[0.411s] 
[0.411s]   Add the installation prefix of "ament_cmake" to CMAKE_PREFIX_PATH or set
[0.411s]   "ament_cmake_DIR" to a directory containing one of the above files.  If
[0.411s]   "ament_cmake" provides a separate development package or SDK, be sure it
[0.411s] -- Configuring incomplete, errors occurred!
[0.411s]   has been installed.
[0.411s] 
[0.411s] [0m
[0.418s] Invoked command in '/home/marino-lc/ROS2dev/tesisx3_plus/build/omni_bringup' returned '1': DEBUGINFOD_URLS=https://debuginfod.ubuntu.com /usr/bin/cmake /home/marino-lc/ROS2dev/tesisx3_plus/src/omni_bringup -DCMAKE_INSTALL_PREFIX=/home/marino-lc/ROS2dev/tesisx3_plus/install/omni_bringup
