[0.015s] Invoking command in '/home/arrgusr/ROS2Dev/X3_PLUS/build/dofbot_bringup': CMAKE_PREFIX_PATH=${CMAKE_PREFIX_PATH}:/opt/ros/jazzy DEBUGINFOD_URLS=https://debuginfod.ubuntu.com /usr/bin/cmake /home/arrgusr/ROS2Dev/X3_PLUS/src/dofbot_bringup -DCMAKE_INSTALL_PREFIX=/home/arrgusr/ROS2Dev/X3_PLUS/install/dofbot_bringup
[0.086s] -- The C compiler identification is GNU 13.3.0
[0.152s] -- The CXX compiler identification is GNU 13.3.0
[0.176s] -- Detecting C compiler ABI info
[0.286s] -- Detecting C compiler ABI info - done
[0.293s] -- Check for working C compiler: /usr/bin/cc - skipped
[0.294s] -- Detecting C compile features
[0.294s] -- Detecting C compile features - done
[0.313s] -- Detecting CXX compiler ABI info
[0.441s] -- Detecting CXX compiler ABI info - done
[0.448s] -- Check for working CXX compiler: /usr/bin/c++ - skipped
[0.448s] -- Detecting CXX compile features
[0.451s] -- Detecting CXX compile features - done
[0.454s] -- Found ament_cmake: 2.5.5 (/opt/ros/jazzy/share/ament_cmake/cmake)
[1.231s] -- Found Python3: /home/arrgusr/.pyenv/shims/python3 (found version "3.12.3") found components: Interpreter 
[1.462s] -- Found rclpy: 7.1.9 (/opt/ros/jazzy/share/rclpy/cmake)
[1.467s] -- Found std_msgs: 5.3.6 (/opt/ros/jazzy/share/std_msgs/cmake)
[1.523s] -- Found rosidl_generator_c: 4.6.7 (/opt/ros/jazzy/share/rosidl_generator_c/cmake)
[1.542s] -- Found rosidl_generator_cpp: 4.6.7 (/opt/ros/jazzy/share/rosidl_generator_cpp/cmake)
[1.566s] -- Using all available rosidl_typesupport_c: rosidl_typesupport_fastrtps_c;rosidl_typesupport_introspection_c
[1.588s] -- Using all available rosidl_typesupport_cpp: rosidl_typesupport_fastrtps_cpp;rosidl_typesupport_introspection_cpp
[1.640s] -- Found control_msgs: 5.7.0 (/opt/ros/jazzy/share/control_msgs/cmake)
[2.386s] -- Configuring done (2.3s)
[2.393s] -- Generating done (0.0s)
[2.395s] -- Build files have been written to: /home/arrgusr/ROS2Dev/X3_PLUS/build/dofbot_bringup
[2.407s] Invoked command in '/home/arrgusr/ROS2Dev/X3_PLUS/build/dofbot_bringup' returned '0': CMAKE_PREFIX_PATH=${CMAKE_PREFIX_PATH}:/opt/ros/jazzy DEBUGINFOD_URLS=https://debuginfod.ubuntu.com /usr/bin/cmake /home/arrgusr/ROS2Dev/X3_PLUS/src/dofbot_bringup -DCMAKE_INSTALL_PREFIX=/home/arrgusr/ROS2Dev/X3_PLUS/install/dofbot_bringup
[2.408s] Invoking command in '/home/arrgusr/ROS2Dev/X3_PLUS/build/dofbot_bringup': CMAKE_PREFIX_PATH=${CMAKE_PREFIX_PATH}:/opt/ros/jazzy DEBUGINFOD_URLS=https://debuginfod.ubuntu.com /usr/bin/cmake --build /home/arrgusr/ROS2Dev/X3_PLUS/build/dofbot_bringup -- -j2 -l2
[2.558s] Built target ament_cmake_python_copy_dofbot_bringup
[3.029s] running egg_info
[3.031s] creating dofbot_bringup.egg-info
[3.052s] writing dofbot_bringup.egg-info/PKG-INFO
[3.052s] writing dependency_links to dofbot_bringup.egg-info/dependency_links.txt
[3.052s] writing top-level names to dofbot_bringup.egg-info/top_level.txt
[3.052s] writing manifest file 'dofbot_bringup.egg-info/SOURCES.txt'
[3.103s] reading manifest file 'dofbot_bringup.egg-info/SOURCES.txt'
[3.103s] writing manifest file 'dofbot_bringup.egg-info/SOURCES.txt'
[3.145s] Built target ament_cmake_python_build_dofbot_bringup_egg
[3.178s] Invoked command in '/home/arrgusr/ROS2Dev/X3_PLUS/build/dofbot_bringup' returned '0': CMAKE_PREFIX_PATH=${CMAKE_PREFIX_PATH}:/opt/ros/jazzy DEBUGINFOD_URLS=https://debuginfod.ubuntu.com /usr/bin/cmake --build /home/arrgusr/ROS2Dev/X3_PLUS/build/dofbot_bringup -- -j2 -l2
[3.178s] Invoking command in '/home/arrgusr/ROS2Dev/X3_PLUS/build/dofbot_bringup': CMAKE_PREFIX_PATH=${CMAKE_PREFIX_PATH}:/opt/ros/jazzy DEBUGINFOD_URLS=https://debuginfod.ubuntu.com /usr/bin/cmake --install /home/arrgusr/ROS2Dev/X3_PLUS/build/dofbot_bringup
[3.197s] -- Install configuration: ""
[3.199s] -- Installing: /home/arrgusr/ROS2Dev/X3_PLUS/install/dofbot_bringup/share/dofbot_bringup//launch
[3.199s] -- Installing: /home/arrgusr/ROS2Dev/X3_PLUS/install/dofbot_bringup/share/dofbot_bringup//launch/dofbot_trajectory_controller.launch.py
[3.203s] -- Installing: /home/arrgusr/ROS2Dev/X3_PLUS/install/dofbot_bringup/share/dofbot_bringup//rviz
[3.203s] -- Installing: /home/arrgusr/ROS2Dev/X3_PLUS/install/dofbot_bringup/share/dofbot_bringup//rviz/dofbot_trajectory_rviz.rviz
[3.203s] -- Installing: /home/arrgusr/ROS2Dev/X3_PLUS/install/dofbot_bringup/share/dofbot_bringup//world
[3.203s] -- Installing: /home/arrgusr/ROS2Dev/X3_PLUS/install/dofbot_bringup/share/dofbot_bringup//world/test_world.world
[3.203s] -- Installing: /home/arrgusr/ROS2Dev/X3_PLUS/install/dofbot_bringup/share/dofbot_bringup//src
[3.203s] -- Installing: /home/arrgusr/ROS2Dev/X3_PLUS/install/dofbot_bringup/share/dofbot_bringup//src/dofbot_trajectory_test.py
[3.203s] -- Installing: /home/arrgusr/ROS2Dev/X3_PLUS/install/dofbot_bringup/share/dofbot_bringup//src/dofbot_gripper_test.py
[3.203s] -- Installing: /home/arrgusr/ROS2Dev/X3_PLUS/install/dofbot_bringup/share/dofbot_bringup/environment/pythonpath.sh
[3.204s] -- Installing: /home/arrgusr/ROS2Dev/X3_PLUS/install/dofbot_bringup/share/dofbot_bringup/environment/pythonpath.dsv
[3.204s] -- Installing: /home/arrgusr/ROS2Dev/X3_PLUS/install/dofbot_bringup/lib/python3.12/site-packages/dofbot_bringup-0.0.0-py3.12.egg-info
[3.204s] -- Installing: /home/arrgusr/ROS2Dev/X3_PLUS/install/dofbot_bringup/lib/python3.12/site-packages/dofbot_bringup-0.0.0-py3.12.egg-info/PKG-INFO
[3.204s] -- Installing: /home/arrgusr/ROS2Dev/X3_PLUS/install/dofbot_bringup/lib/python3.12/site-packages/dofbot_bringup-0.0.0-py3.12.egg-info/SOURCES.txt
[3.204s] -- Installing: /home/arrgusr/ROS2Dev/X3_PLUS/install/dofbot_bringup/lib/python3.12/site-packages/dofbot_bringup-0.0.0-py3.12.egg-info/top_level.txt
[3.204s] -- Installing: /home/arrgusr/ROS2Dev/X3_PLUS/install/dofbot_bringup/lib/python3.12/site-packages/dofbot_bringup-0.0.0-py3.12.egg-info/dependency_links.txt
[3.204s] -- Installing: /home/arrgusr/ROS2Dev/X3_PLUS/install/dofbot_bringup/lib/python3.12/site-packages/dofbot_bringup
[3.204s] -- Installing: /home/arrgusr/ROS2Dev/X3_PLUS/install/dofbot_bringup/lib/python3.12/site-packages/dofbot_bringup/__init__.py
[3.351s] Listing '/home/arrgusr/ROS2Dev/X3_PLUS/install/dofbot_bringup/lib/python3.12/site-packages/dofbot_bringup'...
[3.351s] Compiling '/home/arrgusr/ROS2Dev/X3_PLUS/install/dofbot_bringup/lib/python3.12/site-packages/dofbot_bringup/__init__.py'...
[3.355s] -- Installing: /home/arrgusr/ROS2Dev/X3_PLUS/install/dofbot_bringup/lib/dofbot_bringup/dofbot_trajectory_test.py
[3.357s] -- Installing: /home/arrgusr/ROS2Dev/X3_PLUS/install/dofbot_bringup/lib/dofbot_bringup/dofbot_gripper_test.py
[3.357s] -- Installing: /home/arrgusr/ROS2Dev/X3_PLUS/install/dofbot_bringup/share/ament_index/resource_index/package_run_dependencies/dofbot_bringup
[3.357s] -- Installing: /home/arrgusr/ROS2Dev/X3_PLUS/install/dofbot_bringup/share/ament_index/resource_index/parent_prefix_path/dofbot_bringup
[3.357s] -- Installing: /home/arrgusr/ROS2Dev/X3_PLUS/install/dofbot_bringup/share/dofbot_bringup/environment/ament_prefix_path.sh
[3.357s] -- Installing: /home/arrgusr/ROS2Dev/X3_PLUS/install/dofbot_bringup/share/dofbot_bringup/environment/ament_prefix_path.dsv
[3.357s] -- Installing: /home/arrgusr/ROS2Dev/X3_PLUS/install/dofbot_bringup/share/dofbot_bringup/environment/path.sh
[3.357s] -- Installing: /home/arrgusr/ROS2Dev/X3_PLUS/install/dofbot_bringup/share/dofbot_bringup/environment/path.dsv
[3.358s] -- Installing: /home/arrgusr/ROS2Dev/X3_PLUS/install/dofbot_bringup/share/dofbot_bringup/local_setup.bash
[3.360s] -- Installing: /home/arrgusr/ROS2Dev/X3_PLUS/install/dofbot_bringup/share/dofbot_bringup/local_setup.sh
[3.360s] -- Installing: /home/arrgusr/ROS2Dev/X3_PLUS/install/dofbot_bringup/share/dofbot_bringup/local_setup.zsh
[3.360s] -- Installing: /home/arrgusr/ROS2Dev/X3_PLUS/install/dofbot_bringup/share/dofbot_bringup/local_setup.dsv
[3.361s] -- Installing: /home/arrgusr/ROS2Dev/X3_PLUS/install/dofbot_bringup/share/dofbot_bringup/package.dsv
[3.362s] -- Installing: /home/arrgusr/ROS2Dev/X3_PLUS/install/dofbot_bringup/share/ament_index/resource_index/packages/dofbot_bringup
[3.362s] -- Installing: /home/arrgusr/ROS2Dev/X3_PLUS/install/dofbot_bringup/share/dofbot_bringup/cmake/dofbot_bringupConfig.cmake
[3.362s] -- Installing: /home/arrgusr/ROS2Dev/X3_PLUS/install/dofbot_bringup/share/dofbot_bringup/cmake/dofbot_bringupConfig-version.cmake
[3.362s] -- Installing: /home/arrgusr/ROS2Dev/X3_PLUS/install/dofbot_bringup/share/dofbot_bringup/package.xml
[3.370s] Invoked command in '/home/arrgusr/ROS2Dev/X3_PLUS/build/dofbot_bringup' returned '0': CMAKE_PREFIX_PATH=${CMAKE_PREFIX_PATH}:/opt/ros/jazzy DEBUGINFOD_URLS=https://debuginfod.ubuntu.com /usr/bin/cmake --install /home/arrgusr/ROS2Dev/X3_PLUS/build/dofbot_bringup
