[0.088s] DEBUG:colcon:Command line arguments: ['/usr/bin/colcon', 'build']
[0.088s] DEBUG:colcon:Parsed command line arguments: Namespace(log_base=None, log_level=None, verb_name='build', build_base='build', install_base='install', merge_install=False, symlink_install=False, test_result_base=None, continue_on_error=False, executor='parallel', parallel_workers=2, event_handlers=None, ignore_user_meta=False, metas=['./colcon.meta'], base_paths=['.'], packages_ignore=None, packages_ignore_regex=None, paths=None, packages_up_to=None, packages_up_to_regex=None, packages_above=None, packages_above_and_dependencies=None, packages_above_depth=None, packages_select_by_dep=None, packages_skip_by_dep=None, packages_skip_up_to=None, packages_select_build_failed=False, packages_skip_build_finished=False, packages_select_test_failures=False, packages_skip_test_passed=False, packages_select=None, packages_skip=None, packages_select_regex=None, packages_skip_regex=None, packages_start=None, packages_end=None, allow_overriding=[], cmake_args=None, cmake_target=None, cmake_target_skip_unavailable=False, cmake_clean_cache=False, cmake_clean_first=False, cmake_force_configure=False, ament_cmake_args=None, catkin_cmake_args=None, catkin_skip_building_tests=False, mixin_files=None, mixin=None, verb_parser=<colcon_mixin.mixin.mixin_argument.MixinArgumentDecorator object at 0x76170f760b60>, verb_extension=<colcon_core.verb.build.BuildVerb object at 0x76170f760830>, main=<bound method BuildVerb.main of <colcon_core.verb.build.BuildVerb object at 0x76170f760830>>, mixin_verb=('build',))
[0.126s] Level 1:colcon.colcon_core.package_discovery:discover_packages(colcon_meta) check parameters
[0.126s] Level 1:colcon.colcon_core.package_discovery:discover_packages(recursive) check parameters
[0.126s] Level 1:colcon.colcon_core.package_discovery:discover_packages(ignore) check parameters
[0.126s] Level 1:colcon.colcon_core.package_discovery:discover_packages(path) check parameters
[0.126s] Level 1:colcon.colcon_core.package_discovery:discover_packages(colcon_meta) discover
[0.126s] Level 1:colcon.colcon_core.package_discovery:discover_packages(recursive) discover
[0.126s] INFO:colcon.colcon_core.package_discovery:Crawling recursively for packages in '/home/arrgusr/ROS2Dev/X3_PLUS'
[0.126s] Level 1:colcon.colcon_core.package_identification:_identify(.) by extensions ['ignore', 'ignore_ament_install']
[0.126s] Level 1:colcon.colcon_core.package_identification:_identify(.) by extension 'ignore'
[0.126s] Level 1:colcon.colcon_core.package_identification:_identify(.) by extension 'ignore_ament_install'
[0.126s] Level 1:colcon.colcon_core.package_identification:_identify(.) by extensions ['colcon_pkg']
[0.126s] Level 1:colcon.colcon_core.package_identification:_identify(.) by extension 'colcon_pkg'
[0.126s] Level 1:colcon.colcon_core.package_identification:_identify(.) by extensions ['colcon_meta']
[0.126s] Level 1:colcon.colcon_core.package_identification:_identify(.) by extension 'colcon_meta'
[0.126s] Level 1:colcon.colcon_core.package_identification:_identify(.) by extensions ['ros']
[0.126s] Level 1:colcon.colcon_core.package_identification:_identify(.) by extension 'ros'
[0.146s] Level 1:colcon.colcon_core.package_identification:_identify(.) by extensions ['cmake', 'python']
[0.146s] Level 1:colcon.colcon_core.package_identification:_identify(.) by extension 'cmake'
[0.146s] Level 1:colcon.colcon_core.package_identification:_identify(.) by extension 'python'
[0.146s] Level 1:colcon.colcon_core.package_identification:_identify(.) by extensions ['python_setup_py']
[0.146s] Level 1:colcon.colcon_core.package_identification:_identify(.) by extension 'python_setup_py'
[0.146s] Level 1:colcon.colcon_core.package_identification:_identify(build) by extensions ['ignore', 'ignore_ament_install']
[0.146s] Level 1:colcon.colcon_core.package_identification:_identify(build) by extension 'ignore'
[0.146s] Level 1:colcon.colcon_core.package_identification:_identify(build) ignored
[0.146s] Level 1:colcon.colcon_core.package_identification:_identify(install) by extensions ['ignore', 'ignore_ament_install']
[0.146s] Level 1:colcon.colcon_core.package_identification:_identify(install) by extension 'ignore'
[0.147s] Level 1:colcon.colcon_core.package_identification:_identify(install) ignored
[0.147s] Level 1:colcon.colcon_core.package_identification:_identify(log) by extensions ['ignore', 'ignore_ament_install']
[0.147s] Level 1:colcon.colcon_core.package_identification:_identify(log) by extension 'ignore'
[0.147s] Level 1:colcon.colcon_core.package_identification:_identify(log) ignored
[0.147s] Level 1:colcon.colcon_core.package_identification:_identify(src) by extensions ['ignore', 'ignore_ament_install']
[0.147s] Level 1:colcon.colcon_core.package_identification:_identify(src) by extension 'ignore'
[0.147s] Level 1:colcon.colcon_core.package_identification:_identify(src) by extension 'ignore_ament_install'
[0.147s] Level 1:colcon.colcon_core.package_identification:_identify(src) by extensions ['colcon_pkg']
[0.147s] Level 1:colcon.colcon_core.package_identification:_identify(src) by extension 'colcon_pkg'
[0.147s] Level 1:colcon.colcon_core.package_identification:_identify(src) by extensions ['colcon_meta']
[0.147s] Level 1:colcon.colcon_core.package_identification:_identify(src) by extension 'colcon_meta'
[0.147s] Level 1:colcon.colcon_core.package_identification:_identify(src) by extensions ['ros']
[0.147s] Level 1:colcon.colcon_core.package_identification:_identify(src) by extension 'ros'
[0.147s] Level 1:colcon.colcon_core.package_identification:_identify(src) by extensions ['cmake', 'python']
[0.147s] Level 1:colcon.colcon_core.package_identification:_identify(src) by extension 'cmake'
[0.147s] Level 1:colcon.colcon_core.package_identification:_identify(src) by extension 'python'
[0.147s] Level 1:colcon.colcon_core.package_identification:_identify(src) by extensions ['python_setup_py']
[0.147s] Level 1:colcon.colcon_core.package_identification:_identify(src) by extension 'python_setup_py'
[0.147s] Level 1:colcon.colcon_core.package_identification:_identify(src/dofbot_bringup) by extensions ['ignore', 'ignore_ament_install']
[0.147s] Level 1:colcon.colcon_core.package_identification:_identify(src/dofbot_bringup) by extension 'ignore'
[0.147s] Level 1:colcon.colcon_core.package_identification:_identify(src/dofbot_bringup) by extension 'ignore_ament_install'
[0.147s] Level 1:colcon.colcon_core.package_identification:_identify(src/dofbot_bringup) by extensions ['colcon_pkg']
[0.147s] Level 1:colcon.colcon_core.package_identification:_identify(src/dofbot_bringup) by extension 'colcon_pkg'
[0.147s] Level 1:colcon.colcon_core.package_identification:_identify(src/dofbot_bringup) by extensions ['colcon_meta']
[0.147s] Level 1:colcon.colcon_core.package_identification:_identify(src/dofbot_bringup) by extension 'colcon_meta'
[0.147s] Level 1:colcon.colcon_core.package_identification:_identify(src/dofbot_bringup) by extensions ['ros']
[0.147s] Level 1:colcon.colcon_core.package_identification:_identify(src/dofbot_bringup) by extension 'ros'
[0.149s] DEBUG:colcon.colcon_core.package_identification:Package 'src/dofbot_bringup' with type 'ros.ament_cmake' and name 'dofbot_bringup'
[0.149s] Level 1:colcon.colcon_core.package_identification:_identify(src/dofbot_description) by extensions ['ignore', 'ignore_ament_install']
[0.149s] Level 1:colcon.colcon_core.package_identification:_identify(src/dofbot_description) by extension 'ignore'
[0.149s] Level 1:colcon.colcon_core.package_identification:_identify(src/dofbot_description) by extension 'ignore_ament_install'
[0.149s] Level 1:colcon.colcon_core.package_identification:_identify(src/dofbot_description) by extensions ['colcon_pkg']
[0.149s] Level 1:colcon.colcon_core.package_identification:_identify(src/dofbot_description) by extension 'colcon_pkg'
[0.149s] Level 1:colcon.colcon_core.package_identification:_identify(src/dofbot_description) by extensions ['colcon_meta']
[0.149s] Level 1:colcon.colcon_core.package_identification:_identify(src/dofbot_description) by extension 'colcon_meta'
[0.149s] Level 1:colcon.colcon_core.package_identification:_identify(src/dofbot_description) by extensions ['ros']
[0.149s] Level 1:colcon.colcon_core.package_identification:_identify(src/dofbot_description) by extension 'ros'
[0.150s] DEBUG:colcon.colcon_core.package_identification:Package 'src/dofbot_description' with type 'ros.ament_cmake' and name 'dofbot_description'
[0.150s] Level 1:colcon.colcon_core.package_identification:_identify(src/omni_bringup) by extensions ['ignore', 'ignore_ament_install']
[0.150s] Level 1:colcon.colcon_core.package_identification:_identify(src/omni_bringup) by extension 'ignore'
[0.150s] Level 1:colcon.colcon_core.package_identification:_identify(src/omni_bringup) by extension 'ignore_ament_install'
[0.150s] Level 1:colcon.colcon_core.package_identification:_identify(src/omni_bringup) by extensions ['colcon_pkg']
[0.150s] Level 1:colcon.colcon_core.package_identification:_identify(src/omni_bringup) by extension 'colcon_pkg'
[0.150s] Level 1:colcon.colcon_core.package_identification:_identify(src/omni_bringup) by extensions ['colcon_meta']
[0.150s] Level 1:colcon.colcon_core.package_identification:_identify(src/omni_bringup) by extension 'colcon_meta'
[0.150s] Level 1:colcon.colcon_core.package_identification:_identify(src/omni_bringup) by extensions ['ros']
[0.150s] Level 1:colcon.colcon_core.package_identification:_identify(src/omni_bringup) by extension 'ros'
[0.150s] DEBUG:colcon.colcon_core.package_identification:Package 'src/omni_bringup' with type 'ros.ament_cmake' and name 'omni_bringup'
[0.150s] Level 1:colcon.colcon_core.package_identification:_identify(src/omni_description) by extensions ['ignore', 'ignore_ament_install']
[0.150s] Level 1:colcon.colcon_core.package_identification:_identify(src/omni_description) by extension 'ignore'
[0.150s] Level 1:colcon.colcon_core.package_identification:_identify(src/omni_description) by extension 'ignore_ament_install'
[0.151s] Level 1:colcon.colcon_core.package_identification:_identify(src/omni_description) by extensions ['colcon_pkg']
[0.151s] Level 1:colcon.colcon_core.package_identification:_identify(src/omni_description) by extension 'colcon_pkg'
[0.151s] Level 1:colcon.colcon_core.package_identification:_identify(src/omni_description) by extensions ['colcon_meta']
[0.151s] Level 1:colcon.colcon_core.package_identification:_identify(src/omni_description) by extension 'colcon_meta'
[0.151s] Level 1:colcon.colcon_core.package_identification:_identify(src/omni_description) by extensions ['ros']
[0.151s] Level 1:colcon.colcon_core.package_identification:_identify(src/omni_description) by extension 'ros'
[0.151s] DEBUG:colcon.colcon_core.package_identification:Package 'src/omni_description' with type 'ros.ament_cmake' and name 'omni_description'
[0.151s] Level 1:colcon.colcon_core.package_identification:_identify(src/omni_dofbot_bringup) by extensions ['ignore', 'ignore_ament_install']
[0.151s] Level 1:colcon.colcon_core.package_identification:_identify(src/omni_dofbot_bringup) by extension 'ignore'
[0.151s] Level 1:colcon.colcon_core.package_identification:_identify(src/omni_dofbot_bringup) by extension 'ignore_ament_install'
[0.151s] Level 1:colcon.colcon_core.package_identification:_identify(src/omni_dofbot_bringup) by extensions ['colcon_pkg']
[0.151s] Level 1:colcon.colcon_core.package_identification:_identify(src/omni_dofbot_bringup) by extension 'colcon_pkg'
[0.151s] Level 1:colcon.colcon_core.package_identification:_identify(src/omni_dofbot_bringup) by extensions ['colcon_meta']
[0.151s] Level 1:colcon.colcon_core.package_identification:_identify(src/omni_dofbot_bringup) by extension 'colcon_meta'
[0.151s] Level 1:colcon.colcon_core.package_identification:_identify(src/omni_dofbot_bringup) by extensions ['ros']
[0.151s] Level 1:colcon.colcon_core.package_identification:_identify(src/omni_dofbot_bringup) by extension 'ros'
[0.151s] DEBUG:colcon.colcon_core.package_identification:Package 'src/omni_dofbot_bringup' with type 'ros.ament_cmake' and name 'omni_dofbot_bringup'
[0.152s] Level 1:colcon.colcon_core.package_identification:_identify(src/omni_dofbot_description) by extensions ['ignore', 'ignore_ament_install']
[0.152s] Level 1:colcon.colcon_core.package_identification:_identify(src/omni_dofbot_description) by extension 'ignore'
[0.152s] Level 1:colcon.colcon_core.package_identification:_identify(src/omni_dofbot_description) by extension 'ignore_ament_install'
[0.152s] Level 1:colcon.colcon_core.package_identification:_identify(src/omni_dofbot_description) by extensions ['colcon_pkg']
[0.152s] Level 1:colcon.colcon_core.package_identification:_identify(src/omni_dofbot_description) by extension 'colcon_pkg'
[0.152s] Level 1:colcon.colcon_core.package_identification:_identify(src/omni_dofbot_description) by extensions ['colcon_meta']
[0.152s] Level 1:colcon.colcon_core.package_identification:_identify(src/omni_dofbot_description) by extension 'colcon_meta'
[0.152s] Level 1:colcon.colcon_core.package_identification:_identify(src/omni_dofbot_description) by extensions ['ros']
[0.152s] Level 1:colcon.colcon_core.package_identification:_identify(src/omni_dofbot_description) by extension 'ros'
[0.152s] DEBUG:colcon.colcon_core.package_identification:Package 'src/omni_dofbot_description' with type 'ros.ament_cmake' and name 'omni_dofbot_description'
[0.152s] Level 1:colcon.colcon_core.package_discovery:discover_packages(recursive) using defaults
[0.152s] Level 1:colcon.colcon_core.package_discovery:discover_packages(ignore) discover
[0.152s] Level 1:colcon.colcon_core.package_discovery:discover_packages(ignore) using defaults
[0.152s] Level 1:colcon.colcon_core.package_discovery:discover_packages(path) discover
[0.152s] Level 1:colcon.colcon_core.package_discovery:discover_packages(path) using defaults
[0.166s] Level 1:colcon.colcon_core.package_discovery:discover_packages(prefix_path) check parameters
[0.166s] Level 1:colcon.colcon_core.package_discovery:discover_packages(prefix_path) discover
[0.167s] DEBUG:colcon.colcon_installed_package_information.package_discovery:Found 6 installed packages in /home/arrgusr/ROS2Dev/X3_PLUS/install
[0.169s] DEBUG:colcon.colcon_installed_package_information.package_discovery:Found 367 installed packages in /opt/ros/jazzy
[0.170s] Level 1:colcon.colcon_core.package_discovery:discover_packages(prefix_path) using defaults
[0.209s] Level 5:colcon.colcon_core.verb:set package 'dofbot_bringup' build argument 'cmake_args' from command line to 'None'
[0.209s] Level 5:colcon.colcon_core.verb:set package 'dofbot_bringup' build argument 'cmake_target' from command line to 'None'
[0.209s] Level 5:colcon.colcon_core.verb:set package 'dofbot_bringup' build argument 'cmake_target_skip_unavailable' from command line to 'False'
[0.210s] Level 5:colcon.colcon_core.verb:set package 'dofbot_bringup' build argument 'cmake_clean_cache' from command line to 'False'
[0.210s] Level 5:colcon.colcon_core.verb:set package 'dofbot_bringup' build argument 'cmake_clean_first' from command line to 'False'
[0.210s] Level 5:colcon.colcon_core.verb:set package 'dofbot_bringup' build argument 'cmake_force_configure' from command line to 'False'
[0.210s] Level 5:colcon.colcon_core.verb:set package 'dofbot_bringup' build argument 'ament_cmake_args' from command line to 'None'
[0.210s] Level 5:colcon.colcon_core.verb:set package 'dofbot_bringup' build argument 'catkin_cmake_args' from command line to 'None'
[0.210s] Level 5:colcon.colcon_core.verb:set package 'dofbot_bringup' build argument 'catkin_skip_building_tests' from command line to 'False'
[0.210s] DEBUG:colcon.colcon_core.verb:Building package 'dofbot_bringup' with the following arguments: {'ament_cmake_args': None, 'build_base': '/home/arrgusr/ROS2Dev/X3_PLUS/build/dofbot_bringup', 'catkin_cmake_args': None, 'catkin_skip_building_tests': False, 'cmake_args': None, 'cmake_clean_cache': False, 'cmake_clean_first': False, 'cmake_force_configure': False, 'cmake_target': None, 'cmake_target_skip_unavailable': False, 'install_base': '/home/arrgusr/ROS2Dev/X3_PLUS/install/dofbot_bringup', 'merge_install': False, 'path': '/home/arrgusr/ROS2Dev/X3_PLUS/src/dofbot_bringup', 'symlink_install': False, 'test_result_base': None}
[0.210s] Level 5:colcon.colcon_core.verb:set package 'dofbot_description' build argument 'cmake_args' from command line to 'None'
[0.210s] Level 5:colcon.colcon_core.verb:set package 'dofbot_description' build argument 'cmake_target' from command line to 'None'
[0.210s] Level 5:colcon.colcon_core.verb:set package 'dofbot_description' build argument 'cmake_target_skip_unavailable' from command line to 'False'
[0.210s] Level 5:colcon.colcon_core.verb:set package 'dofbot_description' build argument 'cmake_clean_cache' from command line to 'False'
[0.210s] Level 5:colcon.colcon_core.verb:set package 'dofbot_description' build argument 'cmake_clean_first' from command line to 'False'
[0.210s] Level 5:colcon.colcon_core.verb:set package 'dofbot_description' build argument 'cmake_force_configure' from command line to 'False'
[0.210s] Level 5:colcon.colcon_core.verb:set package 'dofbot_description' build argument 'ament_cmake_args' from command line to 'None'
[0.210s] Level 5:colcon.colcon_core.verb:set package 'dofbot_description' build argument 'catkin_cmake_args' from command line to 'None'
[0.210s] Level 5:colcon.colcon_core.verb:set package 'dofbot_description' build argument 'catkin_skip_building_tests' from command line to 'False'
[0.210s] DEBUG:colcon.colcon_core.verb:Building package 'dofbot_description' with the following arguments: {'ament_cmake_args': None, 'build_base': '/home/arrgusr/ROS2Dev/X3_PLUS/build/dofbot_description', 'catkin_cmake_args': None, 'catkin_skip_building_tests': False, 'cmake_args': None, 'cmake_clean_cache': False, 'cmake_clean_first': False, 'cmake_force_configure': False, 'cmake_target': None, 'cmake_target_skip_unavailable': False, 'install_base': '/home/arrgusr/ROS2Dev/X3_PLUS/install/dofbot_description', 'merge_install': False, 'path': '/home/arrgusr/ROS2Dev/X3_PLUS/src/dofbot_description', 'symlink_install': False, 'test_result_base': None}
[0.210s] Level 5:colcon.colcon_core.verb:set package 'omni_bringup' build argument 'cmake_args' from command line to 'None'
[0.210s] Level 5:colcon.colcon_core.verb:set package 'omni_bringup' build argument 'cmake_target' from command line to 'None'
[0.210s] Level 5:colcon.colcon_core.verb:set package 'omni_bringup' build argument 'cmake_target_skip_unavailable' from command line to 'False'
[0.210s] Level 5:colcon.colcon_core.verb:set package 'omni_bringup' build argument 'cmake_clean_cache' from command line to 'False'
[0.210s] Level 5:colcon.colcon_core.verb:set package 'omni_bringup' build argument 'cmake_clean_first' from command line to 'False'
[0.210s] Level 5:colcon.colcon_core.verb:set package 'omni_bringup' build argument 'cmake_force_configure' from command line to 'False'
[0.210s] Level 5:colcon.colcon_core.verb:set package 'omni_bringup' build argument 'ament_cmake_args' from command line to 'None'
[0.210s] Level 5:colcon.colcon_core.verb:set package 'omni_bringup' build argument 'catkin_cmake_args' from command line to 'None'
[0.210s] Level 5:colcon.colcon_core.verb:set package 'omni_bringup' build argument 'catkin_skip_building_tests' from command line to 'False'
[0.211s] DEBUG:colcon.colcon_core.verb:Building package 'omni_bringup' with the following arguments: {'ament_cmake_args': None, 'build_base': '/home/arrgusr/ROS2Dev/X3_PLUS/build/omni_bringup', 'catkin_cmake_args': None, 'catkin_skip_building_tests': False, 'cmake_args': None, 'cmake_clean_cache': False, 'cmake_clean_first': False, 'cmake_force_configure': False, 'cmake_target': None, 'cmake_target_skip_unavailable': False, 'install_base': '/home/arrgusr/ROS2Dev/X3_PLUS/install/omni_bringup', 'merge_install': False, 'path': '/home/arrgusr/ROS2Dev/X3_PLUS/src/omni_bringup', 'symlink_install': False, 'test_result_base': None}
[0.211s] Level 5:colcon.colcon_core.verb:set package 'omni_description' build argument 'cmake_args' from command line to 'None'
[0.211s] Level 5:colcon.colcon_core.verb:set package 'omni_description' build argument 'cmake_target' from command line to 'None'
[0.211s] Level 5:colcon.colcon_core.verb:set package 'omni_description' build argument 'cmake_target_skip_unavailable' from command line to 'False'
[0.211s] Level 5:colcon.colcon_core.verb:set package 'omni_description' build argument 'cmake_clean_cache' from command line to 'False'
[0.211s] Level 5:colcon.colcon_core.verb:set package 'omni_description' build argument 'cmake_clean_first' from command line to 'False'
[0.211s] Level 5:colcon.colcon_core.verb:set package 'omni_description' build argument 'cmake_force_configure' from command line to 'False'
[0.211s] Level 5:colcon.colcon_core.verb:set package 'omni_description' build argument 'ament_cmake_args' from command line to 'None'
[0.211s] Level 5:colcon.colcon_core.verb:set package 'omni_description' build argument 'catkin_cmake_args' from command line to 'None'
[0.211s] Level 5:colcon.colcon_core.verb:set package 'omni_description' build argument 'catkin_skip_building_tests' from command line to 'False'
[0.211s] DEBUG:colcon.colcon_core.verb:Building package 'omni_description' with the following arguments: {'ament_cmake_args': None, 'build_base': '/home/arrgusr/ROS2Dev/X3_PLUS/build/omni_description', 'catkin_cmake_args': None, 'catkin_skip_building_tests': False, 'cmake_args': None, 'cmake_clean_cache': False, 'cmake_clean_first': False, 'cmake_force_configure': False, 'cmake_target': None, 'cmake_target_skip_unavailable': False, 'install_base': '/home/arrgusr/ROS2Dev/X3_PLUS/install/omni_description', 'merge_install': False, 'path': '/home/arrgusr/ROS2Dev/X3_PLUS/src/omni_description', 'symlink_install': False, 'test_result_base': None}
[0.211s] Level 5:colcon.colcon_core.verb:set package 'omni_dofbot_bringup' build argument 'cmake_args' from command line to 'None'
[0.211s] Level 5:colcon.colcon_core.verb:set package 'omni_dofbot_bringup' build argument 'cmake_target' from command line to 'None'
[0.211s] Level 5:colcon.colcon_core.verb:set package 'omni_dofbot_bringup' build argument 'cmake_target_skip_unavailable' from command line to 'False'
[0.211s] Level 5:colcon.colcon_core.verb:set package 'omni_dofbot_bringup' build argument 'cmake_clean_cache' from command line to 'False'
[0.211s] Level 5:colcon.colcon_core.verb:set package 'omni_dofbot_bringup' build argument 'cmake_clean_first' from command line to 'False'
[0.211s] Level 5:colcon.colcon_core.verb:set package 'omni_dofbot_bringup' build argument 'cmake_force_configure' from command line to 'False'
[0.211s] Level 5:colcon.colcon_core.verb:set package 'omni_dofbot_bringup' build argument 'ament_cmake_args' from command line to 'None'
[0.211s] Level 5:colcon.colcon_core.verb:set package 'omni_dofbot_bringup' build argument 'catkin_cmake_args' from command line to 'None'
[0.211s] Level 5:colcon.colcon_core.verb:set package 'omni_dofbot_bringup' build argument 'catkin_skip_building_tests' from command line to 'False'
[0.211s] DEBUG:colcon.colcon_core.verb:Building package 'omni_dofbot_bringup' with the following arguments: {'ament_cmake_args': None, 'build_base': '/home/arrgusr/ROS2Dev/X3_PLUS/build/omni_dofbot_bringup', 'catkin_cmake_args': None, 'catkin_skip_building_tests': False, 'cmake_args': None, 'cmake_clean_cache': False, 'cmake_clean_first': False, 'cmake_force_configure': False, 'cmake_target': None, 'cmake_target_skip_unavailable': False, 'install_base': '/home/arrgusr/ROS2Dev/X3_PLUS/install/omni_dofbot_bringup', 'merge_install': False, 'path': '/home/arrgusr/ROS2Dev/X3_PLUS/src/omni_dofbot_bringup', 'symlink_install': False, 'test_result_base': None}
[0.211s] Level 5:colcon.colcon_core.verb:set package 'omni_dofbot_description' build argument 'cmake_args' from command line to 'None'
[0.211s] Level 5:colcon.colcon_core.verb:set package 'omni_dofbot_description' build argument 'cmake_target' from command line to 'None'
[0.211s] Level 5:colcon.colcon_core.verb:set package 'omni_dofbot_description' build argument 'cmake_target_skip_unavailable' from command line to 'False'
[0.211s] Level 5:colcon.colcon_core.verb:set package 'omni_dofbot_description' build argument 'cmake_clean_cache' from command line to 'False'
[0.211s] Level 5:colcon.colcon_core.verb:set package 'omni_dofbot_description' build argument 'cmake_clean_first' from command line to 'False'
[0.211s] Level 5:colcon.colcon_core.verb:set package 'omni_dofbot_description' build argument 'cmake_force_configure' from command line to 'False'
[0.211s] Level 5:colcon.colcon_core.verb:set package 'omni_dofbot_description' build argument 'ament_cmake_args' from command line to 'None'
[0.211s] Level 5:colcon.colcon_core.verb:set package 'omni_dofbot_description' build argument 'catkin_cmake_args' from command line to 'None'
[0.211s] Level 5:colcon.colcon_core.verb:set package 'omni_dofbot_description' build argument 'catkin_skip_building_tests' from command line to 'False'
[0.211s] DEBUG:colcon.colcon_core.verb:Building package 'omni_dofbot_description' with the following arguments: {'ament_cmake_args': None, 'build_base': '/home/arrgusr/ROS2Dev/X3_PLUS/build/omni_dofbot_description', 'catkin_cmake_args': None, 'catkin_skip_building_tests': False, 'cmake_args': None, 'cmake_clean_cache': False, 'cmake_clean_first': False, 'cmake_force_configure': False, 'cmake_target': None, 'cmake_target_skip_unavailable': False, 'install_base': '/home/arrgusr/ROS2Dev/X3_PLUS/install/omni_dofbot_description', 'merge_install': False, 'path': '/home/arrgusr/ROS2Dev/X3_PLUS/src/omni_dofbot_description', 'symlink_install': False, 'test_result_base': None}
[0.211s] INFO:colcon.colcon_core.executor:Executing jobs using 'parallel' executor
[0.212s] DEBUG:colcon.colcon_parallel_executor.executor.parallel:run_until_complete
[0.212s] INFO:colcon.colcon_ros.task.ament_cmake.build:Building ROS package in '/home/arrgusr/ROS2Dev/X3_PLUS/src/dofbot_bringup' with build type 'ament_cmake'
[0.212s] INFO:colcon.colcon_cmake.task.cmake.build:Building CMake package in '/home/arrgusr/ROS2Dev/X3_PLUS/src/dofbot_bringup'
[0.216s] INFO:colcon.colcon_core.plugin_system:Skipping extension 'colcon_core.shell.bat': Not used on non-Windows systems
[0.216s] INFO:colcon.colcon_core.shell:Skip shell extension 'powershell' for command environment: Not usable outside of PowerShell
[0.216s] DEBUG:colcon.colcon_core.shell:Skip shell extension 'dsv' for command environment
[0.224s] INFO:colcon.colcon_ros.task.ament_cmake.build:Building ROS package in '/home/arrgusr/ROS2Dev/X3_PLUS/src/dofbot_description' with build type 'ament_cmake'
[0.224s] INFO:colcon.colcon_cmake.task.cmake.build:Building CMake package in '/home/arrgusr/ROS2Dev/X3_PLUS/src/dofbot_description'
[0.224s] INFO:colcon.colcon_core.shell:Skip shell extension 'powershell' for command environment: Not usable outside of PowerShell
[0.224s] DEBUG:colcon.colcon_core.shell:Skip shell extension 'dsv' for command environment
[0.237s] DEBUG:colcon.colcon_core.event_handler.log_command:Invoking command in '/home/arrgusr/ROS2Dev/X3_PLUS/build/dofbot_bringup': CMAKE_PREFIX_PATH=${CMAKE_PREFIX_PATH}:/opt/ros/jazzy DEBUGINFOD_URLS=https://debuginfod.ubuntu.com /usr/bin/cmake --build /home/arrgusr/ROS2Dev/X3_PLUS/build/dofbot_bringup -- -j2 -l2
[0.252s] DEBUG:colcon.colcon_core.event_handler.log_command:Invoking command in '/home/arrgusr/ROS2Dev/X3_PLUS/build/dofbot_description': CMAKE_PREFIX_PATH=${CMAKE_PREFIX_PATH}:/opt/ros/jazzy DEBUGINFOD_URLS=https://debuginfod.ubuntu.com /usr/bin/cmake --build /home/arrgusr/ROS2Dev/X3_PLUS/build/dofbot_description -- -j2 -l2
[0.300s] DEBUG:colcon.colcon_core.event_handler.log_command:Invoked command in '/home/arrgusr/ROS2Dev/X3_PLUS/build/dofbot_description' returned '0': CMAKE_PREFIX_PATH=${CMAKE_PREFIX_PATH}:/opt/ros/jazzy DEBUGINFOD_URLS=https://debuginfod.ubuntu.com /usr/bin/cmake --build /home/arrgusr/ROS2Dev/X3_PLUS/build/dofbot_description -- -j2 -l2
[0.316s] DEBUG:colcon.colcon_core.event_handler.log_command:Invoking command in '/home/arrgusr/ROS2Dev/X3_PLUS/build/dofbot_description': CMAKE_PREFIX_PATH=${CMAKE_PREFIX_PATH}:/opt/ros/jazzy DEBUGINFOD_URLS=https://debuginfod.ubuntu.com /usr/bin/cmake --install /home/arrgusr/ROS2Dev/X3_PLUS/build/dofbot_description
[0.337s] Level 1:colcon.colcon_core.environment:create_environment_scripts_only(dofbot_description)
[0.337s] DEBUG:colcon.colcon_core.event_handler.log_command:Invoked command in '/home/arrgusr/ROS2Dev/X3_PLUS/build/dofbot_description' returned '0': CMAKE_PREFIX_PATH=${CMAKE_PREFIX_PATH}:/opt/ros/jazzy DEBUGINFOD_URLS=https://debuginfod.ubuntu.com /usr/bin/cmake --install /home/arrgusr/ROS2Dev/X3_PLUS/build/dofbot_description
[0.339s] Level 1:colcon.colcon_core.environment:checking '/home/arrgusr/ROS2Dev/X3_PLUS/install/dofbot_description' for CMake module files
[0.340s] Level 1:colcon.colcon_core.environment:checking '/home/arrgusr/ROS2Dev/X3_PLUS/install/dofbot_description' for CMake config files
[0.340s] Level 1:colcon.colcon_core.shell:create_environment_hook('dofbot_description', 'cmake_prefix_path')
[0.340s] INFO:colcon.colcon_core.shell:Creating environment hook '/home/arrgusr/ROS2Dev/X3_PLUS/install/dofbot_description/share/dofbot_description/hook/cmake_prefix_path.ps1'
[0.341s] INFO:colcon.colcon_core.shell:Creating environment descriptor '/home/arrgusr/ROS2Dev/X3_PLUS/install/dofbot_description/share/dofbot_description/hook/cmake_prefix_path.dsv'
[0.341s] INFO:colcon.colcon_core.shell:Creating environment hook '/home/arrgusr/ROS2Dev/X3_PLUS/install/dofbot_description/share/dofbot_description/hook/cmake_prefix_path.sh'
[0.342s] Level 1:colcon.colcon_core.environment:checking '/home/arrgusr/ROS2Dev/X3_PLUS/install/dofbot_description/bin'
[0.342s] Level 1:colcon.colcon_core.environment:checking '/home/arrgusr/ROS2Dev/X3_PLUS/install/dofbot_description/lib/pkgconfig/dofbot_description.pc'
[0.342s] Level 1:colcon.colcon_core.environment:checking '/home/arrgusr/ROS2Dev/X3_PLUS/install/dofbot_description/lib/python3.12/site-packages'
[0.342s] Level 1:colcon.colcon_core.environment:checking '/home/arrgusr/ROS2Dev/X3_PLUS/install/dofbot_description/bin'
[0.342s] INFO:colcon.colcon_core.shell:Creating package script '/home/arrgusr/ROS2Dev/X3_PLUS/install/dofbot_description/share/dofbot_description/package.ps1'
[0.343s] INFO:colcon.colcon_core.shell:Creating package descriptor '/home/arrgusr/ROS2Dev/X3_PLUS/install/dofbot_description/share/dofbot_description/package.dsv'
[0.344s] INFO:colcon.colcon_core.shell:Creating package script '/home/arrgusr/ROS2Dev/X3_PLUS/install/dofbot_description/share/dofbot_description/package.sh'
[0.344s] INFO:colcon.colcon_core.shell:Creating package script '/home/arrgusr/ROS2Dev/X3_PLUS/install/dofbot_description/share/dofbot_description/package.bash'
[0.345s] INFO:colcon.colcon_core.shell:Creating package script '/home/arrgusr/ROS2Dev/X3_PLUS/install/dofbot_description/share/dofbot_description/package.zsh'
[0.345s] Level 1:colcon.colcon_core.environment:create_file_with_runtime_dependencies(/home/arrgusr/ROS2Dev/X3_PLUS/install/dofbot_description/share/colcon-core/packages/dofbot_description)
[0.346s] Level 1:colcon.colcon_core.environment:create_environment_scripts_only(dofbot_description)
[0.346s] Level 1:colcon.colcon_core.environment:checking '/home/arrgusr/ROS2Dev/X3_PLUS/install/dofbot_description' for CMake module files
[0.346s] Level 1:colcon.colcon_core.environment:checking '/home/arrgusr/ROS2Dev/X3_PLUS/install/dofbot_description' for CMake config files
[0.347s] Level 1:colcon.colcon_core.shell:create_environment_hook('dofbot_description', 'cmake_prefix_path')
[0.347s] INFO:colcon.colcon_core.shell:Creating environment hook '/home/arrgusr/ROS2Dev/X3_PLUS/install/dofbot_description/share/dofbot_description/hook/cmake_prefix_path.ps1'
[0.347s] INFO:colcon.colcon_core.shell:Creating environment descriptor '/home/arrgusr/ROS2Dev/X3_PLUS/install/dofbot_description/share/dofbot_description/hook/cmake_prefix_path.dsv'
[0.347s] INFO:colcon.colcon_core.shell:Creating environment hook '/home/arrgusr/ROS2Dev/X3_PLUS/install/dofbot_description/share/dofbot_description/hook/cmake_prefix_path.sh'
[0.348s] Level 1:colcon.colcon_core.environment:checking '/home/arrgusr/ROS2Dev/X3_PLUS/install/dofbot_description/bin'
[0.348s] Level 1:colcon.colcon_core.environment:checking '/home/arrgusr/ROS2Dev/X3_PLUS/install/dofbot_description/lib/pkgconfig/dofbot_description.pc'
[0.348s] Level 1:colcon.colcon_core.environment:checking '/home/arrgusr/ROS2Dev/X3_PLUS/install/dofbot_description/lib/python3.12/site-packages'
[0.348s] Level 1:colcon.colcon_core.environment:checking '/home/arrgusr/ROS2Dev/X3_PLUS/install/dofbot_description/bin'
[0.348s] INFO:colcon.colcon_core.shell:Creating package script '/home/arrgusr/ROS2Dev/X3_PLUS/install/dofbot_description/share/dofbot_description/package.ps1'
[0.349s] INFO:colcon.colcon_core.shell:Creating package descriptor '/home/arrgusr/ROS2Dev/X3_PLUS/install/dofbot_description/share/dofbot_description/package.dsv'
[0.349s] INFO:colcon.colcon_core.shell:Creating package script '/home/arrgusr/ROS2Dev/X3_PLUS/install/dofbot_description/share/dofbot_description/package.sh'
[0.350s] INFO:colcon.colcon_core.shell:Creating package script '/home/arrgusr/ROS2Dev/X3_PLUS/install/dofbot_description/share/dofbot_description/package.bash'
[0.350s] INFO:colcon.colcon_core.shell:Creating package script '/home/arrgusr/ROS2Dev/X3_PLUS/install/dofbot_description/share/dofbot_description/package.zsh'
[0.351s] Level 1:colcon.colcon_core.environment:create_file_with_runtime_dependencies(/home/arrgusr/ROS2Dev/X3_PLUS/install/dofbot_description/share/colcon-core/packages/dofbot_description)
[0.353s] INFO:colcon.colcon_ros.task.ament_cmake.build:Building ROS package in '/home/arrgusr/ROS2Dev/X3_PLUS/src/omni_bringup' with build type 'ament_cmake'
[0.353s] INFO:colcon.colcon_cmake.task.cmake.build:Building CMake package in '/home/arrgusr/ROS2Dev/X3_PLUS/src/omni_bringup'
[0.353s] INFO:colcon.colcon_core.shell:Skip shell extension 'powershell' for command environment: Not usable outside of PowerShell
[0.353s] DEBUG:colcon.colcon_core.shell:Skip shell extension 'dsv' for command environment
[0.370s] DEBUG:colcon.colcon_core.event_handler.log_command:Invoking command in '/home/arrgusr/ROS2Dev/X3_PLUS/build/omni_bringup': CMAKE_PREFIX_PATH=${CMAKE_PREFIX_PATH}:/opt/ros/jazzy DEBUGINFOD_URLS=https://debuginfod.ubuntu.com /usr/bin/cmake --build /home/arrgusr/ROS2Dev/X3_PLUS/build/omni_bringup -- -j2 -l2
[0.761s] DEBUG:colcon.colcon_core.event_handler.log_command:Invoked command in '/home/arrgusr/ROS2Dev/X3_PLUS/build/dofbot_bringup' returned '0': CMAKE_PREFIX_PATH=${CMAKE_PREFIX_PATH}:/opt/ros/jazzy DEBUGINFOD_URLS=https://debuginfod.ubuntu.com /usr/bin/cmake --build /home/arrgusr/ROS2Dev/X3_PLUS/build/dofbot_bringup -- -j2 -l2
[0.761s] DEBUG:colcon.colcon_core.event_handler.log_command:Invoking command in '/home/arrgusr/ROS2Dev/X3_PLUS/build/dofbot_bringup': CMAKE_PREFIX_PATH=${CMAKE_PREFIX_PATH}:/opt/ros/jazzy DEBUGINFOD_URLS=https://debuginfod.ubuntu.com /usr/bin/cmake --install /home/arrgusr/ROS2Dev/X3_PLUS/build/dofbot_bringup
[0.899s] Level 1:colcon.colcon_core.environment:create_environment_scripts_only(dofbot_bringup)
[0.899s] Level 1:colcon.colcon_core.environment:checking '/home/arrgusr/ROS2Dev/X3_PLUS/install/dofbot_bringup' for CMake module files
[0.899s] Level 1:colcon.colcon_core.environment:checking '/home/arrgusr/ROS2Dev/X3_PLUS/install/dofbot_bringup' for CMake config files
[0.899s] Level 1:colcon.colcon_core.shell:create_environment_hook('dofbot_bringup', 'cmake_prefix_path')
[0.900s] INFO:colcon.colcon_core.shell:Creating environment hook '/home/arrgusr/ROS2Dev/X3_PLUS/install/dofbot_bringup/share/dofbot_bringup/hook/cmake_prefix_path.ps1'
[0.900s] DEBUG:colcon.colcon_core.event_handler.log_command:Invoked command in '/home/arrgusr/ROS2Dev/X3_PLUS/build/dofbot_bringup' returned '0': CMAKE_PREFIX_PATH=${CMAKE_PREFIX_PATH}:/opt/ros/jazzy DEBUGINFOD_URLS=https://debuginfod.ubuntu.com /usr/bin/cmake --install /home/arrgusr/ROS2Dev/X3_PLUS/build/dofbot_bringup
[0.900s] INFO:colcon.colcon_core.shell:Creating environment descriptor '/home/arrgusr/ROS2Dev/X3_PLUS/install/dofbot_bringup/share/dofbot_bringup/hook/cmake_prefix_path.dsv'
[0.901s] INFO:colcon.colcon_core.shell:Creating environment hook '/home/arrgusr/ROS2Dev/X3_PLUS/install/dofbot_bringup/share/dofbot_bringup/hook/cmake_prefix_path.sh'
[0.905s] Level 1:colcon.colcon_core.environment:checking '/home/arrgusr/ROS2Dev/X3_PLUS/install/dofbot_bringup/lib'
[0.905s] Level 1:colcon.colcon_core.environment:checking '/home/arrgusr/ROS2Dev/X3_PLUS/install/dofbot_bringup/bin'
[0.905s] Level 1:colcon.colcon_core.environment:checking '/home/arrgusr/ROS2Dev/X3_PLUS/install/dofbot_bringup/lib/pkgconfig/dofbot_bringup.pc'
[0.905s] Level 1:colcon.colcon_core.environment:checking '/home/arrgusr/ROS2Dev/X3_PLUS/install/dofbot_bringup/lib/python3.12/site-packages'
[0.905s] Level 1:colcon.colcon_core.shell:create_environment_hook('dofbot_bringup', 'pythonpath')
[0.905s] INFO:colcon.colcon_core.shell:Creating environment hook '/home/arrgusr/ROS2Dev/X3_PLUS/install/dofbot_bringup/share/dofbot_bringup/hook/pythonpath.ps1'
[0.906s] INFO:colcon.colcon_core.shell:Creating environment descriptor '/home/arrgusr/ROS2Dev/X3_PLUS/install/dofbot_bringup/share/dofbot_bringup/hook/pythonpath.dsv'
[0.906s] INFO:colcon.colcon_core.shell:Creating environment hook '/home/arrgusr/ROS2Dev/X3_PLUS/install/dofbot_bringup/share/dofbot_bringup/hook/pythonpath.sh'
[0.907s] Level 1:colcon.colcon_core.environment:checking '/home/arrgusr/ROS2Dev/X3_PLUS/install/dofbot_bringup/bin'
[0.907s] INFO:colcon.colcon_core.shell:Creating package script '/home/arrgusr/ROS2Dev/X3_PLUS/install/dofbot_bringup/share/dofbot_bringup/package.ps1'
[0.908s] INFO:colcon.colcon_core.shell:Creating package descriptor '/home/arrgusr/ROS2Dev/X3_PLUS/install/dofbot_bringup/share/dofbot_bringup/package.dsv'
[0.908s] INFO:colcon.colcon_core.shell:Creating package script '/home/arrgusr/ROS2Dev/X3_PLUS/install/dofbot_bringup/share/dofbot_bringup/package.sh'
[0.909s] INFO:colcon.colcon_core.shell:Creating package script '/home/arrgusr/ROS2Dev/X3_PLUS/install/dofbot_bringup/share/dofbot_bringup/package.bash'
[0.909s] INFO:colcon.colcon_core.shell:Creating package script '/home/arrgusr/ROS2Dev/X3_PLUS/install/dofbot_bringup/share/dofbot_bringup/package.zsh'
[0.910s] Level 1:colcon.colcon_core.environment:create_file_with_runtime_dependencies(/home/arrgusr/ROS2Dev/X3_PLUS/install/dofbot_bringup/share/colcon-core/packages/dofbot_bringup)
[0.910s] Level 1:colcon.colcon_core.environment:create_environment_scripts_only(dofbot_bringup)
[0.910s] Level 1:colcon.colcon_core.environment:checking '/home/arrgusr/ROS2Dev/X3_PLUS/install/dofbot_bringup' for CMake module files
[0.910s] Level 1:colcon.colcon_core.environment:checking '/home/arrgusr/ROS2Dev/X3_PLUS/install/dofbot_bringup' for CMake config files
[0.911s] Level 1:colcon.colcon_core.shell:create_environment_hook('dofbot_bringup', 'cmake_prefix_path')
[0.911s] INFO:colcon.colcon_core.shell:Creating environment hook '/home/arrgusr/ROS2Dev/X3_PLUS/install/dofbot_bringup/share/dofbot_bringup/hook/cmake_prefix_path.ps1'
[0.911s] INFO:colcon.colcon_core.shell:Creating environment descriptor '/home/arrgusr/ROS2Dev/X3_PLUS/install/dofbot_bringup/share/dofbot_bringup/hook/cmake_prefix_path.dsv'
[0.912s] INFO:colcon.colcon_core.shell:Creating environment hook '/home/arrgusr/ROS2Dev/X3_PLUS/install/dofbot_bringup/share/dofbot_bringup/hook/cmake_prefix_path.sh'
[0.912s] Level 1:colcon.colcon_core.environment:checking '/home/arrgusr/ROS2Dev/X3_PLUS/install/dofbot_bringup/lib'
[0.912s] Level 1:colcon.colcon_core.environment:checking '/home/arrgusr/ROS2Dev/X3_PLUS/install/dofbot_bringup/bin'
[0.912s] Level 1:colcon.colcon_core.environment:checking '/home/arrgusr/ROS2Dev/X3_PLUS/install/dofbot_bringup/lib/pkgconfig/dofbot_bringup.pc'
[0.912s] Level 1:colcon.colcon_core.environment:checking '/home/arrgusr/ROS2Dev/X3_PLUS/install/dofbot_bringup/lib/python3.12/site-packages'
[0.912s] Level 1:colcon.colcon_core.shell:create_environment_hook('dofbot_bringup', 'pythonpath')
[0.913s] INFO:colcon.colcon_core.shell:Creating environment hook '/home/arrgusr/ROS2Dev/X3_PLUS/install/dofbot_bringup/share/dofbot_bringup/hook/pythonpath.ps1'
[0.913s] INFO:colcon.colcon_core.shell:Creating environment descriptor '/home/arrgusr/ROS2Dev/X3_PLUS/install/dofbot_bringup/share/dofbot_bringup/hook/pythonpath.dsv'
[0.913s] INFO:colcon.colcon_core.shell:Creating environment hook '/home/arrgusr/ROS2Dev/X3_PLUS/install/dofbot_bringup/share/dofbot_bringup/hook/pythonpath.sh'
[0.914s] Level 1:colcon.colcon_core.environment:checking '/home/arrgusr/ROS2Dev/X3_PLUS/install/dofbot_bringup/bin'
[0.914s] INFO:colcon.colcon_core.shell:Creating package script '/home/arrgusr/ROS2Dev/X3_PLUS/install/dofbot_bringup/share/dofbot_bringup/package.ps1'
[0.915s] INFO:colcon.colcon_core.shell:Creating package descriptor '/home/arrgusr/ROS2Dev/X3_PLUS/install/dofbot_bringup/share/dofbot_bringup/package.dsv'
[0.915s] INFO:colcon.colcon_core.shell:Creating package script '/home/arrgusr/ROS2Dev/X3_PLUS/install/dofbot_bringup/share/dofbot_bringup/package.sh'
[0.916s] INFO:colcon.colcon_core.shell:Creating package script '/home/arrgusr/ROS2Dev/X3_PLUS/install/dofbot_bringup/share/dofbot_bringup/package.bash'
[0.916s] INFO:colcon.colcon_core.shell:Creating package script '/home/arrgusr/ROS2Dev/X3_PLUS/install/dofbot_bringup/share/dofbot_bringup/package.zsh'
[0.917s] Level 1:colcon.colcon_core.environment:create_file_with_runtime_dependencies(/home/arrgusr/ROS2Dev/X3_PLUS/install/dofbot_bringup/share/colcon-core/packages/dofbot_bringup)
[0.917s] INFO:colcon.colcon_ros.task.ament_cmake.build:Building ROS package in '/home/arrgusr/ROS2Dev/X3_PLUS/src/omni_description' with build type 'ament_cmake'
[0.917s] INFO:colcon.colcon_cmake.task.cmake.build:Building CMake package in '/home/arrgusr/ROS2Dev/X3_PLUS/src/omni_description'
[0.918s] INFO:colcon.colcon_core.shell:Skip shell extension 'powershell' for command environment: Not usable outside of PowerShell
[0.918s] DEBUG:colcon.colcon_core.shell:Skip shell extension 'dsv' for command environment
[0.932s] DEBUG:colcon.colcon_core.event_handler.log_command:Invoked command in '/home/arrgusr/ROS2Dev/X3_PLUS/build/omni_bringup' returned '0': CMAKE_PREFIX_PATH=${CMAKE_PREFIX_PATH}:/opt/ros/jazzy DEBUGINFOD_URLS=https://debuginfod.ubuntu.com /usr/bin/cmake --build /home/arrgusr/ROS2Dev/X3_PLUS/build/omni_bringup -- -j2 -l2
[0.932s] DEBUG:colcon.colcon_core.event_handler.log_command:Invoking command in '/home/arrgusr/ROS2Dev/X3_PLUS/build/omni_bringup': CMAKE_PREFIX_PATH=${CMAKE_PREFIX_PATH}:/opt/ros/jazzy DEBUGINFOD_URLS=https://debuginfod.ubuntu.com /usr/bin/cmake --install /home/arrgusr/ROS2Dev/X3_PLUS/build/omni_bringup
[0.941s] DEBUG:colcon.colcon_core.event_handler.log_command:Invoking command in '/home/arrgusr/ROS2Dev/X3_PLUS/build/omni_description': CMAKE_PREFIX_PATH=${CMAKE_PREFIX_PATH}:/opt/ros/jazzy DEBUGINFOD_URLS=https://debuginfod.ubuntu.com /usr/bin/cmake --build /home/arrgusr/ROS2Dev/X3_PLUS/build/omni_description -- -j2 -l2
[0.994s] DEBUG:colcon.colcon_core.event_handler.log_command:Invoked command in '/home/arrgusr/ROS2Dev/X3_PLUS/build/omni_description' returned '0': CMAKE_PREFIX_PATH=${CMAKE_PREFIX_PATH}:/opt/ros/jazzy DEBUGINFOD_URLS=https://debuginfod.ubuntu.com /usr/bin/cmake --build /home/arrgusr/ROS2Dev/X3_PLUS/build/omni_description -- -j2 -l2
[0.995s] DEBUG:colcon.colcon_core.event_handler.log_command:Invoking command in '/home/arrgusr/ROS2Dev/X3_PLUS/build/omni_description': CMAKE_PREFIX_PATH=${CMAKE_PREFIX_PATH}:/opt/ros/jazzy DEBUGINFOD_URLS=https://debuginfod.ubuntu.com /usr/bin/cmake --install /home/arrgusr/ROS2Dev/X3_PLUS/build/omni_description
[1.014s] Level 1:colcon.colcon_core.environment:create_environment_scripts_only(omni_description)
[1.014s] Level 1:colcon.colcon_core.environment:checking '/home/arrgusr/ROS2Dev/X3_PLUS/install/omni_description' for CMake module files
[1.014s] Level 1:colcon.colcon_core.environment:checking '/home/arrgusr/ROS2Dev/X3_PLUS/install/omni_description' for CMake config files
[1.015s] DEBUG:colcon.colcon_core.event_handler.log_command:Invoked command in '/home/arrgusr/ROS2Dev/X3_PLUS/build/omni_description' returned '0': CMAKE_PREFIX_PATH=${CMAKE_PREFIX_PATH}:/opt/ros/jazzy DEBUGINFOD_URLS=https://debuginfod.ubuntu.com /usr/bin/cmake --install /home/arrgusr/ROS2Dev/X3_PLUS/build/omni_description
[1.015s] Level 1:colcon.colcon_core.shell:create_environment_hook('omni_description', 'cmake_prefix_path')
[1.015s] INFO:colcon.colcon_core.shell:Creating environment hook '/home/arrgusr/ROS2Dev/X3_PLUS/install/omni_description/share/omni_description/hook/cmake_prefix_path.ps1'
[1.016s] INFO:colcon.colcon_core.shell:Creating environment descriptor '/home/arrgusr/ROS2Dev/X3_PLUS/install/omni_description/share/omni_description/hook/cmake_prefix_path.dsv'
[1.016s] INFO:colcon.colcon_core.shell:Creating environment hook '/home/arrgusr/ROS2Dev/X3_PLUS/install/omni_description/share/omni_description/hook/cmake_prefix_path.sh'
[1.017s] Level 1:colcon.colcon_core.environment:checking '/home/arrgusr/ROS2Dev/X3_PLUS/install/omni_description/bin'
[1.017s] Level 1:colcon.colcon_core.environment:checking '/home/arrgusr/ROS2Dev/X3_PLUS/install/omni_description/lib/pkgconfig/omni_description.pc'
[1.017s] Level 1:colcon.colcon_core.environment:checking '/home/arrgusr/ROS2Dev/X3_PLUS/install/omni_description/lib/python3.12/site-packages'
[1.017s] Level 1:colcon.colcon_core.environment:checking '/home/arrgusr/ROS2Dev/X3_PLUS/install/omni_description/bin'
[1.018s] INFO:colcon.colcon_core.shell:Creating package script '/home/arrgusr/ROS2Dev/X3_PLUS/install/omni_description/share/omni_description/package.ps1'
[1.018s] INFO:colcon.colcon_core.shell:Creating package descriptor '/home/arrgusr/ROS2Dev/X3_PLUS/install/omni_description/share/omni_description/package.dsv'
[1.019s] INFO:colcon.colcon_core.shell:Creating package script '/home/arrgusr/ROS2Dev/X3_PLUS/install/omni_description/share/omni_description/package.sh'
[1.019s] INFO:colcon.colcon_core.shell:Creating package script '/home/arrgusr/ROS2Dev/X3_PLUS/install/omni_description/share/omni_description/package.bash'
[1.020s] INFO:colcon.colcon_core.shell:Creating package script '/home/arrgusr/ROS2Dev/X3_PLUS/install/omni_description/share/omni_description/package.zsh'
[1.022s] Level 1:colcon.colcon_core.environment:create_file_with_runtime_dependencies(/home/arrgusr/ROS2Dev/X3_PLUS/install/omni_description/share/colcon-core/packages/omni_description)
[1.022s] Level 1:colcon.colcon_core.environment:create_environment_scripts_only(omni_description)
[1.023s] Level 1:colcon.colcon_core.environment:checking '/home/arrgusr/ROS2Dev/X3_PLUS/install/omni_description' for CMake module files
[1.023s] Level 1:colcon.colcon_core.environment:checking '/home/arrgusr/ROS2Dev/X3_PLUS/install/omni_description' for CMake config files
[1.023s] Level 1:colcon.colcon_core.shell:create_environment_hook('omni_description', 'cmake_prefix_path')
[1.023s] INFO:colcon.colcon_core.shell:Creating environment hook '/home/arrgusr/ROS2Dev/X3_PLUS/install/omni_description/share/omni_description/hook/cmake_prefix_path.ps1'
[1.024s] INFO:colcon.colcon_core.shell:Creating environment descriptor '/home/arrgusr/ROS2Dev/X3_PLUS/install/omni_description/share/omni_description/hook/cmake_prefix_path.dsv'
[1.025s] INFO:colcon.colcon_core.shell:Creating environment hook '/home/arrgusr/ROS2Dev/X3_PLUS/install/omni_description/share/omni_description/hook/cmake_prefix_path.sh'
[1.025s] Level 1:colcon.colcon_core.environment:checking '/home/arrgusr/ROS2Dev/X3_PLUS/install/omni_description/bin'
[1.026s] Level 1:colcon.colcon_core.environment:checking '/home/arrgusr/ROS2Dev/X3_PLUS/install/omni_description/lib/pkgconfig/omni_description.pc'
[1.026s] Level 1:colcon.colcon_core.environment:checking '/home/arrgusr/ROS2Dev/X3_PLUS/install/omni_description/lib/python3.12/site-packages'
[1.026s] Level 1:colcon.colcon_core.environment:checking '/home/arrgusr/ROS2Dev/X3_PLUS/install/omni_description/bin'
[1.028s] INFO:colcon.colcon_core.shell:Creating package script '/home/arrgusr/ROS2Dev/X3_PLUS/install/omni_description/share/omni_description/package.ps1'
[1.028s] INFO:colcon.colcon_core.shell:Creating package descriptor '/home/arrgusr/ROS2Dev/X3_PLUS/install/omni_description/share/omni_description/package.dsv'
[1.030s] INFO:colcon.colcon_core.shell:Creating package script '/home/arrgusr/ROS2Dev/X3_PLUS/install/omni_description/share/omni_description/package.sh'
[1.031s] INFO:colcon.colcon_core.shell:Creating package script '/home/arrgusr/ROS2Dev/X3_PLUS/install/omni_description/share/omni_description/package.bash'
[1.031s] INFO:colcon.colcon_core.shell:Creating package script '/home/arrgusr/ROS2Dev/X3_PLUS/install/omni_description/share/omni_description/package.zsh'
[1.033s] Level 1:colcon.colcon_core.environment:create_file_with_runtime_dependencies(/home/arrgusr/ROS2Dev/X3_PLUS/install/omni_description/share/colcon-core/packages/omni_description)
[1.034s] INFO:colcon.colcon_ros.task.ament_cmake.build:Building ROS package in '/home/arrgusr/ROS2Dev/X3_PLUS/src/omni_dofbot_bringup' with build type 'ament_cmake'
[1.034s] INFO:colcon.colcon_cmake.task.cmake.build:Building CMake package in '/home/arrgusr/ROS2Dev/X3_PLUS/src/omni_dofbot_bringup'
[1.034s] INFO:colcon.colcon_core.shell:Skip shell extension 'powershell' for command environment: Not usable outside of PowerShell
[1.034s] DEBUG:colcon.colcon_core.shell:Skip shell extension 'dsv' for command environment
[1.046s] DEBUG:colcon.colcon_core.event_handler.log_command:Invoking command in '/home/arrgusr/ROS2Dev/X3_PLUS/build/omni_dofbot_bringup': CMAKE_PREFIX_PATH=${CMAKE_PREFIX_PATH}:/opt/ros/jazzy DEBUGINFOD_URLS=https://debuginfod.ubuntu.com /usr/bin/cmake --build /home/arrgusr/ROS2Dev/X3_PLUS/build/omni_dofbot_bringup -- -j2 -l2
[1.093s] Level 1:colcon.colcon_core.environment:create_environment_scripts_only(omni_bringup)
[1.093s] Level 1:colcon.colcon_core.environment:checking '/home/arrgusr/ROS2Dev/X3_PLUS/install/omni_bringup' for CMake module files
[1.093s] Level 1:colcon.colcon_core.environment:checking '/home/arrgusr/ROS2Dev/X3_PLUS/install/omni_bringup' for CMake config files
[1.094s] Level 1:colcon.colcon_core.shell:create_environment_hook('omni_bringup', 'cmake_prefix_path')
[1.094s] INFO:colcon.colcon_core.shell:Creating environment hook '/home/arrgusr/ROS2Dev/X3_PLUS/install/omni_bringup/share/omni_bringup/hook/cmake_prefix_path.ps1'
[1.094s] INFO:colcon.colcon_core.shell:Creating environment descriptor '/home/arrgusr/ROS2Dev/X3_PLUS/install/omni_bringup/share/omni_bringup/hook/cmake_prefix_path.dsv'
[1.094s] DEBUG:colcon.colcon_core.event_handler.log_command:Invoked command in '/home/arrgusr/ROS2Dev/X3_PLUS/build/omni_bringup' returned '0': CMAKE_PREFIX_PATH=${CMAKE_PREFIX_PATH}:/opt/ros/jazzy DEBUGINFOD_URLS=https://debuginfod.ubuntu.com /usr/bin/cmake --install /home/arrgusr/ROS2Dev/X3_PLUS/build/omni_bringup
[1.095s] INFO:colcon.colcon_core.shell:Creating environment hook '/home/arrgusr/ROS2Dev/X3_PLUS/install/omni_bringup/share/omni_bringup/hook/cmake_prefix_path.sh'
[1.095s] Level 1:colcon.colcon_core.environment:checking '/home/arrgusr/ROS2Dev/X3_PLUS/install/omni_bringup/lib'
[1.096s] Level 1:colcon.colcon_core.environment:checking '/home/arrgusr/ROS2Dev/X3_PLUS/install/omni_bringup/bin'
[1.096s] Level 1:colcon.colcon_core.environment:checking '/home/arrgusr/ROS2Dev/X3_PLUS/install/omni_bringup/lib/pkgconfig/omni_bringup.pc'
[1.096s] Level 1:colcon.colcon_core.environment:checking '/home/arrgusr/ROS2Dev/X3_PLUS/install/omni_bringup/lib/python3.12/site-packages'
[1.096s] Level 1:colcon.colcon_core.shell:create_environment_hook('omni_bringup', 'pythonpath')
[1.096s] INFO:colcon.colcon_core.shell:Creating environment hook '/home/arrgusr/ROS2Dev/X3_PLUS/install/omni_bringup/share/omni_bringup/hook/pythonpath.ps1'
[1.096s] INFO:colcon.colcon_core.shell:Creating environment descriptor '/home/arrgusr/ROS2Dev/X3_PLUS/install/omni_bringup/share/omni_bringup/hook/pythonpath.dsv'
[1.097s] INFO:colcon.colcon_core.shell:Creating environment hook '/home/arrgusr/ROS2Dev/X3_PLUS/install/omni_bringup/share/omni_bringup/hook/pythonpath.sh'
[1.102s] Level 1:colcon.colcon_core.environment:checking '/home/arrgusr/ROS2Dev/X3_PLUS/install/omni_bringup/bin'
[1.102s] INFO:colcon.colcon_core.shell:Creating package script '/home/arrgusr/ROS2Dev/X3_PLUS/install/omni_bringup/share/omni_bringup/package.ps1'
[1.103s] INFO:colcon.colcon_core.shell:Creating package descriptor '/home/arrgusr/ROS2Dev/X3_PLUS/install/omni_bringup/share/omni_bringup/package.dsv'
[1.104s] INFO:colcon.colcon_core.shell:Creating package script '/home/arrgusr/ROS2Dev/X3_PLUS/install/omni_bringup/share/omni_bringup/package.sh'
[1.104s] INFO:colcon.colcon_core.shell:Creating package script '/home/arrgusr/ROS2Dev/X3_PLUS/install/omni_bringup/share/omni_bringup/package.bash'
[1.105s] INFO:colcon.colcon_core.shell:Creating package script '/home/arrgusr/ROS2Dev/X3_PLUS/install/omni_bringup/share/omni_bringup/package.zsh'
[1.105s] Level 1:colcon.colcon_core.environment:create_file_with_runtime_dependencies(/home/arrgusr/ROS2Dev/X3_PLUS/install/omni_bringup/share/colcon-core/packages/omni_bringup)
[1.106s] Level 1:colcon.colcon_core.environment:create_environment_scripts_only(omni_bringup)
[1.106s] Level 1:colcon.colcon_core.environment:checking '/home/arrgusr/ROS2Dev/X3_PLUS/install/omni_bringup' for CMake module files
[1.106s] Level 1:colcon.colcon_core.environment:checking '/home/arrgusr/ROS2Dev/X3_PLUS/install/omni_bringup' for CMake config files
[1.106s] Level 1:colcon.colcon_core.shell:create_environment_hook('omni_bringup', 'cmake_prefix_path')
[1.106s] INFO:colcon.colcon_core.shell:Creating environment hook '/home/arrgusr/ROS2Dev/X3_PLUS/install/omni_bringup/share/omni_bringup/hook/cmake_prefix_path.ps1'
[1.107s] INFO:colcon.colcon_core.shell:Creating environment descriptor '/home/arrgusr/ROS2Dev/X3_PLUS/install/omni_bringup/share/omni_bringup/hook/cmake_prefix_path.dsv'
[1.107s] INFO:colcon.colcon_core.shell:Creating environment hook '/home/arrgusr/ROS2Dev/X3_PLUS/install/omni_bringup/share/omni_bringup/hook/cmake_prefix_path.sh'
[1.108s] Level 1:colcon.colcon_core.environment:checking '/home/arrgusr/ROS2Dev/X3_PLUS/install/omni_bringup/lib'
[1.108s] Level 1:colcon.colcon_core.environment:checking '/home/arrgusr/ROS2Dev/X3_PLUS/install/omni_bringup/bin'
[1.108s] Level 1:colcon.colcon_core.environment:checking '/home/arrgusr/ROS2Dev/X3_PLUS/install/omni_bringup/lib/pkgconfig/omni_bringup.pc'
[1.108s] Level 1:colcon.colcon_core.environment:checking '/home/arrgusr/ROS2Dev/X3_PLUS/install/omni_bringup/lib/python3.12/site-packages'
[1.108s] Level 1:colcon.colcon_core.shell:create_environment_hook('omni_bringup', 'pythonpath')
[1.108s] INFO:colcon.colcon_core.shell:Creating environment hook '/home/arrgusr/ROS2Dev/X3_PLUS/install/omni_bringup/share/omni_bringup/hook/pythonpath.ps1'
[1.109s] INFO:colcon.colcon_core.shell:Creating environment descriptor '/home/arrgusr/ROS2Dev/X3_PLUS/install/omni_bringup/share/omni_bringup/hook/pythonpath.dsv'
[1.109s] INFO:colcon.colcon_core.shell:Creating environment hook '/home/arrgusr/ROS2Dev/X3_PLUS/install/omni_bringup/share/omni_bringup/hook/pythonpath.sh'
[1.110s] Level 1:colcon.colcon_core.environment:checking '/home/arrgusr/ROS2Dev/X3_PLUS/install/omni_bringup/bin'
[1.110s] INFO:colcon.colcon_core.shell:Creating package script '/home/arrgusr/ROS2Dev/X3_PLUS/install/omni_bringup/share/omni_bringup/package.ps1'
[1.110s] INFO:colcon.colcon_core.shell:Creating package descriptor '/home/arrgusr/ROS2Dev/X3_PLUS/install/omni_bringup/share/omni_bringup/package.dsv'
[1.111s] INFO:colcon.colcon_core.shell:Creating package script '/home/arrgusr/ROS2Dev/X3_PLUS/install/omni_bringup/share/omni_bringup/package.sh'
[1.111s] INFO:colcon.colcon_core.shell:Creating package script '/home/arrgusr/ROS2Dev/X3_PLUS/install/omni_bringup/share/omni_bringup/package.bash'
[1.112s] INFO:colcon.colcon_core.shell:Creating package script '/home/arrgusr/ROS2Dev/X3_PLUS/install/omni_bringup/share/omni_bringup/package.zsh'
[1.112s] Level 1:colcon.colcon_core.environment:create_file_with_runtime_dependencies(/home/arrgusr/ROS2Dev/X3_PLUS/install/omni_bringup/share/colcon-core/packages/omni_bringup)
[1.113s] INFO:colcon.colcon_ros.task.ament_cmake.build:Building ROS package in '/home/arrgusr/ROS2Dev/X3_PLUS/src/omni_dofbot_description' with build type 'ament_cmake'
[1.113s] INFO:colcon.colcon_cmake.task.cmake.build:Building CMake package in '/home/arrgusr/ROS2Dev/X3_PLUS/src/omni_dofbot_description'
[1.114s] INFO:colcon.colcon_core.shell:Skip shell extension 'powershell' for command environment: Not usable outside of PowerShell
[1.114s] DEBUG:colcon.colcon_core.shell:Skip shell extension 'dsv' for command environment
[1.126s] DEBUG:colcon.colcon_core.event_handler.log_command:Invoking command in '/home/arrgusr/ROS2Dev/X3_PLUS/build/omni_dofbot_description': CMAKE_PREFIX_PATH=${CMAKE_PREFIX_PATH}:/opt/ros/jazzy DEBUGINFOD_URLS=https://debuginfod.ubuntu.com /usr/bin/cmake --build /home/arrgusr/ROS2Dev/X3_PLUS/build/omni_dofbot_description -- -j2 -l2
[1.186s] DEBUG:colcon.colcon_core.event_handler.log_command:Invoked command in '/home/arrgusr/ROS2Dev/X3_PLUS/build/omni_dofbot_description' returned '0': CMAKE_PREFIX_PATH=${CMAKE_PREFIX_PATH}:/opt/ros/jazzy DEBUGINFOD_URLS=https://debuginfod.ubuntu.com /usr/bin/cmake --build /home/arrgusr/ROS2Dev/X3_PLUS/build/omni_dofbot_description -- -j2 -l2
[1.188s] DEBUG:colcon.colcon_core.event_handler.log_command:Invoking command in '/home/arrgusr/ROS2Dev/X3_PLUS/build/omni_dofbot_description': CMAKE_PREFIX_PATH=${CMAKE_PREFIX_PATH}:/opt/ros/jazzy DEBUGINFOD_URLS=https://debuginfod.ubuntu.com /usr/bin/cmake --install /home/arrgusr/ROS2Dev/X3_PLUS/build/omni_dofbot_description
[1.206s] Level 1:colcon.colcon_core.environment:create_environment_scripts_only(omni_dofbot_description)
[1.206s] DEBUG:colcon.colcon_core.event_handler.log_command:Invoked command in '/home/arrgusr/ROS2Dev/X3_PLUS/build/omni_dofbot_description' returned '0': CMAKE_PREFIX_PATH=${CMAKE_PREFIX_PATH}:/opt/ros/jazzy DEBUGINFOD_URLS=https://debuginfod.ubuntu.com /usr/bin/cmake --install /home/arrgusr/ROS2Dev/X3_PLUS/build/omni_dofbot_description
[1.207s] Level 1:colcon.colcon_core.environment:checking '/home/arrgusr/ROS2Dev/X3_PLUS/install/omni_dofbot_description' for CMake module files
[1.207s] Level 1:colcon.colcon_core.environment:checking '/home/arrgusr/ROS2Dev/X3_PLUS/install/omni_dofbot_description' for CMake config files
[1.207s] Level 1:colcon.colcon_core.shell:create_environment_hook('omni_dofbot_description', 'cmake_prefix_path')
[1.208s] INFO:colcon.colcon_core.shell:Creating environment hook '/home/arrgusr/ROS2Dev/X3_PLUS/install/omni_dofbot_description/share/omni_dofbot_description/hook/cmake_prefix_path.ps1'
[1.208s] INFO:colcon.colcon_core.shell:Creating environment descriptor '/home/arrgusr/ROS2Dev/X3_PLUS/install/omni_dofbot_description/share/omni_dofbot_description/hook/cmake_prefix_path.dsv'
[1.209s] INFO:colcon.colcon_core.shell:Creating environment hook '/home/arrgusr/ROS2Dev/X3_PLUS/install/omni_dofbot_description/share/omni_dofbot_description/hook/cmake_prefix_path.sh'
[1.209s] Level 1:colcon.colcon_core.environment:checking '/home/arrgusr/ROS2Dev/X3_PLUS/install/omni_dofbot_description/bin'
[1.209s] Level 1:colcon.colcon_core.environment:checking '/home/arrgusr/ROS2Dev/X3_PLUS/install/omni_dofbot_description/lib/pkgconfig/omni_dofbot_description.pc'
[1.210s] Level 1:colcon.colcon_core.environment:checking '/home/arrgusr/ROS2Dev/X3_PLUS/install/omni_dofbot_description/lib/python3.12/site-packages'
[1.210s] Level 1:colcon.colcon_core.environment:checking '/home/arrgusr/ROS2Dev/X3_PLUS/install/omni_dofbot_description/bin'
[1.210s] INFO:colcon.colcon_core.shell:Creating package script '/home/arrgusr/ROS2Dev/X3_PLUS/install/omni_dofbot_description/share/omni_dofbot_description/package.ps1'
[1.211s] INFO:colcon.colcon_core.shell:Creating package descriptor '/home/arrgusr/ROS2Dev/X3_PLUS/install/omni_dofbot_description/share/omni_dofbot_description/package.dsv'
[1.211s] INFO:colcon.colcon_core.shell:Creating package script '/home/arrgusr/ROS2Dev/X3_PLUS/install/omni_dofbot_description/share/omni_dofbot_description/package.sh'
[1.212s] INFO:colcon.colcon_core.shell:Creating package script '/home/arrgusr/ROS2Dev/X3_PLUS/install/omni_dofbot_description/share/omni_dofbot_description/package.bash'
[1.212s] INFO:colcon.colcon_core.shell:Creating package script '/home/arrgusr/ROS2Dev/X3_PLUS/install/omni_dofbot_description/share/omni_dofbot_description/package.zsh'
[1.212s] Level 1:colcon.colcon_core.environment:create_file_with_runtime_dependencies(/home/arrgusr/ROS2Dev/X3_PLUS/install/omni_dofbot_description/share/colcon-core/packages/omni_dofbot_description)
[1.219s] Level 1:colcon.colcon_core.environment:create_environment_scripts_only(omni_dofbot_description)
[1.219s] Level 1:colcon.colcon_core.environment:checking '/home/arrgusr/ROS2Dev/X3_PLUS/install/omni_dofbot_description' for CMake module files
[1.219s] Level 1:colcon.colcon_core.environment:checking '/home/arrgusr/ROS2Dev/X3_PLUS/install/omni_dofbot_description' for CMake config files
[1.220s] Level 1:colcon.colcon_core.shell:create_environment_hook('omni_dofbot_description', 'cmake_prefix_path')
[1.220s] INFO:colcon.colcon_core.shell:Creating environment hook '/home/arrgusr/ROS2Dev/X3_PLUS/install/omni_dofbot_description/share/omni_dofbot_description/hook/cmake_prefix_path.ps1'
[1.220s] INFO:colcon.colcon_core.shell:Creating environment descriptor '/home/arrgusr/ROS2Dev/X3_PLUS/install/omni_dofbot_description/share/omni_dofbot_description/hook/cmake_prefix_path.dsv'
[1.220s] INFO:colcon.colcon_core.shell:Creating environment hook '/home/arrgusr/ROS2Dev/X3_PLUS/install/omni_dofbot_description/share/omni_dofbot_description/hook/cmake_prefix_path.sh'
[1.221s] Level 1:colcon.colcon_core.environment:checking '/home/arrgusr/ROS2Dev/X3_PLUS/install/omni_dofbot_description/bin'
[1.221s] Level 1:colcon.colcon_core.environment:checking '/home/arrgusr/ROS2Dev/X3_PLUS/install/omni_dofbot_description/lib/pkgconfig/omni_dofbot_description.pc'
[1.221s] Level 1:colcon.colcon_core.environment:checking '/home/arrgusr/ROS2Dev/X3_PLUS/install/omni_dofbot_description/lib/python3.12/site-packages'
[1.222s] Level 1:colcon.colcon_core.environment:checking '/home/arrgusr/ROS2Dev/X3_PLUS/install/omni_dofbot_description/bin'
[1.222s] INFO:colcon.colcon_core.shell:Creating package script '/home/arrgusr/ROS2Dev/X3_PLUS/install/omni_dofbot_description/share/omni_dofbot_description/package.ps1'
[1.223s] INFO:colcon.colcon_core.shell:Creating package descriptor '/home/arrgusr/ROS2Dev/X3_PLUS/install/omni_dofbot_description/share/omni_dofbot_description/package.dsv'
[1.223s] INFO:colcon.colcon_core.shell:Creating package script '/home/arrgusr/ROS2Dev/X3_PLUS/install/omni_dofbot_description/share/omni_dofbot_description/package.sh'
[1.223s] INFO:colcon.colcon_core.shell:Creating package script '/home/arrgusr/ROS2Dev/X3_PLUS/install/omni_dofbot_description/share/omni_dofbot_description/package.bash'
[1.224s] INFO:colcon.colcon_core.shell:Creating package script '/home/arrgusr/ROS2Dev/X3_PLUS/install/omni_dofbot_description/share/omni_dofbot_description/package.zsh'
[1.224s] Level 1:colcon.colcon_core.environment:create_file_with_runtime_dependencies(/home/arrgusr/ROS2Dev/X3_PLUS/install/omni_dofbot_description/share/colcon-core/packages/omni_dofbot_description)
[1.533s] DEBUG:colcon.colcon_core.event_handler.log_command:Invoked command in '/home/arrgusr/ROS2Dev/X3_PLUS/build/omni_dofbot_bringup' returned '0': CMAKE_PREFIX_PATH=${CMAKE_PREFIX_PATH}:/opt/ros/jazzy DEBUGINFOD_URLS=https://debuginfod.ubuntu.com /usr/bin/cmake --build /home/arrgusr/ROS2Dev/X3_PLUS/build/omni_dofbot_bringup -- -j2 -l2
[1.534s] DEBUG:colcon.colcon_core.event_handler.log_command:Invoking command in '/home/arrgusr/ROS2Dev/X3_PLUS/build/omni_dofbot_bringup': CMAKE_PREFIX_PATH=${CMAKE_PREFIX_PATH}:/opt/ros/jazzy DEBUGINFOD_URLS=https://debuginfod.ubuntu.com /usr/bin/cmake --install /home/arrgusr/ROS2Dev/X3_PLUS/build/omni_dofbot_bringup
[1.683s] Level 1:colcon.colcon_core.environment:create_environment_scripts_only(omni_dofbot_bringup)
[1.684s] Level 1:colcon.colcon_core.environment:checking '/home/arrgusr/ROS2Dev/X3_PLUS/install/omni_dofbot_bringup' for CMake module files
[1.684s] DEBUG:colcon.colcon_core.event_handler.log_command:Invoked command in '/home/arrgusr/ROS2Dev/X3_PLUS/build/omni_dofbot_bringup' returned '0': CMAKE_PREFIX_PATH=${CMAKE_PREFIX_PATH}:/opt/ros/jazzy DEBUGINFOD_URLS=https://debuginfod.ubuntu.com /usr/bin/cmake --install /home/arrgusr/ROS2Dev/X3_PLUS/build/omni_dofbot_bringup
[1.685s] Level 1:colcon.colcon_core.environment:checking '/home/arrgusr/ROS2Dev/X3_PLUS/install/omni_dofbot_bringup' for CMake config files
[1.685s] Level 1:colcon.colcon_core.shell:create_environment_hook('omni_dofbot_bringup', 'cmake_prefix_path')
[1.685s] INFO:colcon.colcon_core.shell:Creating environment hook '/home/arrgusr/ROS2Dev/X3_PLUS/install/omni_dofbot_bringup/share/omni_dofbot_bringup/hook/cmake_prefix_path.ps1'
[1.686s] INFO:colcon.colcon_core.shell:Creating environment descriptor '/home/arrgusr/ROS2Dev/X3_PLUS/install/omni_dofbot_bringup/share/omni_dofbot_bringup/hook/cmake_prefix_path.dsv'
[1.686s] INFO:colcon.colcon_core.shell:Creating environment hook '/home/arrgusr/ROS2Dev/X3_PLUS/install/omni_dofbot_bringup/share/omni_dofbot_bringup/hook/cmake_prefix_path.sh'
[1.687s] Level 1:colcon.colcon_core.environment:checking '/home/arrgusr/ROS2Dev/X3_PLUS/install/omni_dofbot_bringup/lib'
[1.687s] Level 1:colcon.colcon_core.environment:checking '/home/arrgusr/ROS2Dev/X3_PLUS/install/omni_dofbot_bringup/bin'
[1.687s] Level 1:colcon.colcon_core.environment:checking '/home/arrgusr/ROS2Dev/X3_PLUS/install/omni_dofbot_bringup/lib/pkgconfig/omni_dofbot_bringup.pc'
[1.687s] Level 1:colcon.colcon_core.environment:checking '/home/arrgusr/ROS2Dev/X3_PLUS/install/omni_dofbot_bringup/lib/python3.12/site-packages'
[1.687s] Level 1:colcon.colcon_core.shell:create_environment_hook('omni_dofbot_bringup', 'pythonpath')
[1.687s] INFO:colcon.colcon_core.shell:Creating environment hook '/home/arrgusr/ROS2Dev/X3_PLUS/install/omni_dofbot_bringup/share/omni_dofbot_bringup/hook/pythonpath.ps1'
[1.687s] INFO:colcon.colcon_core.shell:Creating environment descriptor '/home/arrgusr/ROS2Dev/X3_PLUS/install/omni_dofbot_bringup/share/omni_dofbot_bringup/hook/pythonpath.dsv'
[1.688s] INFO:colcon.colcon_core.shell:Creating environment hook '/home/arrgusr/ROS2Dev/X3_PLUS/install/omni_dofbot_bringup/share/omni_dofbot_bringup/hook/pythonpath.sh'
[1.688s] Level 1:colcon.colcon_core.environment:checking '/home/arrgusr/ROS2Dev/X3_PLUS/install/omni_dofbot_bringup/bin'
[1.689s] INFO:colcon.colcon_core.shell:Creating package script '/home/arrgusr/ROS2Dev/X3_PLUS/install/omni_dofbot_bringup/share/omni_dofbot_bringup/package.ps1'
[1.689s] INFO:colcon.colcon_core.shell:Creating package descriptor '/home/arrgusr/ROS2Dev/X3_PLUS/install/omni_dofbot_bringup/share/omni_dofbot_bringup/package.dsv'
[1.690s] INFO:colcon.colcon_core.shell:Creating package script '/home/arrgusr/ROS2Dev/X3_PLUS/install/omni_dofbot_bringup/share/omni_dofbot_bringup/package.sh'
[1.690s] INFO:colcon.colcon_core.shell:Creating package script '/home/arrgusr/ROS2Dev/X3_PLUS/install/omni_dofbot_bringup/share/omni_dofbot_bringup/package.bash'
[1.690s] INFO:colcon.colcon_core.shell:Creating package script '/home/arrgusr/ROS2Dev/X3_PLUS/install/omni_dofbot_bringup/share/omni_dofbot_bringup/package.zsh'
[1.691s] Level 1:colcon.colcon_core.environment:create_file_with_runtime_dependencies(/home/arrgusr/ROS2Dev/X3_PLUS/install/omni_dofbot_bringup/share/colcon-core/packages/omni_dofbot_bringup)
[1.691s] Level 1:colcon.colcon_core.environment:create_environment_scripts_only(omni_dofbot_bringup)
[1.691s] Level 1:colcon.colcon_core.environment:checking '/home/arrgusr/ROS2Dev/X3_PLUS/install/omni_dofbot_bringup' for CMake module files
[1.692s] Level 1:colcon.colcon_core.environment:checking '/home/arrgusr/ROS2Dev/X3_PLUS/install/omni_dofbot_bringup' for CMake config files
[1.692s] Level 1:colcon.colcon_core.shell:create_environment_hook('omni_dofbot_bringup', 'cmake_prefix_path')
[1.692s] INFO:colcon.colcon_core.shell:Creating environment hook '/home/arrgusr/ROS2Dev/X3_PLUS/install/omni_dofbot_bringup/share/omni_dofbot_bringup/hook/cmake_prefix_path.ps1'
[1.692s] INFO:colcon.colcon_core.shell:Creating environment descriptor '/home/arrgusr/ROS2Dev/X3_PLUS/install/omni_dofbot_bringup/share/omni_dofbot_bringup/hook/cmake_prefix_path.dsv'
[1.693s] INFO:colcon.colcon_core.shell:Creating environment hook '/home/arrgusr/ROS2Dev/X3_PLUS/install/omni_dofbot_bringup/share/omni_dofbot_bringup/hook/cmake_prefix_path.sh'
[1.693s] Level 1:colcon.colcon_core.environment:checking '/home/arrgusr/ROS2Dev/X3_PLUS/install/omni_dofbot_bringup/lib'
[1.693s] Level 1:colcon.colcon_core.environment:checking '/home/arrgusr/ROS2Dev/X3_PLUS/install/omni_dofbot_bringup/bin'
[1.693s] Level 1:colcon.colcon_core.environment:checking '/home/arrgusr/ROS2Dev/X3_PLUS/install/omni_dofbot_bringup/lib/pkgconfig/omni_dofbot_bringup.pc'
[1.694s] Level 1:colcon.colcon_core.environment:checking '/home/arrgusr/ROS2Dev/X3_PLUS/install/omni_dofbot_bringup/lib/python3.12/site-packages'
[1.694s] Level 1:colcon.colcon_core.shell:create_environment_hook('omni_dofbot_bringup', 'pythonpath')
[1.694s] INFO:colcon.colcon_core.shell:Creating environment hook '/home/arrgusr/ROS2Dev/X3_PLUS/install/omni_dofbot_bringup/share/omni_dofbot_bringup/hook/pythonpath.ps1'
[1.694s] INFO:colcon.colcon_core.shell:Creating environment descriptor '/home/arrgusr/ROS2Dev/X3_PLUS/install/omni_dofbot_bringup/share/omni_dofbot_bringup/hook/pythonpath.dsv'
[1.694s] INFO:colcon.colcon_core.shell:Creating environment hook '/home/arrgusr/ROS2Dev/X3_PLUS/install/omni_dofbot_bringup/share/omni_dofbot_bringup/hook/pythonpath.sh'
[1.695s] Level 1:colcon.colcon_core.environment:checking '/home/arrgusr/ROS2Dev/X3_PLUS/install/omni_dofbot_bringup/bin'
[1.695s] INFO:colcon.colcon_core.shell:Creating package script '/home/arrgusr/ROS2Dev/X3_PLUS/install/omni_dofbot_bringup/share/omni_dofbot_bringup/package.ps1'
[1.696s] INFO:colcon.colcon_core.shell:Creating package descriptor '/home/arrgusr/ROS2Dev/X3_PLUS/install/omni_dofbot_bringup/share/omni_dofbot_bringup/package.dsv'
[1.696s] INFO:colcon.colcon_core.shell:Creating package script '/home/arrgusr/ROS2Dev/X3_PLUS/install/omni_dofbot_bringup/share/omni_dofbot_bringup/package.sh'
[1.696s] INFO:colcon.colcon_core.shell:Creating package script '/home/arrgusr/ROS2Dev/X3_PLUS/install/omni_dofbot_bringup/share/omni_dofbot_bringup/package.bash'
[1.697s] INFO:colcon.colcon_core.shell:Creating package script '/home/arrgusr/ROS2Dev/X3_PLUS/install/omni_dofbot_bringup/share/omni_dofbot_bringup/package.zsh'
[1.697s] Level 1:colcon.colcon_core.environment:create_file_with_runtime_dependencies(/home/arrgusr/ROS2Dev/X3_PLUS/install/omni_dofbot_bringup/share/colcon-core/packages/omni_dofbot_bringup)
[1.698s] DEBUG:colcon.colcon_parallel_executor.executor.parallel:closing loop
[1.699s] DEBUG:colcon.colcon_parallel_executor.executor.parallel:loop closed
[1.699s] DEBUG:colcon.colcon_parallel_executor.executor.parallel:run_until_complete finished with '0'
[1.699s] DEBUG:colcon.colcon_core.event_reactor:joining thread
[1.709s] INFO:colcon.colcon_core.plugin_system:Skipping extension 'colcon_notification.desktop_notification.terminal_notifier': Not used on non-Darwin systems
[1.709s] INFO:colcon.colcon_core.plugin_system:Skipping extension 'colcon_notification.desktop_notification.win32': Not used on non-Windows systems
[1.709s] INFO:colcon.colcon_notification.desktop_notification:Sending desktop notification using 'notify2'
[1.727s] DEBUG:colcon.colcon_core.event_reactor:joined thread
[1.728s] INFO:colcon.colcon_core.shell:Creating prefix script '/home/arrgusr/ROS2Dev/X3_PLUS/install/local_setup.ps1'
[1.729s] INFO:colcon.colcon_core.shell:Creating prefix util module '/home/arrgusr/ROS2Dev/X3_PLUS/install/_local_setup_util_ps1.py'
[1.729s] INFO:colcon.colcon_core.shell:Creating prefix chain script '/home/arrgusr/ROS2Dev/X3_PLUS/install/setup.ps1'
[1.730s] INFO:colcon.colcon_core.shell:Creating prefix script '/home/arrgusr/ROS2Dev/X3_PLUS/install/local_setup.sh'
[1.731s] INFO:colcon.colcon_core.shell:Creating prefix util module '/home/arrgusr/ROS2Dev/X3_PLUS/install/_local_setup_util_sh.py'
[1.731s] INFO:colcon.colcon_core.shell:Creating prefix chain script '/home/arrgusr/ROS2Dev/X3_PLUS/install/setup.sh'
[1.732s] INFO:colcon.colcon_core.shell:Creating prefix script '/home/arrgusr/ROS2Dev/X3_PLUS/install/local_setup.bash'
[1.733s] INFO:colcon.colcon_core.shell:Creating prefix chain script '/home/arrgusr/ROS2Dev/X3_PLUS/install/setup.bash'
[1.734s] INFO:colcon.colcon_core.shell:Creating prefix script '/home/arrgusr/ROS2Dev/X3_PLUS/install/local_setup.zsh'
[1.735s] INFO:colcon.colcon_core.shell:Creating prefix chain script '/home/arrgusr/ROS2Dev/X3_PLUS/install/setup.zsh'
