[0.015s] Invoking command in '/home/marino-lc/ROS2dev/tesisx3_plus/build/omni_dofbot_description': DEBUGINFOD_URLS=https://debuginfod.ubuntu.com /usr/bin/cmake /home/marino-lc/ROS2dev/tesisx3_plus/src/omni_dofbot_description -DCMAKE_INSTALL_PREFIX=/home/marino-lc/ROS2dev/tesisx3_plus/install/omni_dofbot_description
[0.070s] -- The C compiler identification is GNU 13.3.0
[0.114s] -- The CXX compiler identification is GNU 13.3.0
[0.126s] -- Detecting C compiler ABI info
[0.236s] -- Detecting C compiler ABI info - done
[0.242s] -- Check for working C compiler: /usr/bin/cc - skipped
[0.242s] -- Detecting C compile features
[0.242s] -- Detecting C compile features - done
[0.249s] -- Detecting CXX compiler ABI info
[0.391s] -- Detecting CXX compiler ABI info - done
[0.402s] -- Check for working CXX compiler: /usr/bin/c++ - skipped
[0.402s] -- Detecting CXX compile features
[0.402s] -- Detecting CXX compile features - done
[0.412s] [31mCMake Error at CMakeLists.txt:9 (find_package):
[0.412s]   By not providing "Findament_cmake.cmake" in CMAKE_MODULE_PATH this project
[0.412s]   has asked CMake to find a package configuration file provided by
[0.412s]   "ament_cmake", but CMake did not find one.
[0.412s] 
[0.412s]   Could not find a package configuration file provided by "ament_cmake" with
[0.412s]   any of the following names:
[0.413s] 
[0.413s]     ament_cmakeConfig.cmake
[0.413s]     ament_cmake-config.cmake
[0.413s] 
[0.413s]   Add the installation prefix of "ament_cmake" to CMAKE_PREFIX_PATH or set
[0.413s]   "ament_cmake_DIR" to a directory containing one of the above files.  If
[0.413s]   "ament_cmake" provides a separate development package or SDK, be sure it
[0.413s]   has been installed.
[0.413s] 
[0.413s] [0m
[0.414s] -- Configuring incomplete, errors occurred!
[0.418s] Invoked command in '/home/marino-lc/ROS2dev/tesisx3_plus/build/omni_dofbot_description' returned '1': DEBUGINFOD_URLS=https://debuginfod.ubuntu.com /usr/bin/cmake /home/marino-lc/ROS2dev/tesisx3_plus/src/omni_dofbot_description -DCMAKE_INSTALL_PREFIX=/home/marino-lc/ROS2dev/tesisx3_plus/install/omni_dofbot_description
