[0.021s] Invoking command in '/home/marino-lc/ROS2dev/tesisx3_plus/build/omni_dofbot_bringup': CMAKE_PREFIX_PATH=${CMAKE_PREFIX_PATH}:/opt/ros/jazzy DEBUGINFOD_URLS=https://debuginfod.ubuntu.com /usr/bin/cmake --build /home/marino-lc/ROS2dev/tesisx3_plus/build/omni_dofbot_bringup -- -j12 -l12
[0.071s] -- Found ament_cmake: 2.5.6 (/opt/ros/jazzy/share/ament_cmake/cmake)
[0.349s] -- Found rclpy: 7.1.11 (/opt/ros/jazzy/share/rclpy/cmake)
[0.350s] -- Found std_msgs: 5.3.8 (/opt/ros/jazzy/share/std_msgs/cmake)
[0.375s] -- Found rosidl_generator_c: 4.6.9 (/opt/ros/jazzy/share/rosidl_generator_c/cmake)
[0.387s] -- Found rosidl_generator_cpp: 4.6.9 (/opt/ros/jazzy/share/rosidl_generator_cpp/cmake)
[0.397s] -- Using all available rosidl_typesupport_c: rosidl_typesupport_fastrtps_c;rosidl_typesupport_introspection_c
[0.411s] -- Using all available rosidl_typesupport_cpp: rosidl_typesupport_fastrtps_cpp;rosidl_typesupport_introspection_cpp
[0.442s] -- Found geometry_msgs: 5.3.8 (/opt/ros/jazzy/share/geometry_msgs/cmake)
[0.459s] -- Found nav_msgs: 5.3.8 (/opt/ros/jazzy/share/nav_msgs/cmake)
[0.498s] -- Found control_msgs: 5.9.0 (/opt/ros/jazzy/share/control_msgs/cmake)
[0.805s] -- Configuring done (0.7s)
[0.811s] -- Generating done (0.0s)
[0.877s] -- Build files have been written to: /home/marino-lc/ROS2dev/tesisx3_plus/build/omni_dofbot_bringup
[0.939s] Built target ament_cmake_python_copy_omni_dofbot_bringup
[1.136s] running egg_info
[1.153s] writing omni_dofbot_bringup.egg-info/PKG-INFO
[1.153s] writing dependency_links to omni_dofbot_bringup.egg-info/dependency_links.txt
[1.153s] writing top-level names to omni_dofbot_bringup.egg-info/top_level.txt
[1.197s] reading manifest file 'omni_dofbot_bringup.egg-info/SOURCES.txt'
[1.197s] writing manifest file 'omni_dofbot_bringup.egg-info/SOURCES.txt'
[1.234s] Built target ament_cmake_python_build_omni_dofbot_bringup_egg
[1.254s] Invoked command in '/home/marino-lc/ROS2dev/tesisx3_plus/build/omni_dofbot_bringup' returned '0': CMAKE_PREFIX_PATH=${CMAKE_PREFIX_PATH}:/opt/ros/jazzy DEBUGINFOD_URLS=https://debuginfod.ubuntu.com /usr/bin/cmake --build /home/marino-lc/ROS2dev/tesisx3_plus/build/omni_dofbot_bringup -- -j12 -l12
[1.255s] Invoking command in '/home/marino-lc/ROS2dev/tesisx3_plus/build/omni_dofbot_bringup': CMAKE_PREFIX_PATH=${CMAKE_PREFIX_PATH}:/opt/ros/jazzy DEBUGINFOD_URLS=https://debuginfod.ubuntu.com /usr/bin/cmake --install /home/marino-lc/ROS2dev/tesisx3_plus/build/omni_dofbot_bringup
[1.264s] -- Install configuration: ""
[1.264s] -- Up-to-date: /home/marino-lc/ROS2dev/tesisx3_plus/install/omni_dofbot_bringup/share/omni_dofbot_bringup//launch
[1.264s] -- Up-to-date: /home/marino-lc/ROS2dev/tesisx3_plus/install/omni_dofbot_bringup/share/omni_dofbot_bringup//launch/nav2_arena.launch.py
[1.264s] -- Up-to-date: /home/marino-lc/ROS2dev/tesisx3_plus/install/omni_dofbot_bringup/share/omni_dofbot_bringup//launch/omni_dofbot_controller.launch.py
[1.264s] -- Up-to-date: /home/marino-lc/ROS2dev/tesisx3_plus/install/omni_dofbot_bringup/share/omni_dofbot_bringup//launch/omni_dofbot_diagnostic.launch.py
[1.264s] -- Up-to-date: /home/marino-lc/ROS2dev/tesisx3_plus/install/omni_dofbot_bringup/share/omni_dofbot_bringup//rviz
[1.264s] -- Up-to-date: /home/marino-lc/ROS2dev/tesisx3_plus/install/omni_dofbot_bringup/share/omni_dofbot_bringup//rviz/omni_dofbot_trayectory_rviz.rviz
[1.264s] -- Up-to-date: /home/marino-lc/ROS2dev/tesisx3_plus/install/omni_dofbot_bringup/share/omni_dofbot_bringup//world
[1.264s] -- Up-to-date: /home/marino-lc/ROS2dev/tesisx3_plus/install/omni_dofbot_bringup/share/omni_dofbot_bringup//world/arena_pid_tuning.world
[1.264s] -- Up-to-date: /home/marino-lc/ROS2dev/tesisx3_plus/install/omni_dofbot_bringup/share/omni_dofbot_bringup//world/arena_world.world
[1.264s] -- Up-to-date: /home/marino-lc/ROS2dev/tesisx3_plus/install/omni_dofbot_bringup/share/omni_dofbot_bringup//world/Mundo_mesa_y_cajas.world
[1.264s] -- Up-to-date: /home/marino-lc/ROS2dev/tesisx3_plus/install/omni_dofbot_bringup/share/omni_dofbot_bringup//config
[1.265s] -- Up-to-date: /home/marino-lc/ROS2dev/tesisx3_plus/install/omni_dofbot_bringup/share/omni_dofbot_bringup//config/nav2_params.yaml
[1.265s] -- Up-to-date: /home/marino-lc/ROS2dev/tesisx3_plus/install/omni_dofbot_bringup/share/omni_dofbot_bringup//config/waypoints.yaml
[1.265s] -- Up-to-date: /home/marino-lc/ROS2dev/tesisx3_plus/install/omni_dofbot_bringup/share/omni_dofbot_bringup//maps
[1.265s] -- Up-to-date: /home/marino-lc/ROS2dev/tesisx3_plus/install/omni_dofbot_bringup/share/omni_dofbot_bringup//maps/arena_map.pgm
[1.265s] -- Up-to-date: /home/marino-lc/ROS2dev/tesisx3_plus/install/omni_dofbot_bringup/share/omni_dofbot_bringup//maps/arena_map.yaml
[1.265s] -- Up-to-date: /home/marino-lc/ROS2dev/tesisx3_plus/install/omni_dofbot_bringup/share/omni_dofbot_bringup//maps/generate_map.py
[1.265s] -- Up-to-date: /home/marino-lc/ROS2dev/tesisx3_plus/install/omni_dofbot_bringup/share/omni_dofbot_bringup/environment/pythonpath.sh
[1.265s] -- Up-to-date: /home/marino-lc/ROS2dev/tesisx3_plus/install/omni_dofbot_bringup/share/omni_dofbot_bringup/environment/pythonpath.dsv
[1.265s] -- Up-to-date: /home/marino-lc/ROS2dev/tesisx3_plus/install/omni_dofbot_bringup/lib/python3.12/site-packages/omni_dofbot_bringup-0.0.0-py3.12.egg-info
[1.265s] -- Installing: /home/marino-lc/ROS2dev/tesisx3_plus/install/omni_dofbot_bringup/lib/python3.12/site-packages/omni_dofbot_bringup-0.0.0-py3.12.egg-info/SOURCES.txt
[1.265s] -- Installing: /home/marino-lc/ROS2dev/tesisx3_plus/install/omni_dofbot_bringup/lib/python3.12/site-packages/omni_dofbot_bringup-0.0.0-py3.12.egg-info/PKG-INFO
[1.265s] -- Installing: /home/marino-lc/ROS2dev/tesisx3_plus/install/omni_dofbot_bringup/lib/python3.12/site-packages/omni_dofbot_bringup-0.0.0-py3.12.egg-info/dependency_links.txt
[1.265s] -- Installing: /home/marino-lc/ROS2dev/tesisx3_plus/install/omni_dofbot_bringup/lib/python3.12/site-packages/omni_dofbot_bringup-0.0.0-py3.12.egg-info/top_level.txt
[1.265s] -- Up-to-date: /home/marino-lc/ROS2dev/tesisx3_plus/install/omni_dofbot_bringup/lib/python3.12/site-packages/omni_dofbot_bringup
[1.265s] -- Up-to-date: /home/marino-lc/ROS2dev/tesisx3_plus/install/omni_dofbot_bringup/lib/python3.12/site-packages/omni_dofbot_bringup/__init__.py
[1.298s] Listing '/home/marino-lc/ROS2dev/tesisx3_plus/install/omni_dofbot_bringup/lib/python3.12/site-packages/omni_dofbot_bringup'...
[1.305s] -- Up-to-date: /home/marino-lc/ROS2dev/tesisx3_plus/install/omni_dofbot_bringup/lib/omni_dofbot_bringup/mecanum_kinematic_node.py
[1.305s] -- Up-to-date: /home/marino-lc/ROS2dev/tesisx3_plus/install/omni_dofbot_bringup/lib/omni_dofbot_bringup/zn_tuner_openloop.py
[1.305s] -- Up-to-date: /home/marino-lc/ROS2dev/tesisx3_plus/install/omni_dofbot_bringup/lib/omni_dofbot_bringup/Mecanum_odometry_node.py
[1.305s] -- Up-to-date: /home/marino-lc/ROS2dev/tesisx3_plus/install/omni_dofbot_bringup/lib/omni_dofbot_bringup/zn_tuner.py
[1.306s] [31mCMake Error at cmake_install.cmake:80 (file):
[1.306s]   file INSTALL cannot find
[1.306s]   "/home/marino-lc/ROS2dev/tesisx3_plus/src/omni_dofbot_bringup/src/ag_motion_tests":
[1.306s]   No such file or directory.
[1.306s] 
[1.306s] [0m
[1.311s] Invoked command in '/home/marino-lc/ROS2dev/tesisx3_plus/build/omni_dofbot_bringup' returned '1': CMAKE_PREFIX_PATH=${CMAKE_PREFIX_PATH}:/opt/ros/jazzy DEBUGINFOD_URLS=https://debuginfod.ubuntu.com /usr/bin/cmake --install /home/marino-lc/ROS2dev/tesisx3_plus/build/omni_dofbot_bringup
