[0.008s] Invoking command in '/home/arrusr/ROSDev2/tesisx3_plus/build/omni_dofbot_description': CMAKE_PREFIX_PATH=${CMAKE_PREFIX_PATH}:/opt/ros/jazzy DEBUGINFOD_URLS=https://debuginfod.ubuntu.com /usr/bin/cmake /home/arrusr/ROSDev2/tesisx3_plus/src/omni_dofbot_description -DCMAKE_INSTALL_PREFIX=/home/arrusr/ROSDev2/tesisx3_plus/install/omni_dofbot_description
[0.129s] -- The C compiler identification is GNU 11.5.0
[0.205s] -- The CXX compiler identification is GNU 11.5.0
[0.217s] -- Detecting C compiler ABI info
[0.279s] -- Detecting C compiler ABI info - done
[0.285s] -- Check for working C compiler: /usr/bin/cc - skipped
[0.285s] -- Detecting C compile features
[0.286s] -- Detecting C compile features - done
[0.291s] -- Detecting CXX compiler ABI info
[0.347s] -- Detecting CXX compiler ABI info - done
[0.352s] -- Check for working CXX compiler: /usr/bin/c++ - skipped
[0.352s] -- Detecting CXX compile features
[0.353s] -- Detecting CXX compile features - done
[0.355s] -- Found ament_cmake: 2.5.6 (/opt/ros/jazzy/share/ament_cmake/cmake)
[0.628s] -- Found Python3: /home/arrusr/.pyenv/shims/python3 (found version "3.12.3") found components: Interpreter 
[0.800s] -- Configuring done (0.8s)
[0.801s] -- Generating done (0.0s)
[0.802s] -- Build files have been written to: /home/arrusr/ROSDev2/tesisx3_plus/build/omni_dofbot_description
[0.806s] Invoked command in '/home/arrusr/ROSDev2/tesisx3_plus/build/omni_dofbot_description' returned '0': CMAKE_PREFIX_PATH=${CMAKE_PREFIX_PATH}:/opt/ros/jazzy DEBUGINFOD_URLS=https://debuginfod.ubuntu.com /usr/bin/cmake /home/arrusr/ROSDev2/tesisx3_plus/src/omni_dofbot_description -DCMAKE_INSTALL_PREFIX=/home/arrusr/ROSDev2/tesisx3_plus/install/omni_dofbot_description
[0.806s] Invoking command in '/home/arrusr/ROSDev2/tesisx3_plus/build/omni_dofbot_description': CMAKE_PREFIX_PATH=${CMAKE_PREFIX_PATH}:/opt/ros/jazzy DEBUGINFOD_URLS=https://debuginfod.ubuntu.com /usr/bin/cmake --build /home/arrusr/ROSDev2/tesisx3_plus/build/omni_dofbot_description -- -j24 -l24
[0.828s] Invoked command in '/home/arrusr/ROSDev2/tesisx3_plus/build/omni_dofbot_description' returned '0': CMAKE_PREFIX_PATH=${CMAKE_PREFIX_PATH}:/opt/ros/jazzy DEBUGINFOD_URLS=https://debuginfod.ubuntu.com /usr/bin/cmake --build /home/arrusr/ROSDev2/tesisx3_plus/build/omni_dofbot_description -- -j24 -l24
[0.833s] Invoking command in '/home/arrusr/ROSDev2/tesisx3_plus/build/omni_dofbot_description': CMAKE_PREFIX_PATH=${CMAKE_PREFIX_PATH}:/opt/ros/jazzy DEBUGINFOD_URLS=https://debuginfod.ubuntu.com /usr/bin/cmake --install /home/arrusr/ROSDev2/tesisx3_plus/build/omni_dofbot_description
[0.837s] -- Install configuration: ""
[0.837s] -- Installing: /home/arrusr/ROSDev2/tesisx3_plus/install/omni_dofbot_description/share/omni_dofbot_description//launch
[0.837s] -- Installing: /home/arrusr/ROSDev2/tesisx3_plus/install/omni_dofbot_description/share/omni_dofbot_description//launch/omni_dofbot_display.launch.xml
[0.837s] -- Installing: /home/arrusr/ROSDev2/tesisx3_plus/install/omni_dofbot_description/share/omni_dofbot_description//rviz
[0.837s] -- Installing: /home/arrusr/ROSDev2/tesisx3_plus/install/omni_dofbot_description/share/omni_dofbot_description//rviz/omni_dofbot_rviz.rviz
[0.837s] -- Installing: /home/arrusr/ROSDev2/tesisx3_plus/install/omni_dofbot_description/share/omni_dofbot_description//meshes
[0.837s] -- Installing: /home/arrusr/ROSDev2/tesisx3_plus/install/omni_dofbot_description/share/omni_dofbot_description//meshes/display_omni_dofbot.stl
[0.837s] -- Installing: /home/arrusr/ROSDev2/tesisx3_plus/install/omni_dofbot_description/share/omni_dofbot_description//meshes/base_link_omni_dofbot.stl
[0.837s] -- Installing: /home/arrusr/ROSDev2/tesisx3_plus/install/omni_dofbot_description/share/omni_dofbot_description//meshes/80mm_mecanum_wheel_hex.stl
[0.838s] -- Installing: /home/arrusr/ROSDev2/tesisx3_plus/install/omni_dofbot_description/share/omni_dofbot_description//urdf
[0.838s] -- Installing: /home/arrusr/ROSDev2/tesisx3_plus/install/omni_dofbot_description/share/omni_dofbot_description//urdf/omni_dofbot_urdf.xacro
[0.838s] -- Installing: /home/arrusr/ROSDev2/tesisx3_plus/install/omni_dofbot_description/share/omni_dofbot_description//urdf/omni_dofbot_controllers.xacro
[0.838s] -- Installing: /home/arrusr/ROSDev2/tesisx3_plus/install/omni_dofbot_description/share/omni_dofbot_description//urdf/omni_dofbot_no_control.xacro
[0.839s] -- Installing: /home/arrusr/ROSDev2/tesisx3_plus/install/omni_dofbot_description/share/omni_dofbot_description//urdf/arm_base_link_xacro.xacro
[0.839s] -- Installing: /home/arrusr/ROSDev2/tesisx3_plus/install/omni_dofbot_description/share/omni_dofbot_description//urdf/omni_dofbot_trajectory_controller.xacro
[0.839s] -- Installing: /home/arrusr/ROSDev2/tesisx3_plus/install/omni_dofbot_description/share/omni_dofbot_description//urdf/xacro_properties.xacro
[0.839s] -- Installing: /home/arrusr/ROSDev2/tesisx3_plus/install/omni_dofbot_description/share/omni_dofbot_description//config
[0.839s] -- Installing: /home/arrusr/ROSDev2/tesisx3_plus/install/omni_dofbot_description/share/omni_dofbot_description//config/omni_dofbot_controller.yaml
[0.839s] -- Installing: /home/arrusr/ROSDev2/tesisx3_plus/install/omni_dofbot_description/share/ament_index/resource_index/package_run_dependencies/omni_dofbot_description
[0.839s] -- Installing: /home/arrusr/ROSDev2/tesisx3_plus/install/omni_dofbot_description/share/ament_index/resource_index/parent_prefix_path/omni_dofbot_description
[0.839s] -- Installing: /home/arrusr/ROSDev2/tesisx3_plus/install/omni_dofbot_description/share/omni_dofbot_description/environment/ament_prefix_path.sh
[0.839s] -- Installing: /home/arrusr/ROSDev2/tesisx3_plus/install/omni_dofbot_description/share/omni_dofbot_description/environment/ament_prefix_path.dsv
[0.839s] -- Installing: /home/arrusr/ROSDev2/tesisx3_plus/install/omni_dofbot_description/share/omni_dofbot_description/environment/path.sh
[0.839s] -- Installing: /home/arrusr/ROSDev2/tesisx3_plus/install/omni_dofbot_description/share/omni_dofbot_description/environment/path.dsv
[0.839s] -- Installing: /home/arrusr/ROSDev2/tesisx3_plus/install/omni_dofbot_description/share/omni_dofbot_description/local_setup.bash
[0.839s] -- Installing: /home/arrusr/ROSDev2/tesisx3_plus/install/omni_dofbot_description/share/omni_dofbot_description/local_setup.sh
[0.839s] -- Installing: /home/arrusr/ROSDev2/tesisx3_plus/install/omni_dofbot_description/share/omni_dofbot_description/local_setup.zsh
[0.839s] -- Installing: /home/arrusr/ROSDev2/tesisx3_plus/install/omni_dofbot_description/share/omni_dofbot_description/local_setup.dsv
[0.839s] -- Installing: /home/arrusr/ROSDev2/tesisx3_plus/install/omni_dofbot_description/share/omni_dofbot_description/package.dsv
[0.839s] -- Installing: /home/arrusr/ROSDev2/tesisx3_plus/install/omni_dofbot_description/share/ament_index/resource_index/packages/omni_dofbot_description
[0.839s] -- Installing: /home/arrusr/ROSDev2/tesisx3_plus/install/omni_dofbot_description/share/omni_dofbot_description/cmake/omni_dofbot_descriptionConfig.cmake
[0.839s] -- Installing: /home/arrusr/ROSDev2/tesisx3_plus/install/omni_dofbot_description/share/omni_dofbot_description/cmake/omni_dofbot_descriptionConfig-version.cmake
[0.839s] -- Installing: /home/arrusr/ROSDev2/tesisx3_plus/install/omni_dofbot_description/share/omni_dofbot_description/package.xml
[0.840s] Invoked command in '/home/arrusr/ROSDev2/tesisx3_plus/build/omni_dofbot_description' returned '0': CMAKE_PREFIX_PATH=${CMAKE_PREFIX_PATH}:/opt/ros/jazzy DEBUGINFOD_URLS=https://debuginfod.ubuntu.com /usr/bin/cmake --install /home/arrusr/ROSDev2/tesisx3_plus/build/omni_dofbot_description
