-- Install configuration: ""
-- Up-to-date: /home/arrusr/ROSDev2/tesisx3_plus/install/omni_description/share/omni_description//launch
-- Up-to-date: /home/arrusr/ROSDev2/tesisx3_plus/install/omni_description/share/omni_description//launch/omni_display.launch.xml
-- Up-to-date: /home/arrusr/ROSDev2/tesisx3_plus/install/omni_description/share/omni_description//meshes
-- Up-to-date: /home/arrusr/ROSDev2/tesisx3_plus/install/omni_description/share/omni_description//meshes/X3
-- Up-to-date: /home/arrusr/ROSDev2/tesisx3_plus/install/omni_description/share/omni_description//meshes/X3/front_right_wheel.STL
-- Up-to-date: /home/arrusr/ROSDev2/tesisx3_plus/install/omni_description/share/omni_description//meshes/X3/front_left_wheel.STL
-- Up-to-date: /home/arrusr/ROSDev2/tesisx3_plus/install/omni_description/share/omni_description//meshes/X3/back_right_wheel.STL
-- Up-to-date: /home/arrusr/ROSDev2/tesisx3_plus/install/omni_description/share/omni_description//meshes/X3/base_link.STL
-- Up-to-date: /home/arrusr/ROSDev2/tesisx3_plus/install/omni_description/share/omni_description//meshes/X3/back_left_wheel.STL
-- Up-to-date: /home/arrusr/ROSDev2/tesisx3_plus/install/omni_description/share/omni_description//meshes/sensor
-- Up-to-date: /home/arrusr/ROSDev2/tesisx3_plus/install/omni_description/share/omni_description//meshes/sensor/visual
-- Up-to-date: /home/arrusr/ROSDev2/tesisx3_plus/install/omni_description/share/omni_description//meshes/sensor/visual/mono_link.STL
-- Up-to-date: /home/arrusr/ROSDev2/tesisx3_plus/install/omni_description/share/omni_description//meshes/sensor/visual/laser_link.STL
-- Up-to-date: /home/arrusr/ROSDev2/tesisx3_plus/install/omni_description/share/omni_description//meshes/sensor/visual/camera_link.STL
-- Up-to-date: /home/arrusr/ROSDev2/tesisx3_plus/install/omni_description/share/omni_description//meshes/sensor/collision
-- Up-to-date: /home/arrusr/ROSDev2/tesisx3_plus/install/omni_description/share/omni_description//meshes/sensor/collision/mono_link.STL
-- Up-to-date: /home/arrusr/ROSDev2/tesisx3_plus/install/omni_description/share/omni_description//meshes/sensor/collision/laser_link.STL
-- Up-to-date: /home/arrusr/ROSDev2/tesisx3_plus/install/omni_description/share/omni_description//meshes/sensor/collision/camera_link.STL
-- Up-to-date: /home/arrusr/ROSDev2/tesisx3_plus/install/omni_description/share/omni_description//meshes/X3plus
-- Up-to-date: /home/arrusr/ROSDev2/tesisx3_plus/install/omni_description/share/omni_description//meshes/X3plus/visual
-- Up-to-date: /home/arrusr/ROSDev2/tesisx3_plus/install/omni_description/share/omni_description//meshes/X3plus/visual/llink2.STL
-- Up-to-date: /home/arrusr/ROSDev2/tesisx3_plus/install/omni_description/share/omni_description//meshes/X3plus/visual/arm_link3.STL
-- Up-to-date: /home/arrusr/ROSDev2/tesisx3_plus/install/omni_description/share/omni_description//meshes/X3plus/visual/rlink2.STL
-- Up-to-date: /home/arrusr/ROSDev2/tesisx3_plus/install/omni_description/share/omni_description//meshes/X3plus/visual/arm_link2.STL
-- Up-to-date: /home/arrusr/ROSDev2/tesisx3_plus/install/omni_description/share/omni_description//meshes/X3plus/visual/arm_link1.STL
-- Up-to-date: /home/arrusr/ROSDev2/tesisx3_plus/install/omni_description/share/omni_description//meshes/X3plus/visual/arm_link5.STL
-- Up-to-date: /home/arrusr/ROSDev2/tesisx3_plus/install/omni_description/share/omni_description//meshes/X3plus/visual/rlink3.STL
-- Up-to-date: /home/arrusr/ROSDev2/tesisx3_plus/install/omni_description/share/omni_description//meshes/X3plus/visual/rlink1.STL
-- Up-to-date: /home/arrusr/ROSDev2/tesisx3_plus/install/omni_description/share/omni_description//meshes/X3plus/visual/llink3.STL
-- Up-to-date: /home/arrusr/ROSDev2/tesisx3_plus/install/omni_description/share/omni_description//meshes/X3plus/visual/llink1.STL
-- Up-to-date: /home/arrusr/ROSDev2/tesisx3_plus/install/omni_description/share/omni_description//rviz
-- Up-to-date: /home/arrusr/ROSDev2/tesisx3_plus/install/omni_description/share/omni_description//rviz/omni_rviz.rviz
-- Up-to-date: /home/arrusr/ROSDev2/tesisx3_plus/install/omni_description/share/omni_description//urdf
-- Up-to-date: /home/arrusr/ROSDev2/tesisx3_plus/install/omni_description/share/omni_description//urdf/omni_velocity_controller.xacro
-- Installing: /home/arrusr/ROSDev2/tesisx3_plus/install/omni_description/share/omni_description//urdf/omni_urdf.xacro
-- Up-to-date: /home/arrusr/ROSDev2/tesisx3_plus/install/omni_description/share/omni_description//urdf/velocity_controller.xacro
-- Up-to-date: /home/arrusr/ROSDev2/tesisx3_plus/install/omni_description/share/omni_description//urdf/lidar_sensor.xacro
-- Up-to-date: /home/arrusr/ROSDev2/tesisx3_plus/install/omni_description/share/omni_description//urdf/imu_sensor.xacro
-- Up-to-date: /home/arrusr/ROSDev2/tesisx3_plus/install/omni_description/share/omni_description//urdf/omni_gz_properties.xacro
-- Up-to-date: /home/arrusr/ROSDev2/tesisx3_plus/install/omni_description/share/omni_description//urdf/depth_camera_sensor.xacro
-- Up-to-date: /home/arrusr/ROSDev2/tesisx3_plus/install/omni_description/share/omni_description//urdf/xacro_properties.xacro
-- Up-to-date: /home/arrusr/ROSDev2/tesisx3_plus/install/omni_description/share/omni_description//urdf/camera_sensor.xacro
-- Up-to-date: /home/arrusr/ROSDev2/tesisx3_plus/install/omni_description/share/omni_description//config
-- Up-to-date: /home/arrusr/ROSDev2/tesisx3_plus/install/omni_description/share/omni_description//config/omni_velocity_controller.yaml
-- Up-to-date: /home/arrusr/ROSDev2/tesisx3_plus/install/omni_description/share/ament_index/resource_index/package_run_dependencies/omni_description
-- Up-to-date: /home/arrusr/ROSDev2/tesisx3_plus/install/omni_description/share/ament_index/resource_index/parent_prefix_path/omni_description
-- Up-to-date: /home/arrusr/ROSDev2/tesisx3_plus/install/omni_description/share/omni_description/environment/ament_prefix_path.sh
-- Up-to-date: /home/arrusr/ROSDev2/tesisx3_plus/install/omni_description/share/omni_description/environment/ament_prefix_path.dsv
-- Up-to-date: /home/arrusr/ROSDev2/tesisx3_plus/install/omni_description/share/omni_description/environment/path.sh
-- Up-to-date: /home/arrusr/ROSDev2/tesisx3_plus/install/omni_description/share/omni_description/environment/path.dsv
-- Up-to-date: /home/arrusr/ROSDev2/tesisx3_plus/install/omni_description/share/omni_description/local_setup.bash
-- Up-to-date: /home/arrusr/ROSDev2/tesisx3_plus/install/omni_description/share/omni_description/local_setup.sh
-- Up-to-date: /home/arrusr/ROSDev2/tesisx3_plus/install/omni_description/share/omni_description/local_setup.zsh
-- Up-to-date: /home/arrusr/ROSDev2/tesisx3_plus/install/omni_description/share/omni_description/local_setup.dsv
-- Installing: /home/arrusr/ROSDev2/tesisx3_plus/install/omni_description/share/omni_description/package.dsv
-- Up-to-date: /home/arrusr/ROSDev2/tesisx3_plus/install/omni_description/share/ament_index/resource_index/packages/omni_description
-- Up-to-date: /home/arrusr/ROSDev2/tesisx3_plus/install/omni_description/share/omni_description/cmake/omni_descriptionConfig.cmake
-- Up-to-date: /home/arrusr/ROSDev2/tesisx3_plus/install/omni_description/share/omni_description/cmake/omni_descriptionConfig-version.cmake
-- Up-to-date: /home/arrusr/ROSDev2/tesisx3_plus/install/omni_description/share/omni_description/package.xml
