[0.014s] Invoking command in '/home/arrusr/ROSDev2/tesisx3_plus/build/omni_dofbot_bringup': CMAKE_PREFIX_PATH=${CMAKE_PREFIX_PATH}:/opt/ros/jazzy DEBUGINFOD_URLS=https://debuginfod.ubuntu.com /usr/bin/cmake --build /home/arrusr/ROSDev2/tesisx3_plus/build/omni_dofbot_bringup -- -j24 -l24
[0.060s] -- Found ament_cmake: 2.5.6 (/opt/ros/jazzy/share/ament_cmake/cmake)
[0.402s] -- Found rclpy: 7.1.11 (/opt/ros/jazzy/share/rclpy/cmake)
[0.402s] -- Found std_msgs: 5.3.7 (/opt/ros/jazzy/share/std_msgs/cmake)
[0.424s] -- Found rosidl_generator_c: 4.6.7 (/opt/ros/jazzy/share/rosidl_generator_c/cmake)
[0.430s] -- Found rosidl_generator_cpp: 4.6.7 (/opt/ros/jazzy/share/rosidl_generator_cpp/cmake)
[0.439s] -- Using all available rosidl_typesupport_c: rosidl_typesupport_fastrtps_c;rosidl_typesupport_introspection_c
[0.448s] -- Using all available rosidl_typesupport_cpp: rosidl_typesupport_fastrtps_cpp;rosidl_typesupport_introspection_cpp
[0.468s] -- Found geometry_msgs: 5.3.7 (/opt/ros/jazzy/share/geometry_msgs/cmake)
[0.480s] -- Found nav_msgs: 5.3.7 (/opt/ros/jazzy/share/nav_msgs/cmake)
[0.509s] -- Found control_msgs: 5.9.0 (/opt/ros/jazzy/share/control_msgs/cmake)
[0.729s] -- Configuring done (0.7s)
[0.735s] -- Generating done (0.0s)
[0.737s] -- Build files have been written to: /home/arrusr/ROSDev2/tesisx3_plus/build/omni_dofbot_bringup
[0.761s] Built target ament_cmake_python_copy_omni_dofbot_bringup
[0.904s] running egg_info
[0.914s] writing omni_dofbot_bringup.egg-info/PKG-INFO
[0.914s] writing dependency_links to omni_dofbot_bringup.egg-info/dependency_links.txt
[0.914s] writing top-level names to omni_dofbot_bringup.egg-info/top_level.txt
[0.943s] reading manifest file 'omni_dofbot_bringup.egg-info/SOURCES.txt'
[0.943s] writing manifest file 'omni_dofbot_bringup.egg-info/SOURCES.txt'
[0.956s] Built target ament_cmake_python_build_omni_dofbot_bringup_egg
[0.963s] Invoked command in '/home/arrusr/ROSDev2/tesisx3_plus/build/omni_dofbot_bringup' returned '0': CMAKE_PREFIX_PATH=${CMAKE_PREFIX_PATH}:/opt/ros/jazzy DEBUGINFOD_URLS=https://debuginfod.ubuntu.com /usr/bin/cmake --build /home/arrusr/ROSDev2/tesisx3_plus/build/omni_dofbot_bringup -- -j24 -l24
[0.964s] Invoking command in '/home/arrusr/ROSDev2/tesisx3_plus/build/omni_dofbot_bringup': CMAKE_PREFIX_PATH=${CMAKE_PREFIX_PATH}:/opt/ros/jazzy DEBUGINFOD_URLS=https://debuginfod.ubuntu.com /usr/bin/cmake --install /home/arrusr/ROSDev2/tesisx3_plus/build/omni_dofbot_bringup
[0.968s] -- Install configuration: ""
[0.968s] -- Up-to-date: /home/arrusr/ROSDev2/tesisx3_plus/install/omni_dofbot_bringup/share/omni_dofbot_bringup//launch
[0.968s] -- Up-to-date: /home/arrusr/ROSDev2/tesisx3_plus/install/omni_dofbot_bringup/share/omni_dofbot_bringup//launch/omni_dofbot_diagnostic.launch.py
[0.968s] -- Up-to-date: /home/arrusr/ROSDev2/tesisx3_plus/install/omni_dofbot_bringup/share/omni_dofbot_bringup//launch/omni_dofbot_controller.launch.py
[0.968s] -- Up-to-date: /home/arrusr/ROSDev2/tesisx3_plus/install/omni_dofbot_bringup/share/omni_dofbot_bringup//launch/nav2_arena.launch.py
[0.968s] -- Up-to-date: /home/arrusr/ROSDev2/tesisx3_plus/install/omni_dofbot_bringup/share/omni_dofbot_bringup//rviz
[0.968s] -- Up-to-date: /home/arrusr/ROSDev2/tesisx3_plus/install/omni_dofbot_bringup/share/omni_dofbot_bringup//rviz/omni_dofbot_trayectory_rviz.rviz
[0.969s] -- Up-to-date: /home/arrusr/ROSDev2/tesisx3_plus/install/omni_dofbot_bringup/share/omni_dofbot_bringup//world
[0.969s] -- Up-to-date: /home/arrusr/ROSDev2/tesisx3_plus/install/omni_dofbot_bringup/share/omni_dofbot_bringup//world/Mundo_mesa_y_cajas.world
[0.969s] -- Up-to-date: /home/arrusr/ROSDev2/tesisx3_plus/install/omni_dofbot_bringup/share/omni_dofbot_bringup//world/arena_world.world
[0.969s] -- Up-to-date: /home/arrusr/ROSDev2/tesisx3_plus/install/omni_dofbot_bringup/share/omni_dofbot_bringup//world/arena_pid_tuning.world
[0.969s] -- Up-to-date: /home/arrusr/ROSDev2/tesisx3_plus/install/omni_dofbot_bringup/share/omni_dofbot_bringup//config
[0.969s] -- Up-to-date: /home/arrusr/ROSDev2/tesisx3_plus/install/omni_dofbot_bringup/share/omni_dofbot_bringup//config/waypoints.yaml
[0.969s] -- Up-to-date: /home/arrusr/ROSDev2/tesisx3_plus/install/omni_dofbot_bringup/share/omni_dofbot_bringup//config/nav2_params.yaml
[0.969s] -- Up-to-date: /home/arrusr/ROSDev2/tesisx3_plus/install/omni_dofbot_bringup/share/omni_dofbot_bringup//maps
[0.969s] -- Up-to-date: /home/arrusr/ROSDev2/tesisx3_plus/install/omni_dofbot_bringup/share/omni_dofbot_bringup//maps/arena_map.yaml
[0.969s] -- Up-to-date: /home/arrusr/ROSDev2/tesisx3_plus/install/omni_dofbot_bringup/share/omni_dofbot_bringup//maps/arena_map.pgm
[0.969s] -- Up-to-date: /home/arrusr/ROSDev2/tesisx3_plus/install/omni_dofbot_bringup/share/omni_dofbot_bringup//maps/generate_map.py
[0.969s] -- Up-to-date: /home/arrusr/ROSDev2/tesisx3_plus/install/omni_dofbot_bringup/share/omni_dofbot_bringup/environment/pythonpath.sh
[0.969s] -- Up-to-date: /home/arrusr/ROSDev2/tesisx3_plus/install/omni_dofbot_bringup/share/omni_dofbot_bringup/environment/pythonpath.dsv
[0.969s] -- Up-to-date: /home/arrusr/ROSDev2/tesisx3_plus/install/omni_dofbot_bringup/lib/python3.12/site-packages/omni_dofbot_bringup-0.0.0-py3.12.egg-info
[0.969s] -- Installing: /home/arrusr/ROSDev2/tesisx3_plus/install/omni_dofbot_bringup/lib/python3.12/site-packages/omni_dofbot_bringup-0.0.0-py3.12.egg-info/top_level.txt
[0.969s] -- Installing: /home/arrusr/ROSDev2/tesisx3_plus/install/omni_dofbot_bringup/lib/python3.12/site-packages/omni_dofbot_bringup-0.0.0-py3.12.egg-info/SOURCES.txt
[0.969s] -- Installing: /home/arrusr/ROSDev2/tesisx3_plus/install/omni_dofbot_bringup/lib/python3.12/site-packages/omni_dofbot_bringup-0.0.0-py3.12.egg-info/dependency_links.txt
[0.969s] -- Installing: /home/arrusr/ROSDev2/tesisx3_plus/install/omni_dofbot_bringup/lib/python3.12/site-packages/omni_dofbot_bringup-0.0.0-py3.12.egg-info/PKG-INFO
[0.969s] -- Up-to-date: /home/arrusr/ROSDev2/tesisx3_plus/install/omni_dofbot_bringup/lib/python3.12/site-packages/omni_dofbot_bringup
[0.969s] -- Up-to-date: /home/arrusr/ROSDev2/tesisx3_plus/install/omni_dofbot_bringup/lib/python3.12/site-packages/omni_dofbot_bringup/__init__.py
[1.016s] Listing '/home/arrusr/ROSDev2/tesisx3_plus/install/omni_dofbot_bringup/lib/python3.12/site-packages/omni_dofbot_bringup'...
[1.019s] -- Up-to-date: /home/arrusr/ROSDev2/tesisx3_plus/install/omni_dofbot_bringup/lib/omni_dofbot_bringup/mecanum_kinematic_node.py
[1.019s] -- Up-to-date: /home/arrusr/ROSDev2/tesisx3_plus/install/omni_dofbot_bringup/lib/omni_dofbot_bringup/ag_tuner.py
[1.019s] -- Installing: /home/arrusr/ROSDev2/tesisx3_plus/install/omni_dofbot_bringup/lib/omni_dofbot_bringup/ag_motion_tests.py
[1.019s] -- Installing: /home/arrusr/ROSDev2/tesisx3_plus/install/omni_dofbot_bringup/lib/omni_dofbot_bringup/Mecanum_odometry_node.py
[1.019s] -- Up-to-date: /home/arrusr/ROSDev2/tesisx3_plus/install/omni_dofbot_bringup/share/ament_index/resource_index/package_run_dependencies/omni_dofbot_bringup
[1.019s] -- Up-to-date: /home/arrusr/ROSDev2/tesisx3_plus/install/omni_dofbot_bringup/share/ament_index/resource_index/parent_prefix_path/omni_dofbot_bringup
[1.019s] -- Up-to-date: /home/arrusr/ROSDev2/tesisx3_plus/install/omni_dofbot_bringup/share/omni_dofbot_bringup/environment/ament_prefix_path.sh
[1.019s] -- Up-to-date: /home/arrusr/ROSDev2/tesisx3_plus/install/omni_dofbot_bringup/share/omni_dofbot_bringup/environment/ament_prefix_path.dsv
[1.019s] -- Up-to-date: /home/arrusr/ROSDev2/tesisx3_plus/install/omni_dofbot_bringup/share/omni_dofbot_bringup/environment/path.sh
[1.019s] -- Up-to-date: /home/arrusr/ROSDev2/tesisx3_plus/install/omni_dofbot_bringup/share/omni_dofbot_bringup/environment/path.dsv
[1.019s] -- Up-to-date: /home/arrusr/ROSDev2/tesisx3_plus/install/omni_dofbot_bringup/share/omni_dofbot_bringup/local_setup.bash
[1.019s] -- Up-to-date: /home/arrusr/ROSDev2/tesisx3_plus/install/omni_dofbot_bringup/share/omni_dofbot_bringup/local_setup.sh
[1.019s] -- Up-to-date: /home/arrusr/ROSDev2/tesisx3_plus/install/omni_dofbot_bringup/share/omni_dofbot_bringup/local_setup.zsh
[1.019s] -- Up-to-date: /home/arrusr/ROSDev2/tesisx3_plus/install/omni_dofbot_bringup/share/omni_dofbot_bringup/local_setup.dsv
[1.019s] -- Installing: /home/arrusr/ROSDev2/tesisx3_plus/install/omni_dofbot_bringup/share/omni_dofbot_bringup/package.dsv
[1.019s] -- Up-to-date: /home/arrusr/ROSDev2/tesisx3_plus/install/omni_dofbot_bringup/share/ament_index/resource_index/packages/omni_dofbot_bringup
[1.019s] -- Up-to-date: /home/arrusr/ROSDev2/tesisx3_plus/install/omni_dofbot_bringup/share/omni_dofbot_bringup/cmake/omni_dofbot_bringupConfig.cmake
[1.019s] -- Up-to-date: /home/arrusr/ROSDev2/tesisx3_plus/install/omni_dofbot_bringup/share/omni_dofbot_bringup/cmake/omni_dofbot_bringupConfig-version.cmake
[1.019s] -- Up-to-date: /home/arrusr/ROSDev2/tesisx3_plus/install/omni_dofbot_bringup/share/omni_dofbot_bringup/package.xml
[1.021s] Invoked command in '/home/arrusr/ROSDev2/tesisx3_plus/build/omni_dofbot_bringup' returned '0': CMAKE_PREFIX_PATH=${CMAKE_PREFIX_PATH}:/opt/ros/jazzy DEBUGINFOD_URLS=https://debuginfod.ubuntu.com /usr/bin/cmake --install /home/arrusr/ROSDev2/tesisx3_plus/build/omni_dofbot_bringup
