[0.069s] Invoking command in '/home/marino-lc/ROS2dev/tesisx3_plus/build/dofbot_bringup': CMAKE_PREFIX_PATH=${CMAKE_PREFIX_PATH}:/opt/ros/jazzy DEBUGINFOD_URLS=https://debuginfod.ubuntu.com /usr/bin/cmake --build /home/marino-lc/ROS2dev/tesisx3_plus/build/dofbot_bringup -- -j12 -l12
[0.248s] Built target ament_cmake_python_copy_dofbot_bringup
[0.606s] running egg_info
[0.640s] writing dofbot_bringup.egg-info/PKG-INFO
[0.641s] writing dependency_links to dofbot_bringup.egg-info/dependency_links.txt
[0.641s] writing top-level names to dofbot_bringup.egg-info/top_level.txt
[0.736s] reading manifest file 'dofbot_bringup.egg-info/SOURCES.txt'
[0.737s] writing manifest file 'dofbot_bringup.egg-info/SOURCES.txt'
[0.869s] Built target ament_cmake_python_build_dofbot_bringup_egg
[0.897s] Invoked command in '/home/marino-lc/ROS2dev/tesisx3_plus/build/dofbot_bringup' returned '0': CMAKE_PREFIX_PATH=${CMAKE_PREFIX_PATH}:/opt/ros/jazzy DEBUGINFOD_URLS=https://debuginfod.ubuntu.com /usr/bin/cmake --build /home/marino-lc/ROS2dev/tesisx3_plus/build/dofbot_bringup -- -j12 -l12
[0.900s] Invoking command in '/home/marino-lc/ROS2dev/tesisx3_plus/build/dofbot_bringup': CMAKE_PREFIX_PATH=${CMAKE_PREFIX_PATH}:/opt/ros/jazzy DEBUGINFOD_URLS=https://debuginfod.ubuntu.com /usr/bin/cmake --install /home/marino-lc/ROS2dev/tesisx3_plus/build/dofbot_bringup
[0.921s] -- Install configuration: ""
[0.922s] -- Up-to-date: /home/marino-lc/ROS2dev/tesisx3_plus/install/dofbot_bringup/share/dofbot_bringup//launch
[0.922s] -- Up-to-date: /home/marino-lc/ROS2dev/tesisx3_plus/install/dofbot_bringup/share/dofbot_bringup//launch/dofbot_trajectory_controller.launch.py
[0.922s] -- Up-to-date: /home/marino-lc/ROS2dev/tesisx3_plus/install/dofbot_bringup/share/dofbot_bringup//rviz
[0.922s] -- Up-to-date: /home/marino-lc/ROS2dev/tesisx3_plus/install/dofbot_bringup/share/dofbot_bringup//rviz/dofbot_trajectory_rviz.rviz
[0.923s] -- Up-to-date: /home/marino-lc/ROS2dev/tesisx3_plus/install/dofbot_bringup/share/dofbot_bringup//world
[0.923s] -- Up-to-date: /home/marino-lc/ROS2dev/tesisx3_plus/install/dofbot_bringup/share/dofbot_bringup//world/test_world.world
[0.923s] -- Up-to-date: /home/marino-lc/ROS2dev/tesisx3_plus/install/dofbot_bringup/share/dofbot_bringup//src
[0.923s] -- Up-to-date: /home/marino-lc/ROS2dev/tesisx3_plus/install/dofbot_bringup/share/dofbot_bringup//src/dofbot_trajectory_test.py
[0.923s] -- Up-to-date: /home/marino-lc/ROS2dev/tesisx3_plus/install/dofbot_bringup/share/dofbot_bringup//src/dofbot_gripper_test.py
[0.923s] -- Up-to-date: /home/marino-lc/ROS2dev/tesisx3_plus/install/dofbot_bringup/share/dofbot_bringup/environment/pythonpath.sh
[0.923s] -- Up-to-date: /home/marino-lc/ROS2dev/tesisx3_plus/install/dofbot_bringup/share/dofbot_bringup/environment/pythonpath.dsv
[0.924s] -- Up-to-date: /home/marino-lc/ROS2dev/tesisx3_plus/install/dofbot_bringup/lib/python3.12/site-packages/dofbot_bringup-0.0.0-py3.12.egg-info
[0.924s] -- Installing: /home/marino-lc/ROS2dev/tesisx3_plus/install/dofbot_bringup/lib/python3.12/site-packages/dofbot_bringup-0.0.0-py3.12.egg-info/SOURCES.txt
[0.924s] -- Installing: /home/marino-lc/ROS2dev/tesisx3_plus/install/dofbot_bringup/lib/python3.12/site-packages/dofbot_bringup-0.0.0-py3.12.egg-info/PKG-INFO
[0.924s] -- Installing: /home/marino-lc/ROS2dev/tesisx3_plus/install/dofbot_bringup/lib/python3.12/site-packages/dofbot_bringup-0.0.0-py3.12.egg-info/dependency_links.txt
[0.924s] -- Installing: /home/marino-lc/ROS2dev/tesisx3_plus/install/dofbot_bringup/lib/python3.12/site-packages/dofbot_bringup-0.0.0-py3.12.egg-info/top_level.txt
[0.924s] -- Up-to-date: /home/marino-lc/ROS2dev/tesisx3_plus/install/dofbot_bringup/lib/python3.12/site-packages/dofbot_bringup
[0.924s] -- Up-to-date: /home/marino-lc/ROS2dev/tesisx3_plus/install/dofbot_bringup/lib/python3.12/site-packages/dofbot_bringup/__init__.py
[0.998s] Listing '/home/marino-lc/ROS2dev/tesisx3_plus/install/dofbot_bringup/lib/python3.12/site-packages/dofbot_bringup'...
[1.017s] -- Up-to-date: /home/marino-lc/ROS2dev/tesisx3_plus/install/dofbot_bringup/lib/dofbot_bringup/dofbot_trajectory_test.py
[1.018s] -- Up-to-date: /home/marino-lc/ROS2dev/tesisx3_plus/install/dofbot_bringup/lib/dofbot_bringup/dofbot_gripper_test.py
[1.018s] -- Up-to-date: /home/marino-lc/ROS2dev/tesisx3_plus/install/dofbot_bringup/share/ament_index/resource_index/package_run_dependencies/dofbot_bringup
[1.018s] -- Up-to-date: /home/marino-lc/ROS2dev/tesisx3_plus/install/dofbot_bringup/share/ament_index/resource_index/parent_prefix_path/dofbot_bringup
[1.018s] -- Up-to-date: /home/marino-lc/ROS2dev/tesisx3_plus/install/dofbot_bringup/share/dofbot_bringup/environment/ament_prefix_path.sh
[1.018s] -- Up-to-date: /home/marino-lc/ROS2dev/tesisx3_plus/install/dofbot_bringup/share/dofbot_bringup/environment/ament_prefix_path.dsv
[1.018s] -- Up-to-date: /home/marino-lc/ROS2dev/tesisx3_plus/install/dofbot_bringup/share/dofbot_bringup/environment/path.sh
[1.018s] -- Up-to-date: /home/marino-lc/ROS2dev/tesisx3_plus/install/dofbot_bringup/share/dofbot_bringup/environment/path.dsv
[1.019s] -- Up-to-date: /home/marino-lc/ROS2dev/tesisx3_plus/install/dofbot_bringup/share/dofbot_bringup/local_setup.bash
[1.019s] -- Up-to-date: /home/marino-lc/ROS2dev/tesisx3_plus/install/dofbot_bringup/share/dofbot_bringup/local_setup.sh
[1.019s] -- Up-to-date: /home/marino-lc/ROS2dev/tesisx3_plus/install/dofbot_bringup/share/dofbot_bringup/local_setup.zsh
[1.019s] -- Up-to-date: /home/marino-lc/ROS2dev/tesisx3_plus/install/dofbot_bringup/share/dofbot_bringup/local_setup.dsv
[1.019s] -- Installing: /home/marino-lc/ROS2dev/tesisx3_plus/install/dofbot_bringup/share/dofbot_bringup/package.dsv
[1.019s] -- Up-to-date: /home/marino-lc/ROS2dev/tesisx3_plus/install/dofbot_bringup/share/ament_index/resource_index/packages/dofbot_bringup
[1.019s] -- Up-to-date: /home/marino-lc/ROS2dev/tesisx3_plus/install/dofbot_bringup/share/dofbot_bringup/cmake/dofbot_bringupConfig.cmake
[1.019s] -- Up-to-date: /home/marino-lc/ROS2dev/tesisx3_plus/install/dofbot_bringup/share/dofbot_bringup/cmake/dofbot_bringupConfig-version.cmake
[1.019s] -- Up-to-date: /home/marino-lc/ROS2dev/tesisx3_plus/install/dofbot_bringup/share/dofbot_bringup/package.xml
[1.031s] Invoked command in '/home/marino-lc/ROS2dev/tesisx3_plus/build/dofbot_bringup' returned '0': CMAKE_PREFIX_PATH=${CMAKE_PREFIX_PATH}:/opt/ros/jazzy DEBUGINFOD_URLS=https://debuginfod.ubuntu.com /usr/bin/cmake --install /home/marino-lc/ROS2dev/tesisx3_plus/build/dofbot_bringup
