[0.015s] Invoking command in '/home/marino-lc/ROS2dev/tesisx3_plus/build/omni_bringup': CMAKE_PREFIX_PATH=${CMAKE_PREFIX_PATH}:/opt/ros/jazzy DEBUGINFOD_URLS=https://debuginfod.ubuntu.com /usr/bin/cmake /home/marino-lc/ROS2dev/tesisx3_plus/src/omni_bringup -DCMAKE_INSTALL_PREFIX=/home/marino-lc/ROS2dev/tesisx3_plus/install/omni_bringup
[0.028s] -- Found ament_cmake: 2.5.6 (/opt/ros/jazzy/share/ament_cmake/cmake)
[0.156s] -- Found Python3: /usr/bin/python3 (found version "3.12.3") found components: Interpreter 
[0.261s] -- Found rclpy: 7.1.11 (/opt/ros/jazzy/share/rclpy/cmake)
[0.264s] -- Found std_msgs: 5.3.8 (/opt/ros/jazzy/share/std_msgs/cmake)
[0.309s] -- Found rosidl_generator_c: 4.6.9 (/opt/ros/jazzy/share/rosidl_generator_c/cmake)
[0.325s] -- Found rosidl_generator_cpp: 4.6.9 (/opt/ros/jazzy/share/rosidl_generator_cpp/cmake)
[0.343s] -- Using all available rosidl_typesupport_c: rosidl_typesupport_fastrtps_c;rosidl_typesupport_introspection_c
[0.360s] -- Using all available rosidl_typesupport_cpp: rosidl_typesupport_fastrtps_cpp;rosidl_typesupport_introspection_cpp
[0.401s] -- Found control_msgs: 5.9.0 (/opt/ros/jazzy/share/control_msgs/cmake)
[0.675s] -- Configuring done (0.7s)
[0.679s] -- Generating done (0.0s)
[0.681s] -- Build files have been written to: /home/marino-lc/ROS2dev/tesisx3_plus/build/omni_bringup
[0.687s] Invoked command in '/home/marino-lc/ROS2dev/tesisx3_plus/build/omni_bringup' returned '0': CMAKE_PREFIX_PATH=${CMAKE_PREFIX_PATH}:/opt/ros/jazzy DEBUGINFOD_URLS=https://debuginfod.ubuntu.com /usr/bin/cmake /home/marino-lc/ROS2dev/tesisx3_plus/src/omni_bringup -DCMAKE_INSTALL_PREFIX=/home/marino-lc/ROS2dev/tesisx3_plus/install/omni_bringup
[0.687s] Invoking command in '/home/marino-lc/ROS2dev/tesisx3_plus/build/omni_bringup': CMAKE_PREFIX_PATH=${CMAKE_PREFIX_PATH}:/opt/ros/jazzy DEBUGINFOD_URLS=https://debuginfod.ubuntu.com /usr/bin/cmake --build /home/marino-lc/ROS2dev/tesisx3_plus/build/omni_bringup -- -j12 -l12
[0.743s] Built target ament_cmake_python_copy_omni_bringup
[0.896s] running egg_info
[0.896s] creating omni_bringup.egg-info
[0.907s] writing omni_bringup.egg-info/PKG-INFO
[0.907s] writing dependency_links to omni_bringup.egg-info/dependency_links.txt
[0.907s] writing top-level names to omni_bringup.egg-info/top_level.txt
[0.907s] writing manifest file 'omni_bringup.egg-info/SOURCES.txt'
[0.942s] reading manifest file 'omni_bringup.egg-info/SOURCES.txt'
[0.943s] writing manifest file 'omni_bringup.egg-info/SOURCES.txt'
[0.970s] Built target ament_cmake_python_build_omni_bringup_egg
[0.982s] Invoked command in '/home/marino-lc/ROS2dev/tesisx3_plus/build/omni_bringup' returned '0': CMAKE_PREFIX_PATH=${CMAKE_PREFIX_PATH}:/opt/ros/jazzy DEBUGINFOD_URLS=https://debuginfod.ubuntu.com /usr/bin/cmake --build /home/marino-lc/ROS2dev/tesisx3_plus/build/omni_bringup -- -j12 -l12
[0.982s] Invoking command in '/home/marino-lc/ROS2dev/tesisx3_plus/build/omni_bringup': CMAKE_PREFIX_PATH=${CMAKE_PREFIX_PATH}:/opt/ros/jazzy DEBUGINFOD_URLS=https://debuginfod.ubuntu.com /usr/bin/cmake --install /home/marino-lc/ROS2dev/tesisx3_plus/build/omni_bringup
[0.989s] -- Install configuration: ""
[0.989s] -- Installing: /home/marino-lc/ROS2dev/tesisx3_plus/install/omni_bringup/share/omni_bringup//launch
[0.989s] -- Installing: /home/marino-lc/ROS2dev/tesisx3_plus/install/omni_bringup/share/omni_bringup//launch/simple_velocity_controller.launch.py
[0.989s] -- Installing: /home/marino-lc/ROS2dev/tesisx3_plus/install/omni_bringup/share/omni_bringup//rviz
[0.990s] -- Installing: /home/marino-lc/ROS2dev/tesisx3_plus/install/omni_bringup/share/omni_bringup//rviz/omni_velocity_rviz.rviz
[0.990s] -- Installing: /home/marino-lc/ROS2dev/tesisx3_plus/install/omni_bringup/share/omni_bringup//world
[0.990s] -- Installing: /home/marino-lc/ROS2dev/tesisx3_plus/install/omni_bringup/share/omni_bringup//world/Mundo_mesa_y_cajas.world
[0.990s] -- Installing: /home/marino-lc/ROS2dev/tesisx3_plus/install/omni_bringup/share/omni_bringup/environment/pythonpath.sh
[0.990s] -- Installing: /home/marino-lc/ROS2dev/tesisx3_plus/install/omni_bringup/share/omni_bringup/environment/pythonpath.dsv
[0.990s] -- Installing: /home/marino-lc/ROS2dev/tesisx3_plus/install/omni_bringup/lib/python3.12/site-packages/omni_bringup-0.0.0-py3.12.egg-info
[0.990s] -- Installing: /home/marino-lc/ROS2dev/tesisx3_plus/install/omni_bringup/lib/python3.12/site-packages/omni_bringup-0.0.0-py3.12.egg-info/SOURCES.txt
[0.990s] -- Installing: /home/marino-lc/ROS2dev/tesisx3_plus/install/omni_bringup/lib/python3.12/site-packages/omni_bringup-0.0.0-py3.12.egg-info/PKG-INFO
[0.990s] -- Installing: /home/marino-lc/ROS2dev/tesisx3_plus/install/omni_bringup/lib/python3.12/site-packages/omni_bringup-0.0.0-py3.12.egg-info/dependency_links.txt
[0.991s] -- Installing: /home/marino-lc/ROS2dev/tesisx3_plus/install/omni_bringup/lib/python3.12/site-packages/omni_bringup-0.0.0-py3.12.egg-info/top_level.txt
[0.991s] -- Installing: /home/marino-lc/ROS2dev/tesisx3_plus/install/omni_bringup/lib/python3.12/site-packages/omni_bringup
[0.991s] -- Installing: /home/marino-lc/ROS2dev/tesisx3_plus/install/omni_bringup/lib/python3.12/site-packages/omni_bringup/__init__.py
[1.017s] Listing '/home/marino-lc/ROS2dev/tesisx3_plus/install/omni_bringup/lib/python3.12/site-packages/omni_bringup'...
[1.017s] Compiling '/home/marino-lc/ROS2dev/tesisx3_plus/install/omni_bringup/lib/python3.12/site-packages/omni_bringup/__init__.py'...
[1.022s] -- Installing: /home/marino-lc/ROS2dev/tesisx3_plus/install/omni_bringup/share/ament_index/resource_index/package_run_dependencies/omni_bringup
[1.022s] -- Installing: /home/marino-lc/ROS2dev/tesisx3_plus/install/omni_bringup/share/ament_index/resource_index/parent_prefix_path/omni_bringup
[1.023s] -- Installing: /home/marino-lc/ROS2dev/tesisx3_plus/install/omni_bringup/share/omni_bringup/environment/ament_prefix_path.sh
[1.023s] -- Installing: /home/marino-lc/ROS2dev/tesisx3_plus/install/omni_bringup/share/omni_bringup/environment/ament_prefix_path.dsv
[1.023s] -- Installing: /home/marino-lc/ROS2dev/tesisx3_plus/install/omni_bringup/share/omni_bringup/environment/path.sh
[1.023s] -- Installing: /home/marino-lc/ROS2dev/tesisx3_plus/install/omni_bringup/share/omni_bringup/environment/path.dsv
[1.023s] -- Installing: /home/marino-lc/ROS2dev/tesisx3_plus/install/omni_bringup/share/omni_bringup/local_setup.bash
[1.023s] -- Installing: /home/marino-lc/ROS2dev/tesisx3_plus/install/omni_bringup/share/omni_bringup/local_setup.sh
[1.024s] -- Installing: /home/marino-lc/ROS2dev/tesisx3_plus/install/omni_bringup/share/omni_bringup/local_setup.zsh
[1.024s] -- Installing: /home/marino-lc/ROS2dev/tesisx3_plus/install/omni_bringup/share/omni_bringup/local_setup.dsv
[1.024s] -- Installing: /home/marino-lc/ROS2dev/tesisx3_plus/install/omni_bringup/share/omni_bringup/package.dsv
[1.024s] -- Installing: /home/marino-lc/ROS2dev/tesisx3_plus/install/omni_bringup/share/ament_index/resource_index/packages/omni_bringup
[1.024s] -- Installing: /home/marino-lc/ROS2dev/tesisx3_plus/install/omni_bringup/share/omni_bringup/cmake/omni_bringupConfig.cmake
[1.024s] -- Installing: /home/marino-lc/ROS2dev/tesisx3_plus/install/omni_bringup/share/omni_bringup/cmake/omni_bringupConfig-version.cmake
[1.024s] -- Installing: /home/marino-lc/ROS2dev/tesisx3_plus/install/omni_bringup/share/omni_bringup/package.xml
[1.026s] Invoked command in '/home/marino-lc/ROS2dev/tesisx3_plus/build/omni_bringup' returned '0': CMAKE_PREFIX_PATH=${CMAKE_PREFIX_PATH}:/opt/ros/jazzy DEBUGINFOD_URLS=https://debuginfod.ubuntu.com /usr/bin/cmake --install /home/marino-lc/ROS2dev/tesisx3_plus/build/omni_bringup
