[0.033s] Invoking command in '/home/marino-lc/ROS2dev/tesisx3_plus/build/omni_bringup': CMAKE_PREFIX_PATH=${CMAKE_PREFIX_PATH}:/opt/ros/jazzy DEBUGINFOD_URLS=https://debuginfod.ubuntu.com /usr/bin/cmake /home/marino-lc/ROS2dev/tesisx3_plus/src/omni_bringup -DCMAKE_INSTALL_PREFIX=/home/marino-lc/ROS2dev/tesisx3_plus/install/omni_bringup
[0.298s] -- The C compiler identification is GNU 13.3.0
[0.520s] -- The CXX compiler identification is GNU 13.3.0
[0.550s] -- Detecting C compiler ABI info
[0.713s] -- Detecting C compiler ABI info - done
[0.726s] -- Check for working C compiler: /usr/bin/cc - skipped
[0.726s] -- Detecting C compile features
[0.727s] -- Detecting C compile features - done
[0.743s] -- Detecting CXX compiler ABI info
[0.931s] -- Detecting CXX compiler ABI info - done
[0.944s] -- Check for working CXX compiler: /usr/bin/c++ - skipped
[0.945s] -- Detecting CXX compile features
[0.945s] -- Detecting CXX compile features - done
[0.962s] -- Found ament_cmake: 2.5.6 (/opt/ros/jazzy/share/ament_cmake/cmake)
[1.260s] -- Found Python3: /usr/bin/python3 (found version "3.12.3") found components: Interpreter 
[1.516s] -- Found rclpy: 7.1.11 (/opt/ros/jazzy/share/rclpy/cmake)
[1.522s] -- Found std_msgs: 5.3.8 (/opt/ros/jazzy/share/std_msgs/cmake)
[1.622s] -- Found rosidl_generator_c: 4.6.9 (/opt/ros/jazzy/share/rosidl_generator_c/cmake)
[1.657s] -- Found rosidl_generator_cpp: 4.6.9 (/opt/ros/jazzy/share/rosidl_generator_cpp/cmake)
[1.697s] -- Using all available rosidl_typesupport_c: rosidl_typesupport_fastrtps_c;rosidl_typesupport_introspection_c
[1.741s] -- Using all available rosidl_typesupport_cpp: rosidl_typesupport_fastrtps_cpp;rosidl_typesupport_introspection_cpp
[1.810s] -- Found control_msgs: 5.9.0 (/opt/ros/jazzy/share/control_msgs/cmake)
[2.437s] -- Configuring done (2.4s)
[2.448s] -- Generating done (0.0s)
[2.452s] -- Build files have been written to: /home/marino-lc/ROS2dev/tesisx3_plus/build/omni_bringup
[2.469s] Invoked command in '/home/marino-lc/ROS2dev/tesisx3_plus/build/omni_bringup' returned '0': CMAKE_PREFIX_PATH=${CMAKE_PREFIX_PATH}:/opt/ros/jazzy DEBUGINFOD_URLS=https://debuginfod.ubuntu.com /usr/bin/cmake /home/marino-lc/ROS2dev/tesisx3_plus/src/omni_bringup -DCMAKE_INSTALL_PREFIX=/home/marino-lc/ROS2dev/tesisx3_plus/install/omni_bringup
[2.470s] Invoking command in '/home/marino-lc/ROS2dev/tesisx3_plus/build/omni_bringup': CMAKE_PREFIX_PATH=${CMAKE_PREFIX_PATH}:/opt/ros/jazzy DEBUGINFOD_URLS=https://debuginfod.ubuntu.com /usr/bin/cmake --build /home/marino-lc/ROS2dev/tesisx3_plus/build/omni_bringup -- -j12 -l12
[2.564s] Built target ament_cmake_python_copy_omni_bringup
[2.840s] running egg_info
[2.841s] creating omni_bringup.egg-info
[2.864s] writing omni_bringup.egg-info/PKG-INFO
[2.864s] writing dependency_links to omni_bringup.egg-info/dependency_links.txt
[2.864s] writing top-level names to omni_bringup.egg-info/top_level.txt
[2.864s] writing manifest file 'omni_bringup.egg-info/SOURCES.txt'
[2.932s] reading manifest file 'omni_bringup.egg-info/SOURCES.txt'
[2.933s] writing manifest file 'omni_bringup.egg-info/SOURCES.txt'
[2.996s] Built target ament_cmake_python_build_omni_bringup_egg
[3.017s] Invoked command in '/home/marino-lc/ROS2dev/tesisx3_plus/build/omni_bringup' returned '0': CMAKE_PREFIX_PATH=${CMAKE_PREFIX_PATH}:/opt/ros/jazzy DEBUGINFOD_URLS=https://debuginfod.ubuntu.com /usr/bin/cmake --build /home/marino-lc/ROS2dev/tesisx3_plus/build/omni_bringup -- -j12 -l12
[3.019s] Invoking command in '/home/marino-lc/ROS2dev/tesisx3_plus/build/omni_bringup': CMAKE_PREFIX_PATH=${CMAKE_PREFIX_PATH}:/opt/ros/jazzy DEBUGINFOD_URLS=https://debuginfod.ubuntu.com /usr/bin/cmake --install /home/marino-lc/ROS2dev/tesisx3_plus/build/omni_bringup
[3.033s] -- Install configuration: ""
[3.033s] -- Installing: /home/marino-lc/ROS2dev/tesisx3_plus/install/omni_bringup/share/omni_bringup//launch
[3.033s] -- Installing: /home/marino-lc/ROS2dev/tesisx3_plus/install/omni_bringup/share/omni_bringup//launch/simple_velocity_controller.launch.py
[3.034s] -- Installing: /home/marino-lc/ROS2dev/tesisx3_plus/install/omni_bringup/share/omni_bringup//rviz
[3.034s] -- Installing: /home/marino-lc/ROS2dev/tesisx3_plus/install/omni_bringup/share/omni_bringup//rviz/omni_velocity_rviz.rviz
[3.035s] -- Installing: /home/marino-lc/ROS2dev/tesisx3_plus/install/omni_bringup/share/omni_bringup//world
[3.035s] -- Installing: /home/marino-lc/ROS2dev/tesisx3_plus/install/omni_bringup/share/omni_bringup//world/Mundo_mesa_y_cajas.world
[3.036s] -- Installing: /home/marino-lc/ROS2dev/tesisx3_plus/install/omni_bringup/share/omni_bringup/environment/pythonpath.sh
[3.036s] -- Installing: /home/marino-lc/ROS2dev/tesisx3_plus/install/omni_bringup/share/omni_bringup/environment/pythonpath.dsv
[3.037s] -- Installing: /home/marino-lc/ROS2dev/tesisx3_plus/install/omni_bringup/lib/python3.12/site-packages/omni_bringup-0.0.0-py3.12.egg-info
[3.037s] -- Installing: /home/marino-lc/ROS2dev/tesisx3_plus/install/omni_bringup/lib/python3.12/site-packages/omni_bringup-0.0.0-py3.12.egg-info/SOURCES.txt
[3.037s] -- Installing: /home/marino-lc/ROS2dev/tesisx3_plus/install/omni_bringup/lib/python3.12/site-packages/omni_bringup-0.0.0-py3.12.egg-info/PKG-INFO
[3.037s] -- Installing: /home/marino-lc/ROS2dev/tesisx3_plus/install/omni_bringup/lib/python3.12/site-packages/omni_bringup-0.0.0-py3.12.egg-info/dependency_links.txt
[3.037s] -- Installing: /home/marino-lc/ROS2dev/tesisx3_plus/install/omni_bringup/lib/python3.12/site-packages/omni_bringup-0.0.0-py3.12.egg-info/top_level.txt
[3.038s] -- Installing: /home/marino-lc/ROS2dev/tesisx3_plus/install/omni_bringup/lib/python3.12/site-packages/omni_bringup
[3.038s] -- Installing: /home/marino-lc/ROS2dev/tesisx3_plus/install/omni_bringup/lib/python3.12/site-packages/omni_bringup/__init__.py
[3.090s] Listing '/home/marino-lc/ROS2dev/tesisx3_plus/install/omni_bringup/lib/python3.12/site-packages/omni_bringup'...
[3.090s] Compiling '/home/marino-lc/ROS2dev/tesisx3_plus/install/omni_bringup/lib/python3.12/site-packages/omni_bringup/__init__.py'...
[3.099s] -- Installing: /home/marino-lc/ROS2dev/tesisx3_plus/install/omni_bringup/share/ament_index/resource_index/package_run_dependencies/omni_bringup
[3.099s] -- Installing: /home/marino-lc/ROS2dev/tesisx3_plus/install/omni_bringup/share/ament_index/resource_index/parent_prefix_path/omni_bringup
[3.099s] -- Installing: /home/marino-lc/ROS2dev/tesisx3_plus/install/omni_bringup/share/omni_bringup/environment/ament_prefix_path.sh
[3.099s] -- Installing: /home/marino-lc/ROS2dev/tesisx3_plus/install/omni_bringup/share/omni_bringup/environment/ament_prefix_path.dsv
[3.100s] -- Installing: /home/marino-lc/ROS2dev/tesisx3_plus/install/omni_bringup/share/omni_bringup/environment/path.sh
[3.100s] -- Installing: /home/marino-lc/ROS2dev/tesisx3_plus/install/omni_bringup/share/omni_bringup/environment/path.dsv
[3.100s] -- Installing: /home/marino-lc/ROS2dev/tesisx3_plus/install/omni_bringup/share/omni_bringup/local_setup.bash
[3.100s] -- Installing: /home/marino-lc/ROS2dev/tesisx3_plus/install/omni_bringup/share/omni_bringup/local_setup.sh
[3.100s] -- Installing: /home/marino-lc/ROS2dev/tesisx3_plus/install/omni_bringup/share/omni_bringup/local_setup.zsh
[3.101s] -- Installing: /home/marino-lc/ROS2dev/tesisx3_plus/install/omni_bringup/share/omni_bringup/local_setup.dsv
[3.101s] -- Installing: /home/marino-lc/ROS2dev/tesisx3_plus/install/omni_bringup/share/omni_bringup/package.dsv
[3.102s] -- Installing: /home/marino-lc/ROS2dev/tesisx3_plus/install/omni_bringup/share/ament_index/resource_index/packages/omni_bringup
[3.102s] -- Installing: /home/marino-lc/ROS2dev/tesisx3_plus/install/omni_bringup/share/omni_bringup/cmake/omni_bringupConfig.cmake
[3.102s] -- Installing: /home/marino-lc/ROS2dev/tesisx3_plus/install/omni_bringup/share/omni_bringup/cmake/omni_bringupConfig-version.cmake
[3.102s] -- Installing: /home/marino-lc/ROS2dev/tesisx3_plus/install/omni_bringup/share/omni_bringup/package.xml
[3.106s] Invoked command in '/home/marino-lc/ROS2dev/tesisx3_plus/build/omni_bringup' returned '0': CMAKE_PREFIX_PATH=${CMAKE_PREFIX_PATH}:/opt/ros/jazzy DEBUGINFOD_URLS=https://debuginfod.ubuntu.com /usr/bin/cmake --install /home/marino-lc/ROS2dev/tesisx3_plus/build/omni_bringup
