[0.019s] Invoking command in '/home/arrgusr/ROS2Dev/X3_PLUS/build/omni_dofbot_bringup': CMAKE_PREFIX_PATH=${CMAKE_PREFIX_PATH}:/opt/ros/jazzy DEBUGINFOD_URLS=https://debuginfod.ubuntu.com /usr/bin/cmake --build /home/arrgusr/ROS2Dev/X3_PLUS/build/omni_dofbot_bringup -- -j2 -l2
[0.127s] Built target ament_cmake_python_copy_omni_dofbot_bringup
[0.396s] running egg_info
[0.409s] writing omni_dofbot_bringup.egg-info/PKG-INFO
[0.410s] writing dependency_links to omni_dofbot_bringup.egg-info/dependency_links.txt
[0.410s] writing top-level names to omni_dofbot_bringup.egg-info/top_level.txt
[0.458s] reading manifest file 'omni_dofbot_bringup.egg-info/SOURCES.txt'
[0.459s] writing manifest file 'omni_dofbot_bringup.egg-info/SOURCES.txt'
[0.491s] Built target ament_cmake_python_build_omni_dofbot_bringup_egg
[0.504s] Invoked command in '/home/arrgusr/ROS2Dev/X3_PLUS/build/omni_dofbot_bringup' returned '0': CMAKE_PREFIX_PATH=${CMAKE_PREFIX_PATH}:/opt/ros/jazzy DEBUGINFOD_URLS=https://debuginfod.ubuntu.com /usr/bin/cmake --build /home/arrgusr/ROS2Dev/X3_PLUS/build/omni_dofbot_bringup -- -j2 -l2
[0.506s] Invoking command in '/home/arrgusr/ROS2Dev/X3_PLUS/build/omni_dofbot_bringup': CMAKE_PREFIX_PATH=${CMAKE_PREFIX_PATH}:/opt/ros/jazzy DEBUGINFOD_URLS=https://debuginfod.ubuntu.com /usr/bin/cmake --install /home/arrgusr/ROS2Dev/X3_PLUS/build/omni_dofbot_bringup
[0.517s] -- Install configuration: ""
[0.518s] -- Up-to-date: /home/arrgusr/ROS2Dev/X3_PLUS/install/omni_dofbot_bringup/share/omni_dofbot_bringup//launch
[0.518s] -- Installing: /home/arrgusr/ROS2Dev/X3_PLUS/install/omni_dofbot_bringup/share/omni_dofbot_bringup//launch/omni_dofbot_controller.launch.py
[0.518s] -- Up-to-date: /home/arrgusr/ROS2Dev/X3_PLUS/install/omni_dofbot_bringup/share/omni_dofbot_bringup//rviz
[0.518s] -- Up-to-date: /home/arrgusr/ROS2Dev/X3_PLUS/install/omni_dofbot_bringup/share/omni_dofbot_bringup//rviz/omni_dofbot_trayectory_rviz.rviz
[0.518s] -- Up-to-date: /home/arrgusr/ROS2Dev/X3_PLUS/install/omni_dofbot_bringup/share/omni_dofbot_bringup//world
[0.519s] -- Up-to-date: /home/arrgusr/ROS2Dev/X3_PLUS/install/omni_dofbot_bringup/share/omni_dofbot_bringup//world/Mundo_mesa_y_cajas.world
[0.519s] -- Up-to-date: /home/arrgusr/ROS2Dev/X3_PLUS/install/omni_dofbot_bringup/share/omni_dofbot_bringup/environment/pythonpath.sh
[0.519s] -- Up-to-date: /home/arrgusr/ROS2Dev/X3_PLUS/install/omni_dofbot_bringup/share/omni_dofbot_bringup/environment/pythonpath.dsv
[0.519s] -- Up-to-date: /home/arrgusr/ROS2Dev/X3_PLUS/install/omni_dofbot_bringup/lib/python3.12/site-packages/omni_dofbot_bringup-0.0.0-py3.12.egg-info
[0.519s] -- Installing: /home/arrgusr/ROS2Dev/X3_PLUS/install/omni_dofbot_bringup/lib/python3.12/site-packages/omni_dofbot_bringup-0.0.0-py3.12.egg-info/PKG-INFO
[0.519s] -- Installing: /home/arrgusr/ROS2Dev/X3_PLUS/install/omni_dofbot_bringup/lib/python3.12/site-packages/omni_dofbot_bringup-0.0.0-py3.12.egg-info/SOURCES.txt
[0.519s] -- Installing: /home/arrgusr/ROS2Dev/X3_PLUS/install/omni_dofbot_bringup/lib/python3.12/site-packages/omni_dofbot_bringup-0.0.0-py3.12.egg-info/top_level.txt
[0.519s] -- Installing: /home/arrgusr/ROS2Dev/X3_PLUS/install/omni_dofbot_bringup/lib/python3.12/site-packages/omni_dofbot_bringup-0.0.0-py3.12.egg-info/dependency_links.txt
[0.520s] -- Up-to-date: /home/arrgusr/ROS2Dev/X3_PLUS/install/omni_dofbot_bringup/lib/python3.12/site-packages/omni_dofbot_bringup
[0.521s] -- Up-to-date: /home/arrgusr/ROS2Dev/X3_PLUS/install/omni_dofbot_bringup/lib/python3.12/site-packages/omni_dofbot_bringup/__init__.py
[0.638s] Listing '/home/arrgusr/ROS2Dev/X3_PLUS/install/omni_dofbot_bringup/lib/python3.12/site-packages/omni_dofbot_bringup'...
[0.644s] -- Up-to-date: /home/arrgusr/ROS2Dev/X3_PLUS/install/omni_dofbot_bringup/share/ament_index/resource_index/package_run_dependencies/omni_dofbot_bringup
[0.644s] -- Up-to-date: /home/arrgusr/ROS2Dev/X3_PLUS/install/omni_dofbot_bringup/share/ament_index/resource_index/parent_prefix_path/omni_dofbot_bringup
[0.644s] -- Up-to-date: /home/arrgusr/ROS2Dev/X3_PLUS/install/omni_dofbot_bringup/share/omni_dofbot_bringup/environment/ament_prefix_path.sh
[0.644s] -- Up-to-date: /home/arrgusr/ROS2Dev/X3_PLUS/install/omni_dofbot_bringup/share/omni_dofbot_bringup/environment/ament_prefix_path.dsv
[0.644s] -- Up-to-date: /home/arrgusr/ROS2Dev/X3_PLUS/install/omni_dofbot_bringup/share/omni_dofbot_bringup/environment/path.sh
[0.644s] -- Up-to-date: /home/arrgusr/ROS2Dev/X3_PLUS/install/omni_dofbot_bringup/share/omni_dofbot_bringup/environment/path.dsv
[0.644s] -- Up-to-date: /home/arrgusr/ROS2Dev/X3_PLUS/install/omni_dofbot_bringup/share/omni_dofbot_bringup/local_setup.bash
[0.647s] -- Up-to-date: /home/arrgusr/ROS2Dev/X3_PLUS/install/omni_dofbot_bringup/share/omni_dofbot_bringup/local_setup.sh
[0.647s] -- Up-to-date: /home/arrgusr/ROS2Dev/X3_PLUS/install/omni_dofbot_bringup/share/omni_dofbot_bringup/local_setup.zsh
[0.648s] -- Up-to-date: /home/arrgusr/ROS2Dev/X3_PLUS/install/omni_dofbot_bringup/share/omni_dofbot_bringup/local_setup.dsv
[0.648s] -- Installing: /home/arrgusr/ROS2Dev/X3_PLUS/install/omni_dofbot_bringup/share/omni_dofbot_bringup/package.dsv
[0.648s] -- Up-to-date: /home/arrgusr/ROS2Dev/X3_PLUS/install/omni_dofbot_bringup/share/ament_index/resource_index/packages/omni_dofbot_bringup
[0.648s] -- Up-to-date: /home/arrgusr/ROS2Dev/X3_PLUS/install/omni_dofbot_bringup/share/omni_dofbot_bringup/cmake/omni_dofbot_bringupConfig.cmake
[0.648s] -- Up-to-date: /home/arrgusr/ROS2Dev/X3_PLUS/install/omni_dofbot_bringup/share/omni_dofbot_bringup/cmake/omni_dofbot_bringupConfig-version.cmake
[0.648s] -- Up-to-date: /home/arrgusr/ROS2Dev/X3_PLUS/install/omni_dofbot_bringup/share/omni_dofbot_bringup/package.xml
[0.651s] Invoked command in '/home/arrgusr/ROS2Dev/X3_PLUS/build/omni_dofbot_bringup' returned '0': CMAKE_PREFIX_PATH=${CMAKE_PREFIX_PATH}:/opt/ros/jazzy DEBUGINFOD_URLS=https://debuginfod.ubuntu.com /usr/bin/cmake --install /home/arrgusr/ROS2Dev/X3_PLUS/build/omni_dofbot_bringup
