[0.951s] DEBUG:colcon:Command line arguments: ['/usr/bin/colcon', 'build']
[0.951s] DEBUG:colcon:Parsed command line arguments: Namespace(log_base=None, log_level=None, verb_name='build', build_base='build', install_base='install', merge_install=False, symlink_install=False, test_result_base=None, continue_on_error=False, executor='parallel', parallel_workers=12, event_handlers=None, ignore_user_meta=False, metas=['./colcon.meta'], base_paths=['.'], packages_ignore=None, packages_ignore_regex=None, paths=None, packages_up_to=None, packages_up_to_regex=None, packages_above=None, packages_above_and_dependencies=None, packages_above_depth=None, packages_select_by_dep=None, packages_skip_by_dep=None, packages_skip_up_to=None, packages_select_build_failed=False, packages_skip_build_finished=False, packages_select_test_failures=False, packages_skip_test_passed=False, packages_select=None, packages_skip=None, packages_select_regex=None, packages_skip_regex=None, packages_start=None, packages_end=None, allow_overriding=[], cmake_args=None, cmake_target=None, cmake_target_skip_unavailable=False, cmake_clean_cache=False, cmake_clean_first=False, cmake_force_configure=False, ament_cmake_args=None, catkin_cmake_args=None, catkin_skip_building_tests=False, mixin_files=None, mixin=None, verb_parser=<colcon_mixin.mixin.mixin_argument.MixinArgumentDecorator object at 0x75c9434a58b0>, verb_extension=<colcon_core.verb.build.BuildVerb object at 0x75c9435bde20>, main=<bound method BuildVerb.main of <colcon_core.verb.build.BuildVerb object at 0x75c9435bde20>>, mixin_verb=('build',))
[1.136s] Level 1:colcon.colcon_core.package_discovery:discover_packages(colcon_meta) check parameters
[1.136s] Level 1:colcon.colcon_core.package_discovery:discover_packages(recursive) check parameters
[1.136s] Level 1:colcon.colcon_core.package_discovery:discover_packages(ignore) check parameters
[1.136s] Level 1:colcon.colcon_core.package_discovery:discover_packages(path) check parameters
[1.136s] Level 1:colcon.colcon_core.package_discovery:discover_packages(colcon_meta) discover
[1.136s] Level 1:colcon.colcon_core.package_discovery:discover_packages(recursive) discover
[1.136s] INFO:colcon.colcon_core.package_discovery:Crawling recursively for packages in '/home/marino-lc/ROS2dev/tesisx3_plus'
[1.137s] Level 1:colcon.colcon_core.package_identification:_identify(.) by extensions ['ignore', 'ignore_ament_install']
[1.137s] Level 1:colcon.colcon_core.package_identification:_identify(.) by extension 'ignore'
[1.137s] Level 1:colcon.colcon_core.package_identification:_identify(.) by extension 'ignore_ament_install'
[1.137s] Level 1:colcon.colcon_core.package_identification:_identify(.) by extensions ['colcon_pkg']
[1.137s] Level 1:colcon.colcon_core.package_identification:_identify(.) by extension 'colcon_pkg'
[1.137s] Level 1:colcon.colcon_core.package_identification:_identify(.) by extensions ['colcon_meta']
[1.137s] Level 1:colcon.colcon_core.package_identification:_identify(.) by extension 'colcon_meta'
[1.137s] Level 1:colcon.colcon_core.package_identification:_identify(.) by extensions ['ros']
[1.137s] Level 1:colcon.colcon_core.package_identification:_identify(.) by extension 'ros'
[1.205s] Level 1:colcon.colcon_core.package_identification:_identify(.) by extensions ['cmake', 'python']
[1.205s] Level 1:colcon.colcon_core.package_identification:_identify(.) by extension 'cmake'
[1.205s] Level 1:colcon.colcon_core.package_identification:_identify(.) by extension 'python'
[1.205s] Level 1:colcon.colcon_core.package_identification:_identify(.) by extensions ['python_setup_py']
[1.205s] Level 1:colcon.colcon_core.package_identification:_identify(.) by extension 'python_setup_py'
[1.208s] Level 1:colcon.colcon_core.package_identification:_identify(build) by extensions ['ignore', 'ignore_ament_install']
[1.208s] Level 1:colcon.colcon_core.package_identification:_identify(build) by extension 'ignore'
[1.208s] Level 1:colcon.colcon_core.package_identification:_identify(build) ignored
[1.209s] Level 1:colcon.colcon_core.package_identification:_identify(install) by extensions ['ignore', 'ignore_ament_install']
[1.209s] Level 1:colcon.colcon_core.package_identification:_identify(install) by extension 'ignore'
[1.209s] Level 1:colcon.colcon_core.package_identification:_identify(install) ignored
[1.209s] Level 1:colcon.colcon_core.package_identification:_identify(log) by extensions ['ignore', 'ignore_ament_install']
[1.209s] Level 1:colcon.colcon_core.package_identification:_identify(log) by extension 'ignore'
[1.209s] Level 1:colcon.colcon_core.package_identification:_identify(log) ignored
[1.209s] Level 1:colcon.colcon_core.package_identification:_identify(src) by extensions ['ignore', 'ignore_ament_install']
[1.209s] Level 1:colcon.colcon_core.package_identification:_identify(src) by extension 'ignore'
[1.209s] Level 1:colcon.colcon_core.package_identification:_identify(src) by extension 'ignore_ament_install'
[1.209s] Level 1:colcon.colcon_core.package_identification:_identify(src) by extensions ['colcon_pkg']
[1.209s] Level 1:colcon.colcon_core.package_identification:_identify(src) by extension 'colcon_pkg'
[1.209s] Level 1:colcon.colcon_core.package_identification:_identify(src) by extensions ['colcon_meta']
[1.209s] Level 1:colcon.colcon_core.package_identification:_identify(src) by extension 'colcon_meta'
[1.209s] Level 1:colcon.colcon_core.package_identification:_identify(src) by extensions ['ros']
[1.209s] Level 1:colcon.colcon_core.package_identification:_identify(src) by extension 'ros'
[1.209s] Level 1:colcon.colcon_core.package_identification:_identify(src) by extensions ['cmake', 'python']
[1.209s] Level 1:colcon.colcon_core.package_identification:_identify(src) by extension 'cmake'
[1.210s] Level 1:colcon.colcon_core.package_identification:_identify(src) by extension 'python'
[1.210s] Level 1:colcon.colcon_core.package_identification:_identify(src) by extensions ['python_setup_py']
[1.210s] Level 1:colcon.colcon_core.package_identification:_identify(src) by extension 'python_setup_py'
[1.210s] Level 1:colcon.colcon_core.package_identification:_identify(src/dofbot_bringup) by extensions ['ignore', 'ignore_ament_install']
[1.210s] Level 1:colcon.colcon_core.package_identification:_identify(src/dofbot_bringup) by extension 'ignore'
[1.210s] Level 1:colcon.colcon_core.package_identification:_identify(src/dofbot_bringup) by extension 'ignore_ament_install'
[1.210s] Level 1:colcon.colcon_core.package_identification:_identify(src/dofbot_bringup) by extensions ['colcon_pkg']
[1.210s] Level 1:colcon.colcon_core.package_identification:_identify(src/dofbot_bringup) by extension 'colcon_pkg'
[1.210s] Level 1:colcon.colcon_core.package_identification:_identify(src/dofbot_bringup) by extensions ['colcon_meta']
[1.210s] Level 1:colcon.colcon_core.package_identification:_identify(src/dofbot_bringup) by extension 'colcon_meta'
[1.210s] Level 1:colcon.colcon_core.package_identification:_identify(src/dofbot_bringup) by extensions ['ros']
[1.210s] Level 1:colcon.colcon_core.package_identification:_identify(src/dofbot_bringup) by extension 'ros'
[1.230s] DEBUG:colcon.colcon_core.package_identification:Package 'src/dofbot_bringup' with type 'ros.ament_cmake' and name 'dofbot_bringup'
[1.231s] Level 1:colcon.colcon_core.package_identification:_identify(src/dofbot_description) by extensions ['ignore', 'ignore_ament_install']
[1.231s] Level 1:colcon.colcon_core.package_identification:_identify(src/dofbot_description) by extension 'ignore'
[1.231s] Level 1:colcon.colcon_core.package_identification:_identify(src/dofbot_description) by extension 'ignore_ament_install'
[1.231s] Level 1:colcon.colcon_core.package_identification:_identify(src/dofbot_description) by extensions ['colcon_pkg']
[1.231s] Level 1:colcon.colcon_core.package_identification:_identify(src/dofbot_description) by extension 'colcon_pkg'
[1.231s] Level 1:colcon.colcon_core.package_identification:_identify(src/dofbot_description) by extensions ['colcon_meta']
[1.231s] Level 1:colcon.colcon_core.package_identification:_identify(src/dofbot_description) by extension 'colcon_meta'
[1.231s] Level 1:colcon.colcon_core.package_identification:_identify(src/dofbot_description) by extensions ['ros']
[1.231s] Level 1:colcon.colcon_core.package_identification:_identify(src/dofbot_description) by extension 'ros'
[1.232s] DEBUG:colcon.colcon_core.package_identification:Package 'src/dofbot_description' with type 'ros.ament_cmake' and name 'dofbot_description'
[1.232s] Level 1:colcon.colcon_core.package_identification:_identify(src/omni_bringup) by extensions ['ignore', 'ignore_ament_install']
[1.233s] Level 1:colcon.colcon_core.package_identification:_identify(src/omni_bringup) by extension 'ignore'
[1.233s] Level 1:colcon.colcon_core.package_identification:_identify(src/omni_bringup) by extension 'ignore_ament_install'
[1.233s] Level 1:colcon.colcon_core.package_identification:_identify(src/omni_bringup) by extensions ['colcon_pkg']
[1.233s] Level 1:colcon.colcon_core.package_identification:_identify(src/omni_bringup) by extension 'colcon_pkg'
[1.233s] Level 1:colcon.colcon_core.package_identification:_identify(src/omni_bringup) by extensions ['colcon_meta']
[1.233s] Level 1:colcon.colcon_core.package_identification:_identify(src/omni_bringup) by extension 'colcon_meta'
[1.233s] Level 1:colcon.colcon_core.package_identification:_identify(src/omni_bringup) by extensions ['ros']
[1.233s] Level 1:colcon.colcon_core.package_identification:_identify(src/omni_bringup) by extension 'ros'
[1.233s] DEBUG:colcon.colcon_core.package_identification:Package 'src/omni_bringup' with type 'ros.ament_cmake' and name 'omni_bringup'
[1.235s] Level 1:colcon.colcon_core.package_identification:_identify(src/omni_description) by extensions ['ignore', 'ignore_ament_install']
[1.235s] Level 1:colcon.colcon_core.package_identification:_identify(src/omni_description) by extension 'ignore'
[1.235s] Level 1:colcon.colcon_core.package_identification:_identify(src/omni_description) by extension 'ignore_ament_install'
[1.235s] Level 1:colcon.colcon_core.package_identification:_identify(src/omni_description) by extensions ['colcon_pkg']
[1.235s] Level 1:colcon.colcon_core.package_identification:_identify(src/omni_description) by extension 'colcon_pkg'
[1.235s] Level 1:colcon.colcon_core.package_identification:_identify(src/omni_description) by extensions ['colcon_meta']
[1.235s] Level 1:colcon.colcon_core.package_identification:_identify(src/omni_description) by extension 'colcon_meta'
[1.235s] Level 1:colcon.colcon_core.package_identification:_identify(src/omni_description) by extensions ['ros']
[1.235s] Level 1:colcon.colcon_core.package_identification:_identify(src/omni_description) by extension 'ros'
[1.239s] DEBUG:colcon.colcon_core.package_identification:Package 'src/omni_description' with type 'ros.ament_cmake' and name 'omni_description'
[1.239s] Level 1:colcon.colcon_core.package_identification:_identify(src/omni_dofbot_bringup) by extensions ['ignore', 'ignore_ament_install']
[1.239s] Level 1:colcon.colcon_core.package_identification:_identify(src/omni_dofbot_bringup) by extension 'ignore'
[1.239s] Level 1:colcon.colcon_core.package_identification:_identify(src/omni_dofbot_bringup) by extension 'ignore_ament_install'
[1.239s] Level 1:colcon.colcon_core.package_identification:_identify(src/omni_dofbot_bringup) by extensions ['colcon_pkg']
[1.240s] Level 1:colcon.colcon_core.package_identification:_identify(src/omni_dofbot_bringup) by extension 'colcon_pkg'
[1.240s] Level 1:colcon.colcon_core.package_identification:_identify(src/omni_dofbot_bringup) by extensions ['colcon_meta']
[1.240s] Level 1:colcon.colcon_core.package_identification:_identify(src/omni_dofbot_bringup) by extension 'colcon_meta'
[1.240s] Level 1:colcon.colcon_core.package_identification:_identify(src/omni_dofbot_bringup) by extensions ['ros']
[1.240s] Level 1:colcon.colcon_core.package_identification:_identify(src/omni_dofbot_bringup) by extension 'ros'
[1.242s] DEBUG:colcon.colcon_core.package_identification:Package 'src/omni_dofbot_bringup' with type 'ros.ament_cmake' and name 'omni_dofbot_bringup'
[1.245s] Level 1:colcon.colcon_core.package_identification:_identify(src/omni_dofbot_description) by extensions ['ignore', 'ignore_ament_install']
[1.246s] Level 1:colcon.colcon_core.package_identification:_identify(src/omni_dofbot_description) by extension 'ignore'
[1.246s] Level 1:colcon.colcon_core.package_identification:_identify(src/omni_dofbot_description) by extension 'ignore_ament_install'
[1.246s] Level 1:colcon.colcon_core.package_identification:_identify(src/omni_dofbot_description) by extensions ['colcon_pkg']
[1.246s] Level 1:colcon.colcon_core.package_identification:_identify(src/omni_dofbot_description) by extension 'colcon_pkg'
[1.246s] Level 1:colcon.colcon_core.package_identification:_identify(src/omni_dofbot_description) by extensions ['colcon_meta']
[1.246s] Level 1:colcon.colcon_core.package_identification:_identify(src/omni_dofbot_description) by extension 'colcon_meta'
[1.246s] Level 1:colcon.colcon_core.package_identification:_identify(src/omni_dofbot_description) by extensions ['ros']
[1.246s] Level 1:colcon.colcon_core.package_identification:_identify(src/omni_dofbot_description) by extension 'ros'
[1.249s] DEBUG:colcon.colcon_core.package_identification:Package 'src/omni_dofbot_description' with type 'ros.ament_cmake' and name 'omni_dofbot_description'
[1.249s] Level 1:colcon.colcon_core.package_discovery:discover_packages(recursive) using defaults
[1.249s] Level 1:colcon.colcon_core.package_discovery:discover_packages(ignore) discover
[1.249s] Level 1:colcon.colcon_core.package_discovery:discover_packages(ignore) using defaults
[1.249s] Level 1:colcon.colcon_core.package_discovery:discover_packages(path) discover
[1.249s] Level 1:colcon.colcon_core.package_discovery:discover_packages(path) using defaults
[1.310s] Level 1:colcon.colcon_core.package_discovery:discover_packages(prefix_path) check parameters
[1.310s] Level 1:colcon.colcon_core.package_discovery:discover_packages(prefix_path) discover
[1.323s] DEBUG:colcon.colcon_installed_package_information.package_discovery:Found 6 installed packages in /home/marino-lc/ROS2dev/tesisx3_plus/install
[1.324s] DEBUG:colcon.colcon_installed_package_information.package_discovery:Found 1 installed packages in /home/marino-lc/gz_fix_ws/install
[1.325s] DEBUG:colcon.colcon_installed_package_information.package_discovery:Found 430 installed packages in /opt/ros/jazzy
[1.326s] Level 1:colcon.colcon_core.package_discovery:discover_packages(prefix_path) using defaults
[1.391s] Level 5:colcon.colcon_core.verb:set package 'dofbot_bringup' build argument 'cmake_args' from command line to 'None'
[1.391s] Level 5:colcon.colcon_core.verb:set package 'dofbot_bringup' build argument 'cmake_target' from command line to 'None'
[1.391s] Level 5:colcon.colcon_core.verb:set package 'dofbot_bringup' build argument 'cmake_target_skip_unavailable' from command line to 'False'
[1.391s] Level 5:colcon.colcon_core.verb:set package 'dofbot_bringup' build argument 'cmake_clean_cache' from command line to 'False'
[1.391s] Level 5:colcon.colcon_core.verb:set package 'dofbot_bringup' build argument 'cmake_clean_first' from command line to 'False'
[1.391s] Level 5:colcon.colcon_core.verb:set package 'dofbot_bringup' build argument 'cmake_force_configure' from command line to 'False'
[1.391s] Level 5:colcon.colcon_core.verb:set package 'dofbot_bringup' build argument 'ament_cmake_args' from command line to 'None'
[1.391s] Level 5:colcon.colcon_core.verb:set package 'dofbot_bringup' build argument 'catkin_cmake_args' from command line to 'None'
[1.391s] Level 5:colcon.colcon_core.verb:set package 'dofbot_bringup' build argument 'catkin_skip_building_tests' from command line to 'False'
[1.391s] DEBUG:colcon.colcon_core.verb:Building package 'dofbot_bringup' with the following arguments: {'ament_cmake_args': None, 'build_base': '/home/marino-lc/ROS2dev/tesisx3_plus/build/dofbot_bringup', 'catkin_cmake_args': None, 'catkin_skip_building_tests': False, 'cmake_args': None, 'cmake_clean_cache': False, 'cmake_clean_first': False, 'cmake_force_configure': False, 'cmake_target': None, 'cmake_target_skip_unavailable': False, 'install_base': '/home/marino-lc/ROS2dev/tesisx3_plus/install/dofbot_bringup', 'merge_install': False, 'path': '/home/marino-lc/ROS2dev/tesisx3_plus/src/dofbot_bringup', 'symlink_install': False, 'test_result_base': None}
[1.391s] Level 5:colcon.colcon_core.verb:set package 'dofbot_description' build argument 'cmake_args' from command line to 'None'
[1.391s] Level 5:colcon.colcon_core.verb:set package 'dofbot_description' build argument 'cmake_target' from command line to 'None'
[1.391s] Level 5:colcon.colcon_core.verb:set package 'dofbot_description' build argument 'cmake_target_skip_unavailable' from command line to 'False'
[1.391s] Level 5:colcon.colcon_core.verb:set package 'dofbot_description' build argument 'cmake_clean_cache' from command line to 'False'
[1.392s] Level 5:colcon.colcon_core.verb:set package 'dofbot_description' build argument 'cmake_clean_first' from command line to 'False'
[1.392s] Level 5:colcon.colcon_core.verb:set package 'dofbot_description' build argument 'cmake_force_configure' from command line to 'False'
[1.392s] Level 5:colcon.colcon_core.verb:set package 'dofbot_description' build argument 'ament_cmake_args' from command line to 'None'
[1.392s] Level 5:colcon.colcon_core.verb:set package 'dofbot_description' build argument 'catkin_cmake_args' from command line to 'None'
[1.392s] Level 5:colcon.colcon_core.verb:set package 'dofbot_description' build argument 'catkin_skip_building_tests' from command line to 'False'
[1.392s] DEBUG:colcon.colcon_core.verb:Building package 'dofbot_description' with the following arguments: {'ament_cmake_args': None, 'build_base': '/home/marino-lc/ROS2dev/tesisx3_plus/build/dofbot_description', 'catkin_cmake_args': None, 'catkin_skip_building_tests': False, 'cmake_args': None, 'cmake_clean_cache': False, 'cmake_clean_first': False, 'cmake_force_configure': False, 'cmake_target': None, 'cmake_target_skip_unavailable': False, 'install_base': '/home/marino-lc/ROS2dev/tesisx3_plus/install/dofbot_description', 'merge_install': False, 'path': '/home/marino-lc/ROS2dev/tesisx3_plus/src/dofbot_description', 'symlink_install': False, 'test_result_base': None}
[1.392s] Level 5:colcon.colcon_core.verb:set package 'omni_bringup' build argument 'cmake_args' from command line to 'None'
[1.392s] Level 5:colcon.colcon_core.verb:set package 'omni_bringup' build argument 'cmake_target' from command line to 'None'
[1.392s] Level 5:colcon.colcon_core.verb:set package 'omni_bringup' build argument 'cmake_target_skip_unavailable' from command line to 'False'
[1.392s] Level 5:colcon.colcon_core.verb:set package 'omni_bringup' build argument 'cmake_clean_cache' from command line to 'False'
[1.392s] Level 5:colcon.colcon_core.verb:set package 'omni_bringup' build argument 'cmake_clean_first' from command line to 'False'
[1.392s] Level 5:colcon.colcon_core.verb:set package 'omni_bringup' build argument 'cmake_force_configure' from command line to 'False'
[1.392s] Level 5:colcon.colcon_core.verb:set package 'omni_bringup' build argument 'ament_cmake_args' from command line to 'None'
[1.392s] Level 5:colcon.colcon_core.verb:set package 'omni_bringup' build argument 'catkin_cmake_args' from command line to 'None'
[1.392s] Level 5:colcon.colcon_core.verb:set package 'omni_bringup' build argument 'catkin_skip_building_tests' from command line to 'False'
[1.392s] DEBUG:colcon.colcon_core.verb:Building package 'omni_bringup' with the following arguments: {'ament_cmake_args': None, 'build_base': '/home/marino-lc/ROS2dev/tesisx3_plus/build/omni_bringup', 'catkin_cmake_args': None, 'catkin_skip_building_tests': False, 'cmake_args': None, 'cmake_clean_cache': False, 'cmake_clean_first': False, 'cmake_force_configure': False, 'cmake_target': None, 'cmake_target_skip_unavailable': False, 'install_base': '/home/marino-lc/ROS2dev/tesisx3_plus/install/omni_bringup', 'merge_install': False, 'path': '/home/marino-lc/ROS2dev/tesisx3_plus/src/omni_bringup', 'symlink_install': False, 'test_result_base': None}
[1.392s] Level 5:colcon.colcon_core.verb:set package 'omni_description' build argument 'cmake_args' from command line to 'None'
[1.392s] Level 5:colcon.colcon_core.verb:set package 'omni_description' build argument 'cmake_target' from command line to 'None'
[1.392s] Level 5:colcon.colcon_core.verb:set package 'omni_description' build argument 'cmake_target_skip_unavailable' from command line to 'False'
[1.392s] Level 5:colcon.colcon_core.verb:set package 'omni_description' build argument 'cmake_clean_cache' from command line to 'False'
[1.392s] Level 5:colcon.colcon_core.verb:set package 'omni_description' build argument 'cmake_clean_first' from command line to 'False'
[1.392s] Level 5:colcon.colcon_core.verb:set package 'omni_description' build argument 'cmake_force_configure' from command line to 'False'
[1.392s] Level 5:colcon.colcon_core.verb:set package 'omni_description' build argument 'ament_cmake_args' from command line to 'None'
[1.392s] Level 5:colcon.colcon_core.verb:set package 'omni_description' build argument 'catkin_cmake_args' from command line to 'None'
[1.392s] Level 5:colcon.colcon_core.verb:set package 'omni_description' build argument 'catkin_skip_building_tests' from command line to 'False'
[1.392s] DEBUG:colcon.colcon_core.verb:Building package 'omni_description' with the following arguments: {'ament_cmake_args': None, 'build_base': '/home/marino-lc/ROS2dev/tesisx3_plus/build/omni_description', 'catkin_cmake_args': None, 'catkin_skip_building_tests': False, 'cmake_args': None, 'cmake_clean_cache': False, 'cmake_clean_first': False, 'cmake_force_configure': False, 'cmake_target': None, 'cmake_target_skip_unavailable': False, 'install_base': '/home/marino-lc/ROS2dev/tesisx3_plus/install/omni_description', 'merge_install': False, 'path': '/home/marino-lc/ROS2dev/tesisx3_plus/src/omni_description', 'symlink_install': False, 'test_result_base': None}
[1.392s] Level 5:colcon.colcon_core.verb:set package 'omni_dofbot_bringup' build argument 'cmake_args' from command line to 'None'
[1.392s] Level 5:colcon.colcon_core.verb:set package 'omni_dofbot_bringup' build argument 'cmake_target' from command line to 'None'
[1.392s] Level 5:colcon.colcon_core.verb:set package 'omni_dofbot_bringup' build argument 'cmake_target_skip_unavailable' from command line to 'False'
[1.392s] Level 5:colcon.colcon_core.verb:set package 'omni_dofbot_bringup' build argument 'cmake_clean_cache' from command line to 'False'
[1.392s] Level 5:colcon.colcon_core.verb:set package 'omni_dofbot_bringup' build argument 'cmake_clean_first' from command line to 'False'
[1.392s] Level 5:colcon.colcon_core.verb:set package 'omni_dofbot_bringup' build argument 'cmake_force_configure' from command line to 'False'
[1.392s] Level 5:colcon.colcon_core.verb:set package 'omni_dofbot_bringup' build argument 'ament_cmake_args' from command line to 'None'
[1.392s] Level 5:colcon.colcon_core.verb:set package 'omni_dofbot_bringup' build argument 'catkin_cmake_args' from command line to 'None'
[1.392s] Level 5:colcon.colcon_core.verb:set package 'omni_dofbot_bringup' build argument 'catkin_skip_building_tests' from command line to 'False'
[1.392s] DEBUG:colcon.colcon_core.verb:Building package 'omni_dofbot_bringup' with the following arguments: {'ament_cmake_args': None, 'build_base': '/home/marino-lc/ROS2dev/tesisx3_plus/build/omni_dofbot_bringup', 'catkin_cmake_args': None, 'catkin_skip_building_tests': False, 'cmake_args': None, 'cmake_clean_cache': False, 'cmake_clean_first': False, 'cmake_force_configure': False, 'cmake_target': None, 'cmake_target_skip_unavailable': False, 'install_base': '/home/marino-lc/ROS2dev/tesisx3_plus/install/omni_dofbot_bringup', 'merge_install': False, 'path': '/home/marino-lc/ROS2dev/tesisx3_plus/src/omni_dofbot_bringup', 'symlink_install': False, 'test_result_base': None}
[1.392s] Level 5:colcon.colcon_core.verb:set package 'omni_dofbot_description' build argument 'cmake_args' from command line to 'None'
[1.392s] Level 5:colcon.colcon_core.verb:set package 'omni_dofbot_description' build argument 'cmake_target' from command line to 'None'
[1.392s] Level 5:colcon.colcon_core.verb:set package 'omni_dofbot_description' build argument 'cmake_target_skip_unavailable' from command line to 'False'
[1.392s] Level 5:colcon.colcon_core.verb:set package 'omni_dofbot_description' build argument 'cmake_clean_cache' from command line to 'False'
[1.392s] Level 5:colcon.colcon_core.verb:set package 'omni_dofbot_description' build argument 'cmake_clean_first' from command line to 'False'
[1.392s] Level 5:colcon.colcon_core.verb:set package 'omni_dofbot_description' build argument 'cmake_force_configure' from command line to 'False'
[1.392s] Level 5:colcon.colcon_core.verb:set package 'omni_dofbot_description' build argument 'ament_cmake_args' from command line to 'None'
[1.392s] Level 5:colcon.colcon_core.verb:set package 'omni_dofbot_description' build argument 'catkin_cmake_args' from command line to 'None'
[1.392s] Level 5:colcon.colcon_core.verb:set package 'omni_dofbot_description' build argument 'catkin_skip_building_tests' from command line to 'False'
[1.392s] DEBUG:colcon.colcon_core.verb:Building package 'omni_dofbot_description' with the following arguments: {'ament_cmake_args': None, 'build_base': '/home/marino-lc/ROS2dev/tesisx3_plus/build/omni_dofbot_description', 'catkin_cmake_args': None, 'catkin_skip_building_tests': False, 'cmake_args': None, 'cmake_clean_cache': False, 'cmake_clean_first': False, 'cmake_force_configure': False, 'cmake_target': None, 'cmake_target_skip_unavailable': False, 'install_base': '/home/marino-lc/ROS2dev/tesisx3_plus/install/omni_dofbot_description', 'merge_install': False, 'path': '/home/marino-lc/ROS2dev/tesisx3_plus/src/omni_dofbot_description', 'symlink_install': False, 'test_result_base': None}
[1.392s] INFO:colcon.colcon_core.executor:Executing jobs using 'parallel' executor
[1.393s] DEBUG:colcon.colcon_parallel_executor.executor.parallel:run_until_complete
[1.393s] INFO:colcon.colcon_ros.task.ament_cmake.build:Building ROS package in '/home/marino-lc/ROS2dev/tesisx3_plus/src/dofbot_bringup' with build type 'ament_cmake'
[1.393s] INFO:colcon.colcon_cmake.task.cmake.build:Building CMake package in '/home/marino-lc/ROS2dev/tesisx3_plus/src/dofbot_bringup'
[1.591s] INFO:colcon.colcon_core.plugin_system:Skipping extension 'colcon_core.shell.bat': Not used on non-Windows systems
[1.591s] INFO:colcon.colcon_core.shell:Skip shell extension 'powershell' for command environment: Not usable outside of PowerShell
[1.591s] DEBUG:colcon.colcon_core.shell:Skip shell extension 'dsv' for command environment
[1.597s] INFO:colcon.colcon_ros.task.ament_cmake.build:Building ROS package in '/home/marino-lc/ROS2dev/tesisx3_plus/src/dofbot_description' with build type 'ament_cmake'
[1.598s] INFO:colcon.colcon_cmake.task.cmake.build:Building CMake package in '/home/marino-lc/ROS2dev/tesisx3_plus/src/dofbot_description'
[1.598s] INFO:colcon.colcon_core.shell:Skip shell extension 'powershell' for command environment: Not usable outside of PowerShell
[1.599s] DEBUG:colcon.colcon_core.shell:Skip shell extension 'dsv' for command environment
[1.604s] INFO:colcon.colcon_ros.task.ament_cmake.build:Building ROS package in '/home/marino-lc/ROS2dev/tesisx3_plus/src/omni_bringup' with build type 'ament_cmake'
[1.604s] INFO:colcon.colcon_cmake.task.cmake.build:Building CMake package in '/home/marino-lc/ROS2dev/tesisx3_plus/src/omni_bringup'
[1.604s] INFO:colcon.colcon_core.shell:Skip shell extension 'powershell' for command environment: Not usable outside of PowerShell
[1.604s] DEBUG:colcon.colcon_core.shell:Skip shell extension 'dsv' for command environment
[1.610s] INFO:colcon.colcon_ros.task.ament_cmake.build:Building ROS package in '/home/marino-lc/ROS2dev/tesisx3_plus/src/omni_description' with build type 'ament_cmake'
[1.610s] INFO:colcon.colcon_cmake.task.cmake.build:Building CMake package in '/home/marino-lc/ROS2dev/tesisx3_plus/src/omni_description'
[1.610s] INFO:colcon.colcon_core.shell:Skip shell extension 'powershell' for command environment: Not usable outside of PowerShell
[1.610s] DEBUG:colcon.colcon_core.shell:Skip shell extension 'dsv' for command environment
[1.615s] INFO:colcon.colcon_ros.task.ament_cmake.build:Building ROS package in '/home/marino-lc/ROS2dev/tesisx3_plus/src/omni_dofbot_bringup' with build type 'ament_cmake'
[1.615s] INFO:colcon.colcon_cmake.task.cmake.build:Building CMake package in '/home/marino-lc/ROS2dev/tesisx3_plus/src/omni_dofbot_bringup'
[1.615s] INFO:colcon.colcon_core.shell:Skip shell extension 'powershell' for command environment: Not usable outside of PowerShell
[1.615s] DEBUG:colcon.colcon_core.shell:Skip shell extension 'dsv' for command environment
[1.620s] INFO:colcon.colcon_ros.task.ament_cmake.build:Building ROS package in '/home/marino-lc/ROS2dev/tesisx3_plus/src/omni_dofbot_description' with build type 'ament_cmake'
[1.620s] INFO:colcon.colcon_cmake.task.cmake.build:Building CMake package in '/home/marino-lc/ROS2dev/tesisx3_plus/src/omni_dofbot_description'
[1.620s] INFO:colcon.colcon_core.shell:Skip shell extension 'powershell' for command environment: Not usable outside of PowerShell
[1.620s] DEBUG:colcon.colcon_core.shell:Skip shell extension 'dsv' for command environment
[1.629s] DEBUG:colcon.colcon_core.event_handler.log_command:Invoking command in '/home/marino-lc/ROS2dev/tesisx3_plus/build/dofbot_bringup': CMAKE_PREFIX_PATH=${CMAKE_PREFIX_PATH}:/opt/ros/jazzy DEBUGINFOD_URLS=https://debuginfod.ubuntu.com /usr/bin/cmake --build /home/marino-lc/ROS2dev/tesisx3_plus/build/dofbot_bringup -- -j12 -l12
[1.653s] DEBUG:colcon.colcon_core.event_handler.log_command:Invoking command in '/home/marino-lc/ROS2dev/tesisx3_plus/build/dofbot_description': CMAKE_PREFIX_PATH=${CMAKE_PREFIX_PATH}:/opt/ros/jazzy DEBUGINFOD_URLS=https://debuginfod.ubuntu.com /usr/bin/cmake --build /home/marino-lc/ROS2dev/tesisx3_plus/build/dofbot_description -- -j12 -l12
[1.657s] DEBUG:colcon.colcon_core.event_handler.log_command:Invoking command in '/home/marino-lc/ROS2dev/tesisx3_plus/build/omni_bringup': CMAKE_PREFIX_PATH=${CMAKE_PREFIX_PATH}:/opt/ros/jazzy DEBUGINFOD_URLS=https://debuginfod.ubuntu.com /usr/bin/cmake --build /home/marino-lc/ROS2dev/tesisx3_plus/build/omni_bringup -- -j12 -l12
[1.662s] DEBUG:colcon.colcon_core.event_handler.log_command:Invoking command in '/home/marino-lc/ROS2dev/tesisx3_plus/build/omni_description': CMAKE_PREFIX_PATH=${CMAKE_PREFIX_PATH}:/opt/ros/jazzy DEBUGINFOD_URLS=https://debuginfod.ubuntu.com /usr/bin/cmake --build /home/marino-lc/ROS2dev/tesisx3_plus/build/omni_description -- -j12 -l12
[1.666s] DEBUG:colcon.colcon_core.event_handler.log_command:Invoking command in '/home/marino-lc/ROS2dev/tesisx3_plus/build/omni_dofbot_bringup': CMAKE_PREFIX_PATH=${CMAKE_PREFIX_PATH}:/opt/ros/jazzy DEBUGINFOD_URLS=https://debuginfod.ubuntu.com /usr/bin/cmake --build /home/marino-lc/ROS2dev/tesisx3_plus/build/omni_dofbot_bringup -- -j12 -l12
[1.672s] DEBUG:colcon.colcon_core.event_handler.log_command:Invoking command in '/home/marino-lc/ROS2dev/tesisx3_plus/build/omni_dofbot_description': CMAKE_PREFIX_PATH=${CMAKE_PREFIX_PATH}:/opt/ros/jazzy DEBUGINFOD_URLS=https://debuginfod.ubuntu.com /usr/bin/cmake --build /home/marino-lc/ROS2dev/tesisx3_plus/build/omni_dofbot_description -- -j12 -l12
[1.850s] DEBUG:colcon.colcon_core.event_handler.log_command:Invoked command in '/home/marino-lc/ROS2dev/tesisx3_plus/build/omni_dofbot_description' returned '0': CMAKE_PREFIX_PATH=${CMAKE_PREFIX_PATH}:/opt/ros/jazzy DEBUGINFOD_URLS=https://debuginfod.ubuntu.com /usr/bin/cmake --build /home/marino-lc/ROS2dev/tesisx3_plus/build/omni_dofbot_description -- -j12 -l12
[1.864s] DEBUG:colcon.colcon_core.event_handler.log_command:Invoking command in '/home/marino-lc/ROS2dev/tesisx3_plus/build/omni_dofbot_description': CMAKE_PREFIX_PATH=${CMAKE_PREFIX_PATH}:/opt/ros/jazzy DEBUGINFOD_URLS=https://debuginfod.ubuntu.com /usr/bin/cmake --install /home/marino-lc/ROS2dev/tesisx3_plus/build/omni_dofbot_description
[1.865s] DEBUG:colcon.colcon_core.event_handler.log_command:Invoked command in '/home/marino-lc/ROS2dev/tesisx3_plus/build/dofbot_description' returned '0': CMAKE_PREFIX_PATH=${CMAKE_PREFIX_PATH}:/opt/ros/jazzy DEBUGINFOD_URLS=https://debuginfod.ubuntu.com /usr/bin/cmake --build /home/marino-lc/ROS2dev/tesisx3_plus/build/dofbot_description -- -j12 -l12
[1.868s] DEBUG:colcon.colcon_core.event_handler.log_command:Invoking command in '/home/marino-lc/ROS2dev/tesisx3_plus/build/dofbot_description': CMAKE_PREFIX_PATH=${CMAKE_PREFIX_PATH}:/opt/ros/jazzy DEBUGINFOD_URLS=https://debuginfod.ubuntu.com /usr/bin/cmake --install /home/marino-lc/ROS2dev/tesisx3_plus/build/dofbot_description
[1.868s] DEBUG:colcon.colcon_core.event_handler.log_command:Invoked command in '/home/marino-lc/ROS2dev/tesisx3_plus/build/omni_description' returned '0': CMAKE_PREFIX_PATH=${CMAKE_PREFIX_PATH}:/opt/ros/jazzy DEBUGINFOD_URLS=https://debuginfod.ubuntu.com /usr/bin/cmake --build /home/marino-lc/ROS2dev/tesisx3_plus/build/omni_description -- -j12 -l12
[1.871s] DEBUG:colcon.colcon_core.event_handler.log_command:Invoking command in '/home/marino-lc/ROS2dev/tesisx3_plus/build/omni_description': CMAKE_PREFIX_PATH=${CMAKE_PREFIX_PATH}:/opt/ros/jazzy DEBUGINFOD_URLS=https://debuginfod.ubuntu.com /usr/bin/cmake --install /home/marino-lc/ROS2dev/tesisx3_plus/build/omni_description
[1.892s] Level 1:colcon.colcon_core.environment:create_environment_scripts_only(omni_dofbot_description)
[1.892s] DEBUG:colcon.colcon_core.event_handler.log_command:Invoked command in '/home/marino-lc/ROS2dev/tesisx3_plus/build/omni_dofbot_description' returned '0': CMAKE_PREFIX_PATH=${CMAKE_PREFIX_PATH}:/opt/ros/jazzy DEBUGINFOD_URLS=https://debuginfod.ubuntu.com /usr/bin/cmake --install /home/marino-lc/ROS2dev/tesisx3_plus/build/omni_dofbot_description
[1.908s] Level 1:colcon.colcon_core.environment:checking '/home/marino-lc/ROS2dev/tesisx3_plus/install/omni_dofbot_description' for CMake module files
[1.908s] Level 1:colcon.colcon_core.environment:checking '/home/marino-lc/ROS2dev/tesisx3_plus/install/omni_dofbot_description' for CMake config files
[1.909s] Level 1:colcon.colcon_core.shell:create_environment_hook('omni_dofbot_description', 'cmake_prefix_path')
[1.909s] INFO:colcon.colcon_core.shell:Creating environment hook '/home/marino-lc/ROS2dev/tesisx3_plus/install/omni_dofbot_description/share/omni_dofbot_description/hook/cmake_prefix_path.ps1'
[1.911s] INFO:colcon.colcon_core.shell:Creating environment descriptor '/home/marino-lc/ROS2dev/tesisx3_plus/install/omni_dofbot_description/share/omni_dofbot_description/hook/cmake_prefix_path.dsv'
[1.912s] INFO:colcon.colcon_core.shell:Creating environment hook '/home/marino-lc/ROS2dev/tesisx3_plus/install/omni_dofbot_description/share/omni_dofbot_description/hook/cmake_prefix_path.sh'
[1.914s] Level 1:colcon.colcon_core.environment:checking '/home/marino-lc/ROS2dev/tesisx3_plus/install/omni_dofbot_description/bin'
[1.914s] Level 1:colcon.colcon_core.environment:checking '/home/marino-lc/ROS2dev/tesisx3_plus/install/omni_dofbot_description/lib/pkgconfig/omni_dofbot_description.pc'
[1.914s] Level 1:colcon.colcon_core.environment:checking '/home/marino-lc/ROS2dev/tesisx3_plus/install/omni_dofbot_description/lib/python3.12/site-packages'
[1.915s] Level 1:colcon.colcon_core.environment:checking '/home/marino-lc/ROS2dev/tesisx3_plus/install/omni_dofbot_description/bin'
[1.915s] INFO:colcon.colcon_core.shell:Creating package script '/home/marino-lc/ROS2dev/tesisx3_plus/install/omni_dofbot_description/share/omni_dofbot_description/package.ps1'
[1.917s] INFO:colcon.colcon_core.shell:Creating package descriptor '/home/marino-lc/ROS2dev/tesisx3_plus/install/omni_dofbot_description/share/omni_dofbot_description/package.dsv'
[1.918s] INFO:colcon.colcon_core.shell:Creating package script '/home/marino-lc/ROS2dev/tesisx3_plus/install/omni_dofbot_description/share/omni_dofbot_description/package.sh'
[1.919s] INFO:colcon.colcon_core.shell:Creating package script '/home/marino-lc/ROS2dev/tesisx3_plus/install/omni_dofbot_description/share/omni_dofbot_description/package.bash'
[1.921s] INFO:colcon.colcon_core.shell:Creating package script '/home/marino-lc/ROS2dev/tesisx3_plus/install/omni_dofbot_description/share/omni_dofbot_description/package.zsh'
[1.924s] Level 1:colcon.colcon_core.environment:create_file_with_runtime_dependencies(/home/marino-lc/ROS2dev/tesisx3_plus/install/omni_dofbot_description/share/colcon-core/packages/omni_dofbot_description)
[1.925s] Level 1:colcon.colcon_core.environment:create_environment_scripts_only(omni_dofbot_description)
[1.925s] Level 1:colcon.colcon_core.environment:checking '/home/marino-lc/ROS2dev/tesisx3_plus/install/omni_dofbot_description' for CMake module files
[1.925s] Level 1:colcon.colcon_core.environment:checking '/home/marino-lc/ROS2dev/tesisx3_plus/install/omni_dofbot_description' for CMake config files
[1.926s] Level 1:colcon.colcon_core.shell:create_environment_hook('omni_dofbot_description', 'cmake_prefix_path')
[1.926s] INFO:colcon.colcon_core.shell:Creating environment hook '/home/marino-lc/ROS2dev/tesisx3_plus/install/omni_dofbot_description/share/omni_dofbot_description/hook/cmake_prefix_path.ps1'
[1.926s] INFO:colcon.colcon_core.shell:Creating environment descriptor '/home/marino-lc/ROS2dev/tesisx3_plus/install/omni_dofbot_description/share/omni_dofbot_description/hook/cmake_prefix_path.dsv'
[1.927s] INFO:colcon.colcon_core.shell:Creating environment hook '/home/marino-lc/ROS2dev/tesisx3_plus/install/omni_dofbot_description/share/omni_dofbot_description/hook/cmake_prefix_path.sh'
[1.927s] Level 1:colcon.colcon_core.environment:checking '/home/marino-lc/ROS2dev/tesisx3_plus/install/omni_dofbot_description/bin'
[1.927s] Level 1:colcon.colcon_core.environment:checking '/home/marino-lc/ROS2dev/tesisx3_plus/install/omni_dofbot_description/lib/pkgconfig/omni_dofbot_description.pc'
[1.927s] Level 1:colcon.colcon_core.environment:checking '/home/marino-lc/ROS2dev/tesisx3_plus/install/omni_dofbot_description/lib/python3.12/site-packages'
[1.928s] Level 1:colcon.colcon_core.environment:checking '/home/marino-lc/ROS2dev/tesisx3_plus/install/omni_dofbot_description/bin'
[1.928s] INFO:colcon.colcon_core.shell:Creating package script '/home/marino-lc/ROS2dev/tesisx3_plus/install/omni_dofbot_description/share/omni_dofbot_description/package.ps1'
[1.929s] INFO:colcon.colcon_core.shell:Creating package descriptor '/home/marino-lc/ROS2dev/tesisx3_plus/install/omni_dofbot_description/share/omni_dofbot_description/package.dsv'
[1.929s] INFO:colcon.colcon_core.shell:Creating package script '/home/marino-lc/ROS2dev/tesisx3_plus/install/omni_dofbot_description/share/omni_dofbot_description/package.sh'
[1.929s] INFO:colcon.colcon_core.shell:Creating package script '/home/marino-lc/ROS2dev/tesisx3_plus/install/omni_dofbot_description/share/omni_dofbot_description/package.bash'
[1.930s] INFO:colcon.colcon_core.shell:Creating package script '/home/marino-lc/ROS2dev/tesisx3_plus/install/omni_dofbot_description/share/omni_dofbot_description/package.zsh'
[1.930s] Level 1:colcon.colcon_core.environment:create_file_with_runtime_dependencies(/home/marino-lc/ROS2dev/tesisx3_plus/install/omni_dofbot_description/share/colcon-core/packages/omni_dofbot_description)
[1.932s] Level 1:colcon.colcon_core.environment:create_environment_scripts_only(dofbot_description)
[1.932s] Level 1:colcon.colcon_core.environment:checking '/home/marino-lc/ROS2dev/tesisx3_plus/install/dofbot_description' for CMake module files
[1.932s] DEBUG:colcon.colcon_core.event_handler.log_command:Invoked command in '/home/marino-lc/ROS2dev/tesisx3_plus/build/dofbot_description' returned '0': CMAKE_PREFIX_PATH=${CMAKE_PREFIX_PATH}:/opt/ros/jazzy DEBUGINFOD_URLS=https://debuginfod.ubuntu.com /usr/bin/cmake --install /home/marino-lc/ROS2dev/tesisx3_plus/build/dofbot_description
[1.933s] Level 1:colcon.colcon_core.environment:checking '/home/marino-lc/ROS2dev/tesisx3_plus/install/dofbot_description' for CMake config files
[1.933s] Level 1:colcon.colcon_core.shell:create_environment_hook('dofbot_description', 'cmake_prefix_path')
[1.933s] INFO:colcon.colcon_core.shell:Creating environment hook '/home/marino-lc/ROS2dev/tesisx3_plus/install/dofbot_description/share/dofbot_description/hook/cmake_prefix_path.ps1'
[1.934s] INFO:colcon.colcon_core.shell:Creating environment descriptor '/home/marino-lc/ROS2dev/tesisx3_plus/install/dofbot_description/share/dofbot_description/hook/cmake_prefix_path.dsv'
[1.934s] INFO:colcon.colcon_core.shell:Creating environment hook '/home/marino-lc/ROS2dev/tesisx3_plus/install/dofbot_description/share/dofbot_description/hook/cmake_prefix_path.sh'
[1.935s] Level 1:colcon.colcon_core.environment:checking '/home/marino-lc/ROS2dev/tesisx3_plus/install/dofbot_description/bin'
[1.935s] Level 1:colcon.colcon_core.environment:checking '/home/marino-lc/ROS2dev/tesisx3_plus/install/dofbot_description/lib/pkgconfig/dofbot_description.pc'
[1.936s] Level 1:colcon.colcon_core.environment:checking '/home/marino-lc/ROS2dev/tesisx3_plus/install/dofbot_description/lib/python3.12/site-packages'
[1.936s] Level 1:colcon.colcon_core.environment:checking '/home/marino-lc/ROS2dev/tesisx3_plus/install/dofbot_description/bin'
[1.936s] INFO:colcon.colcon_core.shell:Creating package script '/home/marino-lc/ROS2dev/tesisx3_plus/install/dofbot_description/share/dofbot_description/package.ps1'
[1.936s] INFO:colcon.colcon_core.shell:Creating package descriptor '/home/marino-lc/ROS2dev/tesisx3_plus/install/dofbot_description/share/dofbot_description/package.dsv'
[1.937s] INFO:colcon.colcon_core.shell:Creating package script '/home/marino-lc/ROS2dev/tesisx3_plus/install/dofbot_description/share/dofbot_description/package.sh'
[1.937s] INFO:colcon.colcon_core.shell:Creating package script '/home/marino-lc/ROS2dev/tesisx3_plus/install/dofbot_description/share/dofbot_description/package.bash'
[1.937s] INFO:colcon.colcon_core.shell:Creating package script '/home/marino-lc/ROS2dev/tesisx3_plus/install/dofbot_description/share/dofbot_description/package.zsh'
[1.937s] Level 1:colcon.colcon_core.environment:create_file_with_runtime_dependencies(/home/marino-lc/ROS2dev/tesisx3_plus/install/dofbot_description/share/colcon-core/packages/dofbot_description)
[1.938s] Level 1:colcon.colcon_core.environment:create_environment_scripts_only(dofbot_description)
[1.938s] Level 1:colcon.colcon_core.environment:checking '/home/marino-lc/ROS2dev/tesisx3_plus/install/dofbot_description' for CMake module files
[1.938s] Level 1:colcon.colcon_core.environment:checking '/home/marino-lc/ROS2dev/tesisx3_plus/install/dofbot_description' for CMake config files
[1.938s] Level 1:colcon.colcon_core.shell:create_environment_hook('dofbot_description', 'cmake_prefix_path')
[1.938s] INFO:colcon.colcon_core.shell:Creating environment hook '/home/marino-lc/ROS2dev/tesisx3_plus/install/dofbot_description/share/dofbot_description/hook/cmake_prefix_path.ps1'
[1.938s] INFO:colcon.colcon_core.shell:Creating environment descriptor '/home/marino-lc/ROS2dev/tesisx3_plus/install/dofbot_description/share/dofbot_description/hook/cmake_prefix_path.dsv'
[1.939s] INFO:colcon.colcon_core.shell:Creating environment hook '/home/marino-lc/ROS2dev/tesisx3_plus/install/dofbot_description/share/dofbot_description/hook/cmake_prefix_path.sh'
[1.939s] Level 1:colcon.colcon_core.environment:checking '/home/marino-lc/ROS2dev/tesisx3_plus/install/dofbot_description/bin'
[1.939s] Level 1:colcon.colcon_core.environment:checking '/home/marino-lc/ROS2dev/tesisx3_plus/install/dofbot_description/lib/pkgconfig/dofbot_description.pc'
[1.939s] Level 1:colcon.colcon_core.environment:checking '/home/marino-lc/ROS2dev/tesisx3_plus/install/dofbot_description/lib/python3.12/site-packages'
[1.940s] Level 1:colcon.colcon_core.environment:checking '/home/marino-lc/ROS2dev/tesisx3_plus/install/dofbot_description/bin'
[1.940s] INFO:colcon.colcon_core.shell:Creating package script '/home/marino-lc/ROS2dev/tesisx3_plus/install/dofbot_description/share/dofbot_description/package.ps1'
[1.940s] INFO:colcon.colcon_core.shell:Creating package descriptor '/home/marino-lc/ROS2dev/tesisx3_plus/install/dofbot_description/share/dofbot_description/package.dsv'
[1.940s] INFO:colcon.colcon_core.shell:Creating package script '/home/marino-lc/ROS2dev/tesisx3_plus/install/dofbot_description/share/dofbot_description/package.sh'
[1.941s] INFO:colcon.colcon_core.shell:Creating package script '/home/marino-lc/ROS2dev/tesisx3_plus/install/dofbot_description/share/dofbot_description/package.bash'
[1.941s] INFO:colcon.colcon_core.shell:Creating package script '/home/marino-lc/ROS2dev/tesisx3_plus/install/dofbot_description/share/dofbot_description/package.zsh'
[1.941s] Level 1:colcon.colcon_core.environment:create_file_with_runtime_dependencies(/home/marino-lc/ROS2dev/tesisx3_plus/install/dofbot_description/share/colcon-core/packages/dofbot_description)
[1.941s] Level 1:colcon.colcon_core.environment:create_environment_scripts_only(omni_description)
[1.941s] Level 1:colcon.colcon_core.environment:checking '/home/marino-lc/ROS2dev/tesisx3_plus/install/omni_description' for CMake module files
[1.942s] DEBUG:colcon.colcon_core.event_handler.log_command:Invoked command in '/home/marino-lc/ROS2dev/tesisx3_plus/build/omni_description' returned '0': CMAKE_PREFIX_PATH=${CMAKE_PREFIX_PATH}:/opt/ros/jazzy DEBUGINFOD_URLS=https://debuginfod.ubuntu.com /usr/bin/cmake --install /home/marino-lc/ROS2dev/tesisx3_plus/build/omni_description
[1.942s] Level 1:colcon.colcon_core.environment:checking '/home/marino-lc/ROS2dev/tesisx3_plus/install/omni_description' for CMake config files
[1.943s] Level 1:colcon.colcon_core.shell:create_environment_hook('omni_description', 'cmake_prefix_path')
[1.943s] INFO:colcon.colcon_core.shell:Creating environment hook '/home/marino-lc/ROS2dev/tesisx3_plus/install/omni_description/share/omni_description/hook/cmake_prefix_path.ps1'
[1.943s] INFO:colcon.colcon_core.shell:Creating environment descriptor '/home/marino-lc/ROS2dev/tesisx3_plus/install/omni_description/share/omni_description/hook/cmake_prefix_path.dsv'
[1.943s] INFO:colcon.colcon_core.shell:Creating environment hook '/home/marino-lc/ROS2dev/tesisx3_plus/install/omni_description/share/omni_description/hook/cmake_prefix_path.sh'
[1.944s] Level 1:colcon.colcon_core.environment:checking '/home/marino-lc/ROS2dev/tesisx3_plus/install/omni_description/bin'
[1.944s] Level 1:colcon.colcon_core.environment:checking '/home/marino-lc/ROS2dev/tesisx3_plus/install/omni_description/lib/pkgconfig/omni_description.pc'
[1.944s] Level 1:colcon.colcon_core.environment:checking '/home/marino-lc/ROS2dev/tesisx3_plus/install/omni_description/lib/python3.12/site-packages'
[1.944s] Level 1:colcon.colcon_core.environment:checking '/home/marino-lc/ROS2dev/tesisx3_plus/install/omni_description/bin'
[1.944s] INFO:colcon.colcon_core.shell:Creating package script '/home/marino-lc/ROS2dev/tesisx3_plus/install/omni_description/share/omni_description/package.ps1'
[1.945s] INFO:colcon.colcon_core.shell:Creating package descriptor '/home/marino-lc/ROS2dev/tesisx3_plus/install/omni_description/share/omni_description/package.dsv'
[1.945s] INFO:colcon.colcon_core.shell:Creating package script '/home/marino-lc/ROS2dev/tesisx3_plus/install/omni_description/share/omni_description/package.sh'
[1.945s] INFO:colcon.colcon_core.shell:Creating package script '/home/marino-lc/ROS2dev/tesisx3_plus/install/omni_description/share/omni_description/package.bash'
[1.945s] INFO:colcon.colcon_core.shell:Creating package script '/home/marino-lc/ROS2dev/tesisx3_plus/install/omni_description/share/omni_description/package.zsh'
[1.946s] Level 1:colcon.colcon_core.environment:create_file_with_runtime_dependencies(/home/marino-lc/ROS2dev/tesisx3_plus/install/omni_description/share/colcon-core/packages/omni_description)
[1.946s] Level 1:colcon.colcon_core.environment:create_environment_scripts_only(omni_description)
[1.946s] Level 1:colcon.colcon_core.environment:checking '/home/marino-lc/ROS2dev/tesisx3_plus/install/omni_description' for CMake module files
[1.946s] Level 1:colcon.colcon_core.environment:checking '/home/marino-lc/ROS2dev/tesisx3_plus/install/omni_description' for CMake config files
[1.947s] Level 1:colcon.colcon_core.shell:create_environment_hook('omni_description', 'cmake_prefix_path')
[1.947s] INFO:colcon.colcon_core.shell:Creating environment hook '/home/marino-lc/ROS2dev/tesisx3_plus/install/omni_description/share/omni_description/hook/cmake_prefix_path.ps1'
[1.947s] INFO:colcon.colcon_core.shell:Creating environment descriptor '/home/marino-lc/ROS2dev/tesisx3_plus/install/omni_description/share/omni_description/hook/cmake_prefix_path.dsv'
[1.947s] INFO:colcon.colcon_core.shell:Creating environment hook '/home/marino-lc/ROS2dev/tesisx3_plus/install/omni_description/share/omni_description/hook/cmake_prefix_path.sh'
[1.948s] Level 1:colcon.colcon_core.environment:checking '/home/marino-lc/ROS2dev/tesisx3_plus/install/omni_description/bin'
[1.948s] Level 1:colcon.colcon_core.environment:checking '/home/marino-lc/ROS2dev/tesisx3_plus/install/omni_description/lib/pkgconfig/omni_description.pc'
[1.948s] Level 1:colcon.colcon_core.environment:checking '/home/marino-lc/ROS2dev/tesisx3_plus/install/omni_description/lib/python3.12/site-packages'
[1.948s] Level 1:colcon.colcon_core.environment:checking '/home/marino-lc/ROS2dev/tesisx3_plus/install/omni_description/bin'
[1.948s] INFO:colcon.colcon_core.shell:Creating package script '/home/marino-lc/ROS2dev/tesisx3_plus/install/omni_description/share/omni_description/package.ps1'
[1.949s] INFO:colcon.colcon_core.shell:Creating package descriptor '/home/marino-lc/ROS2dev/tesisx3_plus/install/omni_description/share/omni_description/package.dsv'
[1.949s] INFO:colcon.colcon_core.shell:Creating package script '/home/marino-lc/ROS2dev/tesisx3_plus/install/omni_description/share/omni_description/package.sh'
[1.949s] INFO:colcon.colcon_core.shell:Creating package script '/home/marino-lc/ROS2dev/tesisx3_plus/install/omni_description/share/omni_description/package.bash'
[1.949s] INFO:colcon.colcon_core.shell:Creating package script '/home/marino-lc/ROS2dev/tesisx3_plus/install/omni_description/share/omni_description/package.zsh'
[1.950s] Level 1:colcon.colcon_core.environment:create_file_with_runtime_dependencies(/home/marino-lc/ROS2dev/tesisx3_plus/install/omni_description/share/colcon-core/packages/omni_description)
[2.301s] DEBUG:colcon.colcon_core.event_handler.log_command:Invoked command in '/home/marino-lc/ROS2dev/tesisx3_plus/build/omni_dofbot_bringup' returned '0': CMAKE_PREFIX_PATH=${CMAKE_PREFIX_PATH}:/opt/ros/jazzy DEBUGINFOD_URLS=https://debuginfod.ubuntu.com /usr/bin/cmake --build /home/marino-lc/ROS2dev/tesisx3_plus/build/omni_dofbot_bringup -- -j12 -l12
[2.366s] DEBUG:colcon.colcon_core.event_handler.log_command:Invoking command in '/home/marino-lc/ROS2dev/tesisx3_plus/build/omni_dofbot_bringup': CMAKE_PREFIX_PATH=${CMAKE_PREFIX_PATH}:/opt/ros/jazzy DEBUGINFOD_URLS=https://debuginfod.ubuntu.com /usr/bin/cmake --install /home/marino-lc/ROS2dev/tesisx3_plus/build/omni_dofbot_bringup
[2.367s] DEBUG:colcon.colcon_core.event_handler.log_command:Invoked command in '/home/marino-lc/ROS2dev/tesisx3_plus/build/omni_bringup' returned '0': CMAKE_PREFIX_PATH=${CMAKE_PREFIX_PATH}:/opt/ros/jazzy DEBUGINFOD_URLS=https://debuginfod.ubuntu.com /usr/bin/cmake --build /home/marino-lc/ROS2dev/tesisx3_plus/build/omni_bringup -- -j12 -l12
[2.373s] DEBUG:colcon.colcon_core.event_handler.log_command:Invoking command in '/home/marino-lc/ROS2dev/tesisx3_plus/build/omni_bringup': CMAKE_PREFIX_PATH=${CMAKE_PREFIX_PATH}:/opt/ros/jazzy DEBUGINFOD_URLS=https://debuginfod.ubuntu.com /usr/bin/cmake --install /home/marino-lc/ROS2dev/tesisx3_plus/build/omni_bringup
[2.373s] DEBUG:colcon.colcon_core.event_handler.log_command:Invoked command in '/home/marino-lc/ROS2dev/tesisx3_plus/build/dofbot_bringup' returned '0': CMAKE_PREFIX_PATH=${CMAKE_PREFIX_PATH}:/opt/ros/jazzy DEBUGINFOD_URLS=https://debuginfod.ubuntu.com /usr/bin/cmake --build /home/marino-lc/ROS2dev/tesisx3_plus/build/dofbot_bringup -- -j12 -l12
[2.383s] DEBUG:colcon.colcon_core.event_handler.log_command:Invoking command in '/home/marino-lc/ROS2dev/tesisx3_plus/build/dofbot_bringup': CMAKE_PREFIX_PATH=${CMAKE_PREFIX_PATH}:/opt/ros/jazzy DEBUGINFOD_URLS=https://debuginfod.ubuntu.com /usr/bin/cmake --install /home/marino-lc/ROS2dev/tesisx3_plus/build/dofbot_bringup
[2.433s] Level 1:colcon.colcon_core.environment:create_environment_scripts_only(omni_bringup)
[2.434s] Level 1:colcon.colcon_core.environment:checking '/home/marino-lc/ROS2dev/tesisx3_plus/install/omni_bringup' for CMake module files
[2.434s] DEBUG:colcon.colcon_core.event_handler.log_command:Invoked command in '/home/marino-lc/ROS2dev/tesisx3_plus/build/omni_bringup' returned '0': CMAKE_PREFIX_PATH=${CMAKE_PREFIX_PATH}:/opt/ros/jazzy DEBUGINFOD_URLS=https://debuginfod.ubuntu.com /usr/bin/cmake --install /home/marino-lc/ROS2dev/tesisx3_plus/build/omni_bringup
[2.435s] Level 1:colcon.colcon_core.environment:checking '/home/marino-lc/ROS2dev/tesisx3_plus/install/omni_bringup' for CMake config files
[2.435s] Level 1:colcon.colcon_core.shell:create_environment_hook('omni_bringup', 'cmake_prefix_path')
[2.435s] INFO:colcon.colcon_core.shell:Creating environment hook '/home/marino-lc/ROS2dev/tesisx3_plus/install/omni_bringup/share/omni_bringup/hook/cmake_prefix_path.ps1'
[2.435s] INFO:colcon.colcon_core.shell:Creating environment descriptor '/home/marino-lc/ROS2dev/tesisx3_plus/install/omni_bringup/share/omni_bringup/hook/cmake_prefix_path.dsv'
[2.436s] INFO:colcon.colcon_core.shell:Creating environment hook '/home/marino-lc/ROS2dev/tesisx3_plus/install/omni_bringup/share/omni_bringup/hook/cmake_prefix_path.sh'
[2.436s] Level 1:colcon.colcon_core.environment:checking '/home/marino-lc/ROS2dev/tesisx3_plus/install/omni_bringup/lib'
[2.436s] Level 1:colcon.colcon_core.environment:checking '/home/marino-lc/ROS2dev/tesisx3_plus/install/omni_bringup/bin'
[2.436s] Level 1:colcon.colcon_core.environment:checking '/home/marino-lc/ROS2dev/tesisx3_plus/install/omni_bringup/lib/pkgconfig/omni_bringup.pc'
[2.436s] Level 1:colcon.colcon_core.environment:checking '/home/marino-lc/ROS2dev/tesisx3_plus/install/omni_bringup/lib/python3.12/site-packages'
[2.436s] Level 1:colcon.colcon_core.shell:create_environment_hook('omni_bringup', 'pythonpath')
[2.437s] INFO:colcon.colcon_core.shell:Creating environment hook '/home/marino-lc/ROS2dev/tesisx3_plus/install/omni_bringup/share/omni_bringup/hook/pythonpath.ps1'
[2.437s] INFO:colcon.colcon_core.shell:Creating environment descriptor '/home/marino-lc/ROS2dev/tesisx3_plus/install/omni_bringup/share/omni_bringup/hook/pythonpath.dsv'
[2.437s] INFO:colcon.colcon_core.shell:Creating environment hook '/home/marino-lc/ROS2dev/tesisx3_plus/install/omni_bringup/share/omni_bringup/hook/pythonpath.sh'
[2.437s] Level 1:colcon.colcon_core.environment:checking '/home/marino-lc/ROS2dev/tesisx3_plus/install/omni_bringup/bin'
[2.437s] INFO:colcon.colcon_core.shell:Creating package script '/home/marino-lc/ROS2dev/tesisx3_plus/install/omni_bringup/share/omni_bringup/package.ps1'
[2.438s] INFO:colcon.colcon_core.shell:Creating package descriptor '/home/marino-lc/ROS2dev/tesisx3_plus/install/omni_bringup/share/omni_bringup/package.dsv'
[2.438s] INFO:colcon.colcon_core.shell:Creating package script '/home/marino-lc/ROS2dev/tesisx3_plus/install/omni_bringup/share/omni_bringup/package.sh'
[2.438s] INFO:colcon.colcon_core.shell:Creating package script '/home/marino-lc/ROS2dev/tesisx3_plus/install/omni_bringup/share/omni_bringup/package.bash'
[2.439s] INFO:colcon.colcon_core.shell:Creating package script '/home/marino-lc/ROS2dev/tesisx3_plus/install/omni_bringup/share/omni_bringup/package.zsh'
[2.439s] Level 1:colcon.colcon_core.environment:create_file_with_runtime_dependencies(/home/marino-lc/ROS2dev/tesisx3_plus/install/omni_bringup/share/colcon-core/packages/omni_bringup)
[2.439s] Level 1:colcon.colcon_core.environment:create_environment_scripts_only(omni_bringup)
[2.439s] Level 1:colcon.colcon_core.environment:checking '/home/marino-lc/ROS2dev/tesisx3_plus/install/omni_bringup' for CMake module files
[2.439s] Level 1:colcon.colcon_core.environment:checking '/home/marino-lc/ROS2dev/tesisx3_plus/install/omni_bringup' for CMake config files
[2.440s] Level 1:colcon.colcon_core.shell:create_environment_hook('omni_bringup', 'cmake_prefix_path')
[2.440s] INFO:colcon.colcon_core.shell:Creating environment hook '/home/marino-lc/ROS2dev/tesisx3_plus/install/omni_bringup/share/omni_bringup/hook/cmake_prefix_path.ps1'
[2.440s] INFO:colcon.colcon_core.shell:Creating environment descriptor '/home/marino-lc/ROS2dev/tesisx3_plus/install/omni_bringup/share/omni_bringup/hook/cmake_prefix_path.dsv'
[2.440s] INFO:colcon.colcon_core.shell:Creating environment hook '/home/marino-lc/ROS2dev/tesisx3_plus/install/omni_bringup/share/omni_bringup/hook/cmake_prefix_path.sh'
[2.440s] Level 1:colcon.colcon_core.environment:checking '/home/marino-lc/ROS2dev/tesisx3_plus/install/omni_bringup/lib'
[2.440s] Level 1:colcon.colcon_core.environment:checking '/home/marino-lc/ROS2dev/tesisx3_plus/install/omni_bringup/bin'
[2.440s] Level 1:colcon.colcon_core.environment:checking '/home/marino-lc/ROS2dev/tesisx3_plus/install/omni_bringup/lib/pkgconfig/omni_bringup.pc'
[2.440s] Level 1:colcon.colcon_core.environment:checking '/home/marino-lc/ROS2dev/tesisx3_plus/install/omni_bringup/lib/python3.12/site-packages'
[2.441s] Level 1:colcon.colcon_core.shell:create_environment_hook('omni_bringup', 'pythonpath')
[2.441s] INFO:colcon.colcon_core.shell:Creating environment hook '/home/marino-lc/ROS2dev/tesisx3_plus/install/omni_bringup/share/omni_bringup/hook/pythonpath.ps1'
[2.441s] INFO:colcon.colcon_core.shell:Creating environment descriptor '/home/marino-lc/ROS2dev/tesisx3_plus/install/omni_bringup/share/omni_bringup/hook/pythonpath.dsv'
[2.441s] INFO:colcon.colcon_core.shell:Creating environment hook '/home/marino-lc/ROS2dev/tesisx3_plus/install/omni_bringup/share/omni_bringup/hook/pythonpath.sh'
[2.441s] Level 1:colcon.colcon_core.environment:checking '/home/marino-lc/ROS2dev/tesisx3_plus/install/omni_bringup/bin'
[2.441s] INFO:colcon.colcon_core.shell:Creating package script '/home/marino-lc/ROS2dev/tesisx3_plus/install/omni_bringup/share/omni_bringup/package.ps1'
[2.442s] INFO:colcon.colcon_core.shell:Creating package descriptor '/home/marino-lc/ROS2dev/tesisx3_plus/install/omni_bringup/share/omni_bringup/package.dsv'
[2.442s] INFO:colcon.colcon_core.shell:Creating package script '/home/marino-lc/ROS2dev/tesisx3_plus/install/omni_bringup/share/omni_bringup/package.sh'
[2.442s] INFO:colcon.colcon_core.shell:Creating package script '/home/marino-lc/ROS2dev/tesisx3_plus/install/omni_bringup/share/omni_bringup/package.bash'
[2.443s] INFO:colcon.colcon_core.shell:Creating package script '/home/marino-lc/ROS2dev/tesisx3_plus/install/omni_bringup/share/omni_bringup/package.zsh'
[2.443s] Level 1:colcon.colcon_core.environment:create_file_with_runtime_dependencies(/home/marino-lc/ROS2dev/tesisx3_plus/install/omni_bringup/share/colcon-core/packages/omni_bringup)
[2.443s] Level 1:colcon.colcon_core.environment:create_environment_scripts_only(omni_dofbot_bringup)
[2.444s] Level 1:colcon.colcon_core.environment:checking '/home/marino-lc/ROS2dev/tesisx3_plus/install/omni_dofbot_bringup' for CMake module files
[2.444s] DEBUG:colcon.colcon_core.event_handler.log_command:Invoked command in '/home/marino-lc/ROS2dev/tesisx3_plus/build/omni_dofbot_bringup' returned '0': CMAKE_PREFIX_PATH=${CMAKE_PREFIX_PATH}:/opt/ros/jazzy DEBUGINFOD_URLS=https://debuginfod.ubuntu.com /usr/bin/cmake --install /home/marino-lc/ROS2dev/tesisx3_plus/build/omni_dofbot_bringup
[2.444s] Level 1:colcon.colcon_core.environment:checking '/home/marino-lc/ROS2dev/tesisx3_plus/install/omni_dofbot_bringup' for CMake config files
[2.445s] Level 1:colcon.colcon_core.shell:create_environment_hook('omni_dofbot_bringup', 'cmake_prefix_path')
[2.445s] INFO:colcon.colcon_core.shell:Creating environment hook '/home/marino-lc/ROS2dev/tesisx3_plus/install/omni_dofbot_bringup/share/omni_dofbot_bringup/hook/cmake_prefix_path.ps1'
[2.445s] INFO:colcon.colcon_core.shell:Creating environment descriptor '/home/marino-lc/ROS2dev/tesisx3_plus/install/omni_dofbot_bringup/share/omni_dofbot_bringup/hook/cmake_prefix_path.dsv'
[2.445s] INFO:colcon.colcon_core.shell:Creating environment hook '/home/marino-lc/ROS2dev/tesisx3_plus/install/omni_dofbot_bringup/share/omni_dofbot_bringup/hook/cmake_prefix_path.sh'
[2.446s] Level 1:colcon.colcon_core.environment:checking '/home/marino-lc/ROS2dev/tesisx3_plus/install/omni_dofbot_bringup/lib'
[2.446s] Level 1:colcon.colcon_core.environment:checking '/home/marino-lc/ROS2dev/tesisx3_plus/install/omni_dofbot_bringup/bin'
[2.446s] Level 1:colcon.colcon_core.environment:checking '/home/marino-lc/ROS2dev/tesisx3_plus/install/omni_dofbot_bringup/lib/pkgconfig/omni_dofbot_bringup.pc'
[2.446s] Level 1:colcon.colcon_core.environment:checking '/home/marino-lc/ROS2dev/tesisx3_plus/install/omni_dofbot_bringup/lib/python3.12/site-packages'
[2.446s] Level 1:colcon.colcon_core.shell:create_environment_hook('omni_dofbot_bringup', 'pythonpath')
[2.446s] INFO:colcon.colcon_core.shell:Creating environment hook '/home/marino-lc/ROS2dev/tesisx3_plus/install/omni_dofbot_bringup/share/omni_dofbot_bringup/hook/pythonpath.ps1'
[2.448s] INFO:colcon.colcon_core.shell:Creating environment descriptor '/home/marino-lc/ROS2dev/tesisx3_plus/install/omni_dofbot_bringup/share/omni_dofbot_bringup/hook/pythonpath.dsv'
[2.449s] INFO:colcon.colcon_core.shell:Creating environment hook '/home/marino-lc/ROS2dev/tesisx3_plus/install/omni_dofbot_bringup/share/omni_dofbot_bringup/hook/pythonpath.sh'
[2.449s] Level 1:colcon.colcon_core.environment:checking '/home/marino-lc/ROS2dev/tesisx3_plus/install/omni_dofbot_bringup/bin'
[2.449s] INFO:colcon.colcon_core.shell:Creating package script '/home/marino-lc/ROS2dev/tesisx3_plus/install/omni_dofbot_bringup/share/omni_dofbot_bringup/package.ps1'
[2.450s] INFO:colcon.colcon_core.shell:Creating package descriptor '/home/marino-lc/ROS2dev/tesisx3_plus/install/omni_dofbot_bringup/share/omni_dofbot_bringup/package.dsv'
[2.450s] INFO:colcon.colcon_core.shell:Creating package script '/home/marino-lc/ROS2dev/tesisx3_plus/install/omni_dofbot_bringup/share/omni_dofbot_bringup/package.sh'
[2.450s] INFO:colcon.colcon_core.shell:Creating package script '/home/marino-lc/ROS2dev/tesisx3_plus/install/omni_dofbot_bringup/share/omni_dofbot_bringup/package.bash'
[2.450s] INFO:colcon.colcon_core.shell:Creating package script '/home/marino-lc/ROS2dev/tesisx3_plus/install/omni_dofbot_bringup/share/omni_dofbot_bringup/package.zsh'
[2.450s] Level 1:colcon.colcon_core.environment:create_file_with_runtime_dependencies(/home/marino-lc/ROS2dev/tesisx3_plus/install/omni_dofbot_bringup/share/colcon-core/packages/omni_dofbot_bringup)
[2.451s] Level 1:colcon.colcon_core.environment:create_environment_scripts_only(omni_dofbot_bringup)
[2.451s] Level 1:colcon.colcon_core.environment:checking '/home/marino-lc/ROS2dev/tesisx3_plus/install/omni_dofbot_bringup' for CMake module files
[2.451s] Level 1:colcon.colcon_core.environment:checking '/home/marino-lc/ROS2dev/tesisx3_plus/install/omni_dofbot_bringup' for CMake config files
[2.451s] Level 1:colcon.colcon_core.shell:create_environment_hook('omni_dofbot_bringup', 'cmake_prefix_path')
[2.451s] INFO:colcon.colcon_core.shell:Creating environment hook '/home/marino-lc/ROS2dev/tesisx3_plus/install/omni_dofbot_bringup/share/omni_dofbot_bringup/hook/cmake_prefix_path.ps1'
[2.452s] INFO:colcon.colcon_core.shell:Creating environment descriptor '/home/marino-lc/ROS2dev/tesisx3_plus/install/omni_dofbot_bringup/share/omni_dofbot_bringup/hook/cmake_prefix_path.dsv'
[2.452s] INFO:colcon.colcon_core.shell:Creating environment hook '/home/marino-lc/ROS2dev/tesisx3_plus/install/omni_dofbot_bringup/share/omni_dofbot_bringup/hook/cmake_prefix_path.sh'
[2.452s] Level 1:colcon.colcon_core.environment:checking '/home/marino-lc/ROS2dev/tesisx3_plus/install/omni_dofbot_bringup/lib'
[2.452s] Level 1:colcon.colcon_core.environment:checking '/home/marino-lc/ROS2dev/tesisx3_plus/install/omni_dofbot_bringup/bin'
[2.452s] Level 1:colcon.colcon_core.environment:checking '/home/marino-lc/ROS2dev/tesisx3_plus/install/omni_dofbot_bringup/lib/pkgconfig/omni_dofbot_bringup.pc'
[2.452s] Level 1:colcon.colcon_core.environment:checking '/home/marino-lc/ROS2dev/tesisx3_plus/install/omni_dofbot_bringup/lib/python3.12/site-packages'
[2.452s] Level 1:colcon.colcon_core.shell:create_environment_hook('omni_dofbot_bringup', 'pythonpath')
[2.452s] INFO:colcon.colcon_core.shell:Creating environment hook '/home/marino-lc/ROS2dev/tesisx3_plus/install/omni_dofbot_bringup/share/omni_dofbot_bringup/hook/pythonpath.ps1'
[2.453s] INFO:colcon.colcon_core.shell:Creating environment descriptor '/home/marino-lc/ROS2dev/tesisx3_plus/install/omni_dofbot_bringup/share/omni_dofbot_bringup/hook/pythonpath.dsv'
[2.453s] INFO:colcon.colcon_core.shell:Creating environment hook '/home/marino-lc/ROS2dev/tesisx3_plus/install/omni_dofbot_bringup/share/omni_dofbot_bringup/hook/pythonpath.sh'
[2.453s] Level 1:colcon.colcon_core.environment:checking '/home/marino-lc/ROS2dev/tesisx3_plus/install/omni_dofbot_bringup/bin'
[2.453s] INFO:colcon.colcon_core.shell:Creating package script '/home/marino-lc/ROS2dev/tesisx3_plus/install/omni_dofbot_bringup/share/omni_dofbot_bringup/package.ps1'
[2.454s] INFO:colcon.colcon_core.shell:Creating package descriptor '/home/marino-lc/ROS2dev/tesisx3_plus/install/omni_dofbot_bringup/share/omni_dofbot_bringup/package.dsv'
[2.454s] INFO:colcon.colcon_core.shell:Creating package script '/home/marino-lc/ROS2dev/tesisx3_plus/install/omni_dofbot_bringup/share/omni_dofbot_bringup/package.sh'
[2.455s] INFO:colcon.colcon_core.shell:Creating package script '/home/marino-lc/ROS2dev/tesisx3_plus/install/omni_dofbot_bringup/share/omni_dofbot_bringup/package.bash'
[2.455s] INFO:colcon.colcon_core.shell:Creating package script '/home/marino-lc/ROS2dev/tesisx3_plus/install/omni_dofbot_bringup/share/omni_dofbot_bringup/package.zsh'
[2.455s] Level 1:colcon.colcon_core.environment:create_file_with_runtime_dependencies(/home/marino-lc/ROS2dev/tesisx3_plus/install/omni_dofbot_bringup/share/colcon-core/packages/omni_dofbot_bringup)
[2.455s] Level 1:colcon.colcon_core.environment:create_environment_scripts_only(dofbot_bringup)
[2.455s] Level 1:colcon.colcon_core.environment:checking '/home/marino-lc/ROS2dev/tesisx3_plus/install/dofbot_bringup' for CMake module files
[2.456s] DEBUG:colcon.colcon_core.event_handler.log_command:Invoked command in '/home/marino-lc/ROS2dev/tesisx3_plus/build/dofbot_bringup' returned '0': CMAKE_PREFIX_PATH=${CMAKE_PREFIX_PATH}:/opt/ros/jazzy DEBUGINFOD_URLS=https://debuginfod.ubuntu.com /usr/bin/cmake --install /home/marino-lc/ROS2dev/tesisx3_plus/build/dofbot_bringup
[2.456s] Level 1:colcon.colcon_core.environment:checking '/home/marino-lc/ROS2dev/tesisx3_plus/install/dofbot_bringup' for CMake config files
[2.456s] Level 1:colcon.colcon_core.shell:create_environment_hook('dofbot_bringup', 'cmake_prefix_path')
[2.456s] INFO:colcon.colcon_core.shell:Creating environment hook '/home/marino-lc/ROS2dev/tesisx3_plus/install/dofbot_bringup/share/dofbot_bringup/hook/cmake_prefix_path.ps1'
[2.457s] INFO:colcon.colcon_core.shell:Creating environment descriptor '/home/marino-lc/ROS2dev/tesisx3_plus/install/dofbot_bringup/share/dofbot_bringup/hook/cmake_prefix_path.dsv'
[2.457s] INFO:colcon.colcon_core.shell:Creating environment hook '/home/marino-lc/ROS2dev/tesisx3_plus/install/dofbot_bringup/share/dofbot_bringup/hook/cmake_prefix_path.sh'
[2.457s] Level 1:colcon.colcon_core.environment:checking '/home/marino-lc/ROS2dev/tesisx3_plus/install/dofbot_bringup/lib'
[2.457s] Level 1:colcon.colcon_core.environment:checking '/home/marino-lc/ROS2dev/tesisx3_plus/install/dofbot_bringup/bin'
[2.457s] Level 1:colcon.colcon_core.environment:checking '/home/marino-lc/ROS2dev/tesisx3_plus/install/dofbot_bringup/lib/pkgconfig/dofbot_bringup.pc'
[2.458s] Level 1:colcon.colcon_core.environment:checking '/home/marino-lc/ROS2dev/tesisx3_plus/install/dofbot_bringup/lib/python3.12/site-packages'
[2.458s] Level 1:colcon.colcon_core.shell:create_environment_hook('dofbot_bringup', 'pythonpath')
[2.458s] INFO:colcon.colcon_core.shell:Creating environment hook '/home/marino-lc/ROS2dev/tesisx3_plus/install/dofbot_bringup/share/dofbot_bringup/hook/pythonpath.ps1'
[2.458s] INFO:colcon.colcon_core.shell:Creating environment descriptor '/home/marino-lc/ROS2dev/tesisx3_plus/install/dofbot_bringup/share/dofbot_bringup/hook/pythonpath.dsv'
[2.458s] INFO:colcon.colcon_core.shell:Creating environment hook '/home/marino-lc/ROS2dev/tesisx3_plus/install/dofbot_bringup/share/dofbot_bringup/hook/pythonpath.sh'
[2.459s] Level 1:colcon.colcon_core.environment:checking '/home/marino-lc/ROS2dev/tesisx3_plus/install/dofbot_bringup/bin'
[2.459s] INFO:colcon.colcon_core.shell:Creating package script '/home/marino-lc/ROS2dev/tesisx3_plus/install/dofbot_bringup/share/dofbot_bringup/package.ps1'
[2.459s] INFO:colcon.colcon_core.shell:Creating package descriptor '/home/marino-lc/ROS2dev/tesisx3_plus/install/dofbot_bringup/share/dofbot_bringup/package.dsv'
[2.459s] INFO:colcon.colcon_core.shell:Creating package script '/home/marino-lc/ROS2dev/tesisx3_plus/install/dofbot_bringup/share/dofbot_bringup/package.sh'
[2.460s] INFO:colcon.colcon_core.shell:Creating package script '/home/marino-lc/ROS2dev/tesisx3_plus/install/dofbot_bringup/share/dofbot_bringup/package.bash'
[2.460s] INFO:colcon.colcon_core.shell:Creating package script '/home/marino-lc/ROS2dev/tesisx3_plus/install/dofbot_bringup/share/dofbot_bringup/package.zsh'
[2.460s] Level 1:colcon.colcon_core.environment:create_file_with_runtime_dependencies(/home/marino-lc/ROS2dev/tesisx3_plus/install/dofbot_bringup/share/colcon-core/packages/dofbot_bringup)
[2.460s] Level 1:colcon.colcon_core.environment:create_environment_scripts_only(dofbot_bringup)
[2.460s] Level 1:colcon.colcon_core.environment:checking '/home/marino-lc/ROS2dev/tesisx3_plus/install/dofbot_bringup' for CMake module files
[2.461s] Level 1:colcon.colcon_core.environment:checking '/home/marino-lc/ROS2dev/tesisx3_plus/install/dofbot_bringup' for CMake config files
[2.461s] Level 1:colcon.colcon_core.shell:create_environment_hook('dofbot_bringup', 'cmake_prefix_path')
[2.461s] INFO:colcon.colcon_core.shell:Creating environment hook '/home/marino-lc/ROS2dev/tesisx3_plus/install/dofbot_bringup/share/dofbot_bringup/hook/cmake_prefix_path.ps1'
[2.461s] INFO:colcon.colcon_core.shell:Creating environment descriptor '/home/marino-lc/ROS2dev/tesisx3_plus/install/dofbot_bringup/share/dofbot_bringup/hook/cmake_prefix_path.dsv'
[2.462s] INFO:colcon.colcon_core.shell:Creating environment hook '/home/marino-lc/ROS2dev/tesisx3_plus/install/dofbot_bringup/share/dofbot_bringup/hook/cmake_prefix_path.sh'
[2.462s] Level 1:colcon.colcon_core.environment:checking '/home/marino-lc/ROS2dev/tesisx3_plus/install/dofbot_bringup/lib'
[2.462s] Level 1:colcon.colcon_core.environment:checking '/home/marino-lc/ROS2dev/tesisx3_plus/install/dofbot_bringup/bin'
[2.462s] Level 1:colcon.colcon_core.environment:checking '/home/marino-lc/ROS2dev/tesisx3_plus/install/dofbot_bringup/lib/pkgconfig/dofbot_bringup.pc'
[2.462s] Level 1:colcon.colcon_core.environment:checking '/home/marino-lc/ROS2dev/tesisx3_plus/install/dofbot_bringup/lib/python3.12/site-packages'
[2.462s] Level 1:colcon.colcon_core.shell:create_environment_hook('dofbot_bringup', 'pythonpath')
[2.462s] INFO:colcon.colcon_core.shell:Creating environment hook '/home/marino-lc/ROS2dev/tesisx3_plus/install/dofbot_bringup/share/dofbot_bringup/hook/pythonpath.ps1'
[2.462s] INFO:colcon.colcon_core.shell:Creating environment descriptor '/home/marino-lc/ROS2dev/tesisx3_plus/install/dofbot_bringup/share/dofbot_bringup/hook/pythonpath.dsv'
[2.463s] INFO:colcon.colcon_core.shell:Creating environment hook '/home/marino-lc/ROS2dev/tesisx3_plus/install/dofbot_bringup/share/dofbot_bringup/hook/pythonpath.sh'
[2.463s] Level 1:colcon.colcon_core.environment:checking '/home/marino-lc/ROS2dev/tesisx3_plus/install/dofbot_bringup/bin'
[2.463s] INFO:colcon.colcon_core.shell:Creating package script '/home/marino-lc/ROS2dev/tesisx3_plus/install/dofbot_bringup/share/dofbot_bringup/package.ps1'
[2.463s] INFO:colcon.colcon_core.shell:Creating package descriptor '/home/marino-lc/ROS2dev/tesisx3_plus/install/dofbot_bringup/share/dofbot_bringup/package.dsv'
[2.464s] INFO:colcon.colcon_core.shell:Creating package script '/home/marino-lc/ROS2dev/tesisx3_plus/install/dofbot_bringup/share/dofbot_bringup/package.sh'
[2.464s] INFO:colcon.colcon_core.shell:Creating package script '/home/marino-lc/ROS2dev/tesisx3_plus/install/dofbot_bringup/share/dofbot_bringup/package.bash'
[2.464s] INFO:colcon.colcon_core.shell:Creating package script '/home/marino-lc/ROS2dev/tesisx3_plus/install/dofbot_bringup/share/dofbot_bringup/package.zsh'
[2.465s] Level 1:colcon.colcon_core.environment:create_file_with_runtime_dependencies(/home/marino-lc/ROS2dev/tesisx3_plus/install/dofbot_bringup/share/colcon-core/packages/dofbot_bringup)
[2.465s] DEBUG:colcon.colcon_parallel_executor.executor.parallel:closing loop
[2.465s] DEBUG:colcon.colcon_parallel_executor.executor.parallel:loop closed
[2.465s] DEBUG:colcon.colcon_parallel_executor.executor.parallel:run_until_complete finished with '0'
[2.465s] DEBUG:colcon.colcon_core.event_reactor:joining thread
[2.473s] INFO:colcon.colcon_core.plugin_system:Skipping extension 'colcon_notification.desktop_notification.terminal_notifier': Not used on non-Darwin systems
[2.473s] INFO:colcon.colcon_core.plugin_system:Skipping extension 'colcon_notification.desktop_notification.win32': Not used on non-Windows systems
[2.474s] INFO:colcon.colcon_notification.desktop_notification:Sending desktop notification using 'notify2'
[2.494s] DEBUG:colcon.colcon_core.event_reactor:joined thread
[2.495s] INFO:colcon.colcon_core.shell:Creating prefix script '/home/marino-lc/ROS2dev/tesisx3_plus/install/local_setup.ps1'
[2.571s] INFO:colcon.colcon_core.shell:Creating prefix util module '/home/marino-lc/ROS2dev/tesisx3_plus/install/_local_setup_util_ps1.py'
[2.573s] INFO:colcon.colcon_core.shell:Creating prefix chain script '/home/marino-lc/ROS2dev/tesisx3_plus/install/setup.ps1'
[2.577s] INFO:colcon.colcon_core.shell:Creating prefix script '/home/marino-lc/ROS2dev/tesisx3_plus/install/local_setup.sh'
[2.578s] INFO:colcon.colcon_core.shell:Creating prefix util module '/home/marino-lc/ROS2dev/tesisx3_plus/install/_local_setup_util_sh.py'
[2.578s] INFO:colcon.colcon_core.shell:Creating prefix chain script '/home/marino-lc/ROS2dev/tesisx3_plus/install/setup.sh'
[2.580s] INFO:colcon.colcon_core.shell:Creating prefix script '/home/marino-lc/ROS2dev/tesisx3_plus/install/local_setup.bash'
[2.581s] INFO:colcon.colcon_core.shell:Creating prefix chain script '/home/marino-lc/ROS2dev/tesisx3_plus/install/setup.bash'
[2.582s] INFO:colcon.colcon_core.shell:Creating prefix script '/home/marino-lc/ROS2dev/tesisx3_plus/install/local_setup.zsh'
[2.583s] INFO:colcon.colcon_core.shell:Creating prefix chain script '/home/marino-lc/ROS2dev/tesisx3_plus/install/setup.zsh'
