[0.126s] DEBUG:colcon:Command line arguments: ['/usr/bin/colcon', 'build']
[0.126s] DEBUG:colcon:Parsed command line arguments: Namespace(log_base=None, log_level=None, verb_name='build', build_base='build', install_base='install', merge_install=False, symlink_install=False, test_result_base=None, continue_on_error=False, executor='parallel', parallel_workers=12, event_handlers=None, ignore_user_meta=False, metas=['./colcon.meta'], base_paths=['.'], packages_ignore=None, packages_ignore_regex=None, paths=None, packages_up_to=None, packages_up_to_regex=None, packages_above=None, packages_above_and_dependencies=None, packages_above_depth=None, packages_select_by_dep=None, packages_skip_by_dep=None, packages_skip_up_to=None, packages_select_build_failed=False, packages_skip_build_finished=False, packages_select_test_failures=False, packages_skip_test_passed=False, packages_select=None, packages_skip=None, packages_select_regex=None, packages_skip_regex=None, packages_start=None, packages_end=None, allow_overriding=[], cmake_args=None, cmake_target=None, cmake_target_skip_unavailable=False, cmake_clean_cache=False, cmake_clean_first=False, cmake_force_configure=False, ament_cmake_args=None, catkin_cmake_args=None, catkin_skip_building_tests=False, mixin_files=None, mixin=None, verb_parser=<colcon_mixin.mixin.mixin_argument.MixinArgumentDecorator object at 0x768c237a1670>, verb_extension=<colcon_core.verb.build.BuildVerb object at 0x768c238b9490>, main=<bound method BuildVerb.main of <colcon_core.verb.build.BuildVerb object at 0x768c238b9490>>, mixin_verb=('build',))
[0.190s] Level 1:colcon.colcon_core.package_discovery:discover_packages(colcon_meta) check parameters
[0.191s] Level 1:colcon.colcon_core.package_discovery:discover_packages(recursive) check parameters
[0.191s] Level 1:colcon.colcon_core.package_discovery:discover_packages(ignore) check parameters
[0.191s] Level 1:colcon.colcon_core.package_discovery:discover_packages(path) check parameters
[0.191s] Level 1:colcon.colcon_core.package_discovery:discover_packages(colcon_meta) discover
[0.191s] Level 1:colcon.colcon_core.package_discovery:discover_packages(recursive) discover
[0.191s] INFO:colcon.colcon_core.package_discovery:Crawling recursively for packages in '/home/marino-lc/ROS2dev/tesisx3_plus'
[0.191s] Level 1:colcon.colcon_core.package_identification:_identify(.) by extensions ['ignore', 'ignore_ament_install']
[0.191s] Level 1:colcon.colcon_core.package_identification:_identify(.) by extension 'ignore'
[0.191s] Level 1:colcon.colcon_core.package_identification:_identify(.) by extension 'ignore_ament_install'
[0.191s] Level 1:colcon.colcon_core.package_identification:_identify(.) by extensions ['colcon_pkg']
[0.191s] Level 1:colcon.colcon_core.package_identification:_identify(.) by extension 'colcon_pkg'
[0.191s] Level 1:colcon.colcon_core.package_identification:_identify(.) by extensions ['colcon_meta']
[0.191s] Level 1:colcon.colcon_core.package_identification:_identify(.) by extension 'colcon_meta'
[0.191s] Level 1:colcon.colcon_core.package_identification:_identify(.) by extensions ['ros']
[0.191s] Level 1:colcon.colcon_core.package_identification:_identify(.) by extension 'ros'
[0.220s] Level 1:colcon.colcon_core.package_identification:_identify(.) by extensions ['cmake', 'python']
[0.220s] Level 1:colcon.colcon_core.package_identification:_identify(.) by extension 'cmake'
[0.220s] Level 1:colcon.colcon_core.package_identification:_identify(.) by extension 'python'
[0.220s] Level 1:colcon.colcon_core.package_identification:_identify(.) by extensions ['python_setup_py']
[0.220s] Level 1:colcon.colcon_core.package_identification:_identify(.) by extension 'python_setup_py'
[0.220s] Level 1:colcon.colcon_core.package_identification:_identify(build) by extensions ['ignore', 'ignore_ament_install']
[0.220s] Level 1:colcon.colcon_core.package_identification:_identify(build) by extension 'ignore'
[0.220s] Level 1:colcon.colcon_core.package_identification:_identify(build) ignored
[0.220s] Level 1:colcon.colcon_core.package_identification:_identify(install) by extensions ['ignore', 'ignore_ament_install']
[0.220s] Level 1:colcon.colcon_core.package_identification:_identify(install) by extension 'ignore'
[0.220s] Level 1:colcon.colcon_core.package_identification:_identify(install) ignored
[0.220s] Level 1:colcon.colcon_core.package_identification:_identify(log) by extensions ['ignore', 'ignore_ament_install']
[0.220s] Level 1:colcon.colcon_core.package_identification:_identify(log) by extension 'ignore'
[0.220s] Level 1:colcon.colcon_core.package_identification:_identify(log) ignored
[0.220s] Level 1:colcon.colcon_core.package_identification:_identify(src) by extensions ['ignore', 'ignore_ament_install']
[0.221s] Level 1:colcon.colcon_core.package_identification:_identify(src) by extension 'ignore'
[0.221s] Level 1:colcon.colcon_core.package_identification:_identify(src) by extension 'ignore_ament_install'
[0.221s] Level 1:colcon.colcon_core.package_identification:_identify(src) by extensions ['colcon_pkg']
[0.221s] Level 1:colcon.colcon_core.package_identification:_identify(src) by extension 'colcon_pkg'
[0.221s] Level 1:colcon.colcon_core.package_identification:_identify(src) by extensions ['colcon_meta']
[0.221s] Level 1:colcon.colcon_core.package_identification:_identify(src) by extension 'colcon_meta'
[0.221s] Level 1:colcon.colcon_core.package_identification:_identify(src) by extensions ['ros']
[0.221s] Level 1:colcon.colcon_core.package_identification:_identify(src) by extension 'ros'
[0.221s] Level 1:colcon.colcon_core.package_identification:_identify(src) by extensions ['cmake', 'python']
[0.221s] Level 1:colcon.colcon_core.package_identification:_identify(src) by extension 'cmake'
[0.221s] Level 1:colcon.colcon_core.package_identification:_identify(src) by extension 'python'
[0.221s] Level 1:colcon.colcon_core.package_identification:_identify(src) by extensions ['python_setup_py']
[0.221s] Level 1:colcon.colcon_core.package_identification:_identify(src) by extension 'python_setup_py'
[0.221s] Level 1:colcon.colcon_core.package_identification:_identify(src/dofbot_bringup) by extensions ['ignore', 'ignore_ament_install']
[0.221s] Level 1:colcon.colcon_core.package_identification:_identify(src/dofbot_bringup) by extension 'ignore'
[0.221s] Level 1:colcon.colcon_core.package_identification:_identify(src/dofbot_bringup) by extension 'ignore_ament_install'
[0.221s] Level 1:colcon.colcon_core.package_identification:_identify(src/dofbot_bringup) by extensions ['colcon_pkg']
[0.221s] Level 1:colcon.colcon_core.package_identification:_identify(src/dofbot_bringup) by extension 'colcon_pkg'
[0.221s] Level 1:colcon.colcon_core.package_identification:_identify(src/dofbot_bringup) by extensions ['colcon_meta']
[0.221s] Level 1:colcon.colcon_core.package_identification:_identify(src/dofbot_bringup) by extension 'colcon_meta'
[0.221s] Level 1:colcon.colcon_core.package_identification:_identify(src/dofbot_bringup) by extensions ['ros']
[0.221s] Level 1:colcon.colcon_core.package_identification:_identify(src/dofbot_bringup) by extension 'ros'
[0.224s] DEBUG:colcon.colcon_core.package_identification:Package 'src/dofbot_bringup' with type 'ros.ament_cmake' and name 'dofbot_bringup'
[0.224s] Level 1:colcon.colcon_core.package_identification:_identify(src/dofbot_description) by extensions ['ignore', 'ignore_ament_install']
[0.224s] Level 1:colcon.colcon_core.package_identification:_identify(src/dofbot_description) by extension 'ignore'
[0.224s] Level 1:colcon.colcon_core.package_identification:_identify(src/dofbot_description) by extension 'ignore_ament_install'
[0.224s] Level 1:colcon.colcon_core.package_identification:_identify(src/dofbot_description) by extensions ['colcon_pkg']
[0.224s] Level 1:colcon.colcon_core.package_identification:_identify(src/dofbot_description) by extension 'colcon_pkg'
[0.224s] Level 1:colcon.colcon_core.package_identification:_identify(src/dofbot_description) by extensions ['colcon_meta']
[0.224s] Level 1:colcon.colcon_core.package_identification:_identify(src/dofbot_description) by extension 'colcon_meta'
[0.224s] Level 1:colcon.colcon_core.package_identification:_identify(src/dofbot_description) by extensions ['ros']
[0.224s] Level 1:colcon.colcon_core.package_identification:_identify(src/dofbot_description) by extension 'ros'
[0.225s] DEBUG:colcon.colcon_core.package_identification:Package 'src/dofbot_description' with type 'ros.ament_cmake' and name 'dofbot_description'
[0.225s] Level 1:colcon.colcon_core.package_identification:_identify(src/omni_bringup) by extensions ['ignore', 'ignore_ament_install']
[0.225s] Level 1:colcon.colcon_core.package_identification:_identify(src/omni_bringup) by extension 'ignore'
[0.225s] Level 1:colcon.colcon_core.package_identification:_identify(src/omni_bringup) by extension 'ignore_ament_install'
[0.225s] Level 1:colcon.colcon_core.package_identification:_identify(src/omni_bringup) by extensions ['colcon_pkg']
[0.225s] Level 1:colcon.colcon_core.package_identification:_identify(src/omni_bringup) by extension 'colcon_pkg'
[0.225s] Level 1:colcon.colcon_core.package_identification:_identify(src/omni_bringup) by extensions ['colcon_meta']
[0.225s] Level 1:colcon.colcon_core.package_identification:_identify(src/omni_bringup) by extension 'colcon_meta'
[0.225s] Level 1:colcon.colcon_core.package_identification:_identify(src/omni_bringup) by extensions ['ros']
[0.225s] Level 1:colcon.colcon_core.package_identification:_identify(src/omni_bringup) by extension 'ros'
[0.226s] DEBUG:colcon.colcon_core.package_identification:Package 'src/omni_bringup' with type 'ros.ament_cmake' and name 'omni_bringup'
[0.226s] Level 1:colcon.colcon_core.package_identification:_identify(src/omni_description) by extensions ['ignore', 'ignore_ament_install']
[0.226s] Level 1:colcon.colcon_core.package_identification:_identify(src/omni_description) by extension 'ignore'
[0.226s] Level 1:colcon.colcon_core.package_identification:_identify(src/omni_description) by extension 'ignore_ament_install'
[0.226s] Level 1:colcon.colcon_core.package_identification:_identify(src/omni_description) by extensions ['colcon_pkg']
[0.226s] Level 1:colcon.colcon_core.package_identification:_identify(src/omni_description) by extension 'colcon_pkg'
[0.226s] Level 1:colcon.colcon_core.package_identification:_identify(src/omni_description) by extensions ['colcon_meta']
[0.226s] Level 1:colcon.colcon_core.package_identification:_identify(src/omni_description) by extension 'colcon_meta'
[0.226s] Level 1:colcon.colcon_core.package_identification:_identify(src/omni_description) by extensions ['ros']
[0.226s] Level 1:colcon.colcon_core.package_identification:_identify(src/omni_description) by extension 'ros'
[0.226s] DEBUG:colcon.colcon_core.package_identification:Package 'src/omni_description' with type 'ros.ament_cmake' and name 'omni_description'
[0.227s] Level 1:colcon.colcon_core.package_identification:_identify(src/omni_dofbot_bringup) by extensions ['ignore', 'ignore_ament_install']
[0.227s] Level 1:colcon.colcon_core.package_identification:_identify(src/omni_dofbot_bringup) by extension 'ignore'
[0.227s] Level 1:colcon.colcon_core.package_identification:_identify(src/omni_dofbot_bringup) by extension 'ignore_ament_install'
[0.227s] Level 1:colcon.colcon_core.package_identification:_identify(src/omni_dofbot_bringup) by extensions ['colcon_pkg']
[0.227s] Level 1:colcon.colcon_core.package_identification:_identify(src/omni_dofbot_bringup) by extension 'colcon_pkg'
[0.227s] Level 1:colcon.colcon_core.package_identification:_identify(src/omni_dofbot_bringup) by extensions ['colcon_meta']
[0.227s] Level 1:colcon.colcon_core.package_identification:_identify(src/omni_dofbot_bringup) by extension 'colcon_meta'
[0.227s] Level 1:colcon.colcon_core.package_identification:_identify(src/omni_dofbot_bringup) by extensions ['ros']
[0.227s] Level 1:colcon.colcon_core.package_identification:_identify(src/omni_dofbot_bringup) by extension 'ros'
[0.227s] DEBUG:colcon.colcon_core.package_identification:Package 'src/omni_dofbot_bringup' with type 'ros.ament_cmake' and name 'omni_dofbot_bringup'
[0.227s] Level 1:colcon.colcon_core.package_identification:_identify(src/omni_dofbot_description) by extensions ['ignore', 'ignore_ament_install']
[0.227s] Level 1:colcon.colcon_core.package_identification:_identify(src/omni_dofbot_description) by extension 'ignore'
[0.227s] Level 1:colcon.colcon_core.package_identification:_identify(src/omni_dofbot_description) by extension 'ignore_ament_install'
[0.227s] Level 1:colcon.colcon_core.package_identification:_identify(src/omni_dofbot_description) by extensions ['colcon_pkg']
[0.227s] Level 1:colcon.colcon_core.package_identification:_identify(src/omni_dofbot_description) by extension 'colcon_pkg'
[0.227s] Level 1:colcon.colcon_core.package_identification:_identify(src/omni_dofbot_description) by extensions ['colcon_meta']
[0.227s] Level 1:colcon.colcon_core.package_identification:_identify(src/omni_dofbot_description) by extension 'colcon_meta'
[0.227s] Level 1:colcon.colcon_core.package_identification:_identify(src/omni_dofbot_description) by extensions ['ros']
[0.227s] Level 1:colcon.colcon_core.package_identification:_identify(src/omni_dofbot_description) by extension 'ros'
[0.228s] DEBUG:colcon.colcon_core.package_identification:Package 'src/omni_dofbot_description' with type 'ros.ament_cmake' and name 'omni_dofbot_description'
[0.228s] Level 1:colcon.colcon_core.package_discovery:discover_packages(recursive) using defaults
[0.228s] Level 1:colcon.colcon_core.package_discovery:discover_packages(ignore) discover
[0.228s] Level 1:colcon.colcon_core.package_discovery:discover_packages(ignore) using defaults
[0.228s] Level 1:colcon.colcon_core.package_discovery:discover_packages(path) discover
[0.228s] Level 1:colcon.colcon_core.package_discovery:discover_packages(path) using defaults
[0.252s] Level 1:colcon.colcon_core.package_discovery:discover_packages(prefix_path) check parameters
[0.252s] Level 1:colcon.colcon_core.package_discovery:discover_packages(prefix_path) discover
[0.254s] DEBUG:colcon.colcon_installed_package_information.package_discovery:Found 6 installed packages in /home/marino-lc/ROS2dev/tesisx3_plus/install
[0.255s] DEBUG:colcon.colcon_installed_package_information.package_discovery:Found 1 installed packages in /home/marino-lc/gz_fix_ws/install
[0.257s] DEBUG:colcon.colcon_installed_package_information.package_discovery:Found 430 installed packages in /opt/ros/jazzy
[0.258s] Level 1:colcon.colcon_core.package_discovery:discover_packages(prefix_path) using defaults
[0.316s] Level 5:colcon.colcon_core.verb:set package 'dofbot_bringup' build argument 'cmake_args' from command line to 'None'
[0.316s] Level 5:colcon.colcon_core.verb:set package 'dofbot_bringup' build argument 'cmake_target' from command line to 'None'
[0.316s] Level 5:colcon.colcon_core.verb:set package 'dofbot_bringup' build argument 'cmake_target_skip_unavailable' from command line to 'False'
[0.316s] Level 5:colcon.colcon_core.verb:set package 'dofbot_bringup' build argument 'cmake_clean_cache' from command line to 'False'
[0.316s] Level 5:colcon.colcon_core.verb:set package 'dofbot_bringup' build argument 'cmake_clean_first' from command line to 'False'
[0.316s] Level 5:colcon.colcon_core.verb:set package 'dofbot_bringup' build argument 'cmake_force_configure' from command line to 'False'
[0.316s] Level 5:colcon.colcon_core.verb:set package 'dofbot_bringup' build argument 'ament_cmake_args' from command line to 'None'
[0.316s] Level 5:colcon.colcon_core.verb:set package 'dofbot_bringup' build argument 'catkin_cmake_args' from command line to 'None'
[0.316s] Level 5:colcon.colcon_core.verb:set package 'dofbot_bringup' build argument 'catkin_skip_building_tests' from command line to 'False'
[0.316s] DEBUG:colcon.colcon_core.verb:Building package 'dofbot_bringup' with the following arguments: {'ament_cmake_args': None, 'build_base': '/home/marino-lc/ROS2dev/tesisx3_plus/build/dofbot_bringup', 'catkin_cmake_args': None, 'catkin_skip_building_tests': False, 'cmake_args': None, 'cmake_clean_cache': False, 'cmake_clean_first': False, 'cmake_force_configure': False, 'cmake_target': None, 'cmake_target_skip_unavailable': False, 'install_base': '/home/marino-lc/ROS2dev/tesisx3_plus/install/dofbot_bringup', 'merge_install': False, 'path': '/home/marino-lc/ROS2dev/tesisx3_plus/src/dofbot_bringup', 'symlink_install': False, 'test_result_base': None}
[0.317s] Level 5:colcon.colcon_core.verb:set package 'dofbot_description' build argument 'cmake_args' from command line to 'None'
[0.317s] Level 5:colcon.colcon_core.verb:set package 'dofbot_description' build argument 'cmake_target' from command line to 'None'
[0.317s] Level 5:colcon.colcon_core.verb:set package 'dofbot_description' build argument 'cmake_target_skip_unavailable' from command line to 'False'
[0.317s] Level 5:colcon.colcon_core.verb:set package 'dofbot_description' build argument 'cmake_clean_cache' from command line to 'False'
[0.317s] Level 5:colcon.colcon_core.verb:set package 'dofbot_description' build argument 'cmake_clean_first' from command line to 'False'
[0.317s] Level 5:colcon.colcon_core.verb:set package 'dofbot_description' build argument 'cmake_force_configure' from command line to 'False'
[0.317s] Level 5:colcon.colcon_core.verb:set package 'dofbot_description' build argument 'ament_cmake_args' from command line to 'None'
[0.317s] Level 5:colcon.colcon_core.verb:set package 'dofbot_description' build argument 'catkin_cmake_args' from command line to 'None'
[0.317s] Level 5:colcon.colcon_core.verb:set package 'dofbot_description' build argument 'catkin_skip_building_tests' from command line to 'False'
[0.317s] DEBUG:colcon.colcon_core.verb:Building package 'dofbot_description' with the following arguments: {'ament_cmake_args': None, 'build_base': '/home/marino-lc/ROS2dev/tesisx3_plus/build/dofbot_description', 'catkin_cmake_args': None, 'catkin_skip_building_tests': False, 'cmake_args': None, 'cmake_clean_cache': False, 'cmake_clean_first': False, 'cmake_force_configure': False, 'cmake_target': None, 'cmake_target_skip_unavailable': False, 'install_base': '/home/marino-lc/ROS2dev/tesisx3_plus/install/dofbot_description', 'merge_install': False, 'path': '/home/marino-lc/ROS2dev/tesisx3_plus/src/dofbot_description', 'symlink_install': False, 'test_result_base': None}
[0.317s] Level 5:colcon.colcon_core.verb:set package 'omni_bringup' build argument 'cmake_args' from command line to 'None'
[0.317s] Level 5:colcon.colcon_core.verb:set package 'omni_bringup' build argument 'cmake_target' from command line to 'None'
[0.317s] Level 5:colcon.colcon_core.verb:set package 'omni_bringup' build argument 'cmake_target_skip_unavailable' from command line to 'False'
[0.317s] Level 5:colcon.colcon_core.verb:set package 'omni_bringup' build argument 'cmake_clean_cache' from command line to 'False'
[0.317s] Level 5:colcon.colcon_core.verb:set package 'omni_bringup' build argument 'cmake_clean_first' from command line to 'False'
[0.317s] Level 5:colcon.colcon_core.verb:set package 'omni_bringup' build argument 'cmake_force_configure' from command line to 'False'
[0.317s] Level 5:colcon.colcon_core.verb:set package 'omni_bringup' build argument 'ament_cmake_args' from command line to 'None'
[0.317s] Level 5:colcon.colcon_core.verb:set package 'omni_bringup' build argument 'catkin_cmake_args' from command line to 'None'
[0.317s] Level 5:colcon.colcon_core.verb:set package 'omni_bringup' build argument 'catkin_skip_building_tests' from command line to 'False'
[0.317s] DEBUG:colcon.colcon_core.verb:Building package 'omni_bringup' with the following arguments: {'ament_cmake_args': None, 'build_base': '/home/marino-lc/ROS2dev/tesisx3_plus/build/omni_bringup', 'catkin_cmake_args': None, 'catkin_skip_building_tests': False, 'cmake_args': None, 'cmake_clean_cache': False, 'cmake_clean_first': False, 'cmake_force_configure': False, 'cmake_target': None, 'cmake_target_skip_unavailable': False, 'install_base': '/home/marino-lc/ROS2dev/tesisx3_plus/install/omni_bringup', 'merge_install': False, 'path': '/home/marino-lc/ROS2dev/tesisx3_plus/src/omni_bringup', 'symlink_install': False, 'test_result_base': None}
[0.317s] Level 5:colcon.colcon_core.verb:set package 'omni_description' build argument 'cmake_args' from command line to 'None'
[0.317s] Level 5:colcon.colcon_core.verb:set package 'omni_description' build argument 'cmake_target' from command line to 'None'
[0.317s] Level 5:colcon.colcon_core.verb:set package 'omni_description' build argument 'cmake_target_skip_unavailable' from command line to 'False'
[0.317s] Level 5:colcon.colcon_core.verb:set package 'omni_description' build argument 'cmake_clean_cache' from command line to 'False'
[0.317s] Level 5:colcon.colcon_core.verb:set package 'omni_description' build argument 'cmake_clean_first' from command line to 'False'
[0.317s] Level 5:colcon.colcon_core.verb:set package 'omni_description' build argument 'cmake_force_configure' from command line to 'False'
[0.317s] Level 5:colcon.colcon_core.verb:set package 'omni_description' build argument 'ament_cmake_args' from command line to 'None'
[0.317s] Level 5:colcon.colcon_core.verb:set package 'omni_description' build argument 'catkin_cmake_args' from command line to 'None'
[0.317s] Level 5:colcon.colcon_core.verb:set package 'omni_description' build argument 'catkin_skip_building_tests' from command line to 'False'
[0.317s] DEBUG:colcon.colcon_core.verb:Building package 'omni_description' with the following arguments: {'ament_cmake_args': None, 'build_base': '/home/marino-lc/ROS2dev/tesisx3_plus/build/omni_description', 'catkin_cmake_args': None, 'catkin_skip_building_tests': False, 'cmake_args': None, 'cmake_clean_cache': False, 'cmake_clean_first': False, 'cmake_force_configure': False, 'cmake_target': None, 'cmake_target_skip_unavailable': False, 'install_base': '/home/marino-lc/ROS2dev/tesisx3_plus/install/omni_description', 'merge_install': False, 'path': '/home/marino-lc/ROS2dev/tesisx3_plus/src/omni_description', 'symlink_install': False, 'test_result_base': None}
[0.318s] Level 5:colcon.colcon_core.verb:set package 'omni_dofbot_bringup' build argument 'cmake_args' from command line to 'None'
[0.318s] Level 5:colcon.colcon_core.verb:set package 'omni_dofbot_bringup' build argument 'cmake_target' from command line to 'None'
[0.318s] Level 5:colcon.colcon_core.verb:set package 'omni_dofbot_bringup' build argument 'cmake_target_skip_unavailable' from command line to 'False'
[0.318s] Level 5:colcon.colcon_core.verb:set package 'omni_dofbot_bringup' build argument 'cmake_clean_cache' from command line to 'False'
[0.318s] Level 5:colcon.colcon_core.verb:set package 'omni_dofbot_bringup' build argument 'cmake_clean_first' from command line to 'False'
[0.318s] Level 5:colcon.colcon_core.verb:set package 'omni_dofbot_bringup' build argument 'cmake_force_configure' from command line to 'False'
[0.318s] Level 5:colcon.colcon_core.verb:set package 'omni_dofbot_bringup' build argument 'ament_cmake_args' from command line to 'None'
[0.318s] Level 5:colcon.colcon_core.verb:set package 'omni_dofbot_bringup' build argument 'catkin_cmake_args' from command line to 'None'
[0.318s] Level 5:colcon.colcon_core.verb:set package 'omni_dofbot_bringup' build argument 'catkin_skip_building_tests' from command line to 'False'
[0.318s] DEBUG:colcon.colcon_core.verb:Building package 'omni_dofbot_bringup' with the following arguments: {'ament_cmake_args': None, 'build_base': '/home/marino-lc/ROS2dev/tesisx3_plus/build/omni_dofbot_bringup', 'catkin_cmake_args': None, 'catkin_skip_building_tests': False, 'cmake_args': None, 'cmake_clean_cache': False, 'cmake_clean_first': False, 'cmake_force_configure': False, 'cmake_target': None, 'cmake_target_skip_unavailable': False, 'install_base': '/home/marino-lc/ROS2dev/tesisx3_plus/install/omni_dofbot_bringup', 'merge_install': False, 'path': '/home/marino-lc/ROS2dev/tesisx3_plus/src/omni_dofbot_bringup', 'symlink_install': False, 'test_result_base': None}
[0.318s] Level 5:colcon.colcon_core.verb:set package 'omni_dofbot_description' build argument 'cmake_args' from command line to 'None'
[0.318s] Level 5:colcon.colcon_core.verb:set package 'omni_dofbot_description' build argument 'cmake_target' from command line to 'None'
[0.318s] Level 5:colcon.colcon_core.verb:set package 'omni_dofbot_description' build argument 'cmake_target_skip_unavailable' from command line to 'False'
[0.318s] Level 5:colcon.colcon_core.verb:set package 'omni_dofbot_description' build argument 'cmake_clean_cache' from command line to 'False'
[0.318s] Level 5:colcon.colcon_core.verb:set package 'omni_dofbot_description' build argument 'cmake_clean_first' from command line to 'False'
[0.318s] Level 5:colcon.colcon_core.verb:set package 'omni_dofbot_description' build argument 'cmake_force_configure' from command line to 'False'
[0.318s] Level 5:colcon.colcon_core.verb:set package 'omni_dofbot_description' build argument 'ament_cmake_args' from command line to 'None'
[0.318s] Level 5:colcon.colcon_core.verb:set package 'omni_dofbot_description' build argument 'catkin_cmake_args' from command line to 'None'
[0.318s] Level 5:colcon.colcon_core.verb:set package 'omni_dofbot_description' build argument 'catkin_skip_building_tests' from command line to 'False'
[0.318s] DEBUG:colcon.colcon_core.verb:Building package 'omni_dofbot_description' with the following arguments: {'ament_cmake_args': None, 'build_base': '/home/marino-lc/ROS2dev/tesisx3_plus/build/omni_dofbot_description', 'catkin_cmake_args': None, 'catkin_skip_building_tests': False, 'cmake_args': None, 'cmake_clean_cache': False, 'cmake_clean_first': False, 'cmake_force_configure': False, 'cmake_target': None, 'cmake_target_skip_unavailable': False, 'install_base': '/home/marino-lc/ROS2dev/tesisx3_plus/install/omni_dofbot_description', 'merge_install': False, 'path': '/home/marino-lc/ROS2dev/tesisx3_plus/src/omni_dofbot_description', 'symlink_install': False, 'test_result_base': None}
[0.318s] INFO:colcon.colcon_core.executor:Executing jobs using 'parallel' executor
[0.319s] DEBUG:colcon.colcon_parallel_executor.executor.parallel:run_until_complete
[0.320s] INFO:colcon.colcon_ros.task.ament_cmake.build:Building ROS package in '/home/marino-lc/ROS2dev/tesisx3_plus/src/dofbot_bringup' with build type 'ament_cmake'
[0.320s] INFO:colcon.colcon_cmake.task.cmake.build:Building CMake package in '/home/marino-lc/ROS2dev/tesisx3_plus/src/dofbot_bringup'
[0.322s] INFO:colcon.colcon_core.plugin_system:Skipping extension 'colcon_core.shell.bat': Not used on non-Windows systems
[0.322s] INFO:colcon.colcon_core.shell:Skip shell extension 'powershell' for command environment: Not usable outside of PowerShell
[0.322s] DEBUG:colcon.colcon_core.shell:Skip shell extension 'dsv' for command environment
[0.328s] INFO:colcon.colcon_ros.task.ament_cmake.build:Building ROS package in '/home/marino-lc/ROS2dev/tesisx3_plus/src/dofbot_description' with build type 'ament_cmake'
[0.329s] INFO:colcon.colcon_cmake.task.cmake.build:Building CMake package in '/home/marino-lc/ROS2dev/tesisx3_plus/src/dofbot_description'
[0.329s] INFO:colcon.colcon_core.shell:Skip shell extension 'powershell' for command environment: Not usable outside of PowerShell
[0.329s] DEBUG:colcon.colcon_core.shell:Skip shell extension 'dsv' for command environment
[0.335s] INFO:colcon.colcon_ros.task.ament_cmake.build:Building ROS package in '/home/marino-lc/ROS2dev/tesisx3_plus/src/omni_bringup' with build type 'ament_cmake'
[0.335s] INFO:colcon.colcon_cmake.task.cmake.build:Building CMake package in '/home/marino-lc/ROS2dev/tesisx3_plus/src/omni_bringup'
[0.336s] INFO:colcon.colcon_core.shell:Skip shell extension 'powershell' for command environment: Not usable outside of PowerShell
[0.336s] DEBUG:colcon.colcon_core.shell:Skip shell extension 'dsv' for command environment
[0.343s] INFO:colcon.colcon_ros.task.ament_cmake.build:Building ROS package in '/home/marino-lc/ROS2dev/tesisx3_plus/src/omni_description' with build type 'ament_cmake'
[0.343s] INFO:colcon.colcon_cmake.task.cmake.build:Building CMake package in '/home/marino-lc/ROS2dev/tesisx3_plus/src/omni_description'
[0.344s] INFO:colcon.colcon_core.shell:Skip shell extension 'powershell' for command environment: Not usable outside of PowerShell
[0.344s] DEBUG:colcon.colcon_core.shell:Skip shell extension 'dsv' for command environment
[0.349s] INFO:colcon.colcon_ros.task.ament_cmake.build:Building ROS package in '/home/marino-lc/ROS2dev/tesisx3_plus/src/omni_dofbot_bringup' with build type 'ament_cmake'
[0.349s] INFO:colcon.colcon_cmake.task.cmake.build:Building CMake package in '/home/marino-lc/ROS2dev/tesisx3_plus/src/omni_dofbot_bringup'
[0.349s] INFO:colcon.colcon_core.shell:Skip shell extension 'powershell' for command environment: Not usable outside of PowerShell
[0.349s] DEBUG:colcon.colcon_core.shell:Skip shell extension 'dsv' for command environment
[0.356s] INFO:colcon.colcon_ros.task.ament_cmake.build:Building ROS package in '/home/marino-lc/ROS2dev/tesisx3_plus/src/omni_dofbot_description' with build type 'ament_cmake'
[0.356s] INFO:colcon.colcon_cmake.task.cmake.build:Building CMake package in '/home/marino-lc/ROS2dev/tesisx3_plus/src/omni_dofbot_description'
[0.357s] INFO:colcon.colcon_core.shell:Skip shell extension 'powershell' for command environment: Not usable outside of PowerShell
[0.357s] DEBUG:colcon.colcon_core.shell:Skip shell extension 'dsv' for command environment
[0.367s] DEBUG:colcon.colcon_core.event_handler.log_command:Invoking command in '/home/marino-lc/ROS2dev/tesisx3_plus/build/dofbot_bringup': CMAKE_PREFIX_PATH=${CMAKE_PREFIX_PATH}:/opt/ros/jazzy DEBUGINFOD_URLS=https://debuginfod.ubuntu.com /usr/bin/cmake --build /home/marino-lc/ROS2dev/tesisx3_plus/build/dofbot_bringup -- -j12 -l12
[0.373s] DEBUG:colcon.colcon_core.event_handler.log_command:Invoking command in '/home/marino-lc/ROS2dev/tesisx3_plus/build/dofbot_description': CMAKE_PREFIX_PATH=${CMAKE_PREFIX_PATH}:/opt/ros/jazzy DEBUGINFOD_URLS=https://debuginfod.ubuntu.com /usr/bin/cmake --build /home/marino-lc/ROS2dev/tesisx3_plus/build/dofbot_description -- -j12 -l12
[0.376s] DEBUG:colcon.colcon_core.event_handler.log_command:Invoking command in '/home/marino-lc/ROS2dev/tesisx3_plus/build/omni_bringup': CMAKE_PREFIX_PATH=${CMAKE_PREFIX_PATH}:/opt/ros/jazzy DEBUGINFOD_URLS=https://debuginfod.ubuntu.com /usr/bin/cmake --build /home/marino-lc/ROS2dev/tesisx3_plus/build/omni_bringup -- -j12 -l12
[0.378s] DEBUG:colcon.colcon_core.event_handler.log_command:Invoking command in '/home/marino-lc/ROS2dev/tesisx3_plus/build/omni_description': CMAKE_PREFIX_PATH=${CMAKE_PREFIX_PATH}:/opt/ros/jazzy DEBUGINFOD_URLS=https://debuginfod.ubuntu.com /usr/bin/cmake --build /home/marino-lc/ROS2dev/tesisx3_plus/build/omni_description -- -j12 -l12
[0.381s] DEBUG:colcon.colcon_core.event_handler.log_command:Invoking command in '/home/marino-lc/ROS2dev/tesisx3_plus/build/omni_dofbot_bringup': CMAKE_PREFIX_PATH=${CMAKE_PREFIX_PATH}:/opt/ros/jazzy DEBUGINFOD_URLS=https://debuginfod.ubuntu.com /usr/bin/cmake --build /home/marino-lc/ROS2dev/tesisx3_plus/build/omni_dofbot_bringup -- -j12 -l12
[0.389s] DEBUG:colcon.colcon_core.event_handler.log_command:Invoking command in '/home/marino-lc/ROS2dev/tesisx3_plus/build/omni_dofbot_description': CMAKE_PREFIX_PATH=${CMAKE_PREFIX_PATH}:/opt/ros/jazzy DEBUGINFOD_URLS=https://debuginfod.ubuntu.com /usr/bin/cmake --build /home/marino-lc/ROS2dev/tesisx3_plus/build/omni_dofbot_description -- -j12 -l12
[0.453s] DEBUG:colcon.colcon_core.event_handler.log_command:Invoked command in '/home/marino-lc/ROS2dev/tesisx3_plus/build/dofbot_description' returned '0': CMAKE_PREFIX_PATH=${CMAKE_PREFIX_PATH}:/opt/ros/jazzy DEBUGINFOD_URLS=https://debuginfod.ubuntu.com /usr/bin/cmake --build /home/marino-lc/ROS2dev/tesisx3_plus/build/dofbot_description -- -j12 -l12
[0.475s] DEBUG:colcon.colcon_core.event_handler.log_command:Invoking command in '/home/marino-lc/ROS2dev/tesisx3_plus/build/dofbot_description': CMAKE_PREFIX_PATH=${CMAKE_PREFIX_PATH}:/opt/ros/jazzy DEBUGINFOD_URLS=https://debuginfod.ubuntu.com /usr/bin/cmake --install /home/marino-lc/ROS2dev/tesisx3_plus/build/dofbot_description
[0.477s] DEBUG:colcon.colcon_core.event_handler.log_command:Invoked command in '/home/marino-lc/ROS2dev/tesisx3_plus/build/omni_description' returned '0': CMAKE_PREFIX_PATH=${CMAKE_PREFIX_PATH}:/opt/ros/jazzy DEBUGINFOD_URLS=https://debuginfod.ubuntu.com /usr/bin/cmake --build /home/marino-lc/ROS2dev/tesisx3_plus/build/omni_description -- -j12 -l12
[0.478s] DEBUG:colcon.colcon_core.event_handler.log_command:Invoking command in '/home/marino-lc/ROS2dev/tesisx3_plus/build/omni_description': CMAKE_PREFIX_PATH=${CMAKE_PREFIX_PATH}:/opt/ros/jazzy DEBUGINFOD_URLS=https://debuginfod.ubuntu.com /usr/bin/cmake --install /home/marino-lc/ROS2dev/tesisx3_plus/build/omni_description
[0.479s] DEBUG:colcon.colcon_core.event_handler.log_command:Invoked command in '/home/marino-lc/ROS2dev/tesisx3_plus/build/omni_dofbot_description' returned '0': CMAKE_PREFIX_PATH=${CMAKE_PREFIX_PATH}:/opt/ros/jazzy DEBUGINFOD_URLS=https://debuginfod.ubuntu.com /usr/bin/cmake --build /home/marino-lc/ROS2dev/tesisx3_plus/build/omni_dofbot_description -- -j12 -l12
[0.482s] DEBUG:colcon.colcon_core.event_handler.log_command:Invoking command in '/home/marino-lc/ROS2dev/tesisx3_plus/build/omni_dofbot_description': CMAKE_PREFIX_PATH=${CMAKE_PREFIX_PATH}:/opt/ros/jazzy DEBUGINFOD_URLS=https://debuginfod.ubuntu.com /usr/bin/cmake --install /home/marino-lc/ROS2dev/tesisx3_plus/build/omni_dofbot_description
[0.496s] Level 1:colcon.colcon_core.environment:create_environment_scripts_only(dofbot_description)
[0.507s] DEBUG:colcon.colcon_core.event_handler.log_command:Invoked command in '/home/marino-lc/ROS2dev/tesisx3_plus/build/dofbot_description' returned '0': CMAKE_PREFIX_PATH=${CMAKE_PREFIX_PATH}:/opt/ros/jazzy DEBUGINFOD_URLS=https://debuginfod.ubuntu.com /usr/bin/cmake --install /home/marino-lc/ROS2dev/tesisx3_plus/build/dofbot_description
[0.513s] Level 1:colcon.colcon_core.environment:checking '/home/marino-lc/ROS2dev/tesisx3_plus/install/dofbot_description' for CMake module files
[0.514s] Level 1:colcon.colcon_core.environment:checking '/home/marino-lc/ROS2dev/tesisx3_plus/install/dofbot_description' for CMake config files
[0.514s] Level 1:colcon.colcon_core.shell:create_environment_hook('dofbot_description', 'cmake_prefix_path')
[0.515s] INFO:colcon.colcon_core.shell:Creating environment hook '/home/marino-lc/ROS2dev/tesisx3_plus/install/dofbot_description/share/dofbot_description/hook/cmake_prefix_path.ps1'
[0.516s] INFO:colcon.colcon_core.shell:Creating environment descriptor '/home/marino-lc/ROS2dev/tesisx3_plus/install/dofbot_description/share/dofbot_description/hook/cmake_prefix_path.dsv'
[0.517s] INFO:colcon.colcon_core.shell:Creating environment hook '/home/marino-lc/ROS2dev/tesisx3_plus/install/dofbot_description/share/dofbot_description/hook/cmake_prefix_path.sh'
[0.518s] Level 1:colcon.colcon_core.environment:checking '/home/marino-lc/ROS2dev/tesisx3_plus/install/dofbot_description/bin'
[0.519s] Level 1:colcon.colcon_core.environment:checking '/home/marino-lc/ROS2dev/tesisx3_plus/install/dofbot_description/lib/pkgconfig/dofbot_description.pc'
[0.519s] Level 1:colcon.colcon_core.environment:checking '/home/marino-lc/ROS2dev/tesisx3_plus/install/dofbot_description/lib/python3.12/site-packages'
[0.519s] Level 1:colcon.colcon_core.environment:checking '/home/marino-lc/ROS2dev/tesisx3_plus/install/dofbot_description/bin'
[0.520s] INFO:colcon.colcon_core.shell:Creating package script '/home/marino-lc/ROS2dev/tesisx3_plus/install/dofbot_description/share/dofbot_description/package.ps1'
[0.522s] INFO:colcon.colcon_core.shell:Creating package descriptor '/home/marino-lc/ROS2dev/tesisx3_plus/install/dofbot_description/share/dofbot_description/package.dsv'
[0.522s] INFO:colcon.colcon_core.shell:Creating package script '/home/marino-lc/ROS2dev/tesisx3_plus/install/dofbot_description/share/dofbot_description/package.sh'
[0.523s] INFO:colcon.colcon_core.shell:Creating package script '/home/marino-lc/ROS2dev/tesisx3_plus/install/dofbot_description/share/dofbot_description/package.bash'
[0.524s] INFO:colcon.colcon_core.shell:Creating package script '/home/marino-lc/ROS2dev/tesisx3_plus/install/dofbot_description/share/dofbot_description/package.zsh'
[0.526s] Level 1:colcon.colcon_core.environment:create_file_with_runtime_dependencies(/home/marino-lc/ROS2dev/tesisx3_plus/install/dofbot_description/share/colcon-core/packages/dofbot_description)
[0.527s] Level 1:colcon.colcon_core.environment:create_environment_scripts_only(dofbot_description)
[0.527s] Level 1:colcon.colcon_core.environment:checking '/home/marino-lc/ROS2dev/tesisx3_plus/install/dofbot_description' for CMake module files
[0.528s] Level 1:colcon.colcon_core.environment:checking '/home/marino-lc/ROS2dev/tesisx3_plus/install/dofbot_description' for CMake config files
[0.529s] Level 1:colcon.colcon_core.shell:create_environment_hook('dofbot_description', 'cmake_prefix_path')
[0.529s] INFO:colcon.colcon_core.shell:Creating environment hook '/home/marino-lc/ROS2dev/tesisx3_plus/install/dofbot_description/share/dofbot_description/hook/cmake_prefix_path.ps1'
[0.530s] INFO:colcon.colcon_core.shell:Creating environment descriptor '/home/marino-lc/ROS2dev/tesisx3_plus/install/dofbot_description/share/dofbot_description/hook/cmake_prefix_path.dsv'
[0.530s] INFO:colcon.colcon_core.shell:Creating environment hook '/home/marino-lc/ROS2dev/tesisx3_plus/install/dofbot_description/share/dofbot_description/hook/cmake_prefix_path.sh'
[0.531s] Level 1:colcon.colcon_core.environment:checking '/home/marino-lc/ROS2dev/tesisx3_plus/install/dofbot_description/bin'
[0.531s] Level 1:colcon.colcon_core.environment:checking '/home/marino-lc/ROS2dev/tesisx3_plus/install/dofbot_description/lib/pkgconfig/dofbot_description.pc'
[0.532s] Level 1:colcon.colcon_core.environment:checking '/home/marino-lc/ROS2dev/tesisx3_plus/install/dofbot_description/lib/python3.12/site-packages'
[0.532s] Level 1:colcon.colcon_core.environment:checking '/home/marino-lc/ROS2dev/tesisx3_plus/install/dofbot_description/bin'
[0.533s] INFO:colcon.colcon_core.shell:Creating package script '/home/marino-lc/ROS2dev/tesisx3_plus/install/dofbot_description/share/dofbot_description/package.ps1'
[0.534s] INFO:colcon.colcon_core.shell:Creating package descriptor '/home/marino-lc/ROS2dev/tesisx3_plus/install/dofbot_description/share/dofbot_description/package.dsv'
[0.535s] INFO:colcon.colcon_core.shell:Creating package script '/home/marino-lc/ROS2dev/tesisx3_plus/install/dofbot_description/share/dofbot_description/package.sh'
[0.535s] INFO:colcon.colcon_core.shell:Creating package script '/home/marino-lc/ROS2dev/tesisx3_plus/install/dofbot_description/share/dofbot_description/package.bash'
[0.536s] INFO:colcon.colcon_core.shell:Creating package script '/home/marino-lc/ROS2dev/tesisx3_plus/install/dofbot_description/share/dofbot_description/package.zsh'
[0.536s] Level 1:colcon.colcon_core.environment:create_file_with_runtime_dependencies(/home/marino-lc/ROS2dev/tesisx3_plus/install/dofbot_description/share/colcon-core/packages/dofbot_description)
[0.539s] Level 1:colcon.colcon_core.environment:create_environment_scripts_only(omni_description)
[0.539s] Level 1:colcon.colcon_core.environment:checking '/home/marino-lc/ROS2dev/tesisx3_plus/install/omni_description' for CMake module files
[0.540s] DEBUG:colcon.colcon_core.event_handler.log_command:Invoked command in '/home/marino-lc/ROS2dev/tesisx3_plus/build/omni_description' returned '0': CMAKE_PREFIX_PATH=${CMAKE_PREFIX_PATH}:/opt/ros/jazzy DEBUGINFOD_URLS=https://debuginfod.ubuntu.com /usr/bin/cmake --install /home/marino-lc/ROS2dev/tesisx3_plus/build/omni_description
[0.541s] Level 1:colcon.colcon_core.environment:checking '/home/marino-lc/ROS2dev/tesisx3_plus/install/omni_description' for CMake config files
[0.541s] Level 1:colcon.colcon_core.shell:create_environment_hook('omni_description', 'cmake_prefix_path')
[0.542s] INFO:colcon.colcon_core.shell:Creating environment hook '/home/marino-lc/ROS2dev/tesisx3_plus/install/omni_description/share/omni_description/hook/cmake_prefix_path.ps1'
[0.543s] INFO:colcon.colcon_core.shell:Creating environment descriptor '/home/marino-lc/ROS2dev/tesisx3_plus/install/omni_description/share/omni_description/hook/cmake_prefix_path.dsv'
[0.543s] INFO:colcon.colcon_core.shell:Creating environment hook '/home/marino-lc/ROS2dev/tesisx3_plus/install/omni_description/share/omni_description/hook/cmake_prefix_path.sh'
[0.544s] Level 1:colcon.colcon_core.environment:checking '/home/marino-lc/ROS2dev/tesisx3_plus/install/omni_description/bin'
[0.545s] Level 1:colcon.colcon_core.environment:checking '/home/marino-lc/ROS2dev/tesisx3_plus/install/omni_description/lib/pkgconfig/omni_description.pc'
[0.545s] Level 1:colcon.colcon_core.environment:checking '/home/marino-lc/ROS2dev/tesisx3_plus/install/omni_description/lib/python3.12/site-packages'
[0.545s] Level 1:colcon.colcon_core.environment:checking '/home/marino-lc/ROS2dev/tesisx3_plus/install/omni_description/bin'
[0.546s] INFO:colcon.colcon_core.shell:Creating package script '/home/marino-lc/ROS2dev/tesisx3_plus/install/omni_description/share/omni_description/package.ps1'
[0.547s] INFO:colcon.colcon_core.shell:Creating package descriptor '/home/marino-lc/ROS2dev/tesisx3_plus/install/omni_description/share/omni_description/package.dsv'
[0.548s] INFO:colcon.colcon_core.shell:Creating package script '/home/marino-lc/ROS2dev/tesisx3_plus/install/omni_description/share/omni_description/package.sh'
[0.548s] INFO:colcon.colcon_core.shell:Creating package script '/home/marino-lc/ROS2dev/tesisx3_plus/install/omni_description/share/omni_description/package.bash'
[0.549s] INFO:colcon.colcon_core.shell:Creating package script '/home/marino-lc/ROS2dev/tesisx3_plus/install/omni_description/share/omni_description/package.zsh'
[0.549s] Level 1:colcon.colcon_core.environment:create_file_with_runtime_dependencies(/home/marino-lc/ROS2dev/tesisx3_plus/install/omni_description/share/colcon-core/packages/omni_description)
[0.550s] Level 1:colcon.colcon_core.environment:create_environment_scripts_only(omni_description)
[0.550s] Level 1:colcon.colcon_core.environment:checking '/home/marino-lc/ROS2dev/tesisx3_plus/install/omni_description' for CMake module files
[0.551s] Level 1:colcon.colcon_core.environment:checking '/home/marino-lc/ROS2dev/tesisx3_plus/install/omni_description' for CMake config files
[0.551s] Level 1:colcon.colcon_core.shell:create_environment_hook('omni_description', 'cmake_prefix_path')
[0.552s] INFO:colcon.colcon_core.shell:Creating environment hook '/home/marino-lc/ROS2dev/tesisx3_plus/install/omni_description/share/omni_description/hook/cmake_prefix_path.ps1'
[0.552s] INFO:colcon.colcon_core.shell:Creating environment descriptor '/home/marino-lc/ROS2dev/tesisx3_plus/install/omni_description/share/omni_description/hook/cmake_prefix_path.dsv'
[0.553s] INFO:colcon.colcon_core.shell:Creating environment hook '/home/marino-lc/ROS2dev/tesisx3_plus/install/omni_description/share/omni_description/hook/cmake_prefix_path.sh'
[0.554s] Level 1:colcon.colcon_core.environment:checking '/home/marino-lc/ROS2dev/tesisx3_plus/install/omni_description/bin'
[0.554s] Level 1:colcon.colcon_core.environment:checking '/home/marino-lc/ROS2dev/tesisx3_plus/install/omni_description/lib/pkgconfig/omni_description.pc'
[0.554s] Level 1:colcon.colcon_core.environment:checking '/home/marino-lc/ROS2dev/tesisx3_plus/install/omni_description/lib/python3.12/site-packages'
[0.555s] Level 1:colcon.colcon_core.environment:checking '/home/marino-lc/ROS2dev/tesisx3_plus/install/omni_description/bin'
[0.555s] INFO:colcon.colcon_core.shell:Creating package script '/home/marino-lc/ROS2dev/tesisx3_plus/install/omni_description/share/omni_description/package.ps1'
[0.556s] INFO:colcon.colcon_core.shell:Creating package descriptor '/home/marino-lc/ROS2dev/tesisx3_plus/install/omni_description/share/omni_description/package.dsv'
[0.557s] INFO:colcon.colcon_core.shell:Creating package script '/home/marino-lc/ROS2dev/tesisx3_plus/install/omni_description/share/omni_description/package.sh'
[0.557s] INFO:colcon.colcon_core.shell:Creating package script '/home/marino-lc/ROS2dev/tesisx3_plus/install/omni_description/share/omni_description/package.bash'
[0.558s] INFO:colcon.colcon_core.shell:Creating package script '/home/marino-lc/ROS2dev/tesisx3_plus/install/omni_description/share/omni_description/package.zsh'
[0.558s] Level 1:colcon.colcon_core.environment:create_file_with_runtime_dependencies(/home/marino-lc/ROS2dev/tesisx3_plus/install/omni_description/share/colcon-core/packages/omni_description)
[0.559s] Level 1:colcon.colcon_core.environment:create_environment_scripts_only(omni_dofbot_description)
[0.559s] Level 1:colcon.colcon_core.environment:checking '/home/marino-lc/ROS2dev/tesisx3_plus/install/omni_dofbot_description' for CMake module files
[0.561s] DEBUG:colcon.colcon_core.event_handler.log_command:Invoked command in '/home/marino-lc/ROS2dev/tesisx3_plus/build/omni_dofbot_description' returned '0': CMAKE_PREFIX_PATH=${CMAKE_PREFIX_PATH}:/opt/ros/jazzy DEBUGINFOD_URLS=https://debuginfod.ubuntu.com /usr/bin/cmake --install /home/marino-lc/ROS2dev/tesisx3_plus/build/omni_dofbot_description
[0.561s] Level 1:colcon.colcon_core.environment:checking '/home/marino-lc/ROS2dev/tesisx3_plus/install/omni_dofbot_description' for CMake config files
[0.562s] Level 1:colcon.colcon_core.shell:create_environment_hook('omni_dofbot_description', 'cmake_prefix_path')
[0.562s] INFO:colcon.colcon_core.shell:Creating environment hook '/home/marino-lc/ROS2dev/tesisx3_plus/install/omni_dofbot_description/share/omni_dofbot_description/hook/cmake_prefix_path.ps1'
[0.563s] INFO:colcon.colcon_core.shell:Creating environment descriptor '/home/marino-lc/ROS2dev/tesisx3_plus/install/omni_dofbot_description/share/omni_dofbot_description/hook/cmake_prefix_path.dsv'
[0.563s] INFO:colcon.colcon_core.shell:Creating environment hook '/home/marino-lc/ROS2dev/tesisx3_plus/install/omni_dofbot_description/share/omni_dofbot_description/hook/cmake_prefix_path.sh'
[0.564s] Level 1:colcon.colcon_core.environment:checking '/home/marino-lc/ROS2dev/tesisx3_plus/install/omni_dofbot_description/bin'
[0.564s] Level 1:colcon.colcon_core.environment:checking '/home/marino-lc/ROS2dev/tesisx3_plus/install/omni_dofbot_description/lib/pkgconfig/omni_dofbot_description.pc'
[0.565s] Level 1:colcon.colcon_core.environment:checking '/home/marino-lc/ROS2dev/tesisx3_plus/install/omni_dofbot_description/lib/python3.12/site-packages'
[0.565s] Level 1:colcon.colcon_core.environment:checking '/home/marino-lc/ROS2dev/tesisx3_plus/install/omni_dofbot_description/bin'
[0.565s] INFO:colcon.colcon_core.shell:Creating package script '/home/marino-lc/ROS2dev/tesisx3_plus/install/omni_dofbot_description/share/omni_dofbot_description/package.ps1'
[0.567s] INFO:colcon.colcon_core.shell:Creating package descriptor '/home/marino-lc/ROS2dev/tesisx3_plus/install/omni_dofbot_description/share/omni_dofbot_description/package.dsv'
[0.568s] INFO:colcon.colcon_core.shell:Creating package script '/home/marino-lc/ROS2dev/tesisx3_plus/install/omni_dofbot_description/share/omni_dofbot_description/package.sh'
[0.568s] INFO:colcon.colcon_core.shell:Creating package script '/home/marino-lc/ROS2dev/tesisx3_plus/install/omni_dofbot_description/share/omni_dofbot_description/package.bash'
[0.569s] INFO:colcon.colcon_core.shell:Creating package script '/home/marino-lc/ROS2dev/tesisx3_plus/install/omni_dofbot_description/share/omni_dofbot_description/package.zsh'
[0.569s] Level 1:colcon.colcon_core.environment:create_file_with_runtime_dependencies(/home/marino-lc/ROS2dev/tesisx3_plus/install/omni_dofbot_description/share/colcon-core/packages/omni_dofbot_description)
[0.571s] Level 1:colcon.colcon_core.environment:create_environment_scripts_only(omni_dofbot_description)
[0.571s] Level 1:colcon.colcon_core.environment:checking '/home/marino-lc/ROS2dev/tesisx3_plus/install/omni_dofbot_description' for CMake module files
[0.572s] Level 1:colcon.colcon_core.environment:checking '/home/marino-lc/ROS2dev/tesisx3_plus/install/omni_dofbot_description' for CMake config files
[0.572s] Level 1:colcon.colcon_core.shell:create_environment_hook('omni_dofbot_description', 'cmake_prefix_path')
[0.572s] INFO:colcon.colcon_core.shell:Creating environment hook '/home/marino-lc/ROS2dev/tesisx3_plus/install/omni_dofbot_description/share/omni_dofbot_description/hook/cmake_prefix_path.ps1'
[0.573s] INFO:colcon.colcon_core.shell:Creating environment descriptor '/home/marino-lc/ROS2dev/tesisx3_plus/install/omni_dofbot_description/share/omni_dofbot_description/hook/cmake_prefix_path.dsv'
[0.573s] INFO:colcon.colcon_core.shell:Creating environment hook '/home/marino-lc/ROS2dev/tesisx3_plus/install/omni_dofbot_description/share/omni_dofbot_description/hook/cmake_prefix_path.sh'
[0.574s] Level 1:colcon.colcon_core.environment:checking '/home/marino-lc/ROS2dev/tesisx3_plus/install/omni_dofbot_description/bin'
[0.574s] Level 1:colcon.colcon_core.environment:checking '/home/marino-lc/ROS2dev/tesisx3_plus/install/omni_dofbot_description/lib/pkgconfig/omni_dofbot_description.pc'
[0.574s] Level 1:colcon.colcon_core.environment:checking '/home/marino-lc/ROS2dev/tesisx3_plus/install/omni_dofbot_description/lib/python3.12/site-packages'
[0.575s] Level 1:colcon.colcon_core.environment:checking '/home/marino-lc/ROS2dev/tesisx3_plus/install/omni_dofbot_description/bin'
[0.575s] INFO:colcon.colcon_core.shell:Creating package script '/home/marino-lc/ROS2dev/tesisx3_plus/install/omni_dofbot_description/share/omni_dofbot_description/package.ps1'
[0.576s] INFO:colcon.colcon_core.shell:Creating package descriptor '/home/marino-lc/ROS2dev/tesisx3_plus/install/omni_dofbot_description/share/omni_dofbot_description/package.dsv'
[0.577s] INFO:colcon.colcon_core.shell:Creating package script '/home/marino-lc/ROS2dev/tesisx3_plus/install/omni_dofbot_description/share/omni_dofbot_description/package.sh'
[0.577s] INFO:colcon.colcon_core.shell:Creating package script '/home/marino-lc/ROS2dev/tesisx3_plus/install/omni_dofbot_description/share/omni_dofbot_description/package.bash'
[0.578s] INFO:colcon.colcon_core.shell:Creating package script '/home/marino-lc/ROS2dev/tesisx3_plus/install/omni_dofbot_description/share/omni_dofbot_description/package.zsh'
[0.578s] Level 1:colcon.colcon_core.environment:create_file_with_runtime_dependencies(/home/marino-lc/ROS2dev/tesisx3_plus/install/omni_dofbot_description/share/colcon-core/packages/omni_dofbot_description)
[1.023s] DEBUG:colcon.colcon_core.event_handler.log_command:Invoked command in '/home/marino-lc/ROS2dev/tesisx3_plus/build/dofbot_bringup' returned '0': CMAKE_PREFIX_PATH=${CMAKE_PREFIX_PATH}:/opt/ros/jazzy DEBUGINFOD_URLS=https://debuginfod.ubuntu.com /usr/bin/cmake --build /home/marino-lc/ROS2dev/tesisx3_plus/build/dofbot_bringup -- -j12 -l12
[1.025s] DEBUG:colcon.colcon_core.event_handler.log_command:Invoking command in '/home/marino-lc/ROS2dev/tesisx3_plus/build/dofbot_bringup': CMAKE_PREFIX_PATH=${CMAKE_PREFIX_PATH}:/opt/ros/jazzy DEBUGINFOD_URLS=https://debuginfod.ubuntu.com /usr/bin/cmake --install /home/marino-lc/ROS2dev/tesisx3_plus/build/dofbot_bringup
[1.026s] DEBUG:colcon.colcon_core.event_handler.log_command:Invoked command in '/home/marino-lc/ROS2dev/tesisx3_plus/build/omni_bringup' returned '0': CMAKE_PREFIX_PATH=${CMAKE_PREFIX_PATH}:/opt/ros/jazzy DEBUGINFOD_URLS=https://debuginfod.ubuntu.com /usr/bin/cmake --build /home/marino-lc/ROS2dev/tesisx3_plus/build/omni_bringup -- -j12 -l12
[1.028s] DEBUG:colcon.colcon_core.event_handler.log_command:Invoking command in '/home/marino-lc/ROS2dev/tesisx3_plus/build/omni_bringup': CMAKE_PREFIX_PATH=${CMAKE_PREFIX_PATH}:/opt/ros/jazzy DEBUGINFOD_URLS=https://debuginfod.ubuntu.com /usr/bin/cmake --install /home/marino-lc/ROS2dev/tesisx3_plus/build/omni_bringup
[1.084s] DEBUG:colcon.colcon_core.event_handler.log_command:Invoked command in '/home/marino-lc/ROS2dev/tesisx3_plus/build/omni_dofbot_bringup' returned '0': CMAKE_PREFIX_PATH=${CMAKE_PREFIX_PATH}:/opt/ros/jazzy DEBUGINFOD_URLS=https://debuginfod.ubuntu.com /usr/bin/cmake --build /home/marino-lc/ROS2dev/tesisx3_plus/build/omni_dofbot_bringup -- -j12 -l12
[1.086s] DEBUG:colcon.colcon_core.event_handler.log_command:Invoking command in '/home/marino-lc/ROS2dev/tesisx3_plus/build/omni_dofbot_bringup': CMAKE_PREFIX_PATH=${CMAKE_PREFIX_PATH}:/opt/ros/jazzy DEBUGINFOD_URLS=https://debuginfod.ubuntu.com /usr/bin/cmake --install /home/marino-lc/ROS2dev/tesisx3_plus/build/omni_dofbot_bringup
[1.123s] Level 1:colcon.colcon_core.environment:create_environment_scripts_only(dofbot_bringup)
[1.124s] Level 1:colcon.colcon_core.environment:checking '/home/marino-lc/ROS2dev/tesisx3_plus/install/dofbot_bringup' for CMake module files
[1.124s] DEBUG:colcon.colcon_core.event_handler.log_command:Invoked command in '/home/marino-lc/ROS2dev/tesisx3_plus/build/dofbot_bringup' returned '0': CMAKE_PREFIX_PATH=${CMAKE_PREFIX_PATH}:/opt/ros/jazzy DEBUGINFOD_URLS=https://debuginfod.ubuntu.com /usr/bin/cmake --install /home/marino-lc/ROS2dev/tesisx3_plus/build/dofbot_bringup
[1.125s] Level 1:colcon.colcon_core.environment:checking '/home/marino-lc/ROS2dev/tesisx3_plus/install/dofbot_bringup' for CMake config files
[1.125s] Level 1:colcon.colcon_core.shell:create_environment_hook('dofbot_bringup', 'cmake_prefix_path')
[1.125s] INFO:colcon.colcon_core.shell:Creating environment hook '/home/marino-lc/ROS2dev/tesisx3_plus/install/dofbot_bringup/share/dofbot_bringup/hook/cmake_prefix_path.ps1'
[1.126s] INFO:colcon.colcon_core.shell:Creating environment descriptor '/home/marino-lc/ROS2dev/tesisx3_plus/install/dofbot_bringup/share/dofbot_bringup/hook/cmake_prefix_path.dsv'
[1.127s] INFO:colcon.colcon_core.shell:Creating environment hook '/home/marino-lc/ROS2dev/tesisx3_plus/install/dofbot_bringup/share/dofbot_bringup/hook/cmake_prefix_path.sh'
[1.127s] Level 1:colcon.colcon_core.environment:checking '/home/marino-lc/ROS2dev/tesisx3_plus/install/dofbot_bringup/lib'
[1.128s] Level 1:colcon.colcon_core.environment:checking '/home/marino-lc/ROS2dev/tesisx3_plus/install/dofbot_bringup/bin'
[1.128s] Level 1:colcon.colcon_core.environment:checking '/home/marino-lc/ROS2dev/tesisx3_plus/install/dofbot_bringup/lib/pkgconfig/dofbot_bringup.pc'
[1.128s] Level 1:colcon.colcon_core.environment:checking '/home/marino-lc/ROS2dev/tesisx3_plus/install/dofbot_bringup/lib/python3.12/site-packages'
[1.128s] Level 1:colcon.colcon_core.shell:create_environment_hook('dofbot_bringup', 'pythonpath')
[1.128s] INFO:colcon.colcon_core.shell:Creating environment hook '/home/marino-lc/ROS2dev/tesisx3_plus/install/dofbot_bringup/share/dofbot_bringup/hook/pythonpath.ps1'
[1.129s] INFO:colcon.colcon_core.shell:Creating environment descriptor '/home/marino-lc/ROS2dev/tesisx3_plus/install/dofbot_bringup/share/dofbot_bringup/hook/pythonpath.dsv'
[1.129s] INFO:colcon.colcon_core.shell:Creating environment hook '/home/marino-lc/ROS2dev/tesisx3_plus/install/dofbot_bringup/share/dofbot_bringup/hook/pythonpath.sh'
[1.130s] Level 1:colcon.colcon_core.environment:checking '/home/marino-lc/ROS2dev/tesisx3_plus/install/dofbot_bringup/bin'
[1.130s] INFO:colcon.colcon_core.shell:Creating package script '/home/marino-lc/ROS2dev/tesisx3_plus/install/dofbot_bringup/share/dofbot_bringup/package.ps1'
[1.131s] INFO:colcon.colcon_core.shell:Creating package descriptor '/home/marino-lc/ROS2dev/tesisx3_plus/install/dofbot_bringup/share/dofbot_bringup/package.dsv'
[1.132s] INFO:colcon.colcon_core.shell:Creating package script '/home/marino-lc/ROS2dev/tesisx3_plus/install/dofbot_bringup/share/dofbot_bringup/package.sh'
[1.132s] INFO:colcon.colcon_core.shell:Creating package script '/home/marino-lc/ROS2dev/tesisx3_plus/install/dofbot_bringup/share/dofbot_bringup/package.bash'
[1.133s] INFO:colcon.colcon_core.shell:Creating package script '/home/marino-lc/ROS2dev/tesisx3_plus/install/dofbot_bringup/share/dofbot_bringup/package.zsh'
[1.133s] Level 1:colcon.colcon_core.environment:create_file_with_runtime_dependencies(/home/marino-lc/ROS2dev/tesisx3_plus/install/dofbot_bringup/share/colcon-core/packages/dofbot_bringup)
[1.134s] Level 1:colcon.colcon_core.environment:create_environment_scripts_only(dofbot_bringup)
[1.134s] Level 1:colcon.colcon_core.environment:checking '/home/marino-lc/ROS2dev/tesisx3_plus/install/dofbot_bringup' for CMake module files
[1.135s] Level 1:colcon.colcon_core.environment:checking '/home/marino-lc/ROS2dev/tesisx3_plus/install/dofbot_bringup' for CMake config files
[1.136s] Level 1:colcon.colcon_core.shell:create_environment_hook('dofbot_bringup', 'cmake_prefix_path')
[1.136s] INFO:colcon.colcon_core.shell:Creating environment hook '/home/marino-lc/ROS2dev/tesisx3_plus/install/dofbot_bringup/share/dofbot_bringup/hook/cmake_prefix_path.ps1'
[1.137s] INFO:colcon.colcon_core.shell:Creating environment descriptor '/home/marino-lc/ROS2dev/tesisx3_plus/install/dofbot_bringup/share/dofbot_bringup/hook/cmake_prefix_path.dsv'
[1.137s] INFO:colcon.colcon_core.shell:Creating environment hook '/home/marino-lc/ROS2dev/tesisx3_plus/install/dofbot_bringup/share/dofbot_bringup/hook/cmake_prefix_path.sh'
[1.138s] Level 1:colcon.colcon_core.environment:checking '/home/marino-lc/ROS2dev/tesisx3_plus/install/dofbot_bringup/lib'
[1.138s] Level 1:colcon.colcon_core.environment:checking '/home/marino-lc/ROS2dev/tesisx3_plus/install/dofbot_bringup/bin'
[1.138s] Level 1:colcon.colcon_core.environment:checking '/home/marino-lc/ROS2dev/tesisx3_plus/install/dofbot_bringup/lib/pkgconfig/dofbot_bringup.pc'
[1.139s] Level 1:colcon.colcon_core.environment:checking '/home/marino-lc/ROS2dev/tesisx3_plus/install/dofbot_bringup/lib/python3.12/site-packages'
[1.139s] Level 1:colcon.colcon_core.shell:create_environment_hook('dofbot_bringup', 'pythonpath')
[1.139s] INFO:colcon.colcon_core.shell:Creating environment hook '/home/marino-lc/ROS2dev/tesisx3_plus/install/dofbot_bringup/share/dofbot_bringup/hook/pythonpath.ps1'
[1.140s] INFO:colcon.colcon_core.shell:Creating environment descriptor '/home/marino-lc/ROS2dev/tesisx3_plus/install/dofbot_bringup/share/dofbot_bringup/hook/pythonpath.dsv'
[1.140s] INFO:colcon.colcon_core.shell:Creating environment hook '/home/marino-lc/ROS2dev/tesisx3_plus/install/dofbot_bringup/share/dofbot_bringup/hook/pythonpath.sh'
[1.141s] Level 1:colcon.colcon_core.environment:checking '/home/marino-lc/ROS2dev/tesisx3_plus/install/dofbot_bringup/bin'
[1.141s] INFO:colcon.colcon_core.shell:Creating package script '/home/marino-lc/ROS2dev/tesisx3_plus/install/dofbot_bringup/share/dofbot_bringup/package.ps1'
[1.142s] INFO:colcon.colcon_core.shell:Creating package descriptor '/home/marino-lc/ROS2dev/tesisx3_plus/install/dofbot_bringup/share/dofbot_bringup/package.dsv'
[1.143s] INFO:colcon.colcon_core.shell:Creating package script '/home/marino-lc/ROS2dev/tesisx3_plus/install/dofbot_bringup/share/dofbot_bringup/package.sh'
[1.143s] INFO:colcon.colcon_core.shell:Creating package script '/home/marino-lc/ROS2dev/tesisx3_plus/install/dofbot_bringup/share/dofbot_bringup/package.bash'
[1.144s] INFO:colcon.colcon_core.shell:Creating package script '/home/marino-lc/ROS2dev/tesisx3_plus/install/dofbot_bringup/share/dofbot_bringup/package.zsh'
[1.144s] Level 1:colcon.colcon_core.environment:create_file_with_runtime_dependencies(/home/marino-lc/ROS2dev/tesisx3_plus/install/dofbot_bringup/share/colcon-core/packages/dofbot_bringup)
[1.145s] Level 1:colcon.colcon_core.environment:create_environment_scripts_only(omni_bringup)
[1.146s] Level 1:colcon.colcon_core.environment:checking '/home/marino-lc/ROS2dev/tesisx3_plus/install/omni_bringup' for CMake module files
[1.147s] Level 1:colcon.colcon_core.environment:checking '/home/marino-lc/ROS2dev/tesisx3_plus/install/omni_bringup' for CMake config files
[1.147s] DEBUG:colcon.colcon_core.event_handler.log_command:Invoked command in '/home/marino-lc/ROS2dev/tesisx3_plus/build/omni_bringup' returned '0': CMAKE_PREFIX_PATH=${CMAKE_PREFIX_PATH}:/opt/ros/jazzy DEBUGINFOD_URLS=https://debuginfod.ubuntu.com /usr/bin/cmake --install /home/marino-lc/ROS2dev/tesisx3_plus/build/omni_bringup
[1.148s] Level 1:colcon.colcon_core.shell:create_environment_hook('omni_bringup', 'cmake_prefix_path')
[1.148s] INFO:colcon.colcon_core.shell:Creating environment hook '/home/marino-lc/ROS2dev/tesisx3_plus/install/omni_bringup/share/omni_bringup/hook/cmake_prefix_path.ps1'
[1.149s] INFO:colcon.colcon_core.shell:Creating environment descriptor '/home/marino-lc/ROS2dev/tesisx3_plus/install/omni_bringup/share/omni_bringup/hook/cmake_prefix_path.dsv'
[1.150s] INFO:colcon.colcon_core.shell:Creating environment hook '/home/marino-lc/ROS2dev/tesisx3_plus/install/omni_bringup/share/omni_bringup/hook/cmake_prefix_path.sh'
[1.150s] Level 1:colcon.colcon_core.environment:checking '/home/marino-lc/ROS2dev/tesisx3_plus/install/omni_bringup/lib'
[1.151s] Level 1:colcon.colcon_core.environment:checking '/home/marino-lc/ROS2dev/tesisx3_plus/install/omni_bringup/bin'
[1.151s] Level 1:colcon.colcon_core.environment:checking '/home/marino-lc/ROS2dev/tesisx3_plus/install/omni_bringup/lib/pkgconfig/omni_bringup.pc'
[1.151s] Level 1:colcon.colcon_core.environment:checking '/home/marino-lc/ROS2dev/tesisx3_plus/install/omni_bringup/lib/python3.12/site-packages'
[1.151s] Level 1:colcon.colcon_core.shell:create_environment_hook('omni_bringup', 'pythonpath')
[1.152s] INFO:colcon.colcon_core.shell:Creating environment hook '/home/marino-lc/ROS2dev/tesisx3_plus/install/omni_bringup/share/omni_bringup/hook/pythonpath.ps1'
[1.152s] INFO:colcon.colcon_core.shell:Creating environment descriptor '/home/marino-lc/ROS2dev/tesisx3_plus/install/omni_bringup/share/omni_bringup/hook/pythonpath.dsv'
[1.154s] INFO:colcon.colcon_core.shell:Creating environment hook '/home/marino-lc/ROS2dev/tesisx3_plus/install/omni_bringup/share/omni_bringup/hook/pythonpath.sh'
[1.155s] Level 1:colcon.colcon_core.environment:checking '/home/marino-lc/ROS2dev/tesisx3_plus/install/omni_bringup/bin'
[1.155s] INFO:colcon.colcon_core.shell:Creating package script '/home/marino-lc/ROS2dev/tesisx3_plus/install/omni_bringup/share/omni_bringup/package.ps1'
[1.156s] INFO:colcon.colcon_core.shell:Creating package descriptor '/home/marino-lc/ROS2dev/tesisx3_plus/install/omni_bringup/share/omni_bringup/package.dsv'
[1.156s] INFO:colcon.colcon_core.shell:Creating package script '/home/marino-lc/ROS2dev/tesisx3_plus/install/omni_bringup/share/omni_bringup/package.sh'
[1.157s] INFO:colcon.colcon_core.shell:Creating package script '/home/marino-lc/ROS2dev/tesisx3_plus/install/omni_bringup/share/omni_bringup/package.bash'
[1.157s] INFO:colcon.colcon_core.shell:Creating package script '/home/marino-lc/ROS2dev/tesisx3_plus/install/omni_bringup/share/omni_bringup/package.zsh'
[1.157s] Level 1:colcon.colcon_core.environment:create_file_with_runtime_dependencies(/home/marino-lc/ROS2dev/tesisx3_plus/install/omni_bringup/share/colcon-core/packages/omni_bringup)
[1.158s] Level 1:colcon.colcon_core.environment:create_environment_scripts_only(omni_bringup)
[1.158s] Level 1:colcon.colcon_core.environment:checking '/home/marino-lc/ROS2dev/tesisx3_plus/install/omni_bringup' for CMake module files
[1.159s] Level 1:colcon.colcon_core.environment:checking '/home/marino-lc/ROS2dev/tesisx3_plus/install/omni_bringup' for CMake config files
[1.159s] Level 1:colcon.colcon_core.shell:create_environment_hook('omni_bringup', 'cmake_prefix_path')
[1.159s] INFO:colcon.colcon_core.shell:Creating environment hook '/home/marino-lc/ROS2dev/tesisx3_plus/install/omni_bringup/share/omni_bringup/hook/cmake_prefix_path.ps1'
[1.160s] INFO:colcon.colcon_core.shell:Creating environment descriptor '/home/marino-lc/ROS2dev/tesisx3_plus/install/omni_bringup/share/omni_bringup/hook/cmake_prefix_path.dsv'
[1.160s] INFO:colcon.colcon_core.shell:Creating environment hook '/home/marino-lc/ROS2dev/tesisx3_plus/install/omni_bringup/share/omni_bringup/hook/cmake_prefix_path.sh'
[1.161s] Level 1:colcon.colcon_core.environment:checking '/home/marino-lc/ROS2dev/tesisx3_plus/install/omni_bringup/lib'
[1.161s] Level 1:colcon.colcon_core.environment:checking '/home/marino-lc/ROS2dev/tesisx3_plus/install/omni_bringup/bin'
[1.161s] Level 1:colcon.colcon_core.environment:checking '/home/marino-lc/ROS2dev/tesisx3_plus/install/omni_bringup/lib/pkgconfig/omni_bringup.pc'
[1.161s] Level 1:colcon.colcon_core.environment:checking '/home/marino-lc/ROS2dev/tesisx3_plus/install/omni_bringup/lib/python3.12/site-packages'
[1.162s] Level 1:colcon.colcon_core.shell:create_environment_hook('omni_bringup', 'pythonpath')
[1.162s] INFO:colcon.colcon_core.shell:Creating environment hook '/home/marino-lc/ROS2dev/tesisx3_plus/install/omni_bringup/share/omni_bringup/hook/pythonpath.ps1'
[1.164s] INFO:colcon.colcon_core.shell:Creating environment descriptor '/home/marino-lc/ROS2dev/tesisx3_plus/install/omni_bringup/share/omni_bringup/hook/pythonpath.dsv'
[1.164s] INFO:colcon.colcon_core.shell:Creating environment hook '/home/marino-lc/ROS2dev/tesisx3_plus/install/omni_bringup/share/omni_bringup/hook/pythonpath.sh'
[1.165s] Level 1:colcon.colcon_core.environment:checking '/home/marino-lc/ROS2dev/tesisx3_plus/install/omni_bringup/bin'
[1.166s] INFO:colcon.colcon_core.shell:Creating package script '/home/marino-lc/ROS2dev/tesisx3_plus/install/omni_bringup/share/omni_bringup/package.ps1'
[1.167s] INFO:colcon.colcon_core.shell:Creating package descriptor '/home/marino-lc/ROS2dev/tesisx3_plus/install/omni_bringup/share/omni_bringup/package.dsv'
[1.168s] INFO:colcon.colcon_core.shell:Creating package script '/home/marino-lc/ROS2dev/tesisx3_plus/install/omni_bringup/share/omni_bringup/package.sh'
[1.169s] INFO:colcon.colcon_core.shell:Creating package script '/home/marino-lc/ROS2dev/tesisx3_plus/install/omni_bringup/share/omni_bringup/package.bash'
[1.170s] INFO:colcon.colcon_core.shell:Creating package script '/home/marino-lc/ROS2dev/tesisx3_plus/install/omni_bringup/share/omni_bringup/package.zsh'
[1.170s] Level 1:colcon.colcon_core.environment:create_file_with_runtime_dependencies(/home/marino-lc/ROS2dev/tesisx3_plus/install/omni_bringup/share/colcon-core/packages/omni_bringup)
[1.186s] Level 1:colcon.colcon_core.environment:create_environment_scripts_only(omni_dofbot_bringup)
[1.186s] Level 1:colcon.colcon_core.environment:checking '/home/marino-lc/ROS2dev/tesisx3_plus/install/omni_dofbot_bringup' for CMake module files
[1.187s] DEBUG:colcon.colcon_core.event_handler.log_command:Invoked command in '/home/marino-lc/ROS2dev/tesisx3_plus/build/omni_dofbot_bringup' returned '0': CMAKE_PREFIX_PATH=${CMAKE_PREFIX_PATH}:/opt/ros/jazzy DEBUGINFOD_URLS=https://debuginfod.ubuntu.com /usr/bin/cmake --install /home/marino-lc/ROS2dev/tesisx3_plus/build/omni_dofbot_bringup
[1.187s] Level 1:colcon.colcon_core.environment:checking '/home/marino-lc/ROS2dev/tesisx3_plus/install/omni_dofbot_bringup' for CMake config files
[1.188s] Level 1:colcon.colcon_core.shell:create_environment_hook('omni_dofbot_bringup', 'cmake_prefix_path')
[1.188s] INFO:colcon.colcon_core.shell:Creating environment hook '/home/marino-lc/ROS2dev/tesisx3_plus/install/omni_dofbot_bringup/share/omni_dofbot_bringup/hook/cmake_prefix_path.ps1'
[1.189s] INFO:colcon.colcon_core.shell:Creating environment descriptor '/home/marino-lc/ROS2dev/tesisx3_plus/install/omni_dofbot_bringup/share/omni_dofbot_bringup/hook/cmake_prefix_path.dsv'
[1.189s] INFO:colcon.colcon_core.shell:Creating environment hook '/home/marino-lc/ROS2dev/tesisx3_plus/install/omni_dofbot_bringup/share/omni_dofbot_bringup/hook/cmake_prefix_path.sh'
[1.190s] Level 1:colcon.colcon_core.environment:checking '/home/marino-lc/ROS2dev/tesisx3_plus/install/omni_dofbot_bringup/lib'
[1.190s] Level 1:colcon.colcon_core.environment:checking '/home/marino-lc/ROS2dev/tesisx3_plus/install/omni_dofbot_bringup/bin'
[1.190s] Level 1:colcon.colcon_core.environment:checking '/home/marino-lc/ROS2dev/tesisx3_plus/install/omni_dofbot_bringup/lib/pkgconfig/omni_dofbot_bringup.pc'
[1.191s] Level 1:colcon.colcon_core.environment:checking '/home/marino-lc/ROS2dev/tesisx3_plus/install/omni_dofbot_bringup/lib/python3.12/site-packages'
[1.191s] Level 1:colcon.colcon_core.shell:create_environment_hook('omni_dofbot_bringup', 'pythonpath')
[1.191s] INFO:colcon.colcon_core.shell:Creating environment hook '/home/marino-lc/ROS2dev/tesisx3_plus/install/omni_dofbot_bringup/share/omni_dofbot_bringup/hook/pythonpath.ps1'
[1.192s] INFO:colcon.colcon_core.shell:Creating environment descriptor '/home/marino-lc/ROS2dev/tesisx3_plus/install/omni_dofbot_bringup/share/omni_dofbot_bringup/hook/pythonpath.dsv'
[1.192s] INFO:colcon.colcon_core.shell:Creating environment hook '/home/marino-lc/ROS2dev/tesisx3_plus/install/omni_dofbot_bringup/share/omni_dofbot_bringup/hook/pythonpath.sh'
[1.192s] Level 1:colcon.colcon_core.environment:checking '/home/marino-lc/ROS2dev/tesisx3_plus/install/omni_dofbot_bringup/bin'
[1.193s] INFO:colcon.colcon_core.shell:Creating package script '/home/marino-lc/ROS2dev/tesisx3_plus/install/omni_dofbot_bringup/share/omni_dofbot_bringup/package.ps1'
[1.193s] INFO:colcon.colcon_core.shell:Creating package descriptor '/home/marino-lc/ROS2dev/tesisx3_plus/install/omni_dofbot_bringup/share/omni_dofbot_bringup/package.dsv'
[1.194s] INFO:colcon.colcon_core.shell:Creating package script '/home/marino-lc/ROS2dev/tesisx3_plus/install/omni_dofbot_bringup/share/omni_dofbot_bringup/package.sh'
[1.194s] INFO:colcon.colcon_core.shell:Creating package script '/home/marino-lc/ROS2dev/tesisx3_plus/install/omni_dofbot_bringup/share/omni_dofbot_bringup/package.bash'
[1.194s] INFO:colcon.colcon_core.shell:Creating package script '/home/marino-lc/ROS2dev/tesisx3_plus/install/omni_dofbot_bringup/share/omni_dofbot_bringup/package.zsh'
[1.195s] Level 1:colcon.colcon_core.environment:create_file_with_runtime_dependencies(/home/marino-lc/ROS2dev/tesisx3_plus/install/omni_dofbot_bringup/share/colcon-core/packages/omni_dofbot_bringup)
[1.195s] Level 1:colcon.colcon_core.environment:create_environment_scripts_only(omni_dofbot_bringup)
[1.196s] Level 1:colcon.colcon_core.environment:checking '/home/marino-lc/ROS2dev/tesisx3_plus/install/omni_dofbot_bringup' for CMake module files
[1.196s] Level 1:colcon.colcon_core.environment:checking '/home/marino-lc/ROS2dev/tesisx3_plus/install/omni_dofbot_bringup' for CMake config files
[1.196s] Level 1:colcon.colcon_core.shell:create_environment_hook('omni_dofbot_bringup', 'cmake_prefix_path')
[1.197s] INFO:colcon.colcon_core.shell:Creating environment hook '/home/marino-lc/ROS2dev/tesisx3_plus/install/omni_dofbot_bringup/share/omni_dofbot_bringup/hook/cmake_prefix_path.ps1'
[1.197s] INFO:colcon.colcon_core.shell:Creating environment descriptor '/home/marino-lc/ROS2dev/tesisx3_plus/install/omni_dofbot_bringup/share/omni_dofbot_bringup/hook/cmake_prefix_path.dsv'
[1.198s] INFO:colcon.colcon_core.shell:Creating environment hook '/home/marino-lc/ROS2dev/tesisx3_plus/install/omni_dofbot_bringup/share/omni_dofbot_bringup/hook/cmake_prefix_path.sh'
[1.198s] Level 1:colcon.colcon_core.environment:checking '/home/marino-lc/ROS2dev/tesisx3_plus/install/omni_dofbot_bringup/lib'
[1.198s] Level 1:colcon.colcon_core.environment:checking '/home/marino-lc/ROS2dev/tesisx3_plus/install/omni_dofbot_bringup/bin'
[1.198s] Level 1:colcon.colcon_core.environment:checking '/home/marino-lc/ROS2dev/tesisx3_plus/install/omni_dofbot_bringup/lib/pkgconfig/omni_dofbot_bringup.pc'
[1.199s] Level 1:colcon.colcon_core.environment:checking '/home/marino-lc/ROS2dev/tesisx3_plus/install/omni_dofbot_bringup/lib/python3.12/site-packages'
[1.199s] Level 1:colcon.colcon_core.shell:create_environment_hook('omni_dofbot_bringup', 'pythonpath')
[1.199s] INFO:colcon.colcon_core.shell:Creating environment hook '/home/marino-lc/ROS2dev/tesisx3_plus/install/omni_dofbot_bringup/share/omni_dofbot_bringup/hook/pythonpath.ps1'
[1.200s] INFO:colcon.colcon_core.shell:Creating environment descriptor '/home/marino-lc/ROS2dev/tesisx3_plus/install/omni_dofbot_bringup/share/omni_dofbot_bringup/hook/pythonpath.dsv'
[1.200s] INFO:colcon.colcon_core.shell:Creating environment hook '/home/marino-lc/ROS2dev/tesisx3_plus/install/omni_dofbot_bringup/share/omni_dofbot_bringup/hook/pythonpath.sh'
[1.201s] Level 1:colcon.colcon_core.environment:checking '/home/marino-lc/ROS2dev/tesisx3_plus/install/omni_dofbot_bringup/bin'
[1.201s] INFO:colcon.colcon_core.shell:Creating package script '/home/marino-lc/ROS2dev/tesisx3_plus/install/omni_dofbot_bringup/share/omni_dofbot_bringup/package.ps1'
[1.202s] INFO:colcon.colcon_core.shell:Creating package descriptor '/home/marino-lc/ROS2dev/tesisx3_plus/install/omni_dofbot_bringup/share/omni_dofbot_bringup/package.dsv'
[1.203s] INFO:colcon.colcon_core.shell:Creating package script '/home/marino-lc/ROS2dev/tesisx3_plus/install/omni_dofbot_bringup/share/omni_dofbot_bringup/package.sh'
[1.203s] INFO:colcon.colcon_core.shell:Creating package script '/home/marino-lc/ROS2dev/tesisx3_plus/install/omni_dofbot_bringup/share/omni_dofbot_bringup/package.bash'
[1.203s] INFO:colcon.colcon_core.shell:Creating package script '/home/marino-lc/ROS2dev/tesisx3_plus/install/omni_dofbot_bringup/share/omni_dofbot_bringup/package.zsh'
[1.204s] Level 1:colcon.colcon_core.environment:create_file_with_runtime_dependencies(/home/marino-lc/ROS2dev/tesisx3_plus/install/omni_dofbot_bringup/share/colcon-core/packages/omni_dofbot_bringup)
[1.204s] DEBUG:colcon.colcon_parallel_executor.executor.parallel:closing loop
[1.206s] DEBUG:colcon.colcon_parallel_executor.executor.parallel:loop closed
[1.206s] DEBUG:colcon.colcon_parallel_executor.executor.parallel:run_until_complete finished with '0'
[1.206s] DEBUG:colcon.colcon_core.event_reactor:joining thread
[1.215s] INFO:colcon.colcon_core.plugin_system:Skipping extension 'colcon_notification.desktop_notification.terminal_notifier': Not used on non-Darwin systems
[1.215s] INFO:colcon.colcon_core.plugin_system:Skipping extension 'colcon_notification.desktop_notification.win32': Not used on non-Windows systems
[1.215s] INFO:colcon.colcon_notification.desktop_notification:Sending desktop notification using 'notify2'
[1.235s] DEBUG:colcon.colcon_core.event_reactor:joined thread
[1.236s] INFO:colcon.colcon_core.shell:Creating prefix script '/home/marino-lc/ROS2dev/tesisx3_plus/install/local_setup.ps1'
[1.237s] INFO:colcon.colcon_core.shell:Creating prefix util module '/home/marino-lc/ROS2dev/tesisx3_plus/install/_local_setup_util_ps1.py'
[1.238s] INFO:colcon.colcon_core.shell:Creating prefix chain script '/home/marino-lc/ROS2dev/tesisx3_plus/install/setup.ps1'
[1.240s] INFO:colcon.colcon_core.shell:Creating prefix script '/home/marino-lc/ROS2dev/tesisx3_plus/install/local_setup.sh'
[1.240s] INFO:colcon.colcon_core.shell:Creating prefix util module '/home/marino-lc/ROS2dev/tesisx3_plus/install/_local_setup_util_sh.py'
[1.241s] INFO:colcon.colcon_core.shell:Creating prefix chain script '/home/marino-lc/ROS2dev/tesisx3_plus/install/setup.sh'
[1.242s] INFO:colcon.colcon_core.shell:Creating prefix script '/home/marino-lc/ROS2dev/tesisx3_plus/install/local_setup.bash'
[1.243s] INFO:colcon.colcon_core.shell:Creating prefix chain script '/home/marino-lc/ROS2dev/tesisx3_plus/install/setup.bash'
[1.244s] INFO:colcon.colcon_core.shell:Creating prefix script '/home/marino-lc/ROS2dev/tesisx3_plus/install/local_setup.zsh'
[1.244s] INFO:colcon.colcon_core.shell:Creating prefix chain script '/home/marino-lc/ROS2dev/tesisx3_plus/install/setup.zsh'
