[0.025s] Invoking command in '/home/marino-lc/ROS2dev/tesisx3_plus/build/omni_bringup': CMAKE_PREFIX_PATH=${CMAKE_PREFIX_PATH}:/opt/ros/jazzy DEBUGINFOD_URLS=https://debuginfod.ubuntu.com /usr/bin/cmake /home/marino-lc/ROS2dev/tesisx3_plus/src/omni_bringup -DCMAKE_INSTALL_PREFIX=/home/marino-lc/ROS2dev/tesisx3_plus/install/omni_bringup
[0.292s] -- The C compiler identification is GNU 13.3.0
[0.518s] -- The CXX compiler identification is GNU 13.3.0
[0.547s] -- Detecting C compiler ABI info
[0.705s] -- Detecting C compiler ABI info - done
[0.717s] -- Check for working C compiler: /usr/bin/cc - skipped
[0.718s] -- Detecting C compile features
[0.720s] -- Detecting C compile features - done
[0.735s] -- Detecting CXX compiler ABI info
[0.912s] -- Detecting CXX compiler ABI info - done
[0.922s] -- Check for working CXX compiler: /usr/bin/c++ - skipped
[0.923s] -- Detecting CXX compile features
[0.923s] -- Detecting CXX compile features - done
[0.947s] -- Found ament_cmake: 2.5.6 (/opt/ros/jazzy/share/ament_cmake/cmake)
[1.192s] -- Found Python3: /usr/bin/python3 (found version "3.12.3") found components: Interpreter 
[1.393s] -- Found rclpy: 7.1.11 (/opt/ros/jazzy/share/rclpy/cmake)
[1.401s] -- Found std_msgs: 5.3.8 (/opt/ros/jazzy/share/std_msgs/cmake)
[1.476s] -- Found rosidl_generator_c: 4.6.9 (/opt/ros/jazzy/share/rosidl_generator_c/cmake)
[1.505s] -- Found rosidl_generator_cpp: 4.6.9 (/opt/ros/jazzy/share/rosidl_generator_cpp/cmake)
[1.536s] -- Using all available rosidl_typesupport_c: rosidl_typesupport_fastrtps_c;rosidl_typesupport_introspection_c
[1.568s] -- Using all available rosidl_typesupport_cpp: rosidl_typesupport_fastrtps_cpp;rosidl_typesupport_introspection_cpp
[1.624s] -- Found control_msgs: 5.9.0 (/opt/ros/jazzy/share/control_msgs/cmake)
[2.150s] -- Configuring done (2.1s)
[2.161s] -- Generating done (0.0s)
[2.166s] -- Build files have been written to: /home/marino-lc/ROS2dev/tesisx3_plus/build/omni_bringup
[2.181s] Invoked command in '/home/marino-lc/ROS2dev/tesisx3_plus/build/omni_bringup' returned '0': CMAKE_PREFIX_PATH=${CMAKE_PREFIX_PATH}:/opt/ros/jazzy DEBUGINFOD_URLS=https://debuginfod.ubuntu.com /usr/bin/cmake /home/marino-lc/ROS2dev/tesisx3_plus/src/omni_bringup -DCMAKE_INSTALL_PREFIX=/home/marino-lc/ROS2dev/tesisx3_plus/install/omni_bringup
[2.181s] Invoking command in '/home/marino-lc/ROS2dev/tesisx3_plus/build/omni_bringup': CMAKE_PREFIX_PATH=${CMAKE_PREFIX_PATH}:/opt/ros/jazzy DEBUGINFOD_URLS=https://debuginfod.ubuntu.com /usr/bin/cmake --build /home/marino-lc/ROS2dev/tesisx3_plus/build/omni_bringup -- -j12 -l12
[2.278s] Built target ament_cmake_python_copy_omni_bringup
[2.521s] running egg_info
[2.521s] creating omni_bringup.egg-info
[2.536s] writing omni_bringup.egg-info/PKG-INFO
[2.536s] writing dependency_links to omni_bringup.egg-info/dependency_links.txt
[2.536s] writing top-level names to omni_bringup.egg-info/top_level.txt
[2.536s] writing manifest file 'omni_bringup.egg-info/SOURCES.txt'
[2.587s] reading manifest file 'omni_bringup.egg-info/SOURCES.txt'
[2.588s] writing manifest file 'omni_bringup.egg-info/SOURCES.txt'
[2.634s] Built target ament_cmake_python_build_omni_bringup_egg
[2.653s] Invoked command in '/home/marino-lc/ROS2dev/tesisx3_plus/build/omni_bringup' returned '0': CMAKE_PREFIX_PATH=${CMAKE_PREFIX_PATH}:/opt/ros/jazzy DEBUGINFOD_URLS=https://debuginfod.ubuntu.com /usr/bin/cmake --build /home/marino-lc/ROS2dev/tesisx3_plus/build/omni_bringup -- -j12 -l12
[2.654s] Invoking command in '/home/marino-lc/ROS2dev/tesisx3_plus/build/omni_bringup': CMAKE_PREFIX_PATH=${CMAKE_PREFIX_PATH}:/opt/ros/jazzy DEBUGINFOD_URLS=https://debuginfod.ubuntu.com /usr/bin/cmake --install /home/marino-lc/ROS2dev/tesisx3_plus/build/omni_bringup
[2.664s] -- Install configuration: ""
[2.664s] -- Installing: /home/marino-lc/ROS2dev/tesisx3_plus/install/omni_bringup/share/omni_bringup//launch
[2.664s] -- Installing: /home/marino-lc/ROS2dev/tesisx3_plus/install/omni_bringup/share/omni_bringup//launch/simple_velocity_controller.launch.py
[2.665s] -- Installing: /home/marino-lc/ROS2dev/tesisx3_plus/install/omni_bringup/share/omni_bringup//rviz
[2.665s] -- Installing: /home/marino-lc/ROS2dev/tesisx3_plus/install/omni_bringup/share/omni_bringup//rviz/omni_velocity_rviz.rviz
[2.666s] -- Installing: /home/marino-lc/ROS2dev/tesisx3_plus/install/omni_bringup/share/omni_bringup//world
[2.666s] -- Installing: /home/marino-lc/ROS2dev/tesisx3_plus/install/omni_bringup/share/omni_bringup//world/Mundo_mesa_y_cajas.world
[2.667s] -- Installing: /home/marino-lc/ROS2dev/tesisx3_plus/install/omni_bringup/share/omni_bringup/environment/pythonpath.sh
[2.667s] -- Installing: /home/marino-lc/ROS2dev/tesisx3_plus/install/omni_bringup/share/omni_bringup/environment/pythonpath.dsv
[2.667s] -- Installing: /home/marino-lc/ROS2dev/tesisx3_plus/install/omni_bringup/lib/python3.12/site-packages/omni_bringup-0.0.0-py3.12.egg-info
[2.667s] -- Installing: /home/marino-lc/ROS2dev/tesisx3_plus/install/omni_bringup/lib/python3.12/site-packages/omni_bringup-0.0.0-py3.12.egg-info/SOURCES.txt
[2.668s] -- Installing: /home/marino-lc/ROS2dev/tesisx3_plus/install/omni_bringup/lib/python3.12/site-packages/omni_bringup-0.0.0-py3.12.egg-info/PKG-INFO
[2.668s] -- Installing: /home/marino-lc/ROS2dev/tesisx3_plus/install/omni_bringup/lib/python3.12/site-packages/omni_bringup-0.0.0-py3.12.egg-info/dependency_links.txt
[2.668s] -- Installing: /home/marino-lc/ROS2dev/tesisx3_plus/install/omni_bringup/lib/python3.12/site-packages/omni_bringup-0.0.0-py3.12.egg-info/top_level.txt
[2.668s] -- Installing: /home/marino-lc/ROS2dev/tesisx3_plus/install/omni_bringup/lib/python3.12/site-packages/omni_bringup
[2.668s] -- Installing: /home/marino-lc/ROS2dev/tesisx3_plus/install/omni_bringup/lib/python3.12/site-packages/omni_bringup/__init__.py
[2.715s] Listing '/home/marino-lc/ROS2dev/tesisx3_plus/install/omni_bringup/lib/python3.12/site-packages/omni_bringup'...
[2.715s] Compiling '/home/marino-lc/ROS2dev/tesisx3_plus/install/omni_bringup/lib/python3.12/site-packages/omni_bringup/__init__.py'...
[2.720s] -- Installing: /home/marino-lc/ROS2dev/tesisx3_plus/install/omni_bringup/share/ament_index/resource_index/package_run_dependencies/omni_bringup
[2.721s] -- Installing: /home/marino-lc/ROS2dev/tesisx3_plus/install/omni_bringup/share/ament_index/resource_index/parent_prefix_path/omni_bringup
[2.721s] -- Installing: /home/marino-lc/ROS2dev/tesisx3_plus/install/omni_bringup/share/omni_bringup/environment/ament_prefix_path.sh
[2.721s] -- Installing: /home/marino-lc/ROS2dev/tesisx3_plus/install/omni_bringup/share/omni_bringup/environment/ament_prefix_path.dsv
[2.721s] -- Installing: /home/marino-lc/ROS2dev/tesisx3_plus/install/omni_bringup/share/omni_bringup/environment/path.sh
[2.721s] -- Installing: /home/marino-lc/ROS2dev/tesisx3_plus/install/omni_bringup/share/omni_bringup/environment/path.dsv
[2.721s] -- Installing: /home/marino-lc/ROS2dev/tesisx3_plus/install/omni_bringup/share/omni_bringup/local_setup.bash
[2.721s] -- Installing: /home/marino-lc/ROS2dev/tesisx3_plus/install/omni_bringup/share/omni_bringup/local_setup.sh
[2.722s] -- Installing: /home/marino-lc/ROS2dev/tesisx3_plus/install/omni_bringup/share/omni_bringup/local_setup.zsh
[2.722s] -- Installing: /home/marino-lc/ROS2dev/tesisx3_plus/install/omni_bringup/share/omni_bringup/local_setup.dsv
[2.722s] -- Installing: /home/marino-lc/ROS2dev/tesisx3_plus/install/omni_bringup/share/omni_bringup/package.dsv
[2.722s] -- Installing: /home/marino-lc/ROS2dev/tesisx3_plus/install/omni_bringup/share/ament_index/resource_index/packages/omni_bringup
[2.722s] -- Installing: /home/marino-lc/ROS2dev/tesisx3_plus/install/omni_bringup/share/omni_bringup/cmake/omni_bringupConfig.cmake
[2.723s] -- Installing: /home/marino-lc/ROS2dev/tesisx3_plus/install/omni_bringup/share/omni_bringup/cmake/omni_bringupConfig-version.cmake
[2.723s] -- Installing: /home/marino-lc/ROS2dev/tesisx3_plus/install/omni_bringup/share/omni_bringup/package.xml
[2.725s] Invoked command in '/home/marino-lc/ROS2dev/tesisx3_plus/build/omni_bringup' returned '0': CMAKE_PREFIX_PATH=${CMAKE_PREFIX_PATH}:/opt/ros/jazzy DEBUGINFOD_URLS=https://debuginfod.ubuntu.com /usr/bin/cmake --install /home/marino-lc/ROS2dev/tesisx3_plus/build/omni_bringup
