Built target ament_cmake_python_copy_omni_bringup
running egg_info
writing omni_bringup.egg-info/PKG-INFO
writing dependency_links to omni_bringup.egg-info/dependency_links.txt
writing top-level names to omni_bringup.egg-info/top_level.txt
reading manifest file 'omni_bringup.egg-info/SOURCES.txt'
writing manifest file 'omni_bringup.egg-info/SOURCES.txt'
Built target ament_cmake_python_build_omni_bringup_egg
-- Install configuration: ""
-- Up-to-date: /home/arrusr/ROSDev2/tesisx3_plus/install/omni_bringup/share/omni_bringup//launch
-- Up-to-date: /home/arrusr/ROSDev2/tesisx3_plus/install/omni_bringup/share/omni_bringup//launch/simple_velocity_controller.launch.py
-- Up-to-date: /home/arrusr/ROSDev2/tesisx3_plus/install/omni_bringup/share/omni_bringup//rviz
-- Up-to-date: /home/arrusr/ROSDev2/tesisx3_plus/install/omni_bringup/share/omni_bringup//rviz/omni_velocity_rviz.rviz
-- Up-to-date: /home/arrusr/ROSDev2/tesisx3_plus/install/omni_bringup/share/omni_bringup//world
-- Up-to-date: /home/arrusr/ROSDev2/tesisx3_plus/install/omni_bringup/share/omni_bringup//world/Mundo_mesa_y_cajas.world
-- Up-to-date: /home/arrusr/ROSDev2/tesisx3_plus/install/omni_bringup/share/omni_bringup/environment/pythonpath.sh
-- Up-to-date: /home/arrusr/ROSDev2/tesisx3_plus/install/omni_bringup/share/omni_bringup/environment/pythonpath.dsv
-- Up-to-date: /home/arrusr/ROSDev2/tesisx3_plus/install/omni_bringup/lib/python3.12/site-packages/omni_bringup-0.0.0-py3.12.egg-info
-- Installing: /home/arrusr/ROSDev2/tesisx3_plus/install/omni_bringup/lib/python3.12/site-packages/omni_bringup-0.0.0-py3.12.egg-info/top_level.txt
-- Installing: /home/arrusr/ROSDev2/tesisx3_plus/install/omni_bringup/lib/python3.12/site-packages/omni_bringup-0.0.0-py3.12.egg-info/SOURCES.txt
-- Installing: /home/arrusr/ROSDev2/tesisx3_plus/install/omni_bringup/lib/python3.12/site-packages/omni_bringup-0.0.0-py3.12.egg-info/dependency_links.txt
-- Installing: /home/arrusr/ROSDev2/tesisx3_plus/install/omni_bringup/lib/python3.12/site-packages/omni_bringup-0.0.0-py3.12.egg-info/PKG-INFO
-- Up-to-date: /home/arrusr/ROSDev2/tesisx3_plus/install/omni_bringup/lib/python3.12/site-packages/omni_bringup
-- Up-to-date: /home/arrusr/ROSDev2/tesisx3_plus/install/omni_bringup/lib/python3.12/site-packages/omni_bringup/__init__.py
Listing '/home/arrusr/ROSDev2/tesisx3_plus/install/omni_bringup/lib/python3.12/site-packages/omni_bringup'...
-- Up-to-date: /home/arrusr/ROSDev2/tesisx3_plus/install/omni_bringup/share/ament_index/resource_index/package_run_dependencies/omni_bringup
-- Up-to-date: /home/arrusr/ROSDev2/tesisx3_plus/install/omni_bringup/share/ament_index/resource_index/parent_prefix_path/omni_bringup
-- Up-to-date: /home/arrusr/ROSDev2/tesisx3_plus/install/omni_bringup/share/omni_bringup/environment/ament_prefix_path.sh
-- Up-to-date: /home/arrusr/ROSDev2/tesisx3_plus/install/omni_bringup/share/omni_bringup/environment/ament_prefix_path.dsv
-- Up-to-date: /home/arrusr/ROSDev2/tesisx3_plus/install/omni_bringup/share/omni_bringup/environment/path.sh
-- Up-to-date: /home/arrusr/ROSDev2/tesisx3_plus/install/omni_bringup/share/omni_bringup/environment/path.dsv
-- Up-to-date: /home/arrusr/ROSDev2/tesisx3_plus/install/omni_bringup/share/omni_bringup/local_setup.bash
-- Up-to-date: /home/arrusr/ROSDev2/tesisx3_plus/install/omni_bringup/share/omni_bringup/local_setup.sh
-- Up-to-date: /home/arrusr/ROSDev2/tesisx3_plus/install/omni_bringup/share/omni_bringup/local_setup.zsh
-- Up-to-date: /home/arrusr/ROSDev2/tesisx3_plus/install/omni_bringup/share/omni_bringup/local_setup.dsv
-- Installing: /home/arrusr/ROSDev2/tesisx3_plus/install/omni_bringup/share/omni_bringup/package.dsv
-- Up-to-date: /home/arrusr/ROSDev2/tesisx3_plus/install/omni_bringup/share/ament_index/resource_index/packages/omni_bringup
-- Up-to-date: /home/arrusr/ROSDev2/tesisx3_plus/install/omni_bringup/share/omni_bringup/cmake/omni_bringupConfig.cmake
-- Up-to-date: /home/arrusr/ROSDev2/tesisx3_plus/install/omni_bringup/share/omni_bringup/cmake/omni_bringupConfig-version.cmake
-- Up-to-date: /home/arrusr/ROSDev2/tesisx3_plus/install/omni_bringup/share/omni_bringup/package.xml
