[0.280s] DEBUG:colcon:Command line arguments: ['/usr/bin/colcon', 'build']
[0.281s] DEBUG:colcon:Parsed command line arguments: Namespace(log_base=None, log_level=None, verb_name='build', build_base='build', install_base='install', merge_install=False, symlink_install=False, test_result_base=None, continue_on_error=False, executor='parallel', parallel_workers=12, event_handlers=None, ignore_user_meta=False, metas=['./colcon.meta'], base_paths=['.'], packages_ignore=None, packages_ignore_regex=None, paths=None, packages_up_to=None, packages_up_to_regex=None, packages_above=None, packages_above_and_dependencies=None, packages_above_depth=None, packages_select_by_dep=None, packages_skip_by_dep=None, packages_skip_up_to=None, packages_select_build_failed=False, packages_skip_build_finished=False, packages_select_test_failures=False, packages_skip_test_passed=False, packages_select=None, packages_skip=None, packages_select_regex=None, packages_skip_regex=None, packages_start=None, packages_end=None, allow_overriding=[], cmake_args=None, cmake_target=None, cmake_target_skip_unavailable=False, cmake_clean_cache=False, cmake_clean_first=False, cmake_force_configure=False, ament_cmake_args=None, catkin_cmake_args=None, catkin_skip_building_tests=False, mixin_files=None, mixin=None, verb_parser=<colcon_mixin.mixin.mixin_argument.MixinArgumentDecorator object at 0x74fd080c7e60>, verb_extension=<colcon_core.verb.build.BuildVerb object at 0x74fd077d1df0>, main=<bound method BuildVerb.main of <colcon_core.verb.build.BuildVerb object at 0x74fd077d1df0>>, mixin_verb=('build',))
[0.407s] Level 1:colcon.colcon_core.package_discovery:discover_packages(colcon_meta) check parameters
[0.407s] Level 1:colcon.colcon_core.package_discovery:discover_packages(recursive) check parameters
[0.407s] Level 1:colcon.colcon_core.package_discovery:discover_packages(ignore) check parameters
[0.407s] Level 1:colcon.colcon_core.package_discovery:discover_packages(path) check parameters
[0.407s] Level 1:colcon.colcon_core.package_discovery:discover_packages(colcon_meta) discover
[0.407s] Level 1:colcon.colcon_core.package_discovery:discover_packages(recursive) discover
[0.407s] INFO:colcon.colcon_core.package_discovery:Crawling recursively for packages in '/home/marino-lc/ROS2dev/tesisx3_plus'
[0.407s] Level 1:colcon.colcon_core.package_identification:_identify(.) by extensions ['ignore', 'ignore_ament_install']
[0.408s] Level 1:colcon.colcon_core.package_identification:_identify(.) by extension 'ignore'
[0.408s] Level 1:colcon.colcon_core.package_identification:_identify(.) by extension 'ignore_ament_install'
[0.408s] Level 1:colcon.colcon_core.package_identification:_identify(.) by extensions ['colcon_pkg']
[0.408s] Level 1:colcon.colcon_core.package_identification:_identify(.) by extension 'colcon_pkg'
[0.408s] Level 1:colcon.colcon_core.package_identification:_identify(.) by extensions ['colcon_meta']
[0.408s] Level 1:colcon.colcon_core.package_identification:_identify(.) by extension 'colcon_meta'
[0.408s] Level 1:colcon.colcon_core.package_identification:_identify(.) by extensions ['ros']
[0.408s] Level 1:colcon.colcon_core.package_identification:_identify(.) by extension 'ros'
[0.445s] Level 1:colcon.colcon_core.package_identification:_identify(.) by extensions ['cmake', 'python']
[0.445s] Level 1:colcon.colcon_core.package_identification:_identify(.) by extension 'cmake'
[0.445s] Level 1:colcon.colcon_core.package_identification:_identify(.) by extension 'python'
[0.445s] Level 1:colcon.colcon_core.package_identification:_identify(.) by extensions ['python_setup_py']
[0.445s] Level 1:colcon.colcon_core.package_identification:_identify(.) by extension 'python_setup_py'
[0.446s] Level 1:colcon.colcon_core.package_identification:_identify(build) by extensions ['ignore', 'ignore_ament_install']
[0.446s] Level 1:colcon.colcon_core.package_identification:_identify(build) by extension 'ignore'
[0.446s] Level 1:colcon.colcon_core.package_identification:_identify(build) ignored
[0.446s] Level 1:colcon.colcon_core.package_identification:_identify(install) by extensions ['ignore', 'ignore_ament_install']
[0.446s] Level 1:colcon.colcon_core.package_identification:_identify(install) by extension 'ignore'
[0.446s] Level 1:colcon.colcon_core.package_identification:_identify(install) ignored
[0.446s] Level 1:colcon.colcon_core.package_identification:_identify(log) by extensions ['ignore', 'ignore_ament_install']
[0.446s] Level 1:colcon.colcon_core.package_identification:_identify(log) by extension 'ignore'
[0.447s] Level 1:colcon.colcon_core.package_identification:_identify(log) ignored
[0.447s] Level 1:colcon.colcon_core.package_identification:_identify(src) by extensions ['ignore', 'ignore_ament_install']
[0.447s] Level 1:colcon.colcon_core.package_identification:_identify(src) by extension 'ignore'
[0.447s] Level 1:colcon.colcon_core.package_identification:_identify(src) by extension 'ignore_ament_install'
[0.447s] Level 1:colcon.colcon_core.package_identification:_identify(src) by extensions ['colcon_pkg']
[0.447s] Level 1:colcon.colcon_core.package_identification:_identify(src) by extension 'colcon_pkg'
[0.447s] Level 1:colcon.colcon_core.package_identification:_identify(src) by extensions ['colcon_meta']
[0.447s] Level 1:colcon.colcon_core.package_identification:_identify(src) by extension 'colcon_meta'
[0.447s] Level 1:colcon.colcon_core.package_identification:_identify(src) by extensions ['ros']
[0.447s] Level 1:colcon.colcon_core.package_identification:_identify(src) by extension 'ros'
[0.447s] Level 1:colcon.colcon_core.package_identification:_identify(src) by extensions ['cmake', 'python']
[0.447s] Level 1:colcon.colcon_core.package_identification:_identify(src) by extension 'cmake'
[0.447s] Level 1:colcon.colcon_core.package_identification:_identify(src) by extension 'python'
[0.447s] Level 1:colcon.colcon_core.package_identification:_identify(src) by extensions ['python_setup_py']
[0.447s] Level 1:colcon.colcon_core.package_identification:_identify(src) by extension 'python_setup_py'
[0.447s] Level 1:colcon.colcon_core.package_identification:_identify(src/dofbot_bringup) by extensions ['ignore', 'ignore_ament_install']
[0.447s] Level 1:colcon.colcon_core.package_identification:_identify(src/dofbot_bringup) by extension 'ignore'
[0.448s] Level 1:colcon.colcon_core.package_identification:_identify(src/dofbot_bringup) by extension 'ignore_ament_install'
[0.448s] Level 1:colcon.colcon_core.package_identification:_identify(src/dofbot_bringup) by extensions ['colcon_pkg']
[0.448s] Level 1:colcon.colcon_core.package_identification:_identify(src/dofbot_bringup) by extension 'colcon_pkg'
[0.448s] Level 1:colcon.colcon_core.package_identification:_identify(src/dofbot_bringup) by extensions ['colcon_meta']
[0.448s] Level 1:colcon.colcon_core.package_identification:_identify(src/dofbot_bringup) by extension 'colcon_meta'
[0.448s] Level 1:colcon.colcon_core.package_identification:_identify(src/dofbot_bringup) by extensions ['ros']
[0.448s] Level 1:colcon.colcon_core.package_identification:_identify(src/dofbot_bringup) by extension 'ros'
[0.452s] DEBUG:colcon.colcon_core.package_identification:Package 'src/dofbot_bringup' with type 'ros.ament_cmake' and name 'dofbot_bringup'
[0.452s] Level 1:colcon.colcon_core.package_identification:_identify(src/dofbot_description) by extensions ['ignore', 'ignore_ament_install']
[0.452s] Level 1:colcon.colcon_core.package_identification:_identify(src/dofbot_description) by extension 'ignore'
[0.452s] Level 1:colcon.colcon_core.package_identification:_identify(src/dofbot_description) by extension 'ignore_ament_install'
[0.452s] Level 1:colcon.colcon_core.package_identification:_identify(src/dofbot_description) by extensions ['colcon_pkg']
[0.452s] Level 1:colcon.colcon_core.package_identification:_identify(src/dofbot_description) by extension 'colcon_pkg'
[0.452s] Level 1:colcon.colcon_core.package_identification:_identify(src/dofbot_description) by extensions ['colcon_meta']
[0.452s] Level 1:colcon.colcon_core.package_identification:_identify(src/dofbot_description) by extension 'colcon_meta'
[0.452s] Level 1:colcon.colcon_core.package_identification:_identify(src/dofbot_description) by extensions ['ros']
[0.452s] Level 1:colcon.colcon_core.package_identification:_identify(src/dofbot_description) by extension 'ros'
[0.453s] DEBUG:colcon.colcon_core.package_identification:Package 'src/dofbot_description' with type 'ros.ament_cmake' and name 'dofbot_description'
[0.453s] Level 1:colcon.colcon_core.package_identification:_identify(src/omni_bringup) by extensions ['ignore', 'ignore_ament_install']
[0.453s] Level 1:colcon.colcon_core.package_identification:_identify(src/omni_bringup) by extension 'ignore'
[0.454s] Level 1:colcon.colcon_core.package_identification:_identify(src/omni_bringup) by extension 'ignore_ament_install'
[0.454s] Level 1:colcon.colcon_core.package_identification:_identify(src/omni_bringup) by extensions ['colcon_pkg']
[0.454s] Level 1:colcon.colcon_core.package_identification:_identify(src/omni_bringup) by extension 'colcon_pkg'
[0.454s] Level 1:colcon.colcon_core.package_identification:_identify(src/omni_bringup) by extensions ['colcon_meta']
[0.454s] Level 1:colcon.colcon_core.package_identification:_identify(src/omni_bringup) by extension 'colcon_meta'
[0.454s] Level 1:colcon.colcon_core.package_identification:_identify(src/omni_bringup) by extensions ['ros']
[0.454s] Level 1:colcon.colcon_core.package_identification:_identify(src/omni_bringup) by extension 'ros'
[0.455s] DEBUG:colcon.colcon_core.package_identification:Package 'src/omni_bringup' with type 'ros.ament_cmake' and name 'omni_bringup'
[0.455s] Level 1:colcon.colcon_core.package_identification:_identify(src/omni_description) by extensions ['ignore', 'ignore_ament_install']
[0.455s] Level 1:colcon.colcon_core.package_identification:_identify(src/omni_description) by extension 'ignore'
[0.455s] Level 1:colcon.colcon_core.package_identification:_identify(src/omni_description) by extension 'ignore_ament_install'
[0.455s] Level 1:colcon.colcon_core.package_identification:_identify(src/omni_description) by extensions ['colcon_pkg']
[0.455s] Level 1:colcon.colcon_core.package_identification:_identify(src/omni_description) by extension 'colcon_pkg'
[0.455s] Level 1:colcon.colcon_core.package_identification:_identify(src/omni_description) by extensions ['colcon_meta']
[0.455s] Level 1:colcon.colcon_core.package_identification:_identify(src/omni_description) by extension 'colcon_meta'
[0.455s] Level 1:colcon.colcon_core.package_identification:_identify(src/omni_description) by extensions ['ros']
[0.455s] Level 1:colcon.colcon_core.package_identification:_identify(src/omni_description) by extension 'ros'
[0.456s] DEBUG:colcon.colcon_core.package_identification:Package 'src/omni_description' with type 'ros.ament_cmake' and name 'omni_description'
[0.456s] Level 1:colcon.colcon_core.package_identification:_identify(src/omni_dofbot_bringup) by extensions ['ignore', 'ignore_ament_install']
[0.456s] Level 1:colcon.colcon_core.package_identification:_identify(src/omni_dofbot_bringup) by extension 'ignore'
[0.456s] Level 1:colcon.colcon_core.package_identification:_identify(src/omni_dofbot_bringup) by extension 'ignore_ament_install'
[0.456s] Level 1:colcon.colcon_core.package_identification:_identify(src/omni_dofbot_bringup) by extensions ['colcon_pkg']
[0.456s] Level 1:colcon.colcon_core.package_identification:_identify(src/omni_dofbot_bringup) by extension 'colcon_pkg'
[0.456s] Level 1:colcon.colcon_core.package_identification:_identify(src/omni_dofbot_bringup) by extensions ['colcon_meta']
[0.456s] Level 1:colcon.colcon_core.package_identification:_identify(src/omni_dofbot_bringup) by extension 'colcon_meta'
[0.456s] Level 1:colcon.colcon_core.package_identification:_identify(src/omni_dofbot_bringup) by extensions ['ros']
[0.456s] Level 1:colcon.colcon_core.package_identification:_identify(src/omni_dofbot_bringup) by extension 'ros'
[0.457s] DEBUG:colcon.colcon_core.package_identification:Package 'src/omni_dofbot_bringup' with type 'ros.ament_cmake' and name 'omni_dofbot_bringup'
[0.457s] Level 1:colcon.colcon_core.package_identification:_identify(src/omni_dofbot_description) by extensions ['ignore', 'ignore_ament_install']
[0.457s] Level 1:colcon.colcon_core.package_identification:_identify(src/omni_dofbot_description) by extension 'ignore'
[0.457s] Level 1:colcon.colcon_core.package_identification:_identify(src/omni_dofbot_description) by extension 'ignore_ament_install'
[0.457s] Level 1:colcon.colcon_core.package_identification:_identify(src/omni_dofbot_description) by extensions ['colcon_pkg']
[0.457s] Level 1:colcon.colcon_core.package_identification:_identify(src/omni_dofbot_description) by extension 'colcon_pkg'
[0.457s] Level 1:colcon.colcon_core.package_identification:_identify(src/omni_dofbot_description) by extensions ['colcon_meta']
[0.457s] Level 1:colcon.colcon_core.package_identification:_identify(src/omni_dofbot_description) by extension 'colcon_meta'
[0.457s] Level 1:colcon.colcon_core.package_identification:_identify(src/omni_dofbot_description) by extensions ['ros']
[0.457s] Level 1:colcon.colcon_core.package_identification:_identify(src/omni_dofbot_description) by extension 'ros'
[0.458s] DEBUG:colcon.colcon_core.package_identification:Package 'src/omni_dofbot_description' with type 'ros.ament_cmake' and name 'omni_dofbot_description'
[0.458s] Level 1:colcon.colcon_core.package_discovery:discover_packages(recursive) using defaults
[0.458s] Level 1:colcon.colcon_core.package_discovery:discover_packages(ignore) discover
[0.458s] Level 1:colcon.colcon_core.package_discovery:discover_packages(ignore) using defaults
[0.458s] Level 1:colcon.colcon_core.package_discovery:discover_packages(path) discover
[0.458s] Level 1:colcon.colcon_core.package_discovery:discover_packages(path) using defaults
[0.496s] Level 1:colcon.colcon_core.package_discovery:discover_packages(prefix_path) check parameters
[0.496s] Level 1:colcon.colcon_core.package_discovery:discover_packages(prefix_path) discover
[0.503s] DEBUG:colcon.colcon_installed_package_information.package_discovery:Found 6 installed packages in /home/marino-lc/ROS2dev/tesisx3_plus/install
[0.504s] DEBUG:colcon.colcon_installed_package_information.package_discovery:Found 1 installed packages in /home/marino-lc/gz_fix_ws/install
[0.506s] DEBUG:colcon.colcon_installed_package_information.package_discovery:Found 430 installed packages in /opt/ros/jazzy
[0.507s] Level 1:colcon.colcon_core.package_discovery:discover_packages(prefix_path) using defaults
[0.572s] Level 5:colcon.colcon_core.verb:set package 'dofbot_bringup' build argument 'cmake_args' from command line to 'None'
[0.572s] Level 5:colcon.colcon_core.verb:set package 'dofbot_bringup' build argument 'cmake_target' from command line to 'None'
[0.572s] Level 5:colcon.colcon_core.verb:set package 'dofbot_bringup' build argument 'cmake_target_skip_unavailable' from command line to 'False'
[0.572s] Level 5:colcon.colcon_core.verb:set package 'dofbot_bringup' build argument 'cmake_clean_cache' from command line to 'False'
[0.572s] Level 5:colcon.colcon_core.verb:set package 'dofbot_bringup' build argument 'cmake_clean_first' from command line to 'False'
[0.572s] Level 5:colcon.colcon_core.verb:set package 'dofbot_bringup' build argument 'cmake_force_configure' from command line to 'False'
[0.572s] Level 5:colcon.colcon_core.verb:set package 'dofbot_bringup' build argument 'ament_cmake_args' from command line to 'None'
[0.572s] Level 5:colcon.colcon_core.verb:set package 'dofbot_bringup' build argument 'catkin_cmake_args' from command line to 'None'
[0.572s] Level 5:colcon.colcon_core.verb:set package 'dofbot_bringup' build argument 'catkin_skip_building_tests' from command line to 'False'
[0.572s] DEBUG:colcon.colcon_core.verb:Building package 'dofbot_bringup' with the following arguments: {'ament_cmake_args': None, 'build_base': '/home/marino-lc/ROS2dev/tesisx3_plus/build/dofbot_bringup', 'catkin_cmake_args': None, 'catkin_skip_building_tests': False, 'cmake_args': None, 'cmake_clean_cache': False, 'cmake_clean_first': False, 'cmake_force_configure': False, 'cmake_target': None, 'cmake_target_skip_unavailable': False, 'install_base': '/home/marino-lc/ROS2dev/tesisx3_plus/install/dofbot_bringup', 'merge_install': False, 'path': '/home/marino-lc/ROS2dev/tesisx3_plus/src/dofbot_bringup', 'symlink_install': False, 'test_result_base': None}
[0.572s] Level 5:colcon.colcon_core.verb:set package 'dofbot_description' build argument 'cmake_args' from command line to 'None'
[0.572s] Level 5:colcon.colcon_core.verb:set package 'dofbot_description' build argument 'cmake_target' from command line to 'None'
[0.572s] Level 5:colcon.colcon_core.verb:set package 'dofbot_description' build argument 'cmake_target_skip_unavailable' from command line to 'False'
[0.572s] Level 5:colcon.colcon_core.verb:set package 'dofbot_description' build argument 'cmake_clean_cache' from command line to 'False'
[0.572s] Level 5:colcon.colcon_core.verb:set package 'dofbot_description' build argument 'cmake_clean_first' from command line to 'False'
[0.573s] Level 5:colcon.colcon_core.verb:set package 'dofbot_description' build argument 'cmake_force_configure' from command line to 'False'
[0.573s] Level 5:colcon.colcon_core.verb:set package 'dofbot_description' build argument 'ament_cmake_args' from command line to 'None'
[0.573s] Level 5:colcon.colcon_core.verb:set package 'dofbot_description' build argument 'catkin_cmake_args' from command line to 'None'
[0.573s] Level 5:colcon.colcon_core.verb:set package 'dofbot_description' build argument 'catkin_skip_building_tests' from command line to 'False'
[0.573s] DEBUG:colcon.colcon_core.verb:Building package 'dofbot_description' with the following arguments: {'ament_cmake_args': None, 'build_base': '/home/marino-lc/ROS2dev/tesisx3_plus/build/dofbot_description', 'catkin_cmake_args': None, 'catkin_skip_building_tests': False, 'cmake_args': None, 'cmake_clean_cache': False, 'cmake_clean_first': False, 'cmake_force_configure': False, 'cmake_target': None, 'cmake_target_skip_unavailable': False, 'install_base': '/home/marino-lc/ROS2dev/tesisx3_plus/install/dofbot_description', 'merge_install': False, 'path': '/home/marino-lc/ROS2dev/tesisx3_plus/src/dofbot_description', 'symlink_install': False, 'test_result_base': None}
[0.573s] Level 5:colcon.colcon_core.verb:set package 'omni_bringup' build argument 'cmake_args' from command line to 'None'
[0.573s] Level 5:colcon.colcon_core.verb:set package 'omni_bringup' build argument 'cmake_target' from command line to 'None'
[0.573s] Level 5:colcon.colcon_core.verb:set package 'omni_bringup' build argument 'cmake_target_skip_unavailable' from command line to 'False'
[0.573s] Level 5:colcon.colcon_core.verb:set package 'omni_bringup' build argument 'cmake_clean_cache' from command line to 'False'
[0.573s] Level 5:colcon.colcon_core.verb:set package 'omni_bringup' build argument 'cmake_clean_first' from command line to 'False'
[0.573s] Level 5:colcon.colcon_core.verb:set package 'omni_bringup' build argument 'cmake_force_configure' from command line to 'False'
[0.573s] Level 5:colcon.colcon_core.verb:set package 'omni_bringup' build argument 'ament_cmake_args' from command line to 'None'
[0.573s] Level 5:colcon.colcon_core.verb:set package 'omni_bringup' build argument 'catkin_cmake_args' from command line to 'None'
[0.573s] Level 5:colcon.colcon_core.verb:set package 'omni_bringup' build argument 'catkin_skip_building_tests' from command line to 'False'
[0.573s] DEBUG:colcon.colcon_core.verb:Building package 'omni_bringup' with the following arguments: {'ament_cmake_args': None, 'build_base': '/home/marino-lc/ROS2dev/tesisx3_plus/build/omni_bringup', 'catkin_cmake_args': None, 'catkin_skip_building_tests': False, 'cmake_args': None, 'cmake_clean_cache': False, 'cmake_clean_first': False, 'cmake_force_configure': False, 'cmake_target': None, 'cmake_target_skip_unavailable': False, 'install_base': '/home/marino-lc/ROS2dev/tesisx3_plus/install/omni_bringup', 'merge_install': False, 'path': '/home/marino-lc/ROS2dev/tesisx3_plus/src/omni_bringup', 'symlink_install': False, 'test_result_base': None}
[0.573s] Level 5:colcon.colcon_core.verb:set package 'omni_description' build argument 'cmake_args' from command line to 'None'
[0.573s] Level 5:colcon.colcon_core.verb:set package 'omni_description' build argument 'cmake_target' from command line to 'None'
[0.573s] Level 5:colcon.colcon_core.verb:set package 'omni_description' build argument 'cmake_target_skip_unavailable' from command line to 'False'
[0.573s] Level 5:colcon.colcon_core.verb:set package 'omni_description' build argument 'cmake_clean_cache' from command line to 'False'
[0.573s] Level 5:colcon.colcon_core.verb:set package 'omni_description' build argument 'cmake_clean_first' from command line to 'False'
[0.573s] Level 5:colcon.colcon_core.verb:set package 'omni_description' build argument 'cmake_force_configure' from command line to 'False'
[0.573s] Level 5:colcon.colcon_core.verb:set package 'omni_description' build argument 'ament_cmake_args' from command line to 'None'
[0.573s] Level 5:colcon.colcon_core.verb:set package 'omni_description' build argument 'catkin_cmake_args' from command line to 'None'
[0.573s] Level 5:colcon.colcon_core.verb:set package 'omni_description' build argument 'catkin_skip_building_tests' from command line to 'False'
[0.573s] DEBUG:colcon.colcon_core.verb:Building package 'omni_description' with the following arguments: {'ament_cmake_args': None, 'build_base': '/home/marino-lc/ROS2dev/tesisx3_plus/build/omni_description', 'catkin_cmake_args': None, 'catkin_skip_building_tests': False, 'cmake_args': None, 'cmake_clean_cache': False, 'cmake_clean_first': False, 'cmake_force_configure': False, 'cmake_target': None, 'cmake_target_skip_unavailable': False, 'install_base': '/home/marino-lc/ROS2dev/tesisx3_plus/install/omni_description', 'merge_install': False, 'path': '/home/marino-lc/ROS2dev/tesisx3_plus/src/omni_description', 'symlink_install': False, 'test_result_base': None}
[0.573s] Level 5:colcon.colcon_core.verb:set package 'omni_dofbot_bringup' build argument 'cmake_args' from command line to 'None'
[0.573s] Level 5:colcon.colcon_core.verb:set package 'omni_dofbot_bringup' build argument 'cmake_target' from command line to 'None'
[0.573s] Level 5:colcon.colcon_core.verb:set package 'omni_dofbot_bringup' build argument 'cmake_target_skip_unavailable' from command line to 'False'
[0.573s] Level 5:colcon.colcon_core.verb:set package 'omni_dofbot_bringup' build argument 'cmake_clean_cache' from command line to 'False'
[0.573s] Level 5:colcon.colcon_core.verb:set package 'omni_dofbot_bringup' build argument 'cmake_clean_first' from command line to 'False'
[0.573s] Level 5:colcon.colcon_core.verb:set package 'omni_dofbot_bringup' build argument 'cmake_force_configure' from command line to 'False'
[0.574s] Level 5:colcon.colcon_core.verb:set package 'omni_dofbot_bringup' build argument 'ament_cmake_args' from command line to 'None'
[0.574s] Level 5:colcon.colcon_core.verb:set package 'omni_dofbot_bringup' build argument 'catkin_cmake_args' from command line to 'None'
[0.574s] Level 5:colcon.colcon_core.verb:set package 'omni_dofbot_bringup' build argument 'catkin_skip_building_tests' from command line to 'False'
[0.574s] DEBUG:colcon.colcon_core.verb:Building package 'omni_dofbot_bringup' with the following arguments: {'ament_cmake_args': None, 'build_base': '/home/marino-lc/ROS2dev/tesisx3_plus/build/omni_dofbot_bringup', 'catkin_cmake_args': None, 'catkin_skip_building_tests': False, 'cmake_args': None, 'cmake_clean_cache': False, 'cmake_clean_first': False, 'cmake_force_configure': False, 'cmake_target': None, 'cmake_target_skip_unavailable': False, 'install_base': '/home/marino-lc/ROS2dev/tesisx3_plus/install/omni_dofbot_bringup', 'merge_install': False, 'path': '/home/marino-lc/ROS2dev/tesisx3_plus/src/omni_dofbot_bringup', 'symlink_install': False, 'test_result_base': None}
[0.574s] Level 5:colcon.colcon_core.verb:set package 'omni_dofbot_description' build argument 'cmake_args' from command line to 'None'
[0.574s] Level 5:colcon.colcon_core.verb:set package 'omni_dofbot_description' build argument 'cmake_target' from command line to 'None'
[0.574s] Level 5:colcon.colcon_core.verb:set package 'omni_dofbot_description' build argument 'cmake_target_skip_unavailable' from command line to 'False'
[0.574s] Level 5:colcon.colcon_core.verb:set package 'omni_dofbot_description' build argument 'cmake_clean_cache' from command line to 'False'
[0.574s] Level 5:colcon.colcon_core.verb:set package 'omni_dofbot_description' build argument 'cmake_clean_first' from command line to 'False'
[0.574s] Level 5:colcon.colcon_core.verb:set package 'omni_dofbot_description' build argument 'cmake_force_configure' from command line to 'False'
[0.574s] Level 5:colcon.colcon_core.verb:set package 'omni_dofbot_description' build argument 'ament_cmake_args' from command line to 'None'
[0.574s] Level 5:colcon.colcon_core.verb:set package 'omni_dofbot_description' build argument 'catkin_cmake_args' from command line to 'None'
[0.574s] Level 5:colcon.colcon_core.verb:set package 'omni_dofbot_description' build argument 'catkin_skip_building_tests' from command line to 'False'
[0.574s] DEBUG:colcon.colcon_core.verb:Building package 'omni_dofbot_description' with the following arguments: {'ament_cmake_args': None, 'build_base': '/home/marino-lc/ROS2dev/tesisx3_plus/build/omni_dofbot_description', 'catkin_cmake_args': None, 'catkin_skip_building_tests': False, 'cmake_args': None, 'cmake_clean_cache': False, 'cmake_clean_first': False, 'cmake_force_configure': False, 'cmake_target': None, 'cmake_target_skip_unavailable': False, 'install_base': '/home/marino-lc/ROS2dev/tesisx3_plus/install/omni_dofbot_description', 'merge_install': False, 'path': '/home/marino-lc/ROS2dev/tesisx3_plus/src/omni_dofbot_description', 'symlink_install': False, 'test_result_base': None}
[0.574s] INFO:colcon.colcon_core.executor:Executing jobs using 'parallel' executor
[0.576s] DEBUG:colcon.colcon_parallel_executor.executor.parallel:run_until_complete
[0.576s] INFO:colcon.colcon_ros.task.ament_cmake.build:Building ROS package in '/home/marino-lc/ROS2dev/tesisx3_plus/src/dofbot_bringup' with build type 'ament_cmake'
[0.576s] INFO:colcon.colcon_cmake.task.cmake.build:Building CMake package in '/home/marino-lc/ROS2dev/tesisx3_plus/src/dofbot_bringup'
[0.586s] INFO:colcon.colcon_core.plugin_system:Skipping extension 'colcon_core.shell.bat': Not used on non-Windows systems
[0.587s] INFO:colcon.colcon_core.shell:Skip shell extension 'powershell' for command environment: Not usable outside of PowerShell
[0.587s] DEBUG:colcon.colcon_core.shell:Skip shell extension 'dsv' for command environment
[0.594s] INFO:colcon.colcon_ros.task.ament_cmake.build:Building ROS package in '/home/marino-lc/ROS2dev/tesisx3_plus/src/dofbot_description' with build type 'ament_cmake'
[0.594s] INFO:colcon.colcon_cmake.task.cmake.build:Building CMake package in '/home/marino-lc/ROS2dev/tesisx3_plus/src/dofbot_description'
[0.595s] INFO:colcon.colcon_core.shell:Skip shell extension 'powershell' for command environment: Not usable outside of PowerShell
[0.595s] DEBUG:colcon.colcon_core.shell:Skip shell extension 'dsv' for command environment
[0.602s] INFO:colcon.colcon_ros.task.ament_cmake.build:Building ROS package in '/home/marino-lc/ROS2dev/tesisx3_plus/src/omni_bringup' with build type 'ament_cmake'
[0.602s] INFO:colcon.colcon_cmake.task.cmake.build:Building CMake package in '/home/marino-lc/ROS2dev/tesisx3_plus/src/omni_bringup'
[0.603s] INFO:colcon.colcon_core.shell:Skip shell extension 'powershell' for command environment: Not usable outside of PowerShell
[0.603s] DEBUG:colcon.colcon_core.shell:Skip shell extension 'dsv' for command environment
[0.608s] INFO:colcon.colcon_ros.task.ament_cmake.build:Building ROS package in '/home/marino-lc/ROS2dev/tesisx3_plus/src/omni_description' with build type 'ament_cmake'
[0.608s] INFO:colcon.colcon_cmake.task.cmake.build:Building CMake package in '/home/marino-lc/ROS2dev/tesisx3_plus/src/omni_description'
[0.609s] INFO:colcon.colcon_core.shell:Skip shell extension 'powershell' for command environment: Not usable outside of PowerShell
[0.609s] DEBUG:colcon.colcon_core.shell:Skip shell extension 'dsv' for command environment
[0.615s] INFO:colcon.colcon_ros.task.ament_cmake.build:Building ROS package in '/home/marino-lc/ROS2dev/tesisx3_plus/src/omni_dofbot_bringup' with build type 'ament_cmake'
[0.616s] INFO:colcon.colcon_cmake.task.cmake.build:Building CMake package in '/home/marino-lc/ROS2dev/tesisx3_plus/src/omni_dofbot_bringup'
[0.616s] INFO:colcon.colcon_core.shell:Skip shell extension 'powershell' for command environment: Not usable outside of PowerShell
[0.617s] DEBUG:colcon.colcon_core.shell:Skip shell extension 'dsv' for command environment
[0.622s] INFO:colcon.colcon_ros.task.ament_cmake.build:Building ROS package in '/home/marino-lc/ROS2dev/tesisx3_plus/src/omni_dofbot_description' with build type 'ament_cmake'
[0.622s] INFO:colcon.colcon_cmake.task.cmake.build:Building CMake package in '/home/marino-lc/ROS2dev/tesisx3_plus/src/omni_dofbot_description'
[0.623s] INFO:colcon.colcon_core.shell:Skip shell extension 'powershell' for command environment: Not usable outside of PowerShell
[0.623s] DEBUG:colcon.colcon_core.shell:Skip shell extension 'dsv' for command environment
[0.637s] DEBUG:colcon.colcon_core.event_handler.log_command:Invoking command in '/home/marino-lc/ROS2dev/tesisx3_plus/build/dofbot_bringup': CMAKE_PREFIX_PATH=${CMAKE_PREFIX_PATH}:/opt/ros/jazzy DEBUGINFOD_URLS=https://debuginfod.ubuntu.com /usr/bin/cmake --build /home/marino-lc/ROS2dev/tesisx3_plus/build/dofbot_bringup -- -j12 -l12
[0.644s] DEBUG:colcon.colcon_core.event_handler.log_command:Invoking command in '/home/marino-lc/ROS2dev/tesisx3_plus/build/dofbot_description': CMAKE_PREFIX_PATH=${CMAKE_PREFIX_PATH}:/opt/ros/jazzy DEBUGINFOD_URLS=https://debuginfod.ubuntu.com /usr/bin/cmake --build /home/marino-lc/ROS2dev/tesisx3_plus/build/dofbot_description -- -j12 -l12
[0.650s] DEBUG:colcon.colcon_core.event_handler.log_command:Invoking command in '/home/marino-lc/ROS2dev/tesisx3_plus/build/omni_bringup': CMAKE_PREFIX_PATH=${CMAKE_PREFIX_PATH}:/opt/ros/jazzy DEBUGINFOD_URLS=https://debuginfod.ubuntu.com /usr/bin/cmake --build /home/marino-lc/ROS2dev/tesisx3_plus/build/omni_bringup -- -j12 -l12
[0.655s] DEBUG:colcon.colcon_core.event_handler.log_command:Invoking command in '/home/marino-lc/ROS2dev/tesisx3_plus/build/omni_description': CMAKE_PREFIX_PATH=${CMAKE_PREFIX_PATH}:/opt/ros/jazzy DEBUGINFOD_URLS=https://debuginfod.ubuntu.com /usr/bin/cmake --build /home/marino-lc/ROS2dev/tesisx3_plus/build/omni_description -- -j12 -l12
[0.658s] DEBUG:colcon.colcon_core.event_handler.log_command:Invoking command in '/home/marino-lc/ROS2dev/tesisx3_plus/build/omni_dofbot_bringup': CMAKE_PREFIX_PATH=${CMAKE_PREFIX_PATH}:/opt/ros/jazzy DEBUGINFOD_URLS=https://debuginfod.ubuntu.com /usr/bin/cmake --build /home/marino-lc/ROS2dev/tesisx3_plus/build/omni_dofbot_bringup -- -j12 -l12
[0.675s] DEBUG:colcon.colcon_core.event_handler.log_command:Invoking command in '/home/marino-lc/ROS2dev/tesisx3_plus/build/omni_dofbot_description': CMAKE_PREFIX_PATH=${CMAKE_PREFIX_PATH}:/opt/ros/jazzy DEBUGINFOD_URLS=https://debuginfod.ubuntu.com /usr/bin/cmake --build /home/marino-lc/ROS2dev/tesisx3_plus/build/omni_dofbot_description -- -j12 -l12
[0.816s] DEBUG:colcon.colcon_core.event_handler.log_command:Invoked command in '/home/marino-lc/ROS2dev/tesisx3_plus/build/omni_dofbot_description' returned '0': CMAKE_PREFIX_PATH=${CMAKE_PREFIX_PATH}:/opt/ros/jazzy DEBUGINFOD_URLS=https://debuginfod.ubuntu.com /usr/bin/cmake --build /home/marino-lc/ROS2dev/tesisx3_plus/build/omni_dofbot_description -- -j12 -l12
[0.838s] DEBUG:colcon.colcon_core.event_handler.log_command:Invoking command in '/home/marino-lc/ROS2dev/tesisx3_plus/build/omni_dofbot_description': CMAKE_PREFIX_PATH=${CMAKE_PREFIX_PATH}:/opt/ros/jazzy DEBUGINFOD_URLS=https://debuginfod.ubuntu.com /usr/bin/cmake --install /home/marino-lc/ROS2dev/tesisx3_plus/build/omni_dofbot_description
[0.840s] DEBUG:colcon.colcon_core.event_handler.log_command:Invoked command in '/home/marino-lc/ROS2dev/tesisx3_plus/build/omni_description' returned '0': CMAKE_PREFIX_PATH=${CMAKE_PREFIX_PATH}:/opt/ros/jazzy DEBUGINFOD_URLS=https://debuginfod.ubuntu.com /usr/bin/cmake --build /home/marino-lc/ROS2dev/tesisx3_plus/build/omni_description -- -j12 -l12
[0.842s] DEBUG:colcon.colcon_core.event_handler.log_command:Invoking command in '/home/marino-lc/ROS2dev/tesisx3_plus/build/omni_description': CMAKE_PREFIX_PATH=${CMAKE_PREFIX_PATH}:/opt/ros/jazzy DEBUGINFOD_URLS=https://debuginfod.ubuntu.com /usr/bin/cmake --install /home/marino-lc/ROS2dev/tesisx3_plus/build/omni_description
[0.843s] DEBUG:colcon.colcon_core.event_handler.log_command:Invoked command in '/home/marino-lc/ROS2dev/tesisx3_plus/build/dofbot_description' returned '0': CMAKE_PREFIX_PATH=${CMAKE_PREFIX_PATH}:/opt/ros/jazzy DEBUGINFOD_URLS=https://debuginfod.ubuntu.com /usr/bin/cmake --build /home/marino-lc/ROS2dev/tesisx3_plus/build/dofbot_description -- -j12 -l12
[0.846s] DEBUG:colcon.colcon_core.event_handler.log_command:Invoking command in '/home/marino-lc/ROS2dev/tesisx3_plus/build/dofbot_description': CMAKE_PREFIX_PATH=${CMAKE_PREFIX_PATH}:/opt/ros/jazzy DEBUGINFOD_URLS=https://debuginfod.ubuntu.com /usr/bin/cmake --install /home/marino-lc/ROS2dev/tesisx3_plus/build/dofbot_description
[0.866s] Level 1:colcon.colcon_core.environment:create_environment_scripts_only(omni_dofbot_description)
[0.870s] DEBUG:colcon.colcon_core.event_handler.log_command:Invoked command in '/home/marino-lc/ROS2dev/tesisx3_plus/build/omni_dofbot_description' returned '0': CMAKE_PREFIX_PATH=${CMAKE_PREFIX_PATH}:/opt/ros/jazzy DEBUGINFOD_URLS=https://debuginfod.ubuntu.com /usr/bin/cmake --install /home/marino-lc/ROS2dev/tesisx3_plus/build/omni_dofbot_description
[0.884s] Level 1:colcon.colcon_core.environment:checking '/home/marino-lc/ROS2dev/tesisx3_plus/install/omni_dofbot_description' for CMake module files
[0.885s] Level 1:colcon.colcon_core.environment:checking '/home/marino-lc/ROS2dev/tesisx3_plus/install/omni_dofbot_description' for CMake config files
[0.886s] Level 1:colcon.colcon_core.shell:create_environment_hook('omni_dofbot_description', 'cmake_prefix_path')
[0.886s] INFO:colcon.colcon_core.shell:Creating environment hook '/home/marino-lc/ROS2dev/tesisx3_plus/install/omni_dofbot_description/share/omni_dofbot_description/hook/cmake_prefix_path.ps1'
[0.888s] INFO:colcon.colcon_core.shell:Creating environment descriptor '/home/marino-lc/ROS2dev/tesisx3_plus/install/omni_dofbot_description/share/omni_dofbot_description/hook/cmake_prefix_path.dsv'
[0.890s] INFO:colcon.colcon_core.shell:Creating environment hook '/home/marino-lc/ROS2dev/tesisx3_plus/install/omni_dofbot_description/share/omni_dofbot_description/hook/cmake_prefix_path.sh'
[0.892s] Level 1:colcon.colcon_core.environment:checking '/home/marino-lc/ROS2dev/tesisx3_plus/install/omni_dofbot_description/bin'
[0.892s] Level 1:colcon.colcon_core.environment:checking '/home/marino-lc/ROS2dev/tesisx3_plus/install/omni_dofbot_description/lib/pkgconfig/omni_dofbot_description.pc'
[0.893s] Level 1:colcon.colcon_core.environment:checking '/home/marino-lc/ROS2dev/tesisx3_plus/install/omni_dofbot_description/lib/python3.12/site-packages'
[0.893s] Level 1:colcon.colcon_core.environment:checking '/home/marino-lc/ROS2dev/tesisx3_plus/install/omni_dofbot_description/bin'
[0.893s] INFO:colcon.colcon_core.shell:Creating package script '/home/marino-lc/ROS2dev/tesisx3_plus/install/omni_dofbot_description/share/omni_dofbot_description/package.ps1'
[0.896s] INFO:colcon.colcon_core.shell:Creating package descriptor '/home/marino-lc/ROS2dev/tesisx3_plus/install/omni_dofbot_description/share/omni_dofbot_description/package.dsv'
[0.897s] INFO:colcon.colcon_core.shell:Creating package script '/home/marino-lc/ROS2dev/tesisx3_plus/install/omni_dofbot_description/share/omni_dofbot_description/package.sh'
[0.899s] INFO:colcon.colcon_core.shell:Creating package script '/home/marino-lc/ROS2dev/tesisx3_plus/install/omni_dofbot_description/share/omni_dofbot_description/package.bash'
[0.902s] INFO:colcon.colcon_core.shell:Creating package script '/home/marino-lc/ROS2dev/tesisx3_plus/install/omni_dofbot_description/share/omni_dofbot_description/package.zsh'
[0.904s] Level 1:colcon.colcon_core.environment:create_file_with_runtime_dependencies(/home/marino-lc/ROS2dev/tesisx3_plus/install/omni_dofbot_description/share/colcon-core/packages/omni_dofbot_description)
[0.905s] Level 1:colcon.colcon_core.environment:create_environment_scripts_only(omni_dofbot_description)
[0.906s] Level 1:colcon.colcon_core.environment:checking '/home/marino-lc/ROS2dev/tesisx3_plus/install/omni_dofbot_description' for CMake module files
[0.906s] Level 1:colcon.colcon_core.environment:checking '/home/marino-lc/ROS2dev/tesisx3_plus/install/omni_dofbot_description' for CMake config files
[0.907s] Level 1:colcon.colcon_core.shell:create_environment_hook('omni_dofbot_description', 'cmake_prefix_path')
[0.907s] INFO:colcon.colcon_core.shell:Creating environment hook '/home/marino-lc/ROS2dev/tesisx3_plus/install/omni_dofbot_description/share/omni_dofbot_description/hook/cmake_prefix_path.ps1'
[0.907s] INFO:colcon.colcon_core.shell:Creating environment descriptor '/home/marino-lc/ROS2dev/tesisx3_plus/install/omni_dofbot_description/share/omni_dofbot_description/hook/cmake_prefix_path.dsv'
[0.908s] INFO:colcon.colcon_core.shell:Creating environment hook '/home/marino-lc/ROS2dev/tesisx3_plus/install/omni_dofbot_description/share/omni_dofbot_description/hook/cmake_prefix_path.sh'
[0.909s] Level 1:colcon.colcon_core.environment:checking '/home/marino-lc/ROS2dev/tesisx3_plus/install/omni_dofbot_description/bin'
[0.909s] Level 1:colcon.colcon_core.environment:checking '/home/marino-lc/ROS2dev/tesisx3_plus/install/omni_dofbot_description/lib/pkgconfig/omni_dofbot_description.pc'
[0.909s] Level 1:colcon.colcon_core.environment:checking '/home/marino-lc/ROS2dev/tesisx3_plus/install/omni_dofbot_description/lib/python3.12/site-packages'
[0.910s] Level 1:colcon.colcon_core.environment:checking '/home/marino-lc/ROS2dev/tesisx3_plus/install/omni_dofbot_description/bin'
[0.910s] INFO:colcon.colcon_core.shell:Creating package script '/home/marino-lc/ROS2dev/tesisx3_plus/install/omni_dofbot_description/share/omni_dofbot_description/package.ps1'
[0.911s] INFO:colcon.colcon_core.shell:Creating package descriptor '/home/marino-lc/ROS2dev/tesisx3_plus/install/omni_dofbot_description/share/omni_dofbot_description/package.dsv'
[0.911s] INFO:colcon.colcon_core.shell:Creating package script '/home/marino-lc/ROS2dev/tesisx3_plus/install/omni_dofbot_description/share/omni_dofbot_description/package.sh'
[0.912s] INFO:colcon.colcon_core.shell:Creating package script '/home/marino-lc/ROS2dev/tesisx3_plus/install/omni_dofbot_description/share/omni_dofbot_description/package.bash'
[0.912s] INFO:colcon.colcon_core.shell:Creating package script '/home/marino-lc/ROS2dev/tesisx3_plus/install/omni_dofbot_description/share/omni_dofbot_description/package.zsh'
[0.913s] Level 1:colcon.colcon_core.environment:create_file_with_runtime_dependencies(/home/marino-lc/ROS2dev/tesisx3_plus/install/omni_dofbot_description/share/colcon-core/packages/omni_dofbot_description)
[0.914s] Level 1:colcon.colcon_core.environment:create_environment_scripts_only(omni_description)
[0.915s] Level 1:colcon.colcon_core.environment:checking '/home/marino-lc/ROS2dev/tesisx3_plus/install/omni_description' for CMake module files
[0.916s] DEBUG:colcon.colcon_core.event_handler.log_command:Invoked command in '/home/marino-lc/ROS2dev/tesisx3_plus/build/omni_description' returned '0': CMAKE_PREFIX_PATH=${CMAKE_PREFIX_PATH}:/opt/ros/jazzy DEBUGINFOD_URLS=https://debuginfod.ubuntu.com /usr/bin/cmake --install /home/marino-lc/ROS2dev/tesisx3_plus/build/omni_description
[0.917s] Level 1:colcon.colcon_core.environment:checking '/home/marino-lc/ROS2dev/tesisx3_plus/install/omni_description' for CMake config files
[0.918s] Level 1:colcon.colcon_core.shell:create_environment_hook('omni_description', 'cmake_prefix_path')
[0.918s] INFO:colcon.colcon_core.shell:Creating environment hook '/home/marino-lc/ROS2dev/tesisx3_plus/install/omni_description/share/omni_description/hook/cmake_prefix_path.ps1'
[0.919s] INFO:colcon.colcon_core.shell:Creating environment descriptor '/home/marino-lc/ROS2dev/tesisx3_plus/install/omni_description/share/omni_description/hook/cmake_prefix_path.dsv'
[0.920s] INFO:colcon.colcon_core.shell:Creating environment hook '/home/marino-lc/ROS2dev/tesisx3_plus/install/omni_description/share/omni_description/hook/cmake_prefix_path.sh'
[0.921s] Level 1:colcon.colcon_core.environment:checking '/home/marino-lc/ROS2dev/tesisx3_plus/install/omni_description/bin'
[0.921s] Level 1:colcon.colcon_core.environment:checking '/home/marino-lc/ROS2dev/tesisx3_plus/install/omni_description/lib/pkgconfig/omni_description.pc'
[0.921s] Level 1:colcon.colcon_core.environment:checking '/home/marino-lc/ROS2dev/tesisx3_plus/install/omni_description/lib/python3.12/site-packages'
[0.922s] Level 1:colcon.colcon_core.environment:checking '/home/marino-lc/ROS2dev/tesisx3_plus/install/omni_description/bin'
[0.922s] INFO:colcon.colcon_core.shell:Creating package script '/home/marino-lc/ROS2dev/tesisx3_plus/install/omni_description/share/omni_description/package.ps1'
[0.923s] INFO:colcon.colcon_core.shell:Creating package descriptor '/home/marino-lc/ROS2dev/tesisx3_plus/install/omni_description/share/omni_description/package.dsv'
[0.924s] INFO:colcon.colcon_core.shell:Creating package script '/home/marino-lc/ROS2dev/tesisx3_plus/install/omni_description/share/omni_description/package.sh'
[0.925s] INFO:colcon.colcon_core.shell:Creating package script '/home/marino-lc/ROS2dev/tesisx3_plus/install/omni_description/share/omni_description/package.bash'
[0.925s] INFO:colcon.colcon_core.shell:Creating package script '/home/marino-lc/ROS2dev/tesisx3_plus/install/omni_description/share/omni_description/package.zsh'
[0.926s] Level 1:colcon.colcon_core.environment:create_file_with_runtime_dependencies(/home/marino-lc/ROS2dev/tesisx3_plus/install/omni_description/share/colcon-core/packages/omni_description)
[0.927s] Level 1:colcon.colcon_core.environment:create_environment_scripts_only(omni_description)
[0.927s] Level 1:colcon.colcon_core.environment:checking '/home/marino-lc/ROS2dev/tesisx3_plus/install/omni_description' for CMake module files
[0.928s] Level 1:colcon.colcon_core.environment:checking '/home/marino-lc/ROS2dev/tesisx3_plus/install/omni_description' for CMake config files
[0.928s] Level 1:colcon.colcon_core.shell:create_environment_hook('omni_description', 'cmake_prefix_path')
[0.929s] INFO:colcon.colcon_core.shell:Creating environment hook '/home/marino-lc/ROS2dev/tesisx3_plus/install/omni_description/share/omni_description/hook/cmake_prefix_path.ps1'
[0.929s] INFO:colcon.colcon_core.shell:Creating environment descriptor '/home/marino-lc/ROS2dev/tesisx3_plus/install/omni_description/share/omni_description/hook/cmake_prefix_path.dsv'
[0.930s] INFO:colcon.colcon_core.shell:Creating environment hook '/home/marino-lc/ROS2dev/tesisx3_plus/install/omni_description/share/omni_description/hook/cmake_prefix_path.sh'
[0.931s] Level 1:colcon.colcon_core.environment:checking '/home/marino-lc/ROS2dev/tesisx3_plus/install/omni_description/bin'
[0.931s] Level 1:colcon.colcon_core.environment:checking '/home/marino-lc/ROS2dev/tesisx3_plus/install/omni_description/lib/pkgconfig/omni_description.pc'
[0.931s] Level 1:colcon.colcon_core.environment:checking '/home/marino-lc/ROS2dev/tesisx3_plus/install/omni_description/lib/python3.12/site-packages'
[0.932s] Level 1:colcon.colcon_core.environment:checking '/home/marino-lc/ROS2dev/tesisx3_plus/install/omni_description/bin'
[0.932s] INFO:colcon.colcon_core.shell:Creating package script '/home/marino-lc/ROS2dev/tesisx3_plus/install/omni_description/share/omni_description/package.ps1'
[0.933s] INFO:colcon.colcon_core.shell:Creating package descriptor '/home/marino-lc/ROS2dev/tesisx3_plus/install/omni_description/share/omni_description/package.dsv'
[0.933s] INFO:colcon.colcon_core.shell:Creating package script '/home/marino-lc/ROS2dev/tesisx3_plus/install/omni_description/share/omni_description/package.sh'
[0.934s] INFO:colcon.colcon_core.shell:Creating package script '/home/marino-lc/ROS2dev/tesisx3_plus/install/omni_description/share/omni_description/package.bash'
[0.935s] INFO:colcon.colcon_core.shell:Creating package script '/home/marino-lc/ROS2dev/tesisx3_plus/install/omni_description/share/omni_description/package.zsh'
[0.935s] Level 1:colcon.colcon_core.environment:create_file_with_runtime_dependencies(/home/marino-lc/ROS2dev/tesisx3_plus/install/omni_description/share/colcon-core/packages/omni_description)
[0.936s] Level 1:colcon.colcon_core.environment:create_environment_scripts_only(dofbot_description)
[0.937s] Level 1:colcon.colcon_core.environment:checking '/home/marino-lc/ROS2dev/tesisx3_plus/install/dofbot_description' for CMake module files
[0.937s] DEBUG:colcon.colcon_core.event_handler.log_command:Invoked command in '/home/marino-lc/ROS2dev/tesisx3_plus/build/dofbot_description' returned '0': CMAKE_PREFIX_PATH=${CMAKE_PREFIX_PATH}:/opt/ros/jazzy DEBUGINFOD_URLS=https://debuginfod.ubuntu.com /usr/bin/cmake --install /home/marino-lc/ROS2dev/tesisx3_plus/build/dofbot_description
[0.938s] Level 1:colcon.colcon_core.environment:checking '/home/marino-lc/ROS2dev/tesisx3_plus/install/dofbot_description' for CMake config files
[0.938s] Level 1:colcon.colcon_core.shell:create_environment_hook('dofbot_description', 'cmake_prefix_path')
[0.938s] INFO:colcon.colcon_core.shell:Creating environment hook '/home/marino-lc/ROS2dev/tesisx3_plus/install/dofbot_description/share/dofbot_description/hook/cmake_prefix_path.ps1'
[0.939s] INFO:colcon.colcon_core.shell:Creating environment descriptor '/home/marino-lc/ROS2dev/tesisx3_plus/install/dofbot_description/share/dofbot_description/hook/cmake_prefix_path.dsv'
[0.939s] INFO:colcon.colcon_core.shell:Creating environment hook '/home/marino-lc/ROS2dev/tesisx3_plus/install/dofbot_description/share/dofbot_description/hook/cmake_prefix_path.sh'
[0.940s] Level 1:colcon.colcon_core.environment:checking '/home/marino-lc/ROS2dev/tesisx3_plus/install/dofbot_description/bin'
[0.940s] Level 1:colcon.colcon_core.environment:checking '/home/marino-lc/ROS2dev/tesisx3_plus/install/dofbot_description/lib/pkgconfig/dofbot_description.pc'
[0.941s] Level 1:colcon.colcon_core.environment:checking '/home/marino-lc/ROS2dev/tesisx3_plus/install/dofbot_description/lib/python3.12/site-packages'
[0.941s] Level 1:colcon.colcon_core.environment:checking '/home/marino-lc/ROS2dev/tesisx3_plus/install/dofbot_description/bin'
[0.941s] INFO:colcon.colcon_core.shell:Creating package script '/home/marino-lc/ROS2dev/tesisx3_plus/install/dofbot_description/share/dofbot_description/package.ps1'
[0.942s] INFO:colcon.colcon_core.shell:Creating package descriptor '/home/marino-lc/ROS2dev/tesisx3_plus/install/dofbot_description/share/dofbot_description/package.dsv'
[0.943s] INFO:colcon.colcon_core.shell:Creating package script '/home/marino-lc/ROS2dev/tesisx3_plus/install/dofbot_description/share/dofbot_description/package.sh'
[0.944s] INFO:colcon.colcon_core.shell:Creating package script '/home/marino-lc/ROS2dev/tesisx3_plus/install/dofbot_description/share/dofbot_description/package.bash'
[0.944s] INFO:colcon.colcon_core.shell:Creating package script '/home/marino-lc/ROS2dev/tesisx3_plus/install/dofbot_description/share/dofbot_description/package.zsh'
[0.945s] Level 1:colcon.colcon_core.environment:create_file_with_runtime_dependencies(/home/marino-lc/ROS2dev/tesisx3_plus/install/dofbot_description/share/colcon-core/packages/dofbot_description)
[0.945s] Level 1:colcon.colcon_core.environment:create_environment_scripts_only(dofbot_description)
[0.945s] Level 1:colcon.colcon_core.environment:checking '/home/marino-lc/ROS2dev/tesisx3_plus/install/dofbot_description' for CMake module files
[0.946s] Level 1:colcon.colcon_core.environment:checking '/home/marino-lc/ROS2dev/tesisx3_plus/install/dofbot_description' for CMake config files
[0.947s] Level 1:colcon.colcon_core.shell:create_environment_hook('dofbot_description', 'cmake_prefix_path')
[0.947s] INFO:colcon.colcon_core.shell:Creating environment hook '/home/marino-lc/ROS2dev/tesisx3_plus/install/dofbot_description/share/dofbot_description/hook/cmake_prefix_path.ps1'
[0.947s] INFO:colcon.colcon_core.shell:Creating environment descriptor '/home/marino-lc/ROS2dev/tesisx3_plus/install/dofbot_description/share/dofbot_description/hook/cmake_prefix_path.dsv'
[0.948s] INFO:colcon.colcon_core.shell:Creating environment hook '/home/marino-lc/ROS2dev/tesisx3_plus/install/dofbot_description/share/dofbot_description/hook/cmake_prefix_path.sh'
[0.949s] Level 1:colcon.colcon_core.environment:checking '/home/marino-lc/ROS2dev/tesisx3_plus/install/dofbot_description/bin'
[0.949s] Level 1:colcon.colcon_core.environment:checking '/home/marino-lc/ROS2dev/tesisx3_plus/install/dofbot_description/lib/pkgconfig/dofbot_description.pc'
[0.950s] Level 1:colcon.colcon_core.environment:checking '/home/marino-lc/ROS2dev/tesisx3_plus/install/dofbot_description/lib/python3.12/site-packages'
[0.950s] Level 1:colcon.colcon_core.environment:checking '/home/marino-lc/ROS2dev/tesisx3_plus/install/dofbot_description/bin'
[0.951s] INFO:colcon.colcon_core.shell:Creating package script '/home/marino-lc/ROS2dev/tesisx3_plus/install/dofbot_description/share/dofbot_description/package.ps1'
[0.951s] INFO:colcon.colcon_core.shell:Creating package descriptor '/home/marino-lc/ROS2dev/tesisx3_plus/install/dofbot_description/share/dofbot_description/package.dsv'
[0.952s] INFO:colcon.colcon_core.shell:Creating package script '/home/marino-lc/ROS2dev/tesisx3_plus/install/dofbot_description/share/dofbot_description/package.sh'
[0.953s] INFO:colcon.colcon_core.shell:Creating package script '/home/marino-lc/ROS2dev/tesisx3_plus/install/dofbot_description/share/dofbot_description/package.bash'
[0.954s] INFO:colcon.colcon_core.shell:Creating package script '/home/marino-lc/ROS2dev/tesisx3_plus/install/dofbot_description/share/dofbot_description/package.zsh'
[0.954s] Level 1:colcon.colcon_core.environment:create_file_with_runtime_dependencies(/home/marino-lc/ROS2dev/tesisx3_plus/install/dofbot_description/share/colcon-core/packages/dofbot_description)
[1.396s] DEBUG:colcon.colcon_core.event_handler.log_command:Invoked command in '/home/marino-lc/ROS2dev/tesisx3_plus/build/omni_dofbot_bringup' returned '0': CMAKE_PREFIX_PATH=${CMAKE_PREFIX_PATH}:/opt/ros/jazzy DEBUGINFOD_URLS=https://debuginfod.ubuntu.com /usr/bin/cmake --build /home/marino-lc/ROS2dev/tesisx3_plus/build/omni_dofbot_bringup -- -j12 -l12
[1.398s] DEBUG:colcon.colcon_core.event_handler.log_command:Invoking command in '/home/marino-lc/ROS2dev/tesisx3_plus/build/omni_dofbot_bringup': CMAKE_PREFIX_PATH=${CMAKE_PREFIX_PATH}:/opt/ros/jazzy DEBUGINFOD_URLS=https://debuginfod.ubuntu.com /usr/bin/cmake --install /home/marino-lc/ROS2dev/tesisx3_plus/build/omni_dofbot_bringup
[1.399s] DEBUG:colcon.colcon_core.event_handler.log_command:Invoked command in '/home/marino-lc/ROS2dev/tesisx3_plus/build/omni_bringup' returned '0': CMAKE_PREFIX_PATH=${CMAKE_PREFIX_PATH}:/opt/ros/jazzy DEBUGINFOD_URLS=https://debuginfod.ubuntu.com /usr/bin/cmake --build /home/marino-lc/ROS2dev/tesisx3_plus/build/omni_bringup -- -j12 -l12
[1.401s] DEBUG:colcon.colcon_core.event_handler.log_command:Invoking command in '/home/marino-lc/ROS2dev/tesisx3_plus/build/omni_bringup': CMAKE_PREFIX_PATH=${CMAKE_PREFIX_PATH}:/opt/ros/jazzy DEBUGINFOD_URLS=https://debuginfod.ubuntu.com /usr/bin/cmake --install /home/marino-lc/ROS2dev/tesisx3_plus/build/omni_bringup
[1.403s] DEBUG:colcon.colcon_core.event_handler.log_command:Invoked command in '/home/marino-lc/ROS2dev/tesisx3_plus/build/dofbot_bringup' returned '0': CMAKE_PREFIX_PATH=${CMAKE_PREFIX_PATH}:/opt/ros/jazzy DEBUGINFOD_URLS=https://debuginfod.ubuntu.com /usr/bin/cmake --build /home/marino-lc/ROS2dev/tesisx3_plus/build/dofbot_bringup -- -j12 -l12
[1.405s] DEBUG:colcon.colcon_core.event_handler.log_command:Invoking command in '/home/marino-lc/ROS2dev/tesisx3_plus/build/dofbot_bringup': CMAKE_PREFIX_PATH=${CMAKE_PREFIX_PATH}:/opt/ros/jazzy DEBUGINFOD_URLS=https://debuginfod.ubuntu.com /usr/bin/cmake --install /home/marino-lc/ROS2dev/tesisx3_plus/build/dofbot_bringup
[1.494s] Level 1:colcon.colcon_core.environment:create_environment_scripts_only(omni_dofbot_bringup)
[1.495s] Level 1:colcon.colcon_core.environment:checking '/home/marino-lc/ROS2dev/tesisx3_plus/install/omni_dofbot_bringup' for CMake module files
[1.495s] DEBUG:colcon.colcon_core.event_handler.log_command:Invoked command in '/home/marino-lc/ROS2dev/tesisx3_plus/build/omni_dofbot_bringup' returned '0': CMAKE_PREFIX_PATH=${CMAKE_PREFIX_PATH}:/opt/ros/jazzy DEBUGINFOD_URLS=https://debuginfod.ubuntu.com /usr/bin/cmake --install /home/marino-lc/ROS2dev/tesisx3_plus/build/omni_dofbot_bringup
[1.496s] Level 1:colcon.colcon_core.environment:checking '/home/marino-lc/ROS2dev/tesisx3_plus/install/omni_dofbot_bringup' for CMake config files
[1.497s] Level 1:colcon.colcon_core.shell:create_environment_hook('omni_dofbot_bringup', 'cmake_prefix_path')
[1.497s] INFO:colcon.colcon_core.shell:Creating environment hook '/home/marino-lc/ROS2dev/tesisx3_plus/install/omni_dofbot_bringup/share/omni_dofbot_bringup/hook/cmake_prefix_path.ps1'
[1.498s] INFO:colcon.colcon_core.shell:Creating environment descriptor '/home/marino-lc/ROS2dev/tesisx3_plus/install/omni_dofbot_bringup/share/omni_dofbot_bringup/hook/cmake_prefix_path.dsv'
[1.499s] INFO:colcon.colcon_core.shell:Creating environment hook '/home/marino-lc/ROS2dev/tesisx3_plus/install/omni_dofbot_bringup/share/omni_dofbot_bringup/hook/cmake_prefix_path.sh'
[1.499s] Level 1:colcon.colcon_core.environment:checking '/home/marino-lc/ROS2dev/tesisx3_plus/install/omni_dofbot_bringup/lib'
[1.500s] Level 1:colcon.colcon_core.environment:checking '/home/marino-lc/ROS2dev/tesisx3_plus/install/omni_dofbot_bringup/bin'
[1.500s] Level 1:colcon.colcon_core.environment:checking '/home/marino-lc/ROS2dev/tesisx3_plus/install/omni_dofbot_bringup/lib/pkgconfig/omni_dofbot_bringup.pc'
[1.500s] Level 1:colcon.colcon_core.environment:checking '/home/marino-lc/ROS2dev/tesisx3_plus/install/omni_dofbot_bringup/lib/python3.12/site-packages'
[1.500s] Level 1:colcon.colcon_core.shell:create_environment_hook('omni_dofbot_bringup', 'pythonpath')
[1.501s] INFO:colcon.colcon_core.shell:Creating environment hook '/home/marino-lc/ROS2dev/tesisx3_plus/install/omni_dofbot_bringup/share/omni_dofbot_bringup/hook/pythonpath.ps1'
[1.501s] INFO:colcon.colcon_core.shell:Creating environment descriptor '/home/marino-lc/ROS2dev/tesisx3_plus/install/omni_dofbot_bringup/share/omni_dofbot_bringup/hook/pythonpath.dsv'
[1.502s] INFO:colcon.colcon_core.shell:Creating environment hook '/home/marino-lc/ROS2dev/tesisx3_plus/install/omni_dofbot_bringup/share/omni_dofbot_bringup/hook/pythonpath.sh'
[1.503s] Level 1:colcon.colcon_core.environment:checking '/home/marino-lc/ROS2dev/tesisx3_plus/install/omni_dofbot_bringup/bin'
[1.503s] INFO:colcon.colcon_core.shell:Creating package script '/home/marino-lc/ROS2dev/tesisx3_plus/install/omni_dofbot_bringup/share/omni_dofbot_bringup/package.ps1'
[1.503s] INFO:colcon.colcon_core.shell:Creating package descriptor '/home/marino-lc/ROS2dev/tesisx3_plus/install/omni_dofbot_bringup/share/omni_dofbot_bringup/package.dsv'
[1.504s] INFO:colcon.colcon_core.shell:Creating package script '/home/marino-lc/ROS2dev/tesisx3_plus/install/omni_dofbot_bringup/share/omni_dofbot_bringup/package.sh'
[1.504s] INFO:colcon.colcon_core.shell:Creating package script '/home/marino-lc/ROS2dev/tesisx3_plus/install/omni_dofbot_bringup/share/omni_dofbot_bringup/package.bash'
[1.505s] INFO:colcon.colcon_core.shell:Creating package script '/home/marino-lc/ROS2dev/tesisx3_plus/install/omni_dofbot_bringup/share/omni_dofbot_bringup/package.zsh'
[1.505s] Level 1:colcon.colcon_core.environment:create_file_with_runtime_dependencies(/home/marino-lc/ROS2dev/tesisx3_plus/install/omni_dofbot_bringup/share/colcon-core/packages/omni_dofbot_bringup)
[1.505s] Level 1:colcon.colcon_core.environment:create_environment_scripts_only(omni_dofbot_bringup)
[1.506s] Level 1:colcon.colcon_core.environment:checking '/home/marino-lc/ROS2dev/tesisx3_plus/install/omni_dofbot_bringup' for CMake module files
[1.506s] Level 1:colcon.colcon_core.environment:checking '/home/marino-lc/ROS2dev/tesisx3_plus/install/omni_dofbot_bringup' for CMake config files
[1.507s] Level 1:colcon.colcon_core.shell:create_environment_hook('omni_dofbot_bringup', 'cmake_prefix_path')
[1.507s] INFO:colcon.colcon_core.shell:Creating environment hook '/home/marino-lc/ROS2dev/tesisx3_plus/install/omni_dofbot_bringup/share/omni_dofbot_bringup/hook/cmake_prefix_path.ps1'
[1.507s] INFO:colcon.colcon_core.shell:Creating environment descriptor '/home/marino-lc/ROS2dev/tesisx3_plus/install/omni_dofbot_bringup/share/omni_dofbot_bringup/hook/cmake_prefix_path.dsv'
[1.508s] INFO:colcon.colcon_core.shell:Creating environment hook '/home/marino-lc/ROS2dev/tesisx3_plus/install/omni_dofbot_bringup/share/omni_dofbot_bringup/hook/cmake_prefix_path.sh'
[1.509s] Level 1:colcon.colcon_core.environment:checking '/home/marino-lc/ROS2dev/tesisx3_plus/install/omni_dofbot_bringup/lib'
[1.509s] Level 1:colcon.colcon_core.environment:checking '/home/marino-lc/ROS2dev/tesisx3_plus/install/omni_dofbot_bringup/bin'
[1.509s] Level 1:colcon.colcon_core.environment:checking '/home/marino-lc/ROS2dev/tesisx3_plus/install/omni_dofbot_bringup/lib/pkgconfig/omni_dofbot_bringup.pc'
[1.509s] Level 1:colcon.colcon_core.environment:checking '/home/marino-lc/ROS2dev/tesisx3_plus/install/omni_dofbot_bringup/lib/python3.12/site-packages'
[1.509s] Level 1:colcon.colcon_core.shell:create_environment_hook('omni_dofbot_bringup', 'pythonpath')
[1.510s] INFO:colcon.colcon_core.shell:Creating environment hook '/home/marino-lc/ROS2dev/tesisx3_plus/install/omni_dofbot_bringup/share/omni_dofbot_bringup/hook/pythonpath.ps1'
[1.510s] INFO:colcon.colcon_core.shell:Creating environment descriptor '/home/marino-lc/ROS2dev/tesisx3_plus/install/omni_dofbot_bringup/share/omni_dofbot_bringup/hook/pythonpath.dsv'
[1.511s] INFO:colcon.colcon_core.shell:Creating environment hook '/home/marino-lc/ROS2dev/tesisx3_plus/install/omni_dofbot_bringup/share/omni_dofbot_bringup/hook/pythonpath.sh'
[1.512s] Level 1:colcon.colcon_core.environment:checking '/home/marino-lc/ROS2dev/tesisx3_plus/install/omni_dofbot_bringup/bin'
[1.512s] INFO:colcon.colcon_core.shell:Creating package script '/home/marino-lc/ROS2dev/tesisx3_plus/install/omni_dofbot_bringup/share/omni_dofbot_bringup/package.ps1'
[1.513s] INFO:colcon.colcon_core.shell:Creating package descriptor '/home/marino-lc/ROS2dev/tesisx3_plus/install/omni_dofbot_bringup/share/omni_dofbot_bringup/package.dsv'
[1.514s] INFO:colcon.colcon_core.shell:Creating package script '/home/marino-lc/ROS2dev/tesisx3_plus/install/omni_dofbot_bringup/share/omni_dofbot_bringup/package.sh'
[1.515s] INFO:colcon.colcon_core.shell:Creating package script '/home/marino-lc/ROS2dev/tesisx3_plus/install/omni_dofbot_bringup/share/omni_dofbot_bringup/package.bash'
[1.515s] INFO:colcon.colcon_core.shell:Creating package script '/home/marino-lc/ROS2dev/tesisx3_plus/install/omni_dofbot_bringup/share/omni_dofbot_bringup/package.zsh'
[1.516s] Level 1:colcon.colcon_core.environment:create_file_with_runtime_dependencies(/home/marino-lc/ROS2dev/tesisx3_plus/install/omni_dofbot_bringup/share/colcon-core/packages/omni_dofbot_bringup)
[1.516s] Level 1:colcon.colcon_core.environment:create_environment_scripts_only(dofbot_bringup)
[1.517s] Level 1:colcon.colcon_core.environment:checking '/home/marino-lc/ROS2dev/tesisx3_plus/install/dofbot_bringup' for CMake module files
[1.518s] DEBUG:colcon.colcon_core.event_handler.log_command:Invoked command in '/home/marino-lc/ROS2dev/tesisx3_plus/build/dofbot_bringup' returned '0': CMAKE_PREFIX_PATH=${CMAKE_PREFIX_PATH}:/opt/ros/jazzy DEBUGINFOD_URLS=https://debuginfod.ubuntu.com /usr/bin/cmake --install /home/marino-lc/ROS2dev/tesisx3_plus/build/dofbot_bringup
[1.518s] Level 1:colcon.colcon_core.environment:checking '/home/marino-lc/ROS2dev/tesisx3_plus/install/dofbot_bringup' for CMake config files
[1.519s] Level 1:colcon.colcon_core.shell:create_environment_hook('dofbot_bringup', 'cmake_prefix_path')
[1.519s] INFO:colcon.colcon_core.shell:Creating environment hook '/home/marino-lc/ROS2dev/tesisx3_plus/install/dofbot_bringup/share/dofbot_bringup/hook/cmake_prefix_path.ps1'
[1.520s] INFO:colcon.colcon_core.shell:Creating environment descriptor '/home/marino-lc/ROS2dev/tesisx3_plus/install/dofbot_bringup/share/dofbot_bringup/hook/cmake_prefix_path.dsv'
[1.520s] INFO:colcon.colcon_core.shell:Creating environment hook '/home/marino-lc/ROS2dev/tesisx3_plus/install/dofbot_bringup/share/dofbot_bringup/hook/cmake_prefix_path.sh'
[1.521s] Level 1:colcon.colcon_core.environment:checking '/home/marino-lc/ROS2dev/tesisx3_plus/install/dofbot_bringup/lib'
[1.521s] Level 1:colcon.colcon_core.environment:checking '/home/marino-lc/ROS2dev/tesisx3_plus/install/dofbot_bringup/bin'
[1.521s] Level 1:colcon.colcon_core.environment:checking '/home/marino-lc/ROS2dev/tesisx3_plus/install/dofbot_bringup/lib/pkgconfig/dofbot_bringup.pc'
[1.521s] Level 1:colcon.colcon_core.environment:checking '/home/marino-lc/ROS2dev/tesisx3_plus/install/dofbot_bringup/lib/python3.12/site-packages'
[1.521s] Level 1:colcon.colcon_core.shell:create_environment_hook('dofbot_bringup', 'pythonpath')
[1.522s] INFO:colcon.colcon_core.shell:Creating environment hook '/home/marino-lc/ROS2dev/tesisx3_plus/install/dofbot_bringup/share/dofbot_bringup/hook/pythonpath.ps1'
[1.522s] INFO:colcon.colcon_core.shell:Creating environment descriptor '/home/marino-lc/ROS2dev/tesisx3_plus/install/dofbot_bringup/share/dofbot_bringup/hook/pythonpath.dsv'
[1.522s] INFO:colcon.colcon_core.shell:Creating environment hook '/home/marino-lc/ROS2dev/tesisx3_plus/install/dofbot_bringup/share/dofbot_bringup/hook/pythonpath.sh'
[1.523s] Level 1:colcon.colcon_core.environment:checking '/home/marino-lc/ROS2dev/tesisx3_plus/install/dofbot_bringup/bin'
[1.523s] INFO:colcon.colcon_core.shell:Creating package script '/home/marino-lc/ROS2dev/tesisx3_plus/install/dofbot_bringup/share/dofbot_bringup/package.ps1'
[1.524s] INFO:colcon.colcon_core.shell:Creating package descriptor '/home/marino-lc/ROS2dev/tesisx3_plus/install/dofbot_bringup/share/dofbot_bringup/package.dsv'
[1.525s] INFO:colcon.colcon_core.shell:Creating package script '/home/marino-lc/ROS2dev/tesisx3_plus/install/dofbot_bringup/share/dofbot_bringup/package.sh'
[1.525s] INFO:colcon.colcon_core.shell:Creating package script '/home/marino-lc/ROS2dev/tesisx3_plus/install/dofbot_bringup/share/dofbot_bringup/package.bash'
[1.526s] INFO:colcon.colcon_core.shell:Creating package script '/home/marino-lc/ROS2dev/tesisx3_plus/install/dofbot_bringup/share/dofbot_bringup/package.zsh'
[1.526s] Level 1:colcon.colcon_core.environment:create_file_with_runtime_dependencies(/home/marino-lc/ROS2dev/tesisx3_plus/install/dofbot_bringup/share/colcon-core/packages/dofbot_bringup)
[1.527s] Level 1:colcon.colcon_core.environment:create_environment_scripts_only(dofbot_bringup)
[1.528s] Level 1:colcon.colcon_core.environment:checking '/home/marino-lc/ROS2dev/tesisx3_plus/install/dofbot_bringup' for CMake module files
[1.528s] Level 1:colcon.colcon_core.environment:checking '/home/marino-lc/ROS2dev/tesisx3_plus/install/dofbot_bringup' for CMake config files
[1.529s] Level 1:colcon.colcon_core.shell:create_environment_hook('dofbot_bringup', 'cmake_prefix_path')
[1.529s] INFO:colcon.colcon_core.shell:Creating environment hook '/home/marino-lc/ROS2dev/tesisx3_plus/install/dofbot_bringup/share/dofbot_bringup/hook/cmake_prefix_path.ps1'
[1.529s] INFO:colcon.colcon_core.shell:Creating environment descriptor '/home/marino-lc/ROS2dev/tesisx3_plus/install/dofbot_bringup/share/dofbot_bringup/hook/cmake_prefix_path.dsv'
[1.530s] INFO:colcon.colcon_core.shell:Creating environment hook '/home/marino-lc/ROS2dev/tesisx3_plus/install/dofbot_bringup/share/dofbot_bringup/hook/cmake_prefix_path.sh'
[1.531s] Level 1:colcon.colcon_core.environment:checking '/home/marino-lc/ROS2dev/tesisx3_plus/install/dofbot_bringup/lib'
[1.531s] Level 1:colcon.colcon_core.environment:checking '/home/marino-lc/ROS2dev/tesisx3_plus/install/dofbot_bringup/bin'
[1.531s] Level 1:colcon.colcon_core.environment:checking '/home/marino-lc/ROS2dev/tesisx3_plus/install/dofbot_bringup/lib/pkgconfig/dofbot_bringup.pc'
[1.532s] Level 1:colcon.colcon_core.environment:checking '/home/marino-lc/ROS2dev/tesisx3_plus/install/dofbot_bringup/lib/python3.12/site-packages'
[1.532s] Level 1:colcon.colcon_core.shell:create_environment_hook('dofbot_bringup', 'pythonpath')
[1.532s] INFO:colcon.colcon_core.shell:Creating environment hook '/home/marino-lc/ROS2dev/tesisx3_plus/install/dofbot_bringup/share/dofbot_bringup/hook/pythonpath.ps1'
[1.533s] INFO:colcon.colcon_core.shell:Creating environment descriptor '/home/marino-lc/ROS2dev/tesisx3_plus/install/dofbot_bringup/share/dofbot_bringup/hook/pythonpath.dsv'
[1.533s] INFO:colcon.colcon_core.shell:Creating environment hook '/home/marino-lc/ROS2dev/tesisx3_plus/install/dofbot_bringup/share/dofbot_bringup/hook/pythonpath.sh'
[1.534s] Level 1:colcon.colcon_core.environment:checking '/home/marino-lc/ROS2dev/tesisx3_plus/install/dofbot_bringup/bin'
[1.535s] INFO:colcon.colcon_core.shell:Creating package script '/home/marino-lc/ROS2dev/tesisx3_plus/install/dofbot_bringup/share/dofbot_bringup/package.ps1'
[1.535s] INFO:colcon.colcon_core.shell:Creating package descriptor '/home/marino-lc/ROS2dev/tesisx3_plus/install/dofbot_bringup/share/dofbot_bringup/package.dsv'
[1.536s] INFO:colcon.colcon_core.shell:Creating package script '/home/marino-lc/ROS2dev/tesisx3_plus/install/dofbot_bringup/share/dofbot_bringup/package.sh'
[1.538s] INFO:colcon.colcon_core.shell:Creating package script '/home/marino-lc/ROS2dev/tesisx3_plus/install/dofbot_bringup/share/dofbot_bringup/package.bash'
[1.538s] INFO:colcon.colcon_core.shell:Creating package script '/home/marino-lc/ROS2dev/tesisx3_plus/install/dofbot_bringup/share/dofbot_bringup/package.zsh'
[1.538s] Level 1:colcon.colcon_core.environment:create_file_with_runtime_dependencies(/home/marino-lc/ROS2dev/tesisx3_plus/install/dofbot_bringup/share/colcon-core/packages/dofbot_bringup)
[1.539s] Level 1:colcon.colcon_core.environment:create_environment_scripts_only(omni_bringup)
[1.539s] Level 1:colcon.colcon_core.environment:checking '/home/marino-lc/ROS2dev/tesisx3_plus/install/omni_bringup' for CMake module files
[1.540s] DEBUG:colcon.colcon_core.event_handler.log_command:Invoked command in '/home/marino-lc/ROS2dev/tesisx3_plus/build/omni_bringup' returned '0': CMAKE_PREFIX_PATH=${CMAKE_PREFIX_PATH}:/opt/ros/jazzy DEBUGINFOD_URLS=https://debuginfod.ubuntu.com /usr/bin/cmake --install /home/marino-lc/ROS2dev/tesisx3_plus/build/omni_bringup
[1.541s] Level 1:colcon.colcon_core.environment:checking '/home/marino-lc/ROS2dev/tesisx3_plus/install/omni_bringup' for CMake config files
[1.541s] Level 1:colcon.colcon_core.shell:create_environment_hook('omni_bringup', 'cmake_prefix_path')
[1.541s] INFO:colcon.colcon_core.shell:Creating environment hook '/home/marino-lc/ROS2dev/tesisx3_plus/install/omni_bringup/share/omni_bringup/hook/cmake_prefix_path.ps1'
[1.542s] INFO:colcon.colcon_core.shell:Creating environment descriptor '/home/marino-lc/ROS2dev/tesisx3_plus/install/omni_bringup/share/omni_bringup/hook/cmake_prefix_path.dsv'
[1.542s] INFO:colcon.colcon_core.shell:Creating environment hook '/home/marino-lc/ROS2dev/tesisx3_plus/install/omni_bringup/share/omni_bringup/hook/cmake_prefix_path.sh'
[1.543s] Level 1:colcon.colcon_core.environment:checking '/home/marino-lc/ROS2dev/tesisx3_plus/install/omni_bringup/lib'
[1.544s] Level 1:colcon.colcon_core.environment:checking '/home/marino-lc/ROS2dev/tesisx3_plus/install/omni_bringup/bin'
[1.544s] Level 1:colcon.colcon_core.environment:checking '/home/marino-lc/ROS2dev/tesisx3_plus/install/omni_bringup/lib/pkgconfig/omni_bringup.pc'
[1.544s] Level 1:colcon.colcon_core.environment:checking '/home/marino-lc/ROS2dev/tesisx3_plus/install/omni_bringup/lib/python3.12/site-packages'
[1.544s] Level 1:colcon.colcon_core.shell:create_environment_hook('omni_bringup', 'pythonpath')
[1.545s] INFO:colcon.colcon_core.shell:Creating environment hook '/home/marino-lc/ROS2dev/tesisx3_plus/install/omni_bringup/share/omni_bringup/hook/pythonpath.ps1'
[1.545s] INFO:colcon.colcon_core.shell:Creating environment descriptor '/home/marino-lc/ROS2dev/tesisx3_plus/install/omni_bringup/share/omni_bringup/hook/pythonpath.dsv'
[1.546s] INFO:colcon.colcon_core.shell:Creating environment hook '/home/marino-lc/ROS2dev/tesisx3_plus/install/omni_bringup/share/omni_bringup/hook/pythonpath.sh'
[1.547s] Level 1:colcon.colcon_core.environment:checking '/home/marino-lc/ROS2dev/tesisx3_plus/install/omni_bringup/bin'
[1.548s] INFO:colcon.colcon_core.shell:Creating package script '/home/marino-lc/ROS2dev/tesisx3_plus/install/omni_bringup/share/omni_bringup/package.ps1'
[1.548s] INFO:colcon.colcon_core.shell:Creating package descriptor '/home/marino-lc/ROS2dev/tesisx3_plus/install/omni_bringup/share/omni_bringup/package.dsv'
[1.549s] INFO:colcon.colcon_core.shell:Creating package script '/home/marino-lc/ROS2dev/tesisx3_plus/install/omni_bringup/share/omni_bringup/package.sh'
[1.549s] INFO:colcon.colcon_core.shell:Creating package script '/home/marino-lc/ROS2dev/tesisx3_plus/install/omni_bringup/share/omni_bringup/package.bash'
[1.550s] INFO:colcon.colcon_core.shell:Creating package script '/home/marino-lc/ROS2dev/tesisx3_plus/install/omni_bringup/share/omni_bringup/package.zsh'
[1.550s] Level 1:colcon.colcon_core.environment:create_file_with_runtime_dependencies(/home/marino-lc/ROS2dev/tesisx3_plus/install/omni_bringup/share/colcon-core/packages/omni_bringup)
[1.551s] Level 1:colcon.colcon_core.environment:create_environment_scripts_only(omni_bringup)
[1.551s] Level 1:colcon.colcon_core.environment:checking '/home/marino-lc/ROS2dev/tesisx3_plus/install/omni_bringup' for CMake module files
[1.551s] Level 1:colcon.colcon_core.environment:checking '/home/marino-lc/ROS2dev/tesisx3_plus/install/omni_bringup' for CMake config files
[1.552s] Level 1:colcon.colcon_core.shell:create_environment_hook('omni_bringup', 'cmake_prefix_path')
[1.552s] INFO:colcon.colcon_core.shell:Creating environment hook '/home/marino-lc/ROS2dev/tesisx3_plus/install/omni_bringup/share/omni_bringup/hook/cmake_prefix_path.ps1'
[1.552s] INFO:colcon.colcon_core.shell:Creating environment descriptor '/home/marino-lc/ROS2dev/tesisx3_plus/install/omni_bringup/share/omni_bringup/hook/cmake_prefix_path.dsv'
[1.553s] INFO:colcon.colcon_core.shell:Creating environment hook '/home/marino-lc/ROS2dev/tesisx3_plus/install/omni_bringup/share/omni_bringup/hook/cmake_prefix_path.sh'
[1.553s] Level 1:colcon.colcon_core.environment:checking '/home/marino-lc/ROS2dev/tesisx3_plus/install/omni_bringup/lib'
[1.553s] Level 1:colcon.colcon_core.environment:checking '/home/marino-lc/ROS2dev/tesisx3_plus/install/omni_bringup/bin'
[1.553s] Level 1:colcon.colcon_core.environment:checking '/home/marino-lc/ROS2dev/tesisx3_plus/install/omni_bringup/lib/pkgconfig/omni_bringup.pc'
[1.554s] Level 1:colcon.colcon_core.environment:checking '/home/marino-lc/ROS2dev/tesisx3_plus/install/omni_bringup/lib/python3.12/site-packages'
[1.554s] Level 1:colcon.colcon_core.shell:create_environment_hook('omni_bringup', 'pythonpath')
[1.554s] INFO:colcon.colcon_core.shell:Creating environment hook '/home/marino-lc/ROS2dev/tesisx3_plus/install/omni_bringup/share/omni_bringup/hook/pythonpath.ps1'
[1.554s] INFO:colcon.colcon_core.shell:Creating environment descriptor '/home/marino-lc/ROS2dev/tesisx3_plus/install/omni_bringup/share/omni_bringup/hook/pythonpath.dsv'
[1.555s] INFO:colcon.colcon_core.shell:Creating environment hook '/home/marino-lc/ROS2dev/tesisx3_plus/install/omni_bringup/share/omni_bringup/hook/pythonpath.sh'
[1.555s] Level 1:colcon.colcon_core.environment:checking '/home/marino-lc/ROS2dev/tesisx3_plus/install/omni_bringup/bin'
[1.556s] INFO:colcon.colcon_core.shell:Creating package script '/home/marino-lc/ROS2dev/tesisx3_plus/install/omni_bringup/share/omni_bringup/package.ps1'
[1.556s] INFO:colcon.colcon_core.shell:Creating package descriptor '/home/marino-lc/ROS2dev/tesisx3_plus/install/omni_bringup/share/omni_bringup/package.dsv'
[1.557s] INFO:colcon.colcon_core.shell:Creating package script '/home/marino-lc/ROS2dev/tesisx3_plus/install/omni_bringup/share/omni_bringup/package.sh'
[1.557s] INFO:colcon.colcon_core.shell:Creating package script '/home/marino-lc/ROS2dev/tesisx3_plus/install/omni_bringup/share/omni_bringup/package.bash'
[1.557s] INFO:colcon.colcon_core.shell:Creating package script '/home/marino-lc/ROS2dev/tesisx3_plus/install/omni_bringup/share/omni_bringup/package.zsh'
[1.558s] Level 1:colcon.colcon_core.environment:create_file_with_runtime_dependencies(/home/marino-lc/ROS2dev/tesisx3_plus/install/omni_bringup/share/colcon-core/packages/omni_bringup)
[1.558s] DEBUG:colcon.colcon_parallel_executor.executor.parallel:closing loop
[1.558s] DEBUG:colcon.colcon_parallel_executor.executor.parallel:loop closed
[1.559s] DEBUG:colcon.colcon_parallel_executor.executor.parallel:run_until_complete finished with '0'
[1.559s] DEBUG:colcon.colcon_core.event_reactor:joining thread
[1.573s] INFO:colcon.colcon_core.plugin_system:Skipping extension 'colcon_notification.desktop_notification.terminal_notifier': Not used on non-Darwin systems
[1.573s] INFO:colcon.colcon_core.plugin_system:Skipping extension 'colcon_notification.desktop_notification.win32': Not used on non-Windows systems
[1.573s] INFO:colcon.colcon_notification.desktop_notification:Sending desktop notification using 'notify2'
[1.598s] DEBUG:colcon.colcon_core.event_reactor:joined thread
[1.599s] INFO:colcon.colcon_core.shell:Creating prefix script '/home/marino-lc/ROS2dev/tesisx3_plus/install/local_setup.ps1'
[1.600s] INFO:colcon.colcon_core.shell:Creating prefix util module '/home/marino-lc/ROS2dev/tesisx3_plus/install/_local_setup_util_ps1.py'
[1.602s] INFO:colcon.colcon_core.shell:Creating prefix chain script '/home/marino-lc/ROS2dev/tesisx3_plus/install/setup.ps1'
[1.604s] INFO:colcon.colcon_core.shell:Creating prefix script '/home/marino-lc/ROS2dev/tesisx3_plus/install/local_setup.sh'
[1.606s] INFO:colcon.colcon_core.shell:Creating prefix util module '/home/marino-lc/ROS2dev/tesisx3_plus/install/_local_setup_util_sh.py'
[1.606s] INFO:colcon.colcon_core.shell:Creating prefix chain script '/home/marino-lc/ROS2dev/tesisx3_plus/install/setup.sh'
[1.608s] INFO:colcon.colcon_core.shell:Creating prefix script '/home/marino-lc/ROS2dev/tesisx3_plus/install/local_setup.bash'
[1.610s] INFO:colcon.colcon_core.shell:Creating prefix chain script '/home/marino-lc/ROS2dev/tesisx3_plus/install/setup.bash'
[1.612s] INFO:colcon.colcon_core.shell:Creating prefix script '/home/marino-lc/ROS2dev/tesisx3_plus/install/local_setup.zsh'
[1.613s] INFO:colcon.colcon_core.shell:Creating prefix chain script '/home/marino-lc/ROS2dev/tesisx3_plus/install/setup.zsh'
