[0.023s] Invoking command in '/home/marino-lc/ROS2dev/tesisx3_plus/build/omni_description': CMAKE_PREFIX_PATH=${CMAKE_PREFIX_PATH}:/opt/ros/jazzy DEBUGINFOD_URLS=https://debuginfod.ubuntu.com /usr/bin/cmake /home/marino-lc/ROS2dev/tesisx3_plus/src/omni_description -DCMAKE_INSTALL_PREFIX=/home/marino-lc/ROS2dev/tesisx3_plus/install/omni_description
[0.288s] -- The C compiler identification is GNU 13.3.0
[0.516s] -- The CXX compiler identification is GNU 13.3.0
[0.543s] -- Detecting C compiler ABI info
[0.693s] -- Detecting C compiler ABI info - done
[0.704s] -- Check for working C compiler: /usr/bin/cc - skipped
[0.704s] -- Detecting C compile features
[0.705s] -- Detecting C compile features - done
[0.725s] -- Detecting CXX compiler ABI info
[0.895s] -- Detecting CXX compiler ABI info - done
[0.907s] -- Check for working CXX compiler: /usr/bin/c++ - skipped
[0.907s] -- Detecting CXX compile features
[0.908s] -- Detecting CXX compile features - done
[0.943s] -- Found ament_cmake: 2.5.6 (/opt/ros/jazzy/share/ament_cmake/cmake)
[1.180s] -- Found Python3: /usr/bin/python3 (found version "3.12.3") found components: Interpreter 
[1.499s] -- Configuring done (1.5s)
[1.503s] -- Generating done (0.0s)
[1.505s] -- Build files have been written to: /home/marino-lc/ROS2dev/tesisx3_plus/build/omni_description
[1.513s] Invoked command in '/home/marino-lc/ROS2dev/tesisx3_plus/build/omni_description' returned '0': CMAKE_PREFIX_PATH=${CMAKE_PREFIX_PATH}:/opt/ros/jazzy DEBUGINFOD_URLS=https://debuginfod.ubuntu.com /usr/bin/cmake /home/marino-lc/ROS2dev/tesisx3_plus/src/omni_description -DCMAKE_INSTALL_PREFIX=/home/marino-lc/ROS2dev/tesisx3_plus/install/omni_description
[1.515s] Invoking command in '/home/marino-lc/ROS2dev/tesisx3_plus/build/omni_description': CMAKE_PREFIX_PATH=${CMAKE_PREFIX_PATH}:/opt/ros/jazzy DEBUGINFOD_URLS=https://debuginfod.ubuntu.com /usr/bin/cmake --build /home/marino-lc/ROS2dev/tesisx3_plus/build/omni_description -- -j12 -l12
[1.598s] Invoked command in '/home/marino-lc/ROS2dev/tesisx3_plus/build/omni_description' returned '0': CMAKE_PREFIX_PATH=${CMAKE_PREFIX_PATH}:/opt/ros/jazzy DEBUGINFOD_URLS=https://debuginfod.ubuntu.com /usr/bin/cmake --build /home/marino-lc/ROS2dev/tesisx3_plus/build/omni_description -- -j12 -l12
[1.598s] Invoking command in '/home/marino-lc/ROS2dev/tesisx3_plus/build/omni_description': CMAKE_PREFIX_PATH=${CMAKE_PREFIX_PATH}:/opt/ros/jazzy DEBUGINFOD_URLS=https://debuginfod.ubuntu.com /usr/bin/cmake --install /home/marino-lc/ROS2dev/tesisx3_plus/build/omni_description
[1.611s] -- Install configuration: ""
[1.611s] -- Installing: /home/marino-lc/ROS2dev/tesisx3_plus/install/omni_description/share/omni_description//launch
[1.611s] -- Installing: /home/marino-lc/ROS2dev/tesisx3_plus/install/omni_description/share/omni_description//launch/omni_display.launch.xml
[1.614s] -- Installing: /home/marino-lc/ROS2dev/tesisx3_plus/install/omni_description/share/omni_description//meshes
[1.614s] -- Installing: /home/marino-lc/ROS2dev/tesisx3_plus/install/omni_description/share/omni_description//meshes/X3
[1.614s] -- Installing: /home/marino-lc/ROS2dev/tesisx3_plus/install/omni_description/share/omni_description//meshes/X3/back_right_wheel.STL
[1.631s] -- Installing: /home/marino-lc/ROS2dev/tesisx3_plus/install/omni_description/share/omni_description//meshes/X3/back_left_wheel.STL
[1.657s] -- Installing: /home/marino-lc/ROS2dev/tesisx3_plus/install/omni_description/share/omni_description//meshes/X3/base_link.STL
[1.688s] -- Installing: /home/marino-lc/ROS2dev/tesisx3_plus/install/omni_description/share/omni_description//meshes/X3/front_right_wheel.STL
[1.713s] -- Installing: /home/marino-lc/ROS2dev/tesisx3_plus/install/omni_description/share/omni_description//meshes/X3/front_left_wheel.STL
[1.747s] -- Installing: /home/marino-lc/ROS2dev/tesisx3_plus/install/omni_description/share/omni_description//meshes/sensor
[1.747s] -- Installing: /home/marino-lc/ROS2dev/tesisx3_plus/install/omni_description/share/omni_description//meshes/sensor/collision
[1.747s] -- Installing: /home/marino-lc/ROS2dev/tesisx3_plus/install/omni_description/share/omni_description//meshes/sensor/collision/laser_link.STL
[1.747s] -- Installing: /home/marino-lc/ROS2dev/tesisx3_plus/install/omni_description/share/omni_description//meshes/sensor/collision/camera_link.STL
[1.752s] -- Installing: /home/marino-lc/ROS2dev/tesisx3_plus/install/omni_description/share/omni_description//meshes/sensor/collision/mono_link.STL
[1.801s] -- Installing: /home/marino-lc/ROS2dev/tesisx3_plus/install/omni_description/share/omni_description//meshes/sensor/visual
[1.802s] -- Installing: /home/marino-lc/ROS2dev/tesisx3_plus/install/omni_description/share/omni_description//meshes/sensor/visual/laser_link.STL
[1.883s] -- Installing: /home/marino-lc/ROS2dev/tesisx3_plus/install/omni_description/share/omni_description//meshes/sensor/visual/camera_link.STL
[1.900s] -- Installing: /home/marino-lc/ROS2dev/tesisx3_plus/install/omni_description/share/omni_description//meshes/sensor/visual/mono_link.STL
[1.929s] -- Installing: /home/marino-lc/ROS2dev/tesisx3_plus/install/omni_description/share/omni_description//meshes/X3plus
[1.929s] -- Installing: /home/marino-lc/ROS2dev/tesisx3_plus/install/omni_description/share/omni_description//meshes/X3plus/visual
[1.929s] -- Installing: /home/marino-lc/ROS2dev/tesisx3_plus/install/omni_description/share/omni_description//meshes/X3plus/visual/arm_link1.STL
[2.003s] -- Installing: /home/marino-lc/ROS2dev/tesisx3_plus/install/omni_description/share/omni_description//meshes/X3plus/visual/rlink1.STL
[2.012s] -- Installing: /home/marino-lc/ROS2dev/tesisx3_plus/install/omni_description/share/omni_description//meshes/X3plus/visual/arm_link2.STL
[2.099s] -- Installing: /home/marino-lc/ROS2dev/tesisx3_plus/install/omni_description/share/omni_description//meshes/X3plus/visual/rlink2.STL
[2.127s] -- Installing: /home/marino-lc/ROS2dev/tesisx3_plus/install/omni_description/share/omni_description//meshes/X3plus/visual/llink1.STL
[2.128s] -- Installing: /home/marino-lc/ROS2dev/tesisx3_plus/install/omni_description/share/omni_description//meshes/X3plus/visual/llink2.STL
[2.137s] -- Installing: /home/marino-lc/ROS2dev/tesisx3_plus/install/omni_description/share/omni_description//meshes/X3plus/visual/llink3.STL
[2.163s] -- Installing: /home/marino-lc/ROS2dev/tesisx3_plus/install/omni_description/share/omni_description//meshes/X3plus/visual/arm_link3.STL
[2.225s] -- Installing: /home/marino-lc/ROS2dev/tesisx3_plus/install/omni_description/share/omni_description//meshes/X3plus/visual/rlink3.STL
[2.229s] -- Installing: /home/marino-lc/ROS2dev/tesisx3_plus/install/omni_description/share/omni_description//meshes/X3plus/visual/arm_link5.STL
[2.253s] -- Installing: /home/marino-lc/ROS2dev/tesisx3_plus/install/omni_description/share/omni_description//rviz
[2.254s] -- Installing: /home/marino-lc/ROS2dev/tesisx3_plus/install/omni_description/share/omni_description//rviz/omni_rviz.rviz
[2.254s] -- Installing: /home/marino-lc/ROS2dev/tesisx3_plus/install/omni_description/share/omni_description//urdf
[2.255s] -- Installing: /home/marino-lc/ROS2dev/tesisx3_plus/install/omni_description/share/omni_description//urdf/imu_sensor.xacro
[2.256s] -- Installing: /home/marino-lc/ROS2dev/tesisx3_plus/install/omni_description/share/omni_description//urdf/omni_gz_properties.xacro
[2.257s] -- Installing: /home/marino-lc/ROS2dev/tesisx3_plus/install/omni_description/share/omni_description//urdf/lidar_sensor.xacro
[2.258s] -- Installing: /home/marino-lc/ROS2dev/tesisx3_plus/install/omni_description/share/omni_description//urdf/depth_camera_sensor.xacro
[2.258s] -- Installing: /home/marino-lc/ROS2dev/tesisx3_plus/install/omni_description/share/omni_description//urdf/camera_sensor.xacro
[2.258s] -- Installing: /home/marino-lc/ROS2dev/tesisx3_plus/install/omni_description/share/omni_description//urdf/xacro_properties.xacro
[2.259s] -- Installing: /home/marino-lc/ROS2dev/tesisx3_plus/install/omni_description/share/omni_description//urdf/omni_urdf.xacro
[2.260s] -- Installing: /home/marino-lc/ROS2dev/tesisx3_plus/install/omni_description/share/omni_description//urdf/omni_velocity_controller.xacro
[2.261s] -- Installing: /home/marino-lc/ROS2dev/tesisx3_plus/install/omni_description/share/omni_description//urdf/velocity_controller.xacro
[2.261s] -- Installing: /home/marino-lc/ROS2dev/tesisx3_plus/install/omni_description/share/omni_description//config
[2.261s] -- Installing: /home/marino-lc/ROS2dev/tesisx3_plus/install/omni_description/share/omni_description//config/omni_velocity_controller.yaml
[2.262s] -- Installing: /home/marino-lc/ROS2dev/tesisx3_plus/install/omni_description/share/ament_index/resource_index/package_run_dependencies/omni_description
[2.262s] -- Installing: /home/marino-lc/ROS2dev/tesisx3_plus/install/omni_description/share/ament_index/resource_index/parent_prefix_path/omni_description
[2.263s] -- Installing: /home/marino-lc/ROS2dev/tesisx3_plus/install/omni_description/share/omni_description/environment/ament_prefix_path.sh
[2.263s] -- Installing: /home/marino-lc/ROS2dev/tesisx3_plus/install/omni_description/share/omni_description/environment/ament_prefix_path.dsv
[2.263s] -- Installing: /home/marino-lc/ROS2dev/tesisx3_plus/install/omni_description/share/omni_description/environment/path.sh
[2.263s] -- Installing: /home/marino-lc/ROS2dev/tesisx3_plus/install/omni_description/share/omni_description/environment/path.dsv
[2.264s] -- Installing: /home/marino-lc/ROS2dev/tesisx3_plus/install/omni_description/share/omni_description/local_setup.bash
[2.264s] -- Installing: /home/marino-lc/ROS2dev/tesisx3_plus/install/omni_description/share/omni_description/local_setup.sh
[2.264s] -- Installing: /home/marino-lc/ROS2dev/tesisx3_plus/install/omni_description/share/omni_description/local_setup.zsh
[2.264s] -- Installing: /home/marino-lc/ROS2dev/tesisx3_plus/install/omni_description/share/omni_description/local_setup.dsv
[2.264s] -- Installing: /home/marino-lc/ROS2dev/tesisx3_plus/install/omni_description/share/omni_description/package.dsv
[2.264s] -- Installing: /home/marino-lc/ROS2dev/tesisx3_plus/install/omni_description/share/ament_index/resource_index/packages/omni_description
[2.265s] -- Installing: /home/marino-lc/ROS2dev/tesisx3_plus/install/omni_description/share/omni_description/cmake/omni_descriptionConfig.cmake
[2.265s] -- Installing: /home/marino-lc/ROS2dev/tesisx3_plus/install/omni_description/share/omni_description/cmake/omni_descriptionConfig-version.cmake
[2.265s] -- Installing: /home/marino-lc/ROS2dev/tesisx3_plus/install/omni_description/share/omni_description/package.xml
[2.267s] Invoked command in '/home/marino-lc/ROS2dev/tesisx3_plus/build/omni_description' returned '0': CMAKE_PREFIX_PATH=${CMAKE_PREFIX_PATH}:/opt/ros/jazzy DEBUGINFOD_URLS=https://debuginfod.ubuntu.com /usr/bin/cmake --install /home/marino-lc/ROS2dev/tesisx3_plus/build/omni_description
