[0.089s] DEBUG:colcon:Command line arguments: ['/usr/bin/colcon', 'build']
[0.089s] DEBUG:colcon:Parsed command line arguments: Namespace(log_base=None, log_level=None, verb_name='build', build_base='build', install_base='install', merge_install=False, symlink_install=False, test_result_base=None, continue_on_error=False, executor='parallel', parallel_workers=2, event_handlers=None, ignore_user_meta=False, metas=['./colcon.meta'], base_paths=['.'], packages_ignore=None, packages_ignore_regex=None, paths=None, packages_up_to=None, packages_up_to_regex=None, packages_above=None, packages_above_and_dependencies=None, packages_above_depth=None, packages_select_by_dep=None, packages_skip_by_dep=None, packages_skip_up_to=None, packages_select_build_failed=False, packages_skip_build_finished=False, packages_select_test_failures=False, packages_skip_test_passed=False, packages_select=None, packages_skip=None, packages_select_regex=None, packages_skip_regex=None, packages_start=None, packages_end=None, allow_overriding=[], cmake_args=None, cmake_target=None, cmake_target_skip_unavailable=False, cmake_clean_cache=False, cmake_clean_first=False, cmake_force_configure=False, ament_cmake_args=None, catkin_cmake_args=None, catkin_skip_building_tests=False, mixin_files=None, mixin=None, verb_parser=<colcon_mixin.mixin.mixin_argument.MixinArgumentDecorator object at 0x70fd219790a0>, verb_extension=<colcon_core.verb.build.BuildVerb object at 0x70fd21ad2ba0>, main=<bound method BuildVerb.main of <colcon_core.verb.build.BuildVerb object at 0x70fd21ad2ba0>>, mixin_verb=('build',))
[0.128s] Level 1:colcon.colcon_core.package_discovery:discover_packages(colcon_meta) check parameters
[0.128s] Level 1:colcon.colcon_core.package_discovery:discover_packages(recursive) check parameters
[0.128s] Level 1:colcon.colcon_core.package_discovery:discover_packages(ignore) check parameters
[0.128s] Level 1:colcon.colcon_core.package_discovery:discover_packages(path) check parameters
[0.128s] Level 1:colcon.colcon_core.package_discovery:discover_packages(colcon_meta) discover
[0.128s] Level 1:colcon.colcon_core.package_discovery:discover_packages(recursive) discover
[0.128s] INFO:colcon.colcon_core.package_discovery:Crawling recursively for packages in '/home/arrgusr/ROS2Dev/X3_PLUS'
[0.128s] Level 1:colcon.colcon_core.package_identification:_identify(.) by extensions ['ignore', 'ignore_ament_install']
[0.128s] Level 1:colcon.colcon_core.package_identification:_identify(.) by extension 'ignore'
[0.128s] Level 1:colcon.colcon_core.package_identification:_identify(.) by extension 'ignore_ament_install'
[0.128s] Level 1:colcon.colcon_core.package_identification:_identify(.) by extensions ['colcon_pkg']
[0.128s] Level 1:colcon.colcon_core.package_identification:_identify(.) by extension 'colcon_pkg'
[0.129s] Level 1:colcon.colcon_core.package_identification:_identify(.) by extensions ['colcon_meta']
[0.129s] Level 1:colcon.colcon_core.package_identification:_identify(.) by extension 'colcon_meta'
[0.129s] Level 1:colcon.colcon_core.package_identification:_identify(.) by extensions ['ros']
[0.129s] Level 1:colcon.colcon_core.package_identification:_identify(.) by extension 'ros'
[0.154s] Level 1:colcon.colcon_core.package_identification:_identify(.) by extensions ['cmake', 'python']
[0.154s] Level 1:colcon.colcon_core.package_identification:_identify(.) by extension 'cmake'
[0.154s] Level 1:colcon.colcon_core.package_identification:_identify(.) by extension 'python'
[0.154s] Level 1:colcon.colcon_core.package_identification:_identify(.) by extensions ['python_setup_py']
[0.154s] Level 1:colcon.colcon_core.package_identification:_identify(.) by extension 'python_setup_py'
[0.154s] Level 1:colcon.colcon_core.package_identification:_identify(build) by extensions ['ignore', 'ignore_ament_install']
[0.154s] Level 1:colcon.colcon_core.package_identification:_identify(build) by extension 'ignore'
[0.154s] Level 1:colcon.colcon_core.package_identification:_identify(build) ignored
[0.155s] Level 1:colcon.colcon_core.package_identification:_identify(install) by extensions ['ignore', 'ignore_ament_install']
[0.155s] Level 1:colcon.colcon_core.package_identification:_identify(install) by extension 'ignore'
[0.155s] Level 1:colcon.colcon_core.package_identification:_identify(install) ignored
[0.155s] Level 1:colcon.colcon_core.package_identification:_identify(log) by extensions ['ignore', 'ignore_ament_install']
[0.155s] Level 1:colcon.colcon_core.package_identification:_identify(log) by extension 'ignore'
[0.155s] Level 1:colcon.colcon_core.package_identification:_identify(log) ignored
[0.155s] Level 1:colcon.colcon_core.package_identification:_identify(src) by extensions ['ignore', 'ignore_ament_install']
[0.155s] Level 1:colcon.colcon_core.package_identification:_identify(src) by extension 'ignore'
[0.155s] Level 1:colcon.colcon_core.package_identification:_identify(src) by extension 'ignore_ament_install'
[0.155s] Level 1:colcon.colcon_core.package_identification:_identify(src) by extensions ['colcon_pkg']
[0.155s] Level 1:colcon.colcon_core.package_identification:_identify(src) by extension 'colcon_pkg'
[0.155s] Level 1:colcon.colcon_core.package_identification:_identify(src) by extensions ['colcon_meta']
[0.155s] Level 1:colcon.colcon_core.package_identification:_identify(src) by extension 'colcon_meta'
[0.155s] Level 1:colcon.colcon_core.package_identification:_identify(src) by extensions ['ros']
[0.155s] Level 1:colcon.colcon_core.package_identification:_identify(src) by extension 'ros'
[0.156s] Level 1:colcon.colcon_core.package_identification:_identify(src) by extensions ['cmake', 'python']
[0.156s] Level 1:colcon.colcon_core.package_identification:_identify(src) by extension 'cmake'
[0.156s] Level 1:colcon.colcon_core.package_identification:_identify(src) by extension 'python'
[0.156s] Level 1:colcon.colcon_core.package_identification:_identify(src) by extensions ['python_setup_py']
[0.156s] Level 1:colcon.colcon_core.package_identification:_identify(src) by extension 'python_setup_py'
[0.156s] Level 1:colcon.colcon_core.package_identification:_identify(src/dofbot_bringup) by extensions ['ignore', 'ignore_ament_install']
[0.156s] Level 1:colcon.colcon_core.package_identification:_identify(src/dofbot_bringup) by extension 'ignore'
[0.156s] Level 1:colcon.colcon_core.package_identification:_identify(src/dofbot_bringup) by extension 'ignore_ament_install'
[0.156s] Level 1:colcon.colcon_core.package_identification:_identify(src/dofbot_bringup) by extensions ['colcon_pkg']
[0.156s] Level 1:colcon.colcon_core.package_identification:_identify(src/dofbot_bringup) by extension 'colcon_pkg'
[0.156s] Level 1:colcon.colcon_core.package_identification:_identify(src/dofbot_bringup) by extensions ['colcon_meta']
[0.156s] Level 1:colcon.colcon_core.package_identification:_identify(src/dofbot_bringup) by extension 'colcon_meta'
[0.156s] Level 1:colcon.colcon_core.package_identification:_identify(src/dofbot_bringup) by extensions ['ros']
[0.156s] Level 1:colcon.colcon_core.package_identification:_identify(src/dofbot_bringup) by extension 'ros'
[0.158s] DEBUG:colcon.colcon_core.package_identification:Package 'src/dofbot_bringup' with type 'ros.ament_cmake' and name 'dofbot_bringup'
[0.158s] Level 1:colcon.colcon_core.package_identification:_identify(src/dofbot_description) by extensions ['ignore', 'ignore_ament_install']
[0.158s] Level 1:colcon.colcon_core.package_identification:_identify(src/dofbot_description) by extension 'ignore'
[0.158s] Level 1:colcon.colcon_core.package_identification:_identify(src/dofbot_description) by extension 'ignore_ament_install'
[0.158s] Level 1:colcon.colcon_core.package_identification:_identify(src/dofbot_description) by extensions ['colcon_pkg']
[0.158s] Level 1:colcon.colcon_core.package_identification:_identify(src/dofbot_description) by extension 'colcon_pkg'
[0.158s] Level 1:colcon.colcon_core.package_identification:_identify(src/dofbot_description) by extensions ['colcon_meta']
[0.158s] Level 1:colcon.colcon_core.package_identification:_identify(src/dofbot_description) by extension 'colcon_meta'
[0.158s] Level 1:colcon.colcon_core.package_identification:_identify(src/dofbot_description) by extensions ['ros']
[0.158s] Level 1:colcon.colcon_core.package_identification:_identify(src/dofbot_description) by extension 'ros'
[0.158s] DEBUG:colcon.colcon_core.package_identification:Package 'src/dofbot_description' with type 'ros.ament_cmake' and name 'dofbot_description'
[0.158s] Level 1:colcon.colcon_core.package_identification:_identify(src/omni_bringup) by extensions ['ignore', 'ignore_ament_install']
[0.158s] Level 1:colcon.colcon_core.package_identification:_identify(src/omni_bringup) by extension 'ignore'
[0.158s] Level 1:colcon.colcon_core.package_identification:_identify(src/omni_bringup) by extension 'ignore_ament_install'
[0.158s] Level 1:colcon.colcon_core.package_identification:_identify(src/omni_bringup) by extensions ['colcon_pkg']
[0.158s] Level 1:colcon.colcon_core.package_identification:_identify(src/omni_bringup) by extension 'colcon_pkg'
[0.158s] Level 1:colcon.colcon_core.package_identification:_identify(src/omni_bringup) by extensions ['colcon_meta']
[0.158s] Level 1:colcon.colcon_core.package_identification:_identify(src/omni_bringup) by extension 'colcon_meta'
[0.158s] Level 1:colcon.colcon_core.package_identification:_identify(src/omni_bringup) by extensions ['ros']
[0.158s] Level 1:colcon.colcon_core.package_identification:_identify(src/omni_bringup) by extension 'ros'
[0.159s] DEBUG:colcon.colcon_core.package_identification:Package 'src/omni_bringup' with type 'ros.ament_cmake' and name 'omni_bringup'
[0.159s] Level 1:colcon.colcon_core.package_identification:_identify(src/omni_description) by extensions ['ignore', 'ignore_ament_install']
[0.159s] Level 1:colcon.colcon_core.package_identification:_identify(src/omni_description) by extension 'ignore'
[0.159s] Level 1:colcon.colcon_core.package_identification:_identify(src/omni_description) by extension 'ignore_ament_install'
[0.159s] Level 1:colcon.colcon_core.package_identification:_identify(src/omni_description) by extensions ['colcon_pkg']
[0.159s] Level 1:colcon.colcon_core.package_identification:_identify(src/omni_description) by extension 'colcon_pkg'
[0.159s] Level 1:colcon.colcon_core.package_identification:_identify(src/omni_description) by extensions ['colcon_meta']
[0.159s] Level 1:colcon.colcon_core.package_identification:_identify(src/omni_description) by extension 'colcon_meta'
[0.159s] Level 1:colcon.colcon_core.package_identification:_identify(src/omni_description) by extensions ['ros']
[0.159s] Level 1:colcon.colcon_core.package_identification:_identify(src/omni_description) by extension 'ros'
[0.160s] DEBUG:colcon.colcon_core.package_identification:Package 'src/omni_description' with type 'ros.ament_cmake' and name 'omni_description'
[0.160s] Level 1:colcon.colcon_core.package_identification:_identify(src/omni_dofbot_bringup) by extensions ['ignore', 'ignore_ament_install']
[0.160s] Level 1:colcon.colcon_core.package_identification:_identify(src/omni_dofbot_bringup) by extension 'ignore'
[0.160s] Level 1:colcon.colcon_core.package_identification:_identify(src/omni_dofbot_bringup) by extension 'ignore_ament_install'
[0.160s] Level 1:colcon.colcon_core.package_identification:_identify(src/omni_dofbot_bringup) by extensions ['colcon_pkg']
[0.160s] Level 1:colcon.colcon_core.package_identification:_identify(src/omni_dofbot_bringup) by extension 'colcon_pkg'
[0.160s] Level 1:colcon.colcon_core.package_identification:_identify(src/omni_dofbot_bringup) by extensions ['colcon_meta']
[0.160s] Level 1:colcon.colcon_core.package_identification:_identify(src/omni_dofbot_bringup) by extension 'colcon_meta'
[0.160s] Level 1:colcon.colcon_core.package_identification:_identify(src/omni_dofbot_bringup) by extensions ['ros']
[0.160s] Level 1:colcon.colcon_core.package_identification:_identify(src/omni_dofbot_bringup) by extension 'ros'
[0.160s] DEBUG:colcon.colcon_core.package_identification:Package 'src/omni_dofbot_bringup' with type 'ros.ament_cmake' and name 'omni_dofbot_bringup'
[0.160s] Level 1:colcon.colcon_core.package_identification:_identify(src/omni_dofbot_description) by extensions ['ignore', 'ignore_ament_install']
[0.160s] Level 1:colcon.colcon_core.package_identification:_identify(src/omni_dofbot_description) by extension 'ignore'
[0.160s] Level 1:colcon.colcon_core.package_identification:_identify(src/omni_dofbot_description) by extension 'ignore_ament_install'
[0.160s] Level 1:colcon.colcon_core.package_identification:_identify(src/omni_dofbot_description) by extensions ['colcon_pkg']
[0.160s] Level 1:colcon.colcon_core.package_identification:_identify(src/omni_dofbot_description) by extension 'colcon_pkg'
[0.160s] Level 1:colcon.colcon_core.package_identification:_identify(src/omni_dofbot_description) by extensions ['colcon_meta']
[0.160s] Level 1:colcon.colcon_core.package_identification:_identify(src/omni_dofbot_description) by extension 'colcon_meta'
[0.160s] Level 1:colcon.colcon_core.package_identification:_identify(src/omni_dofbot_description) by extensions ['ros']
[0.160s] Level 1:colcon.colcon_core.package_identification:_identify(src/omni_dofbot_description) by extension 'ros'
[0.161s] DEBUG:colcon.colcon_core.package_identification:Package 'src/omni_dofbot_description' with type 'ros.ament_cmake' and name 'omni_dofbot_description'
[0.161s] Level 1:colcon.colcon_core.package_discovery:discover_packages(recursive) using defaults
[0.161s] Level 1:colcon.colcon_core.package_discovery:discover_packages(ignore) discover
[0.161s] Level 1:colcon.colcon_core.package_discovery:discover_packages(ignore) using defaults
[0.161s] Level 1:colcon.colcon_core.package_discovery:discover_packages(path) discover
[0.161s] Level 1:colcon.colcon_core.package_discovery:discover_packages(path) using defaults
[0.176s] Level 1:colcon.colcon_core.package_discovery:discover_packages(prefix_path) check parameters
[0.176s] Level 1:colcon.colcon_core.package_discovery:discover_packages(prefix_path) discover
[0.177s] DEBUG:colcon.colcon_installed_package_information.package_discovery:Found 6 installed packages in /home/arrgusr/ROS2Dev/X3_PLUS/install
[0.179s] DEBUG:colcon.colcon_installed_package_information.package_discovery:Found 367 installed packages in /opt/ros/jazzy
[0.180s] Level 1:colcon.colcon_core.package_discovery:discover_packages(prefix_path) using defaults
[0.219s] Level 5:colcon.colcon_core.verb:set package 'dofbot_bringup' build argument 'cmake_args' from command line to 'None'
[0.219s] Level 5:colcon.colcon_core.verb:set package 'dofbot_bringup' build argument 'cmake_target' from command line to 'None'
[0.219s] Level 5:colcon.colcon_core.verb:set package 'dofbot_bringup' build argument 'cmake_target_skip_unavailable' from command line to 'False'
[0.219s] Level 5:colcon.colcon_core.verb:set package 'dofbot_bringup' build argument 'cmake_clean_cache' from command line to 'False'
[0.219s] Level 5:colcon.colcon_core.verb:set package 'dofbot_bringup' build argument 'cmake_clean_first' from command line to 'False'
[0.219s] Level 5:colcon.colcon_core.verb:set package 'dofbot_bringup' build argument 'cmake_force_configure' from command line to 'False'
[0.219s] Level 5:colcon.colcon_core.verb:set package 'dofbot_bringup' build argument 'ament_cmake_args' from command line to 'None'
[0.219s] Level 5:colcon.colcon_core.verb:set package 'dofbot_bringup' build argument 'catkin_cmake_args' from command line to 'None'
[0.219s] Level 5:colcon.colcon_core.verb:set package 'dofbot_bringup' build argument 'catkin_skip_building_tests' from command line to 'False'
[0.219s] DEBUG:colcon.colcon_core.verb:Building package 'dofbot_bringup' with the following arguments: {'ament_cmake_args': None, 'build_base': '/home/arrgusr/ROS2Dev/X3_PLUS/build/dofbot_bringup', 'catkin_cmake_args': None, 'catkin_skip_building_tests': False, 'cmake_args': None, 'cmake_clean_cache': False, 'cmake_clean_first': False, 'cmake_force_configure': False, 'cmake_target': None, 'cmake_target_skip_unavailable': False, 'install_base': '/home/arrgusr/ROS2Dev/X3_PLUS/install/dofbot_bringup', 'merge_install': False, 'path': '/home/arrgusr/ROS2Dev/X3_PLUS/src/dofbot_bringup', 'symlink_install': False, 'test_result_base': None}
[0.219s] Level 5:colcon.colcon_core.verb:set package 'dofbot_description' build argument 'cmake_args' from command line to 'None'
[0.219s] Level 5:colcon.colcon_core.verb:set package 'dofbot_description' build argument 'cmake_target' from command line to 'None'
[0.219s] Level 5:colcon.colcon_core.verb:set package 'dofbot_description' build argument 'cmake_target_skip_unavailable' from command line to 'False'
[0.219s] Level 5:colcon.colcon_core.verb:set package 'dofbot_description' build argument 'cmake_clean_cache' from command line to 'False'
[0.219s] Level 5:colcon.colcon_core.verb:set package 'dofbot_description' build argument 'cmake_clean_first' from command line to 'False'
[0.219s] Level 5:colcon.colcon_core.verb:set package 'dofbot_description' build argument 'cmake_force_configure' from command line to 'False'
[0.219s] Level 5:colcon.colcon_core.verb:set package 'dofbot_description' build argument 'ament_cmake_args' from command line to 'None'
[0.219s] Level 5:colcon.colcon_core.verb:set package 'dofbot_description' build argument 'catkin_cmake_args' from command line to 'None'
[0.219s] Level 5:colcon.colcon_core.verb:set package 'dofbot_description' build argument 'catkin_skip_building_tests' from command line to 'False'
[0.219s] DEBUG:colcon.colcon_core.verb:Building package 'dofbot_description' with the following arguments: {'ament_cmake_args': None, 'build_base': '/home/arrgusr/ROS2Dev/X3_PLUS/build/dofbot_description', 'catkin_cmake_args': None, 'catkin_skip_building_tests': False, 'cmake_args': None, 'cmake_clean_cache': False, 'cmake_clean_first': False, 'cmake_force_configure': False, 'cmake_target': None, 'cmake_target_skip_unavailable': False, 'install_base': '/home/arrgusr/ROS2Dev/X3_PLUS/install/dofbot_description', 'merge_install': False, 'path': '/home/arrgusr/ROS2Dev/X3_PLUS/src/dofbot_description', 'symlink_install': False, 'test_result_base': None}
[0.220s] Level 5:colcon.colcon_core.verb:set package 'omni_bringup' build argument 'cmake_args' from command line to 'None'
[0.220s] Level 5:colcon.colcon_core.verb:set package 'omni_bringup' build argument 'cmake_target' from command line to 'None'
[0.220s] Level 5:colcon.colcon_core.verb:set package 'omni_bringup' build argument 'cmake_target_skip_unavailable' from command line to 'False'
[0.220s] Level 5:colcon.colcon_core.verb:set package 'omni_bringup' build argument 'cmake_clean_cache' from command line to 'False'
[0.220s] Level 5:colcon.colcon_core.verb:set package 'omni_bringup' build argument 'cmake_clean_first' from command line to 'False'
[0.220s] Level 5:colcon.colcon_core.verb:set package 'omni_bringup' build argument 'cmake_force_configure' from command line to 'False'
[0.220s] Level 5:colcon.colcon_core.verb:set package 'omni_bringup' build argument 'ament_cmake_args' from command line to 'None'
[0.220s] Level 5:colcon.colcon_core.verb:set package 'omni_bringup' build argument 'catkin_cmake_args' from command line to 'None'
[0.220s] Level 5:colcon.colcon_core.verb:set package 'omni_bringup' build argument 'catkin_skip_building_tests' from command line to 'False'
[0.220s] DEBUG:colcon.colcon_core.verb:Building package 'omni_bringup' with the following arguments: {'ament_cmake_args': None, 'build_base': '/home/arrgusr/ROS2Dev/X3_PLUS/build/omni_bringup', 'catkin_cmake_args': None, 'catkin_skip_building_tests': False, 'cmake_args': None, 'cmake_clean_cache': False, 'cmake_clean_first': False, 'cmake_force_configure': False, 'cmake_target': None, 'cmake_target_skip_unavailable': False, 'install_base': '/home/arrgusr/ROS2Dev/X3_PLUS/install/omni_bringup', 'merge_install': False, 'path': '/home/arrgusr/ROS2Dev/X3_PLUS/src/omni_bringup', 'symlink_install': False, 'test_result_base': None}
[0.220s] Level 5:colcon.colcon_core.verb:set package 'omni_description' build argument 'cmake_args' from command line to 'None'
[0.220s] Level 5:colcon.colcon_core.verb:set package 'omni_description' build argument 'cmake_target' from command line to 'None'
[0.220s] Level 5:colcon.colcon_core.verb:set package 'omni_description' build argument 'cmake_target_skip_unavailable' from command line to 'False'
[0.220s] Level 5:colcon.colcon_core.verb:set package 'omni_description' build argument 'cmake_clean_cache' from command line to 'False'
[0.220s] Level 5:colcon.colcon_core.verb:set package 'omni_description' build argument 'cmake_clean_first' from command line to 'False'
[0.220s] Level 5:colcon.colcon_core.verb:set package 'omni_description' build argument 'cmake_force_configure' from command line to 'False'
[0.220s] Level 5:colcon.colcon_core.verb:set package 'omni_description' build argument 'ament_cmake_args' from command line to 'None'
[0.220s] Level 5:colcon.colcon_core.verb:set package 'omni_description' build argument 'catkin_cmake_args' from command line to 'None'
[0.220s] Level 5:colcon.colcon_core.verb:set package 'omni_description' build argument 'catkin_skip_building_tests' from command line to 'False'
[0.220s] DEBUG:colcon.colcon_core.verb:Building package 'omni_description' with the following arguments: {'ament_cmake_args': None, 'build_base': '/home/arrgusr/ROS2Dev/X3_PLUS/build/omni_description', 'catkin_cmake_args': None, 'catkin_skip_building_tests': False, 'cmake_args': None, 'cmake_clean_cache': False, 'cmake_clean_first': False, 'cmake_force_configure': False, 'cmake_target': None, 'cmake_target_skip_unavailable': False, 'install_base': '/home/arrgusr/ROS2Dev/X3_PLUS/install/omni_description', 'merge_install': False, 'path': '/home/arrgusr/ROS2Dev/X3_PLUS/src/omni_description', 'symlink_install': False, 'test_result_base': None}
[0.220s] Level 5:colcon.colcon_core.verb:set package 'omni_dofbot_bringup' build argument 'cmake_args' from command line to 'None'
[0.220s] Level 5:colcon.colcon_core.verb:set package 'omni_dofbot_bringup' build argument 'cmake_target' from command line to 'None'
[0.220s] Level 5:colcon.colcon_core.verb:set package 'omni_dofbot_bringup' build argument 'cmake_target_skip_unavailable' from command line to 'False'
[0.220s] Level 5:colcon.colcon_core.verb:set package 'omni_dofbot_bringup' build argument 'cmake_clean_cache' from command line to 'False'
[0.220s] Level 5:colcon.colcon_core.verb:set package 'omni_dofbot_bringup' build argument 'cmake_clean_first' from command line to 'False'
[0.220s] Level 5:colcon.colcon_core.verb:set package 'omni_dofbot_bringup' build argument 'cmake_force_configure' from command line to 'False'
[0.220s] Level 5:colcon.colcon_core.verb:set package 'omni_dofbot_bringup' build argument 'ament_cmake_args' from command line to 'None'
[0.220s] Level 5:colcon.colcon_core.verb:set package 'omni_dofbot_bringup' build argument 'catkin_cmake_args' from command line to 'None'
[0.220s] Level 5:colcon.colcon_core.verb:set package 'omni_dofbot_bringup' build argument 'catkin_skip_building_tests' from command line to 'False'
[0.220s] DEBUG:colcon.colcon_core.verb:Building package 'omni_dofbot_bringup' with the following arguments: {'ament_cmake_args': None, 'build_base': '/home/arrgusr/ROS2Dev/X3_PLUS/build/omni_dofbot_bringup', 'catkin_cmake_args': None, 'catkin_skip_building_tests': False, 'cmake_args': None, 'cmake_clean_cache': False, 'cmake_clean_first': False, 'cmake_force_configure': False, 'cmake_target': None, 'cmake_target_skip_unavailable': False, 'install_base': '/home/arrgusr/ROS2Dev/X3_PLUS/install/omni_dofbot_bringup', 'merge_install': False, 'path': '/home/arrgusr/ROS2Dev/X3_PLUS/src/omni_dofbot_bringup', 'symlink_install': False, 'test_result_base': None}
[0.220s] Level 5:colcon.colcon_core.verb:set package 'omni_dofbot_description' build argument 'cmake_args' from command line to 'None'
[0.220s] Level 5:colcon.colcon_core.verb:set package 'omni_dofbot_description' build argument 'cmake_target' from command line to 'None'
[0.220s] Level 5:colcon.colcon_core.verb:set package 'omni_dofbot_description' build argument 'cmake_target_skip_unavailable' from command line to 'False'
[0.220s] Level 5:colcon.colcon_core.verb:set package 'omni_dofbot_description' build argument 'cmake_clean_cache' from command line to 'False'
[0.220s] Level 5:colcon.colcon_core.verb:set package 'omni_dofbot_description' build argument 'cmake_clean_first' from command line to 'False'
[0.220s] Level 5:colcon.colcon_core.verb:set package 'omni_dofbot_description' build argument 'cmake_force_configure' from command line to 'False'
[0.220s] Level 5:colcon.colcon_core.verb:set package 'omni_dofbot_description' build argument 'ament_cmake_args' from command line to 'None'
[0.220s] Level 5:colcon.colcon_core.verb:set package 'omni_dofbot_description' build argument 'catkin_cmake_args' from command line to 'None'
[0.220s] Level 5:colcon.colcon_core.verb:set package 'omni_dofbot_description' build argument 'catkin_skip_building_tests' from command line to 'False'
[0.220s] DEBUG:colcon.colcon_core.verb:Building package 'omni_dofbot_description' with the following arguments: {'ament_cmake_args': None, 'build_base': '/home/arrgusr/ROS2Dev/X3_PLUS/build/omni_dofbot_description', 'catkin_cmake_args': None, 'catkin_skip_building_tests': False, 'cmake_args': None, 'cmake_clean_cache': False, 'cmake_clean_first': False, 'cmake_force_configure': False, 'cmake_target': None, 'cmake_target_skip_unavailable': False, 'install_base': '/home/arrgusr/ROS2Dev/X3_PLUS/install/omni_dofbot_description', 'merge_install': False, 'path': '/home/arrgusr/ROS2Dev/X3_PLUS/src/omni_dofbot_description', 'symlink_install': False, 'test_result_base': None}
[0.221s] INFO:colcon.colcon_core.executor:Executing jobs using 'parallel' executor
[0.222s] DEBUG:colcon.colcon_parallel_executor.executor.parallel:run_until_complete
[0.222s] INFO:colcon.colcon_ros.task.ament_cmake.build:Building ROS package in '/home/arrgusr/ROS2Dev/X3_PLUS/src/dofbot_bringup' with build type 'ament_cmake'
[0.222s] INFO:colcon.colcon_cmake.task.cmake.build:Building CMake package in '/home/arrgusr/ROS2Dev/X3_PLUS/src/dofbot_bringup'
[0.226s] INFO:colcon.colcon_core.plugin_system:Skipping extension 'colcon_core.shell.bat': Not used on non-Windows systems
[0.227s] INFO:colcon.colcon_core.shell:Skip shell extension 'powershell' for command environment: Not usable outside of PowerShell
[0.227s] DEBUG:colcon.colcon_core.shell:Skip shell extension 'dsv' for command environment
[0.232s] INFO:colcon.colcon_ros.task.ament_cmake.build:Building ROS package in '/home/arrgusr/ROS2Dev/X3_PLUS/src/dofbot_description' with build type 'ament_cmake'
[0.233s] INFO:colcon.colcon_cmake.task.cmake.build:Building CMake package in '/home/arrgusr/ROS2Dev/X3_PLUS/src/dofbot_description'
[0.233s] INFO:colcon.colcon_core.shell:Skip shell extension 'powershell' for command environment: Not usable outside of PowerShell
[0.233s] DEBUG:colcon.colcon_core.shell:Skip shell extension 'dsv' for command environment
[0.241s] DEBUG:colcon.colcon_core.event_handler.log_command:Invoking command in '/home/arrgusr/ROS2Dev/X3_PLUS/build/dofbot_bringup': CMAKE_PREFIX_PATH=${CMAKE_PREFIX_PATH}:/opt/ros/jazzy DEBUGINFOD_URLS=https://debuginfod.ubuntu.com /usr/bin/cmake --build /home/arrgusr/ROS2Dev/X3_PLUS/build/dofbot_bringup -- -j2 -l2
[0.250s] DEBUG:colcon.colcon_core.event_handler.log_command:Invoking command in '/home/arrgusr/ROS2Dev/X3_PLUS/build/dofbot_description': CMAKE_PREFIX_PATH=${CMAKE_PREFIX_PATH}:/opt/ros/jazzy DEBUGINFOD_URLS=https://debuginfod.ubuntu.com /usr/bin/cmake --build /home/arrgusr/ROS2Dev/X3_PLUS/build/dofbot_description -- -j2 -l2
[0.313s] DEBUG:colcon.colcon_core.event_handler.log_command:Invoked command in '/home/arrgusr/ROS2Dev/X3_PLUS/build/dofbot_description' returned '0': CMAKE_PREFIX_PATH=${CMAKE_PREFIX_PATH}:/opt/ros/jazzy DEBUGINFOD_URLS=https://debuginfod.ubuntu.com /usr/bin/cmake --build /home/arrgusr/ROS2Dev/X3_PLUS/build/dofbot_description -- -j2 -l2
[0.329s] DEBUG:colcon.colcon_core.event_handler.log_command:Invoking command in '/home/arrgusr/ROS2Dev/X3_PLUS/build/dofbot_description': CMAKE_PREFIX_PATH=${CMAKE_PREFIX_PATH}:/opt/ros/jazzy DEBUGINFOD_URLS=https://debuginfod.ubuntu.com /usr/bin/cmake --install /home/arrgusr/ROS2Dev/X3_PLUS/build/dofbot_description
[0.351s] Level 1:colcon.colcon_core.environment:create_environment_scripts_only(dofbot_description)
[0.352s] DEBUG:colcon.colcon_core.event_handler.log_command:Invoked command in '/home/arrgusr/ROS2Dev/X3_PLUS/build/dofbot_description' returned '0': CMAKE_PREFIX_PATH=${CMAKE_PREFIX_PATH}:/opt/ros/jazzy DEBUGINFOD_URLS=https://debuginfod.ubuntu.com /usr/bin/cmake --install /home/arrgusr/ROS2Dev/X3_PLUS/build/dofbot_description
[0.354s] Level 1:colcon.colcon_core.environment:checking '/home/arrgusr/ROS2Dev/X3_PLUS/install/dofbot_description' for CMake module files
[0.354s] Level 1:colcon.colcon_core.environment:checking '/home/arrgusr/ROS2Dev/X3_PLUS/install/dofbot_description' for CMake config files
[0.355s] Level 1:colcon.colcon_core.shell:create_environment_hook('dofbot_description', 'cmake_prefix_path')
[0.355s] INFO:colcon.colcon_core.shell:Creating environment hook '/home/arrgusr/ROS2Dev/X3_PLUS/install/dofbot_description/share/dofbot_description/hook/cmake_prefix_path.ps1'
[0.355s] INFO:colcon.colcon_core.shell:Creating environment descriptor '/home/arrgusr/ROS2Dev/X3_PLUS/install/dofbot_description/share/dofbot_description/hook/cmake_prefix_path.dsv'
[0.356s] INFO:colcon.colcon_core.shell:Creating environment hook '/home/arrgusr/ROS2Dev/X3_PLUS/install/dofbot_description/share/dofbot_description/hook/cmake_prefix_path.sh'
[0.357s] Level 1:colcon.colcon_core.environment:checking '/home/arrgusr/ROS2Dev/X3_PLUS/install/dofbot_description/bin'
[0.357s] Level 1:colcon.colcon_core.environment:checking '/home/arrgusr/ROS2Dev/X3_PLUS/install/dofbot_description/lib/pkgconfig/dofbot_description.pc'
[0.357s] Level 1:colcon.colcon_core.environment:checking '/home/arrgusr/ROS2Dev/X3_PLUS/install/dofbot_description/lib/python3.12/site-packages'
[0.357s] Level 1:colcon.colcon_core.environment:checking '/home/arrgusr/ROS2Dev/X3_PLUS/install/dofbot_description/bin'
[0.358s] INFO:colcon.colcon_core.shell:Creating package script '/home/arrgusr/ROS2Dev/X3_PLUS/install/dofbot_description/share/dofbot_description/package.ps1'
[0.358s] INFO:colcon.colcon_core.shell:Creating package descriptor '/home/arrgusr/ROS2Dev/X3_PLUS/install/dofbot_description/share/dofbot_description/package.dsv'
[0.359s] INFO:colcon.colcon_core.shell:Creating package script '/home/arrgusr/ROS2Dev/X3_PLUS/install/dofbot_description/share/dofbot_description/package.sh'
[0.359s] INFO:colcon.colcon_core.shell:Creating package script '/home/arrgusr/ROS2Dev/X3_PLUS/install/dofbot_description/share/dofbot_description/package.bash'
[0.360s] INFO:colcon.colcon_core.shell:Creating package script '/home/arrgusr/ROS2Dev/X3_PLUS/install/dofbot_description/share/dofbot_description/package.zsh'
[0.361s] Level 1:colcon.colcon_core.environment:create_file_with_runtime_dependencies(/home/arrgusr/ROS2Dev/X3_PLUS/install/dofbot_description/share/colcon-core/packages/dofbot_description)
[0.361s] Level 1:colcon.colcon_core.environment:create_environment_scripts_only(dofbot_description)
[0.361s] Level 1:colcon.colcon_core.environment:checking '/home/arrgusr/ROS2Dev/X3_PLUS/install/dofbot_description' for CMake module files
[0.362s] Level 1:colcon.colcon_core.environment:checking '/home/arrgusr/ROS2Dev/X3_PLUS/install/dofbot_description' for CMake config files
[0.362s] Level 1:colcon.colcon_core.shell:create_environment_hook('dofbot_description', 'cmake_prefix_path')
[0.362s] INFO:colcon.colcon_core.shell:Creating environment hook '/home/arrgusr/ROS2Dev/X3_PLUS/install/dofbot_description/share/dofbot_description/hook/cmake_prefix_path.ps1'
[0.362s] INFO:colcon.colcon_core.shell:Creating environment descriptor '/home/arrgusr/ROS2Dev/X3_PLUS/install/dofbot_description/share/dofbot_description/hook/cmake_prefix_path.dsv'
[0.363s] INFO:colcon.colcon_core.shell:Creating environment hook '/home/arrgusr/ROS2Dev/X3_PLUS/install/dofbot_description/share/dofbot_description/hook/cmake_prefix_path.sh'
[0.364s] Level 1:colcon.colcon_core.environment:checking '/home/arrgusr/ROS2Dev/X3_PLUS/install/dofbot_description/bin'
[0.364s] Level 1:colcon.colcon_core.environment:checking '/home/arrgusr/ROS2Dev/X3_PLUS/install/dofbot_description/lib/pkgconfig/dofbot_description.pc'
[0.364s] Level 1:colcon.colcon_core.environment:checking '/home/arrgusr/ROS2Dev/X3_PLUS/install/dofbot_description/lib/python3.12/site-packages'
[0.364s] Level 1:colcon.colcon_core.environment:checking '/home/arrgusr/ROS2Dev/X3_PLUS/install/dofbot_description/bin'
[0.364s] INFO:colcon.colcon_core.shell:Creating package script '/home/arrgusr/ROS2Dev/X3_PLUS/install/dofbot_description/share/dofbot_description/package.ps1'
[0.365s] INFO:colcon.colcon_core.shell:Creating package descriptor '/home/arrgusr/ROS2Dev/X3_PLUS/install/dofbot_description/share/dofbot_description/package.dsv'
[0.366s] INFO:colcon.colcon_core.shell:Creating package script '/home/arrgusr/ROS2Dev/X3_PLUS/install/dofbot_description/share/dofbot_description/package.sh'
[0.366s] INFO:colcon.colcon_core.shell:Creating package script '/home/arrgusr/ROS2Dev/X3_PLUS/install/dofbot_description/share/dofbot_description/package.bash'
[0.367s] INFO:colcon.colcon_core.shell:Creating package script '/home/arrgusr/ROS2Dev/X3_PLUS/install/dofbot_description/share/dofbot_description/package.zsh'
[0.367s] Level 1:colcon.colcon_core.environment:create_file_with_runtime_dependencies(/home/arrgusr/ROS2Dev/X3_PLUS/install/dofbot_description/share/colcon-core/packages/dofbot_description)
[0.368s] INFO:colcon.colcon_ros.task.ament_cmake.build:Building ROS package in '/home/arrgusr/ROS2Dev/X3_PLUS/src/omni_bringup' with build type 'ament_cmake'
[0.368s] INFO:colcon.colcon_cmake.task.cmake.build:Building CMake package in '/home/arrgusr/ROS2Dev/X3_PLUS/src/omni_bringup'
[0.368s] INFO:colcon.colcon_core.shell:Skip shell extension 'powershell' for command environment: Not usable outside of PowerShell
[0.368s] DEBUG:colcon.colcon_core.shell:Skip shell extension 'dsv' for command environment
[0.383s] DEBUG:colcon.colcon_core.event_handler.log_command:Invoking command in '/home/arrgusr/ROS2Dev/X3_PLUS/build/omni_bringup': CMAKE_PREFIX_PATH=${CMAKE_PREFIX_PATH}:/opt/ros/jazzy DEBUGINFOD_URLS=https://debuginfod.ubuntu.com /usr/bin/cmake --build /home/arrgusr/ROS2Dev/X3_PLUS/build/omni_bringup -- -j2 -l2
[0.777s] DEBUG:colcon.colcon_core.event_handler.log_command:Invoked command in '/home/arrgusr/ROS2Dev/X3_PLUS/build/dofbot_bringup' returned '0': CMAKE_PREFIX_PATH=${CMAKE_PREFIX_PATH}:/opt/ros/jazzy DEBUGINFOD_URLS=https://debuginfod.ubuntu.com /usr/bin/cmake --build /home/arrgusr/ROS2Dev/X3_PLUS/build/dofbot_bringup -- -j2 -l2
[0.778s] DEBUG:colcon.colcon_core.event_handler.log_command:Invoking command in '/home/arrgusr/ROS2Dev/X3_PLUS/build/dofbot_bringup': CMAKE_PREFIX_PATH=${CMAKE_PREFIX_PATH}:/opt/ros/jazzy DEBUGINFOD_URLS=https://debuginfod.ubuntu.com /usr/bin/cmake --install /home/arrgusr/ROS2Dev/X3_PLUS/build/dofbot_bringup
[0.923s] DEBUG:colcon.colcon_core.event_handler.log_command:Invoked command in '/home/arrgusr/ROS2Dev/X3_PLUS/build/omni_bringup' returned '0': CMAKE_PREFIX_PATH=${CMAKE_PREFIX_PATH}:/opt/ros/jazzy DEBUGINFOD_URLS=https://debuginfod.ubuntu.com /usr/bin/cmake --build /home/arrgusr/ROS2Dev/X3_PLUS/build/omni_bringup -- -j2 -l2
[0.925s] DEBUG:colcon.colcon_core.event_handler.log_command:Invoking command in '/home/arrgusr/ROS2Dev/X3_PLUS/build/omni_bringup': CMAKE_PREFIX_PATH=${CMAKE_PREFIX_PATH}:/opt/ros/jazzy DEBUGINFOD_URLS=https://debuginfod.ubuntu.com /usr/bin/cmake --install /home/arrgusr/ROS2Dev/X3_PLUS/build/omni_bringup
[0.946s] Level 1:colcon.colcon_core.environment:create_environment_scripts_only(dofbot_bringup)
[0.947s] Level 1:colcon.colcon_core.environment:checking '/home/arrgusr/ROS2Dev/X3_PLUS/install/dofbot_bringup' for CMake module files
[0.947s] DEBUG:colcon.colcon_core.event_handler.log_command:Invoked command in '/home/arrgusr/ROS2Dev/X3_PLUS/build/dofbot_bringup' returned '0': CMAKE_PREFIX_PATH=${CMAKE_PREFIX_PATH}:/opt/ros/jazzy DEBUGINFOD_URLS=https://debuginfod.ubuntu.com /usr/bin/cmake --install /home/arrgusr/ROS2Dev/X3_PLUS/build/dofbot_bringup
[0.948s] Level 1:colcon.colcon_core.environment:checking '/home/arrgusr/ROS2Dev/X3_PLUS/install/dofbot_bringup' for CMake config files
[0.948s] Level 1:colcon.colcon_core.shell:create_environment_hook('dofbot_bringup', 'cmake_prefix_path')
[0.949s] INFO:colcon.colcon_core.shell:Creating environment hook '/home/arrgusr/ROS2Dev/X3_PLUS/install/dofbot_bringup/share/dofbot_bringup/hook/cmake_prefix_path.ps1'
[0.950s] INFO:colcon.colcon_core.shell:Creating environment descriptor '/home/arrgusr/ROS2Dev/X3_PLUS/install/dofbot_bringup/share/dofbot_bringup/hook/cmake_prefix_path.dsv'
[0.950s] INFO:colcon.colcon_core.shell:Creating environment hook '/home/arrgusr/ROS2Dev/X3_PLUS/install/dofbot_bringup/share/dofbot_bringup/hook/cmake_prefix_path.sh'
[0.951s] Level 1:colcon.colcon_core.environment:checking '/home/arrgusr/ROS2Dev/X3_PLUS/install/dofbot_bringup/lib'
[0.951s] Level 1:colcon.colcon_core.environment:checking '/home/arrgusr/ROS2Dev/X3_PLUS/install/dofbot_bringup/bin'
[0.951s] Level 1:colcon.colcon_core.environment:checking '/home/arrgusr/ROS2Dev/X3_PLUS/install/dofbot_bringup/lib/pkgconfig/dofbot_bringup.pc'
[0.951s] Level 1:colcon.colcon_core.environment:checking '/home/arrgusr/ROS2Dev/X3_PLUS/install/dofbot_bringup/lib/python3.12/site-packages'
[0.951s] Level 1:colcon.colcon_core.shell:create_environment_hook('dofbot_bringup', 'pythonpath')
[0.951s] INFO:colcon.colcon_core.shell:Creating environment hook '/home/arrgusr/ROS2Dev/X3_PLUS/install/dofbot_bringup/share/dofbot_bringup/hook/pythonpath.ps1'
[0.952s] INFO:colcon.colcon_core.shell:Creating environment descriptor '/home/arrgusr/ROS2Dev/X3_PLUS/install/dofbot_bringup/share/dofbot_bringup/hook/pythonpath.dsv'
[0.952s] INFO:colcon.colcon_core.shell:Creating environment hook '/home/arrgusr/ROS2Dev/X3_PLUS/install/dofbot_bringup/share/dofbot_bringup/hook/pythonpath.sh'
[0.953s] Level 1:colcon.colcon_core.environment:checking '/home/arrgusr/ROS2Dev/X3_PLUS/install/dofbot_bringup/bin'
[0.953s] INFO:colcon.colcon_core.shell:Creating package script '/home/arrgusr/ROS2Dev/X3_PLUS/install/dofbot_bringup/share/dofbot_bringup/package.ps1'
[0.954s] INFO:colcon.colcon_core.shell:Creating package descriptor '/home/arrgusr/ROS2Dev/X3_PLUS/install/dofbot_bringup/share/dofbot_bringup/package.dsv'
[0.954s] INFO:colcon.colcon_core.shell:Creating package script '/home/arrgusr/ROS2Dev/X3_PLUS/install/dofbot_bringup/share/dofbot_bringup/package.sh'
[0.955s] INFO:colcon.colcon_core.shell:Creating package script '/home/arrgusr/ROS2Dev/X3_PLUS/install/dofbot_bringup/share/dofbot_bringup/package.bash'
[0.955s] INFO:colcon.colcon_core.shell:Creating package script '/home/arrgusr/ROS2Dev/X3_PLUS/install/dofbot_bringup/share/dofbot_bringup/package.zsh'
[0.956s] Level 1:colcon.colcon_core.environment:create_file_with_runtime_dependencies(/home/arrgusr/ROS2Dev/X3_PLUS/install/dofbot_bringup/share/colcon-core/packages/dofbot_bringup)
[0.956s] Level 1:colcon.colcon_core.environment:create_environment_scripts_only(dofbot_bringup)
[0.956s] Level 1:colcon.colcon_core.environment:checking '/home/arrgusr/ROS2Dev/X3_PLUS/install/dofbot_bringup' for CMake module files
[0.957s] Level 1:colcon.colcon_core.environment:checking '/home/arrgusr/ROS2Dev/X3_PLUS/install/dofbot_bringup' for CMake config files
[0.957s] Level 1:colcon.colcon_core.shell:create_environment_hook('dofbot_bringup', 'cmake_prefix_path')
[0.957s] INFO:colcon.colcon_core.shell:Creating environment hook '/home/arrgusr/ROS2Dev/X3_PLUS/install/dofbot_bringup/share/dofbot_bringup/hook/cmake_prefix_path.ps1'
[0.957s] INFO:colcon.colcon_core.shell:Creating environment descriptor '/home/arrgusr/ROS2Dev/X3_PLUS/install/dofbot_bringup/share/dofbot_bringup/hook/cmake_prefix_path.dsv'
[0.958s] INFO:colcon.colcon_core.shell:Creating environment hook '/home/arrgusr/ROS2Dev/X3_PLUS/install/dofbot_bringup/share/dofbot_bringup/hook/cmake_prefix_path.sh'
[0.958s] Level 1:colcon.colcon_core.environment:checking '/home/arrgusr/ROS2Dev/X3_PLUS/install/dofbot_bringup/lib'
[0.958s] Level 1:colcon.colcon_core.environment:checking '/home/arrgusr/ROS2Dev/X3_PLUS/install/dofbot_bringup/bin'
[0.958s] Level 1:colcon.colcon_core.environment:checking '/home/arrgusr/ROS2Dev/X3_PLUS/install/dofbot_bringup/lib/pkgconfig/dofbot_bringup.pc'
[0.958s] Level 1:colcon.colcon_core.environment:checking '/home/arrgusr/ROS2Dev/X3_PLUS/install/dofbot_bringup/lib/python3.12/site-packages'
[0.959s] Level 1:colcon.colcon_core.shell:create_environment_hook('dofbot_bringup', 'pythonpath')
[0.959s] INFO:colcon.colcon_core.shell:Creating environment hook '/home/arrgusr/ROS2Dev/X3_PLUS/install/dofbot_bringup/share/dofbot_bringup/hook/pythonpath.ps1'
[0.959s] INFO:colcon.colcon_core.shell:Creating environment descriptor '/home/arrgusr/ROS2Dev/X3_PLUS/install/dofbot_bringup/share/dofbot_bringup/hook/pythonpath.dsv'
[0.959s] INFO:colcon.colcon_core.shell:Creating environment hook '/home/arrgusr/ROS2Dev/X3_PLUS/install/dofbot_bringup/share/dofbot_bringup/hook/pythonpath.sh'
[0.960s] Level 1:colcon.colcon_core.environment:checking '/home/arrgusr/ROS2Dev/X3_PLUS/install/dofbot_bringup/bin'
[0.960s] INFO:colcon.colcon_core.shell:Creating package script '/home/arrgusr/ROS2Dev/X3_PLUS/install/dofbot_bringup/share/dofbot_bringup/package.ps1'
[0.961s] INFO:colcon.colcon_core.shell:Creating package descriptor '/home/arrgusr/ROS2Dev/X3_PLUS/install/dofbot_bringup/share/dofbot_bringup/package.dsv'
[0.961s] INFO:colcon.colcon_core.shell:Creating package script '/home/arrgusr/ROS2Dev/X3_PLUS/install/dofbot_bringup/share/dofbot_bringup/package.sh'
[0.962s] INFO:colcon.colcon_core.shell:Creating package script '/home/arrgusr/ROS2Dev/X3_PLUS/install/dofbot_bringup/share/dofbot_bringup/package.bash'
[0.962s] INFO:colcon.colcon_core.shell:Creating package script '/home/arrgusr/ROS2Dev/X3_PLUS/install/dofbot_bringup/share/dofbot_bringup/package.zsh'
[0.962s] Level 1:colcon.colcon_core.environment:create_file_with_runtime_dependencies(/home/arrgusr/ROS2Dev/X3_PLUS/install/dofbot_bringup/share/colcon-core/packages/dofbot_bringup)
[0.963s] INFO:colcon.colcon_ros.task.ament_cmake.build:Building ROS package in '/home/arrgusr/ROS2Dev/X3_PLUS/src/omni_description' with build type 'ament_cmake'
[0.963s] INFO:colcon.colcon_cmake.task.cmake.build:Building CMake package in '/home/arrgusr/ROS2Dev/X3_PLUS/src/omni_description'
[0.963s] INFO:colcon.colcon_core.shell:Skip shell extension 'powershell' for command environment: Not usable outside of PowerShell
[0.963s] DEBUG:colcon.colcon_core.shell:Skip shell extension 'dsv' for command environment
[0.976s] DEBUG:colcon.colcon_core.event_handler.log_command:Invoking command in '/home/arrgusr/ROS2Dev/X3_PLUS/build/omni_description': CMAKE_PREFIX_PATH=${CMAKE_PREFIX_PATH}:/opt/ros/jazzy DEBUGINFOD_URLS=https://debuginfod.ubuntu.com /usr/bin/cmake --build /home/arrgusr/ROS2Dev/X3_PLUS/build/omni_description -- -j2 -l2
[1.039s] DEBUG:colcon.colcon_core.event_handler.log_command:Invoked command in '/home/arrgusr/ROS2Dev/X3_PLUS/build/omni_description' returned '0': CMAKE_PREFIX_PATH=${CMAKE_PREFIX_PATH}:/opt/ros/jazzy DEBUGINFOD_URLS=https://debuginfod.ubuntu.com /usr/bin/cmake --build /home/arrgusr/ROS2Dev/X3_PLUS/build/omni_description -- -j2 -l2
[1.039s] DEBUG:colcon.colcon_core.event_handler.log_command:Invoking command in '/home/arrgusr/ROS2Dev/X3_PLUS/build/omni_description': CMAKE_PREFIX_PATH=${CMAKE_PREFIX_PATH}:/opt/ros/jazzy DEBUGINFOD_URLS=https://debuginfod.ubuntu.com /usr/bin/cmake --install /home/arrgusr/ROS2Dev/X3_PLUS/build/omni_description
[1.056s] Level 1:colcon.colcon_core.environment:create_environment_scripts_only(omni_description)
[1.056s] Level 1:colcon.colcon_core.environment:checking '/home/arrgusr/ROS2Dev/X3_PLUS/install/omni_description' for CMake module files
[1.056s] Level 1:colcon.colcon_core.environment:checking '/home/arrgusr/ROS2Dev/X3_PLUS/install/omni_description' for CMake config files
[1.058s] Level 1:colcon.colcon_core.shell:create_environment_hook('omni_description', 'cmake_prefix_path')
[1.058s] INFO:colcon.colcon_core.shell:Creating environment hook '/home/arrgusr/ROS2Dev/X3_PLUS/install/omni_description/share/omni_description/hook/cmake_prefix_path.ps1'
[1.059s] INFO:colcon.colcon_core.shell:Creating environment descriptor '/home/arrgusr/ROS2Dev/X3_PLUS/install/omni_description/share/omni_description/hook/cmake_prefix_path.dsv'
[1.060s] INFO:colcon.colcon_core.shell:Creating environment hook '/home/arrgusr/ROS2Dev/X3_PLUS/install/omni_description/share/omni_description/hook/cmake_prefix_path.sh'
[1.061s] Level 1:colcon.colcon_core.environment:checking '/home/arrgusr/ROS2Dev/X3_PLUS/install/omni_description/bin'
[1.061s] Level 1:colcon.colcon_core.environment:checking '/home/arrgusr/ROS2Dev/X3_PLUS/install/omni_description/lib/pkgconfig/omni_description.pc'
[1.061s] Level 1:colcon.colcon_core.environment:checking '/home/arrgusr/ROS2Dev/X3_PLUS/install/omni_description/lib/python3.12/site-packages'
[1.062s] Level 1:colcon.colcon_core.environment:checking '/home/arrgusr/ROS2Dev/X3_PLUS/install/omni_description/bin'
[1.062s] INFO:colcon.colcon_core.shell:Creating package script '/home/arrgusr/ROS2Dev/X3_PLUS/install/omni_description/share/omni_description/package.ps1'
[1.062s] DEBUG:colcon.colcon_core.event_handler.log_command:Invoked command in '/home/arrgusr/ROS2Dev/X3_PLUS/build/omni_description' returned '0': CMAKE_PREFIX_PATH=${CMAKE_PREFIX_PATH}:/opt/ros/jazzy DEBUGINFOD_URLS=https://debuginfod.ubuntu.com /usr/bin/cmake --install /home/arrgusr/ROS2Dev/X3_PLUS/build/omni_description
[1.063s] INFO:colcon.colcon_core.shell:Creating package descriptor '/home/arrgusr/ROS2Dev/X3_PLUS/install/omni_description/share/omni_description/package.dsv'
[1.063s] INFO:colcon.colcon_core.shell:Creating package script '/home/arrgusr/ROS2Dev/X3_PLUS/install/omni_description/share/omni_description/package.sh'
[1.063s] INFO:colcon.colcon_core.shell:Creating package script '/home/arrgusr/ROS2Dev/X3_PLUS/install/omni_description/share/omni_description/package.bash'
[1.064s] INFO:colcon.colcon_core.shell:Creating package script '/home/arrgusr/ROS2Dev/X3_PLUS/install/omni_description/share/omni_description/package.zsh'
[1.064s] Level 1:colcon.colcon_core.environment:create_file_with_runtime_dependencies(/home/arrgusr/ROS2Dev/X3_PLUS/install/omni_description/share/colcon-core/packages/omni_description)
[1.065s] Level 1:colcon.colcon_core.environment:create_environment_scripts_only(omni_description)
[1.065s] Level 1:colcon.colcon_core.environment:checking '/home/arrgusr/ROS2Dev/X3_PLUS/install/omni_description' for CMake module files
[1.065s] Level 1:colcon.colcon_core.environment:checking '/home/arrgusr/ROS2Dev/X3_PLUS/install/omni_description' for CMake config files
[1.065s] Level 1:colcon.colcon_core.shell:create_environment_hook('omni_description', 'cmake_prefix_path')
[1.066s] INFO:colcon.colcon_core.shell:Creating environment hook '/home/arrgusr/ROS2Dev/X3_PLUS/install/omni_description/share/omni_description/hook/cmake_prefix_path.ps1'
[1.066s] INFO:colcon.colcon_core.shell:Creating environment descriptor '/home/arrgusr/ROS2Dev/X3_PLUS/install/omni_description/share/omni_description/hook/cmake_prefix_path.dsv'
[1.067s] INFO:colcon.colcon_core.shell:Creating environment hook '/home/arrgusr/ROS2Dev/X3_PLUS/install/omni_description/share/omni_description/hook/cmake_prefix_path.sh'
[1.068s] Level 1:colcon.colcon_core.environment:checking '/home/arrgusr/ROS2Dev/X3_PLUS/install/omni_description/bin'
[1.068s] Level 1:colcon.colcon_core.environment:checking '/home/arrgusr/ROS2Dev/X3_PLUS/install/omni_description/lib/pkgconfig/omni_description.pc'
[1.068s] Level 1:colcon.colcon_core.environment:checking '/home/arrgusr/ROS2Dev/X3_PLUS/install/omni_description/lib/python3.12/site-packages'
[1.068s] Level 1:colcon.colcon_core.environment:checking '/home/arrgusr/ROS2Dev/X3_PLUS/install/omni_description/bin'
[1.069s] INFO:colcon.colcon_core.shell:Creating package script '/home/arrgusr/ROS2Dev/X3_PLUS/install/omni_description/share/omni_description/package.ps1'
[1.069s] INFO:colcon.colcon_core.shell:Creating package descriptor '/home/arrgusr/ROS2Dev/X3_PLUS/install/omni_description/share/omni_description/package.dsv'
[1.070s] INFO:colcon.colcon_core.shell:Creating package script '/home/arrgusr/ROS2Dev/X3_PLUS/install/omni_description/share/omni_description/package.sh'
[1.070s] INFO:colcon.colcon_core.shell:Creating package script '/home/arrgusr/ROS2Dev/X3_PLUS/install/omni_description/share/omni_description/package.bash'
[1.070s] INFO:colcon.colcon_core.shell:Creating package script '/home/arrgusr/ROS2Dev/X3_PLUS/install/omni_description/share/omni_description/package.zsh'
[1.071s] Level 1:colcon.colcon_core.environment:create_file_with_runtime_dependencies(/home/arrgusr/ROS2Dev/X3_PLUS/install/omni_description/share/colcon-core/packages/omni_description)
[1.071s] INFO:colcon.colcon_ros.task.ament_cmake.build:Building ROS package in '/home/arrgusr/ROS2Dev/X3_PLUS/src/omni_dofbot_bringup' with build type 'ament_cmake'
[1.071s] INFO:colcon.colcon_cmake.task.cmake.build:Building CMake package in '/home/arrgusr/ROS2Dev/X3_PLUS/src/omni_dofbot_bringup'
[1.072s] INFO:colcon.colcon_core.shell:Skip shell extension 'powershell' for command environment: Not usable outside of PowerShell
[1.072s] DEBUG:colcon.colcon_core.shell:Skip shell extension 'dsv' for command environment
[1.088s] DEBUG:colcon.colcon_core.event_handler.log_command:Invoking command in '/home/arrgusr/ROS2Dev/X3_PLUS/build/omni_dofbot_bringup': CMAKE_PREFIX_PATH=${CMAKE_PREFIX_PATH}:/opt/ros/jazzy DEBUGINFOD_URLS=https://debuginfod.ubuntu.com /usr/bin/cmake --build /home/arrgusr/ROS2Dev/X3_PLUS/build/omni_dofbot_bringup -- -j2 -l2
[1.124s] Level 1:colcon.colcon_core.environment:create_environment_scripts_only(omni_bringup)
[1.125s] Level 1:colcon.colcon_core.environment:checking '/home/arrgusr/ROS2Dev/X3_PLUS/install/omni_bringup' for CMake module files
[1.125s] Level 1:colcon.colcon_core.environment:checking '/home/arrgusr/ROS2Dev/X3_PLUS/install/omni_bringup' for CMake config files
[1.126s] DEBUG:colcon.colcon_core.event_handler.log_command:Invoked command in '/home/arrgusr/ROS2Dev/X3_PLUS/build/omni_bringup' returned '0': CMAKE_PREFIX_PATH=${CMAKE_PREFIX_PATH}:/opt/ros/jazzy DEBUGINFOD_URLS=https://debuginfod.ubuntu.com /usr/bin/cmake --install /home/arrgusr/ROS2Dev/X3_PLUS/build/omni_bringup
[1.126s] Level 1:colcon.colcon_core.shell:create_environment_hook('omni_bringup', 'cmake_prefix_path')
[1.126s] INFO:colcon.colcon_core.shell:Creating environment hook '/home/arrgusr/ROS2Dev/X3_PLUS/install/omni_bringup/share/omni_bringup/hook/cmake_prefix_path.ps1'
[1.127s] INFO:colcon.colcon_core.shell:Creating environment descriptor '/home/arrgusr/ROS2Dev/X3_PLUS/install/omni_bringup/share/omni_bringup/hook/cmake_prefix_path.dsv'
[1.127s] INFO:colcon.colcon_core.shell:Creating environment hook '/home/arrgusr/ROS2Dev/X3_PLUS/install/omni_bringup/share/omni_bringup/hook/cmake_prefix_path.sh'
[1.128s] Level 1:colcon.colcon_core.environment:checking '/home/arrgusr/ROS2Dev/X3_PLUS/install/omni_bringup/lib'
[1.128s] Level 1:colcon.colcon_core.environment:checking '/home/arrgusr/ROS2Dev/X3_PLUS/install/omni_bringup/bin'
[1.128s] Level 1:colcon.colcon_core.environment:checking '/home/arrgusr/ROS2Dev/X3_PLUS/install/omni_bringup/lib/pkgconfig/omni_bringup.pc'
[1.128s] Level 1:colcon.colcon_core.environment:checking '/home/arrgusr/ROS2Dev/X3_PLUS/install/omni_bringup/lib/python3.12/site-packages'
[1.128s] Level 1:colcon.colcon_core.shell:create_environment_hook('omni_bringup', 'pythonpath')
[1.128s] INFO:colcon.colcon_core.shell:Creating environment hook '/home/arrgusr/ROS2Dev/X3_PLUS/install/omni_bringup/share/omni_bringup/hook/pythonpath.ps1'
[1.128s] INFO:colcon.colcon_core.shell:Creating environment descriptor '/home/arrgusr/ROS2Dev/X3_PLUS/install/omni_bringup/share/omni_bringup/hook/pythonpath.dsv'
[1.129s] INFO:colcon.colcon_core.shell:Creating environment hook '/home/arrgusr/ROS2Dev/X3_PLUS/install/omni_bringup/share/omni_bringup/hook/pythonpath.sh'
[1.130s] Level 1:colcon.colcon_core.environment:checking '/home/arrgusr/ROS2Dev/X3_PLUS/install/omni_bringup/bin'
[1.130s] INFO:colcon.colcon_core.shell:Creating package script '/home/arrgusr/ROS2Dev/X3_PLUS/install/omni_bringup/share/omni_bringup/package.ps1'
[1.131s] INFO:colcon.colcon_core.shell:Creating package descriptor '/home/arrgusr/ROS2Dev/X3_PLUS/install/omni_bringup/share/omni_bringup/package.dsv'
[1.131s] INFO:colcon.colcon_core.shell:Creating package script '/home/arrgusr/ROS2Dev/X3_PLUS/install/omni_bringup/share/omni_bringup/package.sh'
[1.132s] INFO:colcon.colcon_core.shell:Creating package script '/home/arrgusr/ROS2Dev/X3_PLUS/install/omni_bringup/share/omni_bringup/package.bash'
[1.132s] INFO:colcon.colcon_core.shell:Creating package script '/home/arrgusr/ROS2Dev/X3_PLUS/install/omni_bringup/share/omni_bringup/package.zsh'
[1.133s] Level 1:colcon.colcon_core.environment:create_file_with_runtime_dependencies(/home/arrgusr/ROS2Dev/X3_PLUS/install/omni_bringup/share/colcon-core/packages/omni_bringup)
[1.134s] Level 1:colcon.colcon_core.environment:create_environment_scripts_only(omni_bringup)
[1.134s] Level 1:colcon.colcon_core.environment:checking '/home/arrgusr/ROS2Dev/X3_PLUS/install/omni_bringup' for CMake module files
[1.134s] Level 1:colcon.colcon_core.environment:checking '/home/arrgusr/ROS2Dev/X3_PLUS/install/omni_bringup' for CMake config files
[1.134s] Level 1:colcon.colcon_core.shell:create_environment_hook('omni_bringup', 'cmake_prefix_path')
[1.135s] INFO:colcon.colcon_core.shell:Creating environment hook '/home/arrgusr/ROS2Dev/X3_PLUS/install/omni_bringup/share/omni_bringup/hook/cmake_prefix_path.ps1'
[1.135s] INFO:colcon.colcon_core.shell:Creating environment descriptor '/home/arrgusr/ROS2Dev/X3_PLUS/install/omni_bringup/share/omni_bringup/hook/cmake_prefix_path.dsv'
[1.135s] INFO:colcon.colcon_core.shell:Creating environment hook '/home/arrgusr/ROS2Dev/X3_PLUS/install/omni_bringup/share/omni_bringup/hook/cmake_prefix_path.sh'
[1.136s] Level 1:colcon.colcon_core.environment:checking '/home/arrgusr/ROS2Dev/X3_PLUS/install/omni_bringup/lib'
[1.136s] Level 1:colcon.colcon_core.environment:checking '/home/arrgusr/ROS2Dev/X3_PLUS/install/omni_bringup/bin'
[1.136s] Level 1:colcon.colcon_core.environment:checking '/home/arrgusr/ROS2Dev/X3_PLUS/install/omni_bringup/lib/pkgconfig/omni_bringup.pc'
[1.137s] Level 1:colcon.colcon_core.environment:checking '/home/arrgusr/ROS2Dev/X3_PLUS/install/omni_bringup/lib/python3.12/site-packages'
[1.137s] Level 1:colcon.colcon_core.shell:create_environment_hook('omni_bringup', 'pythonpath')
[1.137s] INFO:colcon.colcon_core.shell:Creating environment hook '/home/arrgusr/ROS2Dev/X3_PLUS/install/omni_bringup/share/omni_bringup/hook/pythonpath.ps1'
[1.138s] INFO:colcon.colcon_core.shell:Creating environment descriptor '/home/arrgusr/ROS2Dev/X3_PLUS/install/omni_bringup/share/omni_bringup/hook/pythonpath.dsv'
[1.139s] INFO:colcon.colcon_core.shell:Creating environment hook '/home/arrgusr/ROS2Dev/X3_PLUS/install/omni_bringup/share/omni_bringup/hook/pythonpath.sh'
[1.140s] Level 1:colcon.colcon_core.environment:checking '/home/arrgusr/ROS2Dev/X3_PLUS/install/omni_bringup/bin'
[1.141s] INFO:colcon.colcon_core.shell:Creating package script '/home/arrgusr/ROS2Dev/X3_PLUS/install/omni_bringup/share/omni_bringup/package.ps1'
[1.141s] INFO:colcon.colcon_core.shell:Creating package descriptor '/home/arrgusr/ROS2Dev/X3_PLUS/install/omni_bringup/share/omni_bringup/package.dsv'
[1.142s] INFO:colcon.colcon_core.shell:Creating package script '/home/arrgusr/ROS2Dev/X3_PLUS/install/omni_bringup/share/omni_bringup/package.sh'
[1.142s] INFO:colcon.colcon_core.shell:Creating package script '/home/arrgusr/ROS2Dev/X3_PLUS/install/omni_bringup/share/omni_bringup/package.bash'
[1.143s] INFO:colcon.colcon_core.shell:Creating package script '/home/arrgusr/ROS2Dev/X3_PLUS/install/omni_bringup/share/omni_bringup/package.zsh'
[1.143s] Level 1:colcon.colcon_core.environment:create_file_with_runtime_dependencies(/home/arrgusr/ROS2Dev/X3_PLUS/install/omni_bringup/share/colcon-core/packages/omni_bringup)
[1.144s] INFO:colcon.colcon_ros.task.ament_cmake.build:Building ROS package in '/home/arrgusr/ROS2Dev/X3_PLUS/src/omni_dofbot_description' with build type 'ament_cmake'
[1.144s] INFO:colcon.colcon_cmake.task.cmake.build:Building CMake package in '/home/arrgusr/ROS2Dev/X3_PLUS/src/omni_dofbot_description'
[1.144s] INFO:colcon.colcon_core.shell:Skip shell extension 'powershell' for command environment: Not usable outside of PowerShell
[1.144s] DEBUG:colcon.colcon_core.shell:Skip shell extension 'dsv' for command environment
[1.157s] DEBUG:colcon.colcon_core.event_handler.log_command:Invoking command in '/home/arrgusr/ROS2Dev/X3_PLUS/build/omni_dofbot_description': CMAKE_PREFIX_PATH=${CMAKE_PREFIX_PATH}:/opt/ros/jazzy DEBUGINFOD_URLS=https://debuginfod.ubuntu.com /usr/bin/cmake --build /home/arrgusr/ROS2Dev/X3_PLUS/build/omni_dofbot_description -- -j2 -l2
[1.220s] DEBUG:colcon.colcon_core.event_handler.log_command:Invoked command in '/home/arrgusr/ROS2Dev/X3_PLUS/build/omni_dofbot_description' returned '0': CMAKE_PREFIX_PATH=${CMAKE_PREFIX_PATH}:/opt/ros/jazzy DEBUGINFOD_URLS=https://debuginfod.ubuntu.com /usr/bin/cmake --build /home/arrgusr/ROS2Dev/X3_PLUS/build/omni_dofbot_description -- -j2 -l2
[1.220s] DEBUG:colcon.colcon_core.event_handler.log_command:Invoking command in '/home/arrgusr/ROS2Dev/X3_PLUS/build/omni_dofbot_description': CMAKE_PREFIX_PATH=${CMAKE_PREFIX_PATH}:/opt/ros/jazzy DEBUGINFOD_URLS=https://debuginfod.ubuntu.com /usr/bin/cmake --install /home/arrgusr/ROS2Dev/X3_PLUS/build/omni_dofbot_description
[1.239s] Level 1:colcon.colcon_core.environment:create_environment_scripts_only(omni_dofbot_description)
[1.239s] Level 1:colcon.colcon_core.environment:checking '/home/arrgusr/ROS2Dev/X3_PLUS/install/omni_dofbot_description' for CMake module files
[1.240s] Level 1:colcon.colcon_core.environment:checking '/home/arrgusr/ROS2Dev/X3_PLUS/install/omni_dofbot_description' for CMake config files
[1.240s] Level 1:colcon.colcon_core.shell:create_environment_hook('omni_dofbot_description', 'cmake_prefix_path')
[1.241s] INFO:colcon.colcon_core.shell:Creating environment hook '/home/arrgusr/ROS2Dev/X3_PLUS/install/omni_dofbot_description/share/omni_dofbot_description/hook/cmake_prefix_path.ps1'
[1.242s] DEBUG:colcon.colcon_core.event_handler.log_command:Invoked command in '/home/arrgusr/ROS2Dev/X3_PLUS/build/omni_dofbot_description' returned '0': CMAKE_PREFIX_PATH=${CMAKE_PREFIX_PATH}:/opt/ros/jazzy DEBUGINFOD_URLS=https://debuginfod.ubuntu.com /usr/bin/cmake --install /home/arrgusr/ROS2Dev/X3_PLUS/build/omni_dofbot_description
[1.243s] INFO:colcon.colcon_core.shell:Creating environment descriptor '/home/arrgusr/ROS2Dev/X3_PLUS/install/omni_dofbot_description/share/omni_dofbot_description/hook/cmake_prefix_path.dsv'
[1.243s] INFO:colcon.colcon_core.shell:Creating environment hook '/home/arrgusr/ROS2Dev/X3_PLUS/install/omni_dofbot_description/share/omni_dofbot_description/hook/cmake_prefix_path.sh'
[1.244s] Level 1:colcon.colcon_core.environment:checking '/home/arrgusr/ROS2Dev/X3_PLUS/install/omni_dofbot_description/bin'
[1.244s] Level 1:colcon.colcon_core.environment:checking '/home/arrgusr/ROS2Dev/X3_PLUS/install/omni_dofbot_description/lib/pkgconfig/omni_dofbot_description.pc'
[1.245s] Level 1:colcon.colcon_core.environment:checking '/home/arrgusr/ROS2Dev/X3_PLUS/install/omni_dofbot_description/lib/python3.12/site-packages'
[1.245s] Level 1:colcon.colcon_core.environment:checking '/home/arrgusr/ROS2Dev/X3_PLUS/install/omni_dofbot_description/bin'
[1.245s] INFO:colcon.colcon_core.shell:Creating package script '/home/arrgusr/ROS2Dev/X3_PLUS/install/omni_dofbot_description/share/omni_dofbot_description/package.ps1'
[1.246s] INFO:colcon.colcon_core.shell:Creating package descriptor '/home/arrgusr/ROS2Dev/X3_PLUS/install/omni_dofbot_description/share/omni_dofbot_description/package.dsv'
[1.247s] INFO:colcon.colcon_core.shell:Creating package script '/home/arrgusr/ROS2Dev/X3_PLUS/install/omni_dofbot_description/share/omni_dofbot_description/package.sh'
[1.248s] INFO:colcon.colcon_core.shell:Creating package script '/home/arrgusr/ROS2Dev/X3_PLUS/install/omni_dofbot_description/share/omni_dofbot_description/package.bash'
[1.249s] INFO:colcon.colcon_core.shell:Creating package script '/home/arrgusr/ROS2Dev/X3_PLUS/install/omni_dofbot_description/share/omni_dofbot_description/package.zsh'
[1.249s] Level 1:colcon.colcon_core.environment:create_file_with_runtime_dependencies(/home/arrgusr/ROS2Dev/X3_PLUS/install/omni_dofbot_description/share/colcon-core/packages/omni_dofbot_description)
[1.250s] Level 1:colcon.colcon_core.environment:create_environment_scripts_only(omni_dofbot_description)
[1.250s] Level 1:colcon.colcon_core.environment:checking '/home/arrgusr/ROS2Dev/X3_PLUS/install/omni_dofbot_description' for CMake module files
[1.251s] Level 1:colcon.colcon_core.environment:checking '/home/arrgusr/ROS2Dev/X3_PLUS/install/omni_dofbot_description' for CMake config files
[1.251s] Level 1:colcon.colcon_core.shell:create_environment_hook('omni_dofbot_description', 'cmake_prefix_path')
[1.251s] INFO:colcon.colcon_core.shell:Creating environment hook '/home/arrgusr/ROS2Dev/X3_PLUS/install/omni_dofbot_description/share/omni_dofbot_description/hook/cmake_prefix_path.ps1'
[1.251s] INFO:colcon.colcon_core.shell:Creating environment descriptor '/home/arrgusr/ROS2Dev/X3_PLUS/install/omni_dofbot_description/share/omni_dofbot_description/hook/cmake_prefix_path.dsv'
[1.252s] INFO:colcon.colcon_core.shell:Creating environment hook '/home/arrgusr/ROS2Dev/X3_PLUS/install/omni_dofbot_description/share/omni_dofbot_description/hook/cmake_prefix_path.sh'
[1.253s] Level 1:colcon.colcon_core.environment:checking '/home/arrgusr/ROS2Dev/X3_PLUS/install/omni_dofbot_description/bin'
[1.253s] Level 1:colcon.colcon_core.environment:checking '/home/arrgusr/ROS2Dev/X3_PLUS/install/omni_dofbot_description/lib/pkgconfig/omni_dofbot_description.pc'
[1.253s] Level 1:colcon.colcon_core.environment:checking '/home/arrgusr/ROS2Dev/X3_PLUS/install/omni_dofbot_description/lib/python3.12/site-packages'
[1.253s] Level 1:colcon.colcon_core.environment:checking '/home/arrgusr/ROS2Dev/X3_PLUS/install/omni_dofbot_description/bin'
[1.253s] INFO:colcon.colcon_core.shell:Creating package script '/home/arrgusr/ROS2Dev/X3_PLUS/install/omni_dofbot_description/share/omni_dofbot_description/package.ps1'
[1.254s] INFO:colcon.colcon_core.shell:Creating package descriptor '/home/arrgusr/ROS2Dev/X3_PLUS/install/omni_dofbot_description/share/omni_dofbot_description/package.dsv'
[1.255s] INFO:colcon.colcon_core.shell:Creating package script '/home/arrgusr/ROS2Dev/X3_PLUS/install/omni_dofbot_description/share/omni_dofbot_description/package.sh'
[1.255s] INFO:colcon.colcon_core.shell:Creating package script '/home/arrgusr/ROS2Dev/X3_PLUS/install/omni_dofbot_description/share/omni_dofbot_description/package.bash'
[1.256s] INFO:colcon.colcon_core.shell:Creating package script '/home/arrgusr/ROS2Dev/X3_PLUS/install/omni_dofbot_description/share/omni_dofbot_description/package.zsh'
[1.256s] Level 1:colcon.colcon_core.environment:create_file_with_runtime_dependencies(/home/arrgusr/ROS2Dev/X3_PLUS/install/omni_dofbot_description/share/colcon-core/packages/omni_dofbot_description)
[1.733s] DEBUG:colcon.colcon_core.event_handler.log_command:Invoked command in '/home/arrgusr/ROS2Dev/X3_PLUS/build/omni_dofbot_bringup' returned '0': CMAKE_PREFIX_PATH=${CMAKE_PREFIX_PATH}:/opt/ros/jazzy DEBUGINFOD_URLS=https://debuginfod.ubuntu.com /usr/bin/cmake --build /home/arrgusr/ROS2Dev/X3_PLUS/build/omni_dofbot_bringup -- -j2 -l2
[1.734s] DEBUG:colcon.colcon_core.event_handler.log_command:Invoking command in '/home/arrgusr/ROS2Dev/X3_PLUS/build/omni_dofbot_bringup': CMAKE_PREFIX_PATH=${CMAKE_PREFIX_PATH}:/opt/ros/jazzy DEBUGINFOD_URLS=https://debuginfod.ubuntu.com /usr/bin/cmake --install /home/arrgusr/ROS2Dev/X3_PLUS/build/omni_dofbot_bringup
[1.896s] Level 1:colcon.colcon_core.environment:create_environment_scripts_only(omni_dofbot_bringup)
[1.897s] Level 1:colcon.colcon_core.environment:checking '/home/arrgusr/ROS2Dev/X3_PLUS/install/omni_dofbot_bringup' for CMake module files
[1.897s] DEBUG:colcon.colcon_core.event_handler.log_command:Invoked command in '/home/arrgusr/ROS2Dev/X3_PLUS/build/omni_dofbot_bringup' returned '0': CMAKE_PREFIX_PATH=${CMAKE_PREFIX_PATH}:/opt/ros/jazzy DEBUGINFOD_URLS=https://debuginfod.ubuntu.com /usr/bin/cmake --install /home/arrgusr/ROS2Dev/X3_PLUS/build/omni_dofbot_bringup
[1.898s] Level 1:colcon.colcon_core.environment:checking '/home/arrgusr/ROS2Dev/X3_PLUS/install/omni_dofbot_bringup' for CMake config files
[1.898s] Level 1:colcon.colcon_core.shell:create_environment_hook('omni_dofbot_bringup', 'cmake_prefix_path')
[1.898s] INFO:colcon.colcon_core.shell:Creating environment hook '/home/arrgusr/ROS2Dev/X3_PLUS/install/omni_dofbot_bringup/share/omni_dofbot_bringup/hook/cmake_prefix_path.ps1'
[1.899s] INFO:colcon.colcon_core.shell:Creating environment descriptor '/home/arrgusr/ROS2Dev/X3_PLUS/install/omni_dofbot_bringup/share/omni_dofbot_bringup/hook/cmake_prefix_path.dsv'
[1.899s] INFO:colcon.colcon_core.shell:Creating environment hook '/home/arrgusr/ROS2Dev/X3_PLUS/install/omni_dofbot_bringup/share/omni_dofbot_bringup/hook/cmake_prefix_path.sh'
[1.900s] Level 1:colcon.colcon_core.environment:checking '/home/arrgusr/ROS2Dev/X3_PLUS/install/omni_dofbot_bringup/lib'
[1.900s] Level 1:colcon.colcon_core.environment:checking '/home/arrgusr/ROS2Dev/X3_PLUS/install/omni_dofbot_bringup/bin'
[1.900s] Level 1:colcon.colcon_core.environment:checking '/home/arrgusr/ROS2Dev/X3_PLUS/install/omni_dofbot_bringup/lib/pkgconfig/omni_dofbot_bringup.pc'
[1.900s] Level 1:colcon.colcon_core.environment:checking '/home/arrgusr/ROS2Dev/X3_PLUS/install/omni_dofbot_bringup/lib/python3.12/site-packages'
[1.900s] Level 1:colcon.colcon_core.shell:create_environment_hook('omni_dofbot_bringup', 'pythonpath')
[1.900s] INFO:colcon.colcon_core.shell:Creating environment hook '/home/arrgusr/ROS2Dev/X3_PLUS/install/omni_dofbot_bringup/share/omni_dofbot_bringup/hook/pythonpath.ps1'
[1.901s] INFO:colcon.colcon_core.shell:Creating environment descriptor '/home/arrgusr/ROS2Dev/X3_PLUS/install/omni_dofbot_bringup/share/omni_dofbot_bringup/hook/pythonpath.dsv'
[1.901s] INFO:colcon.colcon_core.shell:Creating environment hook '/home/arrgusr/ROS2Dev/X3_PLUS/install/omni_dofbot_bringup/share/omni_dofbot_bringup/hook/pythonpath.sh'
[1.902s] Level 1:colcon.colcon_core.environment:checking '/home/arrgusr/ROS2Dev/X3_PLUS/install/omni_dofbot_bringup/bin'
[1.902s] INFO:colcon.colcon_core.shell:Creating package script '/home/arrgusr/ROS2Dev/X3_PLUS/install/omni_dofbot_bringup/share/omni_dofbot_bringup/package.ps1'
[1.902s] INFO:colcon.colcon_core.shell:Creating package descriptor '/home/arrgusr/ROS2Dev/X3_PLUS/install/omni_dofbot_bringup/share/omni_dofbot_bringup/package.dsv'
[1.903s] INFO:colcon.colcon_core.shell:Creating package script '/home/arrgusr/ROS2Dev/X3_PLUS/install/omni_dofbot_bringup/share/omni_dofbot_bringup/package.sh'
[1.903s] INFO:colcon.colcon_core.shell:Creating package script '/home/arrgusr/ROS2Dev/X3_PLUS/install/omni_dofbot_bringup/share/omni_dofbot_bringup/package.bash'
[1.904s] INFO:colcon.colcon_core.shell:Creating package script '/home/arrgusr/ROS2Dev/X3_PLUS/install/omni_dofbot_bringup/share/omni_dofbot_bringup/package.zsh'
[1.904s] Level 1:colcon.colcon_core.environment:create_file_with_runtime_dependencies(/home/arrgusr/ROS2Dev/X3_PLUS/install/omni_dofbot_bringup/share/colcon-core/packages/omni_dofbot_bringup)
[1.904s] Level 1:colcon.colcon_core.environment:create_environment_scripts_only(omni_dofbot_bringup)
[1.904s] Level 1:colcon.colcon_core.environment:checking '/home/arrgusr/ROS2Dev/X3_PLUS/install/omni_dofbot_bringup' for CMake module files
[1.905s] Level 1:colcon.colcon_core.environment:checking '/home/arrgusr/ROS2Dev/X3_PLUS/install/omni_dofbot_bringup' for CMake config files
[1.906s] Level 1:colcon.colcon_core.shell:create_environment_hook('omni_dofbot_bringup', 'cmake_prefix_path')
[1.907s] INFO:colcon.colcon_core.shell:Creating environment hook '/home/arrgusr/ROS2Dev/X3_PLUS/install/omni_dofbot_bringup/share/omni_dofbot_bringup/hook/cmake_prefix_path.ps1'
[1.907s] INFO:colcon.colcon_core.shell:Creating environment descriptor '/home/arrgusr/ROS2Dev/X3_PLUS/install/omni_dofbot_bringup/share/omni_dofbot_bringup/hook/cmake_prefix_path.dsv'
[1.908s] INFO:colcon.colcon_core.shell:Creating environment hook '/home/arrgusr/ROS2Dev/X3_PLUS/install/omni_dofbot_bringup/share/omni_dofbot_bringup/hook/cmake_prefix_path.sh'
[1.908s] Level 1:colcon.colcon_core.environment:checking '/home/arrgusr/ROS2Dev/X3_PLUS/install/omni_dofbot_bringup/lib'
[1.908s] Level 1:colcon.colcon_core.environment:checking '/home/arrgusr/ROS2Dev/X3_PLUS/install/omni_dofbot_bringup/bin'
[1.909s] Level 1:colcon.colcon_core.environment:checking '/home/arrgusr/ROS2Dev/X3_PLUS/install/omni_dofbot_bringup/lib/pkgconfig/omni_dofbot_bringup.pc'
[1.909s] Level 1:colcon.colcon_core.environment:checking '/home/arrgusr/ROS2Dev/X3_PLUS/install/omni_dofbot_bringup/lib/python3.12/site-packages'
[1.909s] Level 1:colcon.colcon_core.shell:create_environment_hook('omni_dofbot_bringup', 'pythonpath')
[1.909s] INFO:colcon.colcon_core.shell:Creating environment hook '/home/arrgusr/ROS2Dev/X3_PLUS/install/omni_dofbot_bringup/share/omni_dofbot_bringup/hook/pythonpath.ps1'
[1.909s] INFO:colcon.colcon_core.shell:Creating environment descriptor '/home/arrgusr/ROS2Dev/X3_PLUS/install/omni_dofbot_bringup/share/omni_dofbot_bringup/hook/pythonpath.dsv'
[1.910s] INFO:colcon.colcon_core.shell:Creating environment hook '/home/arrgusr/ROS2Dev/X3_PLUS/install/omni_dofbot_bringup/share/omni_dofbot_bringup/hook/pythonpath.sh'
[1.910s] Level 1:colcon.colcon_core.environment:checking '/home/arrgusr/ROS2Dev/X3_PLUS/install/omni_dofbot_bringup/bin'
[1.911s] INFO:colcon.colcon_core.shell:Creating package script '/home/arrgusr/ROS2Dev/X3_PLUS/install/omni_dofbot_bringup/share/omni_dofbot_bringup/package.ps1'
[1.911s] INFO:colcon.colcon_core.shell:Creating package descriptor '/home/arrgusr/ROS2Dev/X3_PLUS/install/omni_dofbot_bringup/share/omni_dofbot_bringup/package.dsv'
[1.912s] INFO:colcon.colcon_core.shell:Creating package script '/home/arrgusr/ROS2Dev/X3_PLUS/install/omni_dofbot_bringup/share/omni_dofbot_bringup/package.sh'
[1.913s] INFO:colcon.colcon_core.shell:Creating package script '/home/arrgusr/ROS2Dev/X3_PLUS/install/omni_dofbot_bringup/share/omni_dofbot_bringup/package.bash'
[1.913s] INFO:colcon.colcon_core.shell:Creating package script '/home/arrgusr/ROS2Dev/X3_PLUS/install/omni_dofbot_bringup/share/omni_dofbot_bringup/package.zsh'
[1.914s] Level 1:colcon.colcon_core.environment:create_file_with_runtime_dependencies(/home/arrgusr/ROS2Dev/X3_PLUS/install/omni_dofbot_bringup/share/colcon-core/packages/omni_dofbot_bringup)
[1.914s] DEBUG:colcon.colcon_parallel_executor.executor.parallel:closing loop
[1.914s] DEBUG:colcon.colcon_parallel_executor.executor.parallel:loop closed
[1.914s] DEBUG:colcon.colcon_parallel_executor.executor.parallel:run_until_complete finished with '0'
[1.914s] DEBUG:colcon.colcon_core.event_reactor:joining thread
[1.926s] INFO:colcon.colcon_core.plugin_system:Skipping extension 'colcon_notification.desktop_notification.terminal_notifier': Not used on non-Darwin systems
[1.926s] INFO:colcon.colcon_core.plugin_system:Skipping extension 'colcon_notification.desktop_notification.win32': Not used on non-Windows systems
[1.926s] INFO:colcon.colcon_notification.desktop_notification:Sending desktop notification using 'notify2'
[1.945s] DEBUG:colcon.colcon_core.event_reactor:joined thread
[1.945s] INFO:colcon.colcon_core.shell:Creating prefix script '/home/arrgusr/ROS2Dev/X3_PLUS/install/local_setup.ps1'
[1.946s] INFO:colcon.colcon_core.shell:Creating prefix util module '/home/arrgusr/ROS2Dev/X3_PLUS/install/_local_setup_util_ps1.py'
[1.947s] INFO:colcon.colcon_core.shell:Creating prefix chain script '/home/arrgusr/ROS2Dev/X3_PLUS/install/setup.ps1'
[1.949s] INFO:colcon.colcon_core.shell:Creating prefix script '/home/arrgusr/ROS2Dev/X3_PLUS/install/local_setup.sh'
[1.950s] INFO:colcon.colcon_core.shell:Creating prefix util module '/home/arrgusr/ROS2Dev/X3_PLUS/install/_local_setup_util_sh.py'
[1.951s] INFO:colcon.colcon_core.shell:Creating prefix chain script '/home/arrgusr/ROS2Dev/X3_PLUS/install/setup.sh'
[1.953s] INFO:colcon.colcon_core.shell:Creating prefix script '/home/arrgusr/ROS2Dev/X3_PLUS/install/local_setup.bash'
[1.953s] INFO:colcon.colcon_core.shell:Creating prefix chain script '/home/arrgusr/ROS2Dev/X3_PLUS/install/setup.bash'
[1.955s] INFO:colcon.colcon_core.shell:Creating prefix script '/home/arrgusr/ROS2Dev/X3_PLUS/install/local_setup.zsh'
[1.955s] INFO:colcon.colcon_core.shell:Creating prefix chain script '/home/arrgusr/ROS2Dev/X3_PLUS/install/setup.zsh'
