[0.012s] Invoking command in '/home/marino-lc/ROS2dev/tesisx3_plus/build/omni_dofbot_bringup': DEBUGINFOD_URLS=https://debuginfod.ubuntu.com /usr/bin/cmake /home/marino-lc/ROS2dev/tesisx3_plus/src/omni_dofbot_bringup -DCMAKE_INSTALL_PREFIX=/home/marino-lc/ROS2dev/tesisx3_plus/install/omni_dofbot_bringup
[0.069s] -- The C compiler identification is GNU 13.3.0
[0.114s] -- The CXX compiler identification is GNU 13.3.0
[0.127s] -- Detecting C compiler ABI info
[0.236s] -- Detecting C compiler ABI info - done
[0.242s] -- Check for working C compiler: /usr/bin/cc - skipped
[0.242s] -- Detecting C compile features
[0.243s] -- Detecting C compile features - done
[0.249s] -- Detecting CXX compiler ABI info
[0.391s] -- Detecting CXX compiler ABI info - done
[0.399s] -- Check for working CXX compiler: /usr/bin/c++ - skipped
[0.399s] -- Detecting CXX compile features
[0.399s] -- Detecting CXX compile features - done
[0.407s] [31mCMake Error at CMakeLists.txt:8 (find_package):
[0.407s]   By not providing "Findament_cmake.cmake" in CMAKE_MODULE_PATH this project
[0.407s]   has asked CMake to find a package configuration file provided by
[0.407s]   "ament_cmake", but CMake did not find one.
[0.408s] 
[0.408s]   Could not find a package configuration file provided by "ament_cmake" with
[0.408s]   any of the following names:
[0.408s] 
[0.408s]     ament_cmakeConfig.cmake
[0.408s]     ament_cmake-config.cmake
[0.408s] 
[0.408s]   Add the installation prefix of "ament_cmake" to CMAKE_PREFIX_PATH or set
[0.408s]   "ament_cmake_DIR" to a directory containing one of the above files.  If
[0.408s]   "ament_cmake" provides a separate development package or SDK, be sure it
[0.408s]   has been installed.
[0.408s] 
[0.408s] [0m
[0.409s] -- Configuring incomplete, errors occurred!
[0.412s] Invoked command in '/home/marino-lc/ROS2dev/tesisx3_plus/build/omni_dofbot_bringup' returned '1': DEBUGINFOD_URLS=https://debuginfod.ubuntu.com /usr/bin/cmake /home/marino-lc/ROS2dev/tesisx3_plus/src/omni_dofbot_bringup -DCMAKE_INSTALL_PREFIX=/home/marino-lc/ROS2dev/tesisx3_plus/install/omni_dofbot_bringup
