[0.034s] Invoking command in '/home/marino-lc/ROS2dev/tesisx3_plus/build/dofbot_bringup': DEBUGINFOD_URLS=https://debuginfod.ubuntu.com /usr/bin/cmake --build /home/marino-lc/ROS2dev/tesisx3_plus/build/dofbot_bringup -- -j12 -l12
[0.145s] Built target ament_cmake_python_copy_dofbot_bringup
[0.416s] running egg_info
[0.432s] writing dofbot_bringup.egg-info/PKG-INFO
[0.432s] writing dependency_links to dofbot_bringup.egg-info/dependency_links.txt
[0.432s] writing top-level names to dofbot_bringup.egg-info/top_level.txt
[0.476s] reading manifest file 'dofbot_bringup.egg-info/SOURCES.txt'
[0.477s] writing manifest file 'dofbot_bringup.egg-info/SOURCES.txt'
[0.609s] Built target ament_cmake_python_build_dofbot_bringup_egg
[0.634s] Invoked command in '/home/marino-lc/ROS2dev/tesisx3_plus/build/dofbot_bringup' returned '0': DEBUGINFOD_URLS=https://debuginfod.ubuntu.com /usr/bin/cmake --build /home/marino-lc/ROS2dev/tesisx3_plus/build/dofbot_bringup -- -j12 -l12
[0.635s] Invoking command in '/home/marino-lc/ROS2dev/tesisx3_plus/build/dofbot_bringup': DEBUGINFOD_URLS=https://debuginfod.ubuntu.com /usr/bin/cmake --install /home/marino-lc/ROS2dev/tesisx3_plus/build/dofbot_bringup
[0.649s] -- Install configuration: ""
[0.649s] -- Up-to-date: /home/marino-lc/ROS2dev/tesisx3_plus/install/dofbot_bringup/share/dofbot_bringup//launch
[0.649s] -- Up-to-date: /home/marino-lc/ROS2dev/tesisx3_plus/install/dofbot_bringup/share/dofbot_bringup//launch/dofbot_trajectory_controller.launch.py
[0.650s] -- Up-to-date: /home/marino-lc/ROS2dev/tesisx3_plus/install/dofbot_bringup/share/dofbot_bringup//rviz
[0.650s] -- Up-to-date: /home/marino-lc/ROS2dev/tesisx3_plus/install/dofbot_bringup/share/dofbot_bringup//rviz/dofbot_trajectory_rviz.rviz
[0.650s] -- Up-to-date: /home/marino-lc/ROS2dev/tesisx3_plus/install/dofbot_bringup/share/dofbot_bringup//world
[0.650s] -- Up-to-date: /home/marino-lc/ROS2dev/tesisx3_plus/install/dofbot_bringup/share/dofbot_bringup//world/test_world.world
[0.650s] -- Up-to-date: /home/marino-lc/ROS2dev/tesisx3_plus/install/dofbot_bringup/share/dofbot_bringup//src
[0.650s] -- Up-to-date: /home/marino-lc/ROS2dev/tesisx3_plus/install/dofbot_bringup/share/dofbot_bringup//src/dofbot_trajectory_test.py
[0.650s] -- Up-to-date: /home/marino-lc/ROS2dev/tesisx3_plus/install/dofbot_bringup/share/dofbot_bringup//src/dofbot_gripper_test.py
[0.650s] -- Up-to-date: /home/marino-lc/ROS2dev/tesisx3_plus/install/dofbot_bringup/share/dofbot_bringup/environment/pythonpath.sh
[0.650s] -- Up-to-date: /home/marino-lc/ROS2dev/tesisx3_plus/install/dofbot_bringup/share/dofbot_bringup/environment/pythonpath.dsv
[0.651s] -- Up-to-date: /home/marino-lc/ROS2dev/tesisx3_plus/install/dofbot_bringup/lib/python3.12/site-packages/dofbot_bringup-0.0.0-py3.12.egg-info
[0.651s] -- Installing: /home/marino-lc/ROS2dev/tesisx3_plus/install/dofbot_bringup/lib/python3.12/site-packages/dofbot_bringup-0.0.0-py3.12.egg-info/SOURCES.txt
[0.651s] -- Installing: /home/marino-lc/ROS2dev/tesisx3_plus/install/dofbot_bringup/lib/python3.12/site-packages/dofbot_bringup-0.0.0-py3.12.egg-info/PKG-INFO
[0.651s] -- Installing: /home/marino-lc/ROS2dev/tesisx3_plus/install/dofbot_bringup/lib/python3.12/site-packages/dofbot_bringup-0.0.0-py3.12.egg-info/dependency_links.txt
[0.651s] -- Installing: /home/marino-lc/ROS2dev/tesisx3_plus/install/dofbot_bringup/lib/python3.12/site-packages/dofbot_bringup-0.0.0-py3.12.egg-info/top_level.txt
[0.651s] -- Up-to-date: /home/marino-lc/ROS2dev/tesisx3_plus/install/dofbot_bringup/lib/python3.12/site-packages/dofbot_bringup
[0.651s] -- Up-to-date: /home/marino-lc/ROS2dev/tesisx3_plus/install/dofbot_bringup/lib/python3.12/site-packages/dofbot_bringup/__init__.py
[0.700s] Listing '/home/marino-lc/ROS2dev/tesisx3_plus/install/dofbot_bringup/lib/python3.12/site-packages/dofbot_bringup'...
[0.724s] -- Up-to-date: /home/marino-lc/ROS2dev/tesisx3_plus/install/dofbot_bringup/lib/dofbot_bringup/dofbot_trajectory_test.py
[0.724s] -- Up-to-date: /home/marino-lc/ROS2dev/tesisx3_plus/install/dofbot_bringup/lib/dofbot_bringup/dofbot_gripper_test.py
[0.724s] -- Up-to-date: /home/marino-lc/ROS2dev/tesisx3_plus/install/dofbot_bringup/share/ament_index/resource_index/package_run_dependencies/dofbot_bringup
[0.725s] -- Up-to-date: /home/marino-lc/ROS2dev/tesisx3_plus/install/dofbot_bringup/share/ament_index/resource_index/parent_prefix_path/dofbot_bringup
[0.726s] -- Up-to-date: /home/marino-lc/ROS2dev/tesisx3_plus/install/dofbot_bringup/share/dofbot_bringup/environment/ament_prefix_path.sh
[0.726s] -- Up-to-date: /home/marino-lc/ROS2dev/tesisx3_plus/install/dofbot_bringup/share/dofbot_bringup/environment/ament_prefix_path.dsv
[0.732s] -- Up-to-date: /home/marino-lc/ROS2dev/tesisx3_plus/install/dofbot_bringup/share/dofbot_bringup/environment/path.sh
[0.732s] -- Up-to-date: /home/marino-lc/ROS2dev/tesisx3_plus/install/dofbot_bringup/share/dofbot_bringup/environment/path.dsv
[0.732s] -- Up-to-date: /home/marino-lc/ROS2dev/tesisx3_plus/install/dofbot_bringup/share/dofbot_bringup/local_setup.bash
[0.732s] -- Up-to-date: /home/marino-lc/ROS2dev/tesisx3_plus/install/dofbot_bringup/share/dofbot_bringup/local_setup.sh
[0.732s] -- Up-to-date: /home/marino-lc/ROS2dev/tesisx3_plus/install/dofbot_bringup/share/dofbot_bringup/local_setup.zsh
[0.733s] -- Up-to-date: /home/marino-lc/ROS2dev/tesisx3_plus/install/dofbot_bringup/share/dofbot_bringup/local_setup.dsv
[0.733s] -- Up-to-date: /home/marino-lc/ROS2dev/tesisx3_plus/install/dofbot_bringup/share/dofbot_bringup/package.dsv
[0.733s] -- Up-to-date: /home/marino-lc/ROS2dev/tesisx3_plus/install/dofbot_bringup/share/ament_index/resource_index/packages/dofbot_bringup
[0.733s] -- Up-to-date: /home/marino-lc/ROS2dev/tesisx3_plus/install/dofbot_bringup/share/dofbot_bringup/cmake/dofbot_bringupConfig.cmake
[0.733s] -- Up-to-date: /home/marino-lc/ROS2dev/tesisx3_plus/install/dofbot_bringup/share/dofbot_bringup/cmake/dofbot_bringupConfig-version.cmake
[0.733s] -- Up-to-date: /home/marino-lc/ROS2dev/tesisx3_plus/install/dofbot_bringup/share/dofbot_bringup/package.xml
[0.735s] Invoked command in '/home/marino-lc/ROS2dev/tesisx3_plus/build/dofbot_bringup' returned '0': DEBUGINFOD_URLS=https://debuginfod.ubuntu.com /usr/bin/cmake --install /home/marino-lc/ROS2dev/tesisx3_plus/build/dofbot_bringup
