[0.055s] DEBUG:colcon:Command line arguments: ['/usr/bin/colcon', 'build']
[0.055s] DEBUG:colcon:Parsed command line arguments: Namespace(log_base=None, log_level=None, verb_name='build', build_base='build', install_base='install', merge_install=False, symlink_install=False, test_result_base=None, continue_on_error=False, executor='parallel', parallel_workers=24, event_handlers=None, ignore_user_meta=False, metas=['./colcon.meta'], base_paths=['.'], packages_ignore=None, packages_ignore_regex=None, paths=None, packages_up_to=None, packages_up_to_regex=None, packages_above=None, packages_above_and_dependencies=None, packages_above_depth=None, packages_select_by_dep=None, packages_skip_by_dep=None, packages_skip_up_to=None, packages_select_build_failed=False, packages_skip_build_finished=False, packages_select_test_failures=False, packages_skip_test_passed=False, packages_select=None, packages_skip=None, packages_select_regex=None, packages_skip_regex=None, packages_start=None, packages_end=None, allow_overriding=[], cmake_args=None, cmake_target=None, cmake_target_skip_unavailable=False, cmake_clean_cache=False, cmake_clean_first=False, cmake_force_configure=False, ament_cmake_args=None, catkin_cmake_args=None, catkin_skip_building_tests=False, mixin_files=None, mixin=None, verb_parser=<colcon_mixin.mixin.mixin_argument.MixinArgumentDecorator object at 0x7c58ccecf860>, verb_extension=<colcon_core.verb.build.BuildVerb object at 0x7c58cce4bad0>, main=<bound method BuildVerb.main of <colcon_core.verb.build.BuildVerb object at 0x7c58cce4bad0>>, mixin_verb=('build',))
[0.072s] Level 1:colcon.colcon_core.package_discovery:discover_packages(colcon_meta) check parameters
[0.072s] Level 1:colcon.colcon_core.package_discovery:discover_packages(recursive) check parameters
[0.072s] Level 1:colcon.colcon_core.package_discovery:discover_packages(ignore) check parameters
[0.072s] Level 1:colcon.colcon_core.package_discovery:discover_packages(path) check parameters
[0.072s] Level 1:colcon.colcon_core.package_discovery:discover_packages(colcon_meta) discover
[0.072s] Level 1:colcon.colcon_core.package_discovery:discover_packages(recursive) discover
[0.072s] INFO:colcon.colcon_core.package_discovery:Crawling recursively for packages in '/home/arrusr/ROSDev2/tesisx3_plus'
[0.072s] Level 1:colcon.colcon_core.package_identification:_identify(.) by extensions ['ignore', 'ignore_ament_install']
[0.072s] Level 1:colcon.colcon_core.package_identification:_identify(.) by extension 'ignore'
[0.072s] Level 1:colcon.colcon_core.package_identification:_identify(.) by extension 'ignore_ament_install'
[0.072s] Level 1:colcon.colcon_core.package_identification:_identify(.) by extensions ['colcon_pkg']
[0.072s] Level 1:colcon.colcon_core.package_identification:_identify(.) by extension 'colcon_pkg'
[0.072s] Level 1:colcon.colcon_core.package_identification:_identify(.) by extensions ['colcon_meta']
[0.072s] Level 1:colcon.colcon_core.package_identification:_identify(.) by extension 'colcon_meta'
[0.072s] Level 1:colcon.colcon_core.package_identification:_identify(.) by extensions ['ros']
[0.072s] Level 1:colcon.colcon_core.package_identification:_identify(.) by extension 'ros'
[0.084s] Level 1:colcon.colcon_core.package_identification:_identify(.) by extensions ['cmake', 'python']
[0.084s] Level 1:colcon.colcon_core.package_identification:_identify(.) by extension 'cmake'
[0.084s] Level 1:colcon.colcon_core.package_identification:_identify(.) by extension 'python'
[0.084s] Level 1:colcon.colcon_core.package_identification:_identify(.) by extensions ['python_setup_py']
[0.084s] Level 1:colcon.colcon_core.package_identification:_identify(.) by extension 'python_setup_py'
[0.084s] Level 1:colcon.colcon_core.package_identification:_identify(build) by extensions ['ignore', 'ignore_ament_install']
[0.084s] Level 1:colcon.colcon_core.package_identification:_identify(build) by extension 'ignore'
[0.084s] Level 1:colcon.colcon_core.package_identification:_identify(build) ignored
[0.084s] Level 1:colcon.colcon_core.package_identification:_identify(install) by extensions ['ignore', 'ignore_ament_install']
[0.084s] Level 1:colcon.colcon_core.package_identification:_identify(install) by extension 'ignore'
[0.084s] Level 1:colcon.colcon_core.package_identification:_identify(install) ignored
[0.084s] Level 1:colcon.colcon_core.package_identification:_identify(log) by extensions ['ignore', 'ignore_ament_install']
[0.084s] Level 1:colcon.colcon_core.package_identification:_identify(log) by extension 'ignore'
[0.084s] Level 1:colcon.colcon_core.package_identification:_identify(log) ignored
[0.084s] Level 1:colcon.colcon_core.package_identification:_identify(src) by extensions ['ignore', 'ignore_ament_install']
[0.084s] Level 1:colcon.colcon_core.package_identification:_identify(src) by extension 'ignore'
[0.084s] Level 1:colcon.colcon_core.package_identification:_identify(src) by extension 'ignore_ament_install'
[0.085s] Level 1:colcon.colcon_core.package_identification:_identify(src) by extensions ['colcon_pkg']
[0.085s] Level 1:colcon.colcon_core.package_identification:_identify(src) by extension 'colcon_pkg'
[0.085s] Level 1:colcon.colcon_core.package_identification:_identify(src) by extensions ['colcon_meta']
[0.085s] Level 1:colcon.colcon_core.package_identification:_identify(src) by extension 'colcon_meta'
[0.085s] Level 1:colcon.colcon_core.package_identification:_identify(src) by extensions ['ros']
[0.085s] Level 1:colcon.colcon_core.package_identification:_identify(src) by extension 'ros'
[0.085s] Level 1:colcon.colcon_core.package_identification:_identify(src) by extensions ['cmake', 'python']
[0.085s] Level 1:colcon.colcon_core.package_identification:_identify(src) by extension 'cmake'
[0.085s] Level 1:colcon.colcon_core.package_identification:_identify(src) by extension 'python'
[0.085s] Level 1:colcon.colcon_core.package_identification:_identify(src) by extensions ['python_setup_py']
[0.085s] Level 1:colcon.colcon_core.package_identification:_identify(src) by extension 'python_setup_py'
[0.085s] Level 1:colcon.colcon_core.package_identification:_identify(src/dofbot_bringup) by extensions ['ignore', 'ignore_ament_install']
[0.085s] Level 1:colcon.colcon_core.package_identification:_identify(src/dofbot_bringup) by extension 'ignore'
[0.085s] Level 1:colcon.colcon_core.package_identification:_identify(src/dofbot_bringup) by extension 'ignore_ament_install'
[0.085s] Level 1:colcon.colcon_core.package_identification:_identify(src/dofbot_bringup) by extensions ['colcon_pkg']
[0.085s] Level 1:colcon.colcon_core.package_identification:_identify(src/dofbot_bringup) by extension 'colcon_pkg'
[0.085s] Level 1:colcon.colcon_core.package_identification:_identify(src/dofbot_bringup) by extensions ['colcon_meta']
[0.085s] Level 1:colcon.colcon_core.package_identification:_identify(src/dofbot_bringup) by extension 'colcon_meta'
[0.085s] Level 1:colcon.colcon_core.package_identification:_identify(src/dofbot_bringup) by extensions ['ros']
[0.085s] Level 1:colcon.colcon_core.package_identification:_identify(src/dofbot_bringup) by extension 'ros'
[0.086s] DEBUG:colcon.colcon_core.package_identification:Package 'src/dofbot_bringup' with type 'ros.ament_cmake' and name 'dofbot_bringup'
[0.086s] Level 1:colcon.colcon_core.package_identification:_identify(src/dofbot_description) by extensions ['ignore', 'ignore_ament_install']
[0.086s] Level 1:colcon.colcon_core.package_identification:_identify(src/dofbot_description) by extension 'ignore'
[0.086s] Level 1:colcon.colcon_core.package_identification:_identify(src/dofbot_description) by extension 'ignore_ament_install'
[0.086s] Level 1:colcon.colcon_core.package_identification:_identify(src/dofbot_description) by extensions ['colcon_pkg']
[0.086s] Level 1:colcon.colcon_core.package_identification:_identify(src/dofbot_description) by extension 'colcon_pkg'
[0.086s] Level 1:colcon.colcon_core.package_identification:_identify(src/dofbot_description) by extensions ['colcon_meta']
[0.086s] Level 1:colcon.colcon_core.package_identification:_identify(src/dofbot_description) by extension 'colcon_meta'
[0.086s] Level 1:colcon.colcon_core.package_identification:_identify(src/dofbot_description) by extensions ['ros']
[0.086s] Level 1:colcon.colcon_core.package_identification:_identify(src/dofbot_description) by extension 'ros'
[0.086s] DEBUG:colcon.colcon_core.package_identification:Package 'src/dofbot_description' with type 'ros.ament_cmake' and name 'dofbot_description'
[0.086s] Level 1:colcon.colcon_core.package_identification:_identify(src/omni_bringup) by extensions ['ignore', 'ignore_ament_install']
[0.086s] Level 1:colcon.colcon_core.package_identification:_identify(src/omni_bringup) by extension 'ignore'
[0.086s] Level 1:colcon.colcon_core.package_identification:_identify(src/omni_bringup) by extension 'ignore_ament_install'
[0.086s] Level 1:colcon.colcon_core.package_identification:_identify(src/omni_bringup) by extensions ['colcon_pkg']
[0.086s] Level 1:colcon.colcon_core.package_identification:_identify(src/omni_bringup) by extension 'colcon_pkg'
[0.086s] Level 1:colcon.colcon_core.package_identification:_identify(src/omni_bringup) by extensions ['colcon_meta']
[0.086s] Level 1:colcon.colcon_core.package_identification:_identify(src/omni_bringup) by extension 'colcon_meta'
[0.087s] Level 1:colcon.colcon_core.package_identification:_identify(src/omni_bringup) by extensions ['ros']
[0.087s] Level 1:colcon.colcon_core.package_identification:_identify(src/omni_bringup) by extension 'ros'
[0.087s] DEBUG:colcon.colcon_core.package_identification:Package 'src/omni_bringup' with type 'ros.ament_cmake' and name 'omni_bringup'
[0.087s] Level 1:colcon.colcon_core.package_identification:_identify(src/omni_description) by extensions ['ignore', 'ignore_ament_install']
[0.087s] Level 1:colcon.colcon_core.package_identification:_identify(src/omni_description) by extension 'ignore'
[0.087s] Level 1:colcon.colcon_core.package_identification:_identify(src/omni_description) by extension 'ignore_ament_install'
[0.087s] Level 1:colcon.colcon_core.package_identification:_identify(src/omni_description) by extensions ['colcon_pkg']
[0.087s] Level 1:colcon.colcon_core.package_identification:_identify(src/omni_description) by extension 'colcon_pkg'
[0.087s] Level 1:colcon.colcon_core.package_identification:_identify(src/omni_description) by extensions ['colcon_meta']
[0.087s] Level 1:colcon.colcon_core.package_identification:_identify(src/omni_description) by extension 'colcon_meta'
[0.087s] Level 1:colcon.colcon_core.package_identification:_identify(src/omni_description) by extensions ['ros']
[0.087s] Level 1:colcon.colcon_core.package_identification:_identify(src/omni_description) by extension 'ros'
[0.087s] DEBUG:colcon.colcon_core.package_identification:Package 'src/omni_description' with type 'ros.ament_cmake' and name 'omni_description'
[0.087s] Level 1:colcon.colcon_core.package_identification:_identify(src/omni_dofbot_bringup) by extensions ['ignore', 'ignore_ament_install']
[0.087s] Level 1:colcon.colcon_core.package_identification:_identify(src/omni_dofbot_bringup) by extension 'ignore'
[0.087s] Level 1:colcon.colcon_core.package_identification:_identify(src/omni_dofbot_bringup) by extension 'ignore_ament_install'
[0.087s] Level 1:colcon.colcon_core.package_identification:_identify(src/omni_dofbot_bringup) by extensions ['colcon_pkg']
[0.087s] Level 1:colcon.colcon_core.package_identification:_identify(src/omni_dofbot_bringup) by extension 'colcon_pkg'
[0.087s] Level 1:colcon.colcon_core.package_identification:_identify(src/omni_dofbot_bringup) by extensions ['colcon_meta']
[0.087s] Level 1:colcon.colcon_core.package_identification:_identify(src/omni_dofbot_bringup) by extension 'colcon_meta'
[0.087s] Level 1:colcon.colcon_core.package_identification:_identify(src/omni_dofbot_bringup) by extensions ['ros']
[0.087s] Level 1:colcon.colcon_core.package_identification:_identify(src/omni_dofbot_bringup) by extension 'ros'
[0.088s] DEBUG:colcon.colcon_core.package_identification:Package 'src/omni_dofbot_bringup' with type 'ros.ament_cmake' and name 'omni_dofbot_bringup'
[0.088s] Level 1:colcon.colcon_core.package_identification:_identify(src/omni_dofbot_description) by extensions ['ignore', 'ignore_ament_install']
[0.088s] Level 1:colcon.colcon_core.package_identification:_identify(src/omni_dofbot_description) by extension 'ignore'
[0.088s] Level 1:colcon.colcon_core.package_identification:_identify(src/omni_dofbot_description) by extension 'ignore_ament_install'
[0.088s] Level 1:colcon.colcon_core.package_identification:_identify(src/omni_dofbot_description) by extensions ['colcon_pkg']
[0.088s] Level 1:colcon.colcon_core.package_identification:_identify(src/omni_dofbot_description) by extension 'colcon_pkg'
[0.088s] Level 1:colcon.colcon_core.package_identification:_identify(src/omni_dofbot_description) by extensions ['colcon_meta']
[0.088s] Level 1:colcon.colcon_core.package_identification:_identify(src/omni_dofbot_description) by extension 'colcon_meta'
[0.088s] Level 1:colcon.colcon_core.package_identification:_identify(src/omni_dofbot_description) by extensions ['ros']
[0.088s] Level 1:colcon.colcon_core.package_identification:_identify(src/omni_dofbot_description) by extension 'ros'
[0.088s] DEBUG:colcon.colcon_core.package_identification:Package 'src/omni_dofbot_description' with type 'ros.ament_cmake' and name 'omni_dofbot_description'
[0.088s] Level 1:colcon.colcon_core.package_discovery:discover_packages(recursive) using defaults
[0.088s] Level 1:colcon.colcon_core.package_discovery:discover_packages(ignore) discover
[0.088s] Level 1:colcon.colcon_core.package_discovery:discover_packages(ignore) using defaults
[0.088s] Level 1:colcon.colcon_core.package_discovery:discover_packages(path) discover
[0.088s] Level 1:colcon.colcon_core.package_discovery:discover_packages(path) using defaults
[0.097s] Level 1:colcon.colcon_core.package_discovery:discover_packages(prefix_path) check parameters
[0.097s] Level 1:colcon.colcon_core.package_discovery:discover_packages(prefix_path) discover
[0.098s] DEBUG:colcon.colcon_installed_package_information.package_discovery:Found 6 installed packages in /home/arrusr/ROSDev2/tesisx3_plus/install
[0.098s] DEBUG:colcon.colcon_installed_package_information.package_discovery:Found 449 installed packages in /opt/ros/jazzy
[0.099s] Level 1:colcon.colcon_core.package_discovery:discover_packages(prefix_path) using defaults
[0.120s] Level 5:colcon.colcon_core.verb:set package 'dofbot_bringup' build argument 'cmake_args' from command line to 'None'
[0.120s] Level 5:colcon.colcon_core.verb:set package 'dofbot_bringup' build argument 'cmake_target' from command line to 'None'
[0.120s] Level 5:colcon.colcon_core.verb:set package 'dofbot_bringup' build argument 'cmake_target_skip_unavailable' from command line to 'False'
[0.120s] Level 5:colcon.colcon_core.verb:set package 'dofbot_bringup' build argument 'cmake_clean_cache' from command line to 'False'
[0.120s] Level 5:colcon.colcon_core.verb:set package 'dofbot_bringup' build argument 'cmake_clean_first' from command line to 'False'
[0.120s] Level 5:colcon.colcon_core.verb:set package 'dofbot_bringup' build argument 'cmake_force_configure' from command line to 'False'
[0.120s] Level 5:colcon.colcon_core.verb:set package 'dofbot_bringup' build argument 'ament_cmake_args' from command line to 'None'
[0.120s] Level 5:colcon.colcon_core.verb:set package 'dofbot_bringup' build argument 'catkin_cmake_args' from command line to 'None'
[0.120s] Level 5:colcon.colcon_core.verb:set package 'dofbot_bringup' build argument 'catkin_skip_building_tests' from command line to 'False'
[0.120s] DEBUG:colcon.colcon_core.verb:Building package 'dofbot_bringup' with the following arguments: {'ament_cmake_args': None, 'build_base': '/home/arrusr/ROSDev2/tesisx3_plus/build/dofbot_bringup', 'catkin_cmake_args': None, 'catkin_skip_building_tests': False, 'cmake_args': None, 'cmake_clean_cache': False, 'cmake_clean_first': False, 'cmake_force_configure': False, 'cmake_target': None, 'cmake_target_skip_unavailable': False, 'install_base': '/home/arrusr/ROSDev2/tesisx3_plus/install/dofbot_bringup', 'merge_install': False, 'path': '/home/arrusr/ROSDev2/tesisx3_plus/src/dofbot_bringup', 'symlink_install': False, 'test_result_base': None}
[0.121s] Level 5:colcon.colcon_core.verb:set package 'dofbot_description' build argument 'cmake_args' from command line to 'None'
[0.121s] Level 5:colcon.colcon_core.verb:set package 'dofbot_description' build argument 'cmake_target' from command line to 'None'
[0.121s] Level 5:colcon.colcon_core.verb:set package 'dofbot_description' build argument 'cmake_target_skip_unavailable' from command line to 'False'
[0.121s] Level 5:colcon.colcon_core.verb:set package 'dofbot_description' build argument 'cmake_clean_cache' from command line to 'False'
[0.121s] Level 5:colcon.colcon_core.verb:set package 'dofbot_description' build argument 'cmake_clean_first' from command line to 'False'
[0.121s] Level 5:colcon.colcon_core.verb:set package 'dofbot_description' build argument 'cmake_force_configure' from command line to 'False'
[0.121s] Level 5:colcon.colcon_core.verb:set package 'dofbot_description' build argument 'ament_cmake_args' from command line to 'None'
[0.121s] Level 5:colcon.colcon_core.verb:set package 'dofbot_description' build argument 'catkin_cmake_args' from command line to 'None'
[0.121s] Level 5:colcon.colcon_core.verb:set package 'dofbot_description' build argument 'catkin_skip_building_tests' from command line to 'False'
[0.121s] DEBUG:colcon.colcon_core.verb:Building package 'dofbot_description' with the following arguments: {'ament_cmake_args': None, 'build_base': '/home/arrusr/ROSDev2/tesisx3_plus/build/dofbot_description', 'catkin_cmake_args': None, 'catkin_skip_building_tests': False, 'cmake_args': None, 'cmake_clean_cache': False, 'cmake_clean_first': False, 'cmake_force_configure': False, 'cmake_target': None, 'cmake_target_skip_unavailable': False, 'install_base': '/home/arrusr/ROSDev2/tesisx3_plus/install/dofbot_description', 'merge_install': False, 'path': '/home/arrusr/ROSDev2/tesisx3_plus/src/dofbot_description', 'symlink_install': False, 'test_result_base': None}
[0.121s] Level 5:colcon.colcon_core.verb:set package 'omni_bringup' build argument 'cmake_args' from command line to 'None'
[0.121s] Level 5:colcon.colcon_core.verb:set package 'omni_bringup' build argument 'cmake_target' from command line to 'None'
[0.121s] Level 5:colcon.colcon_core.verb:set package 'omni_bringup' build argument 'cmake_target_skip_unavailable' from command line to 'False'
[0.121s] Level 5:colcon.colcon_core.verb:set package 'omni_bringup' build argument 'cmake_clean_cache' from command line to 'False'
[0.121s] Level 5:colcon.colcon_core.verb:set package 'omni_bringup' build argument 'cmake_clean_first' from command line to 'False'
[0.121s] Level 5:colcon.colcon_core.verb:set package 'omni_bringup' build argument 'cmake_force_configure' from command line to 'False'
[0.121s] Level 5:colcon.colcon_core.verb:set package 'omni_bringup' build argument 'ament_cmake_args' from command line to 'None'
[0.121s] Level 5:colcon.colcon_core.verb:set package 'omni_bringup' build argument 'catkin_cmake_args' from command line to 'None'
[0.121s] Level 5:colcon.colcon_core.verb:set package 'omni_bringup' build argument 'catkin_skip_building_tests' from command line to 'False'
[0.121s] DEBUG:colcon.colcon_core.verb:Building package 'omni_bringup' with the following arguments: {'ament_cmake_args': None, 'build_base': '/home/arrusr/ROSDev2/tesisx3_plus/build/omni_bringup', 'catkin_cmake_args': None, 'catkin_skip_building_tests': False, 'cmake_args': None, 'cmake_clean_cache': False, 'cmake_clean_first': False, 'cmake_force_configure': False, 'cmake_target': None, 'cmake_target_skip_unavailable': False, 'install_base': '/home/arrusr/ROSDev2/tesisx3_plus/install/omni_bringup', 'merge_install': False, 'path': '/home/arrusr/ROSDev2/tesisx3_plus/src/omni_bringup', 'symlink_install': False, 'test_result_base': None}
[0.121s] Level 5:colcon.colcon_core.verb:set package 'omni_description' build argument 'cmake_args' from command line to 'None'
[0.121s] Level 5:colcon.colcon_core.verb:set package 'omni_description' build argument 'cmake_target' from command line to 'None'
[0.121s] Level 5:colcon.colcon_core.verb:set package 'omni_description' build argument 'cmake_target_skip_unavailable' from command line to 'False'
[0.121s] Level 5:colcon.colcon_core.verb:set package 'omni_description' build argument 'cmake_clean_cache' from command line to 'False'
[0.121s] Level 5:colcon.colcon_core.verb:set package 'omni_description' build argument 'cmake_clean_first' from command line to 'False'
[0.121s] Level 5:colcon.colcon_core.verb:set package 'omni_description' build argument 'cmake_force_configure' from command line to 'False'
[0.121s] Level 5:colcon.colcon_core.verb:set package 'omni_description' build argument 'ament_cmake_args' from command line to 'None'
[0.121s] Level 5:colcon.colcon_core.verb:set package 'omni_description' build argument 'catkin_cmake_args' from command line to 'None'
[0.121s] Level 5:colcon.colcon_core.verb:set package 'omni_description' build argument 'catkin_skip_building_tests' from command line to 'False'
[0.121s] DEBUG:colcon.colcon_core.verb:Building package 'omni_description' with the following arguments: {'ament_cmake_args': None, 'build_base': '/home/arrusr/ROSDev2/tesisx3_plus/build/omni_description', 'catkin_cmake_args': None, 'catkin_skip_building_tests': False, 'cmake_args': None, 'cmake_clean_cache': False, 'cmake_clean_first': False, 'cmake_force_configure': False, 'cmake_target': None, 'cmake_target_skip_unavailable': False, 'install_base': '/home/arrusr/ROSDev2/tesisx3_plus/install/omni_description', 'merge_install': False, 'path': '/home/arrusr/ROSDev2/tesisx3_plus/src/omni_description', 'symlink_install': False, 'test_result_base': None}
[0.121s] Level 5:colcon.colcon_core.verb:set package 'omni_dofbot_bringup' build argument 'cmake_args' from command line to 'None'
[0.121s] Level 5:colcon.colcon_core.verb:set package 'omni_dofbot_bringup' build argument 'cmake_target' from command line to 'None'
[0.121s] Level 5:colcon.colcon_core.verb:set package 'omni_dofbot_bringup' build argument 'cmake_target_skip_unavailable' from command line to 'False'
[0.121s] Level 5:colcon.colcon_core.verb:set package 'omni_dofbot_bringup' build argument 'cmake_clean_cache' from command line to 'False'
[0.121s] Level 5:colcon.colcon_core.verb:set package 'omni_dofbot_bringup' build argument 'cmake_clean_first' from command line to 'False'
[0.121s] Level 5:colcon.colcon_core.verb:set package 'omni_dofbot_bringup' build argument 'cmake_force_configure' from command line to 'False'
[0.121s] Level 5:colcon.colcon_core.verb:set package 'omni_dofbot_bringup' build argument 'ament_cmake_args' from command line to 'None'
[0.121s] Level 5:colcon.colcon_core.verb:set package 'omni_dofbot_bringup' build argument 'catkin_cmake_args' from command line to 'None'
[0.121s] Level 5:colcon.colcon_core.verb:set package 'omni_dofbot_bringup' build argument 'catkin_skip_building_tests' from command line to 'False'
[0.121s] DEBUG:colcon.colcon_core.verb:Building package 'omni_dofbot_bringup' with the following arguments: {'ament_cmake_args': None, 'build_base': '/home/arrusr/ROSDev2/tesisx3_plus/build/omni_dofbot_bringup', 'catkin_cmake_args': None, 'catkin_skip_building_tests': False, 'cmake_args': None, 'cmake_clean_cache': False, 'cmake_clean_first': False, 'cmake_force_configure': False, 'cmake_target': None, 'cmake_target_skip_unavailable': False, 'install_base': '/home/arrusr/ROSDev2/tesisx3_plus/install/omni_dofbot_bringup', 'merge_install': False, 'path': '/home/arrusr/ROSDev2/tesisx3_plus/src/omni_dofbot_bringup', 'symlink_install': False, 'test_result_base': None}
[0.121s] Level 5:colcon.colcon_core.verb:set package 'omni_dofbot_description' build argument 'cmake_args' from command line to 'None'
[0.121s] Level 5:colcon.colcon_core.verb:set package 'omni_dofbot_description' build argument 'cmake_target' from command line to 'None'
[0.121s] Level 5:colcon.colcon_core.verb:set package 'omni_dofbot_description' build argument 'cmake_target_skip_unavailable' from command line to 'False'
[0.121s] Level 5:colcon.colcon_core.verb:set package 'omni_dofbot_description' build argument 'cmake_clean_cache' from command line to 'False'
[0.121s] Level 5:colcon.colcon_core.verb:set package 'omni_dofbot_description' build argument 'cmake_clean_first' from command line to 'False'
[0.121s] Level 5:colcon.colcon_core.verb:set package 'omni_dofbot_description' build argument 'cmake_force_configure' from command line to 'False'
[0.121s] Level 5:colcon.colcon_core.verb:set package 'omni_dofbot_description' build argument 'ament_cmake_args' from command line to 'None'
[0.121s] Level 5:colcon.colcon_core.verb:set package 'omni_dofbot_description' build argument 'catkin_cmake_args' from command line to 'None'
[0.121s] Level 5:colcon.colcon_core.verb:set package 'omni_dofbot_description' build argument 'catkin_skip_building_tests' from command line to 'False'
[0.121s] DEBUG:colcon.colcon_core.verb:Building package 'omni_dofbot_description' with the following arguments: {'ament_cmake_args': None, 'build_base': '/home/arrusr/ROSDev2/tesisx3_plus/build/omni_dofbot_description', 'catkin_cmake_args': None, 'catkin_skip_building_tests': False, 'cmake_args': None, 'cmake_clean_cache': False, 'cmake_clean_first': False, 'cmake_force_configure': False, 'cmake_target': None, 'cmake_target_skip_unavailable': False, 'install_base': '/home/arrusr/ROSDev2/tesisx3_plus/install/omni_dofbot_description', 'merge_install': False, 'path': '/home/arrusr/ROSDev2/tesisx3_plus/src/omni_dofbot_description', 'symlink_install': False, 'test_result_base': None}
[0.121s] INFO:colcon.colcon_core.executor:Executing jobs using 'parallel' executor
[0.122s] DEBUG:colcon.colcon_parallel_executor.executor.parallel:run_until_complete
[0.122s] INFO:colcon.colcon_ros.task.ament_cmake.build:Building ROS package in '/home/arrusr/ROSDev2/tesisx3_plus/src/dofbot_bringup' with build type 'ament_cmake'
[0.122s] INFO:colcon.colcon_cmake.task.cmake.build:Building CMake package in '/home/arrusr/ROSDev2/tesisx3_plus/src/dofbot_bringup'
[0.123s] INFO:colcon.colcon_core.plugin_system:Skipping extension 'colcon_core.shell.bat': Not used on non-Windows systems
[0.123s] INFO:colcon.colcon_core.shell:Skip shell extension 'powershell' for command environment: Not usable outside of PowerShell
[0.123s] DEBUG:colcon.colcon_core.shell:Skip shell extension 'dsv' for command environment
[0.125s] INFO:colcon.colcon_ros.task.ament_cmake.build:Building ROS package in '/home/arrusr/ROSDev2/tesisx3_plus/src/dofbot_description' with build type 'ament_cmake'
[0.125s] INFO:colcon.colcon_cmake.task.cmake.build:Building CMake package in '/home/arrusr/ROSDev2/tesisx3_plus/src/dofbot_description'
[0.125s] INFO:colcon.colcon_core.shell:Skip shell extension 'powershell' for command environment: Not usable outside of PowerShell
[0.125s] DEBUG:colcon.colcon_core.shell:Skip shell extension 'dsv' for command environment
[0.127s] INFO:colcon.colcon_ros.task.ament_cmake.build:Building ROS package in '/home/arrusr/ROSDev2/tesisx3_plus/src/omni_bringup' with build type 'ament_cmake'
[0.127s] INFO:colcon.colcon_cmake.task.cmake.build:Building CMake package in '/home/arrusr/ROSDev2/tesisx3_plus/src/omni_bringup'
[0.127s] INFO:colcon.colcon_core.shell:Skip shell extension 'powershell' for command environment: Not usable outside of PowerShell
[0.127s] DEBUG:colcon.colcon_core.shell:Skip shell extension 'dsv' for command environment
[0.128s] INFO:colcon.colcon_ros.task.ament_cmake.build:Building ROS package in '/home/arrusr/ROSDev2/tesisx3_plus/src/omni_description' with build type 'ament_cmake'
[0.128s] INFO:colcon.colcon_cmake.task.cmake.build:Building CMake package in '/home/arrusr/ROSDev2/tesisx3_plus/src/omni_description'
[0.128s] INFO:colcon.colcon_core.shell:Skip shell extension 'powershell' for command environment: Not usable outside of PowerShell
[0.128s] DEBUG:colcon.colcon_core.shell:Skip shell extension 'dsv' for command environment
[0.130s] INFO:colcon.colcon_ros.task.ament_cmake.build:Building ROS package in '/home/arrusr/ROSDev2/tesisx3_plus/src/omni_dofbot_bringup' with build type 'ament_cmake'
[0.130s] INFO:colcon.colcon_cmake.task.cmake.build:Building CMake package in '/home/arrusr/ROSDev2/tesisx3_plus/src/omni_dofbot_bringup'
[0.130s] INFO:colcon.colcon_core.shell:Skip shell extension 'powershell' for command environment: Not usable outside of PowerShell
[0.130s] DEBUG:colcon.colcon_core.shell:Skip shell extension 'dsv' for command environment
[0.132s] INFO:colcon.colcon_ros.task.ament_cmake.build:Building ROS package in '/home/arrusr/ROSDev2/tesisx3_plus/src/omni_dofbot_description' with build type 'ament_cmake'
[0.132s] INFO:colcon.colcon_cmake.task.cmake.build:Building CMake package in '/home/arrusr/ROSDev2/tesisx3_plus/src/omni_dofbot_description'
[0.132s] INFO:colcon.colcon_core.shell:Skip shell extension 'powershell' for command environment: Not usable outside of PowerShell
[0.132s] DEBUG:colcon.colcon_core.shell:Skip shell extension 'dsv' for command environment
[0.145s] DEBUG:colcon.colcon_core.event_handler.log_command:Invoking command in '/home/arrusr/ROSDev2/tesisx3_plus/build/dofbot_bringup': CMAKE_PREFIX_PATH=${CMAKE_PREFIX_PATH}:/opt/ros/jazzy DEBUGINFOD_URLS=https://debuginfod.ubuntu.com /usr/bin/cmake --build /home/arrusr/ROSDev2/tesisx3_plus/build/dofbot_bringup -- -j24 -l24
[0.146s] DEBUG:colcon.colcon_core.event_handler.log_command:Invoking command in '/home/arrusr/ROSDev2/tesisx3_plus/build/dofbot_description': CMAKE_PREFIX_PATH=${CMAKE_PREFIX_PATH}:/opt/ros/jazzy DEBUGINFOD_URLS=https://debuginfod.ubuntu.com /usr/bin/cmake --build /home/arrusr/ROSDev2/tesisx3_plus/build/dofbot_description -- -j24 -l24
[0.147s] DEBUG:colcon.colcon_core.event_handler.log_command:Invoking command in '/home/arrusr/ROSDev2/tesisx3_plus/build/omni_bringup': CMAKE_PREFIX_PATH=${CMAKE_PREFIX_PATH}:/opt/ros/jazzy DEBUGINFOD_URLS=https://debuginfod.ubuntu.com /usr/bin/cmake --build /home/arrusr/ROSDev2/tesisx3_plus/build/omni_bringup -- -j24 -l24
[0.147s] DEBUG:colcon.colcon_core.event_handler.log_command:Invoking command in '/home/arrusr/ROSDev2/tesisx3_plus/build/omni_description': CMAKE_PREFIX_PATH=${CMAKE_PREFIX_PATH}:/opt/ros/jazzy DEBUGINFOD_URLS=https://debuginfod.ubuntu.com /usr/bin/cmake --build /home/arrusr/ROSDev2/tesisx3_plus/build/omni_description -- -j24 -l24
[0.147s] DEBUG:colcon.colcon_core.event_handler.log_command:Invoking command in '/home/arrusr/ROSDev2/tesisx3_plus/build/omni_dofbot_bringup': CMAKE_PREFIX_PATH=${CMAKE_PREFIX_PATH}:/opt/ros/jazzy DEBUGINFOD_URLS=https://debuginfod.ubuntu.com /usr/bin/cmake --build /home/arrusr/ROSDev2/tesisx3_plus/build/omni_dofbot_bringup -- -j24 -l24
[0.148s] DEBUG:colcon.colcon_core.event_handler.log_command:Invoking command in '/home/arrusr/ROSDev2/tesisx3_plus/build/omni_dofbot_description': CMAKE_PREFIX_PATH=${CMAKE_PREFIX_PATH}:/opt/ros/jazzy DEBUGINFOD_URLS=https://debuginfod.ubuntu.com /usr/bin/cmake --build /home/arrusr/ROSDev2/tesisx3_plus/build/omni_dofbot_description -- -j24 -l24
[0.162s] DEBUG:colcon.colcon_core.event_handler.log_command:Invoked command in '/home/arrusr/ROSDev2/tesisx3_plus/build/dofbot_description' returned '0': CMAKE_PREFIX_PATH=${CMAKE_PREFIX_PATH}:/opt/ros/jazzy DEBUGINFOD_URLS=https://debuginfod.ubuntu.com /usr/bin/cmake --build /home/arrusr/ROSDev2/tesisx3_plus/build/dofbot_description -- -j24 -l24
[0.168s] DEBUG:colcon.colcon_core.event_handler.log_command:Invoking command in '/home/arrusr/ROSDev2/tesisx3_plus/build/dofbot_description': CMAKE_PREFIX_PATH=${CMAKE_PREFIX_PATH}:/opt/ros/jazzy DEBUGINFOD_URLS=https://debuginfod.ubuntu.com /usr/bin/cmake --install /home/arrusr/ROSDev2/tesisx3_plus/build/dofbot_description
[0.168s] DEBUG:colcon.colcon_core.event_handler.log_command:Invoked command in '/home/arrusr/ROSDev2/tesisx3_plus/build/omni_description' returned '0': CMAKE_PREFIX_PATH=${CMAKE_PREFIX_PATH}:/opt/ros/jazzy DEBUGINFOD_URLS=https://debuginfod.ubuntu.com /usr/bin/cmake --build /home/arrusr/ROSDev2/tesisx3_plus/build/omni_description -- -j24 -l24
[0.169s] DEBUG:colcon.colcon_core.event_handler.log_command:Invoking command in '/home/arrusr/ROSDev2/tesisx3_plus/build/omni_description': CMAKE_PREFIX_PATH=${CMAKE_PREFIX_PATH}:/opt/ros/jazzy DEBUGINFOD_URLS=https://debuginfod.ubuntu.com /usr/bin/cmake --install /home/arrusr/ROSDev2/tesisx3_plus/build/omni_description
[0.172s] DEBUG:colcon.colcon_core.event_handler.log_command:Invoked command in '/home/arrusr/ROSDev2/tesisx3_plus/build/omni_dofbot_description' returned '0': CMAKE_PREFIX_PATH=${CMAKE_PREFIX_PATH}:/opt/ros/jazzy DEBUGINFOD_URLS=https://debuginfod.ubuntu.com /usr/bin/cmake --build /home/arrusr/ROSDev2/tesisx3_plus/build/omni_dofbot_description -- -j24 -l24
[0.172s] DEBUG:colcon.colcon_core.event_handler.log_command:Invoking command in '/home/arrusr/ROSDev2/tesisx3_plus/build/omni_dofbot_description': CMAKE_PREFIX_PATH=${CMAKE_PREFIX_PATH}:/opt/ros/jazzy DEBUGINFOD_URLS=https://debuginfod.ubuntu.com /usr/bin/cmake --install /home/arrusr/ROSDev2/tesisx3_plus/build/omni_dofbot_description
[0.175s] Level 1:colcon.colcon_core.environment:create_environment_scripts_only(dofbot_description)
[0.178s] DEBUG:colcon.colcon_core.event_handler.log_command:Invoked command in '/home/arrusr/ROSDev2/tesisx3_plus/build/dofbot_description' returned '0': CMAKE_PREFIX_PATH=${CMAKE_PREFIX_PATH}:/opt/ros/jazzy DEBUGINFOD_URLS=https://debuginfod.ubuntu.com /usr/bin/cmake --install /home/arrusr/ROSDev2/tesisx3_plus/build/dofbot_description
[0.180s] Level 1:colcon.colcon_core.environment:checking '/home/arrusr/ROSDev2/tesisx3_plus/install/dofbot_description' for CMake module files
[0.180s] Level 1:colcon.colcon_core.environment:checking '/home/arrusr/ROSDev2/tesisx3_plus/install/dofbot_description' for CMake config files
[0.181s] Level 1:colcon.colcon_core.shell:create_environment_hook('dofbot_description', 'cmake_prefix_path')
[0.181s] INFO:colcon.colcon_core.shell:Creating environment hook '/home/arrusr/ROSDev2/tesisx3_plus/install/dofbot_description/share/dofbot_description/hook/cmake_prefix_path.ps1'
[0.181s] INFO:colcon.colcon_core.shell:Creating environment descriptor '/home/arrusr/ROSDev2/tesisx3_plus/install/dofbot_description/share/dofbot_description/hook/cmake_prefix_path.dsv'
[0.181s] INFO:colcon.colcon_core.shell:Creating environment hook '/home/arrusr/ROSDev2/tesisx3_plus/install/dofbot_description/share/dofbot_description/hook/cmake_prefix_path.sh'
[0.182s] Level 1:colcon.colcon_core.environment:checking '/home/arrusr/ROSDev2/tesisx3_plus/install/dofbot_description/bin'
[0.182s] Level 1:colcon.colcon_core.environment:checking '/home/arrusr/ROSDev2/tesisx3_plus/install/dofbot_description/lib/pkgconfig/dofbot_description.pc'
[0.182s] Level 1:colcon.colcon_core.environment:checking '/home/arrusr/ROSDev2/tesisx3_plus/install/dofbot_description/lib/python3.12/site-packages'
[0.182s] Level 1:colcon.colcon_core.environment:checking '/home/arrusr/ROSDev2/tesisx3_plus/install/dofbot_description/bin'
[0.182s] INFO:colcon.colcon_core.shell:Creating package script '/home/arrusr/ROSDev2/tesisx3_plus/install/dofbot_description/share/dofbot_description/package.ps1'
[0.183s] INFO:colcon.colcon_core.shell:Creating package descriptor '/home/arrusr/ROSDev2/tesisx3_plus/install/dofbot_description/share/dofbot_description/package.dsv'
[0.183s] INFO:colcon.colcon_core.shell:Creating package script '/home/arrusr/ROSDev2/tesisx3_plus/install/dofbot_description/share/dofbot_description/package.sh'
[0.183s] INFO:colcon.colcon_core.shell:Creating package script '/home/arrusr/ROSDev2/tesisx3_plus/install/dofbot_description/share/dofbot_description/package.bash'
[0.184s] INFO:colcon.colcon_core.shell:Creating package script '/home/arrusr/ROSDev2/tesisx3_plus/install/dofbot_description/share/dofbot_description/package.zsh'
[0.184s] Level 1:colcon.colcon_core.environment:create_file_with_runtime_dependencies(/home/arrusr/ROSDev2/tesisx3_plus/install/dofbot_description/share/colcon-core/packages/dofbot_description)
[0.184s] Level 1:colcon.colcon_core.environment:create_environment_scripts_only(dofbot_description)
[0.184s] Level 1:colcon.colcon_core.environment:checking '/home/arrusr/ROSDev2/tesisx3_plus/install/dofbot_description' for CMake module files
[0.185s] Level 1:colcon.colcon_core.environment:checking '/home/arrusr/ROSDev2/tesisx3_plus/install/dofbot_description' for CMake config files
[0.185s] Level 1:colcon.colcon_core.shell:create_environment_hook('dofbot_description', 'cmake_prefix_path')
[0.185s] INFO:colcon.colcon_core.shell:Creating environment hook '/home/arrusr/ROSDev2/tesisx3_plus/install/dofbot_description/share/dofbot_description/hook/cmake_prefix_path.ps1'
[0.185s] INFO:colcon.colcon_core.shell:Creating environment descriptor '/home/arrusr/ROSDev2/tesisx3_plus/install/dofbot_description/share/dofbot_description/hook/cmake_prefix_path.dsv'
[0.185s] INFO:colcon.colcon_core.shell:Creating environment hook '/home/arrusr/ROSDev2/tesisx3_plus/install/dofbot_description/share/dofbot_description/hook/cmake_prefix_path.sh'
[0.185s] Level 1:colcon.colcon_core.environment:checking '/home/arrusr/ROSDev2/tesisx3_plus/install/dofbot_description/bin'
[0.185s] Level 1:colcon.colcon_core.environment:checking '/home/arrusr/ROSDev2/tesisx3_plus/install/dofbot_description/lib/pkgconfig/dofbot_description.pc'
[0.185s] Level 1:colcon.colcon_core.environment:checking '/home/arrusr/ROSDev2/tesisx3_plus/install/dofbot_description/lib/python3.12/site-packages'
[0.186s] Level 1:colcon.colcon_core.environment:checking '/home/arrusr/ROSDev2/tesisx3_plus/install/dofbot_description/bin'
[0.186s] INFO:colcon.colcon_core.shell:Creating package script '/home/arrusr/ROSDev2/tesisx3_plus/install/dofbot_description/share/dofbot_description/package.ps1'
[0.186s] INFO:colcon.colcon_core.shell:Creating package descriptor '/home/arrusr/ROSDev2/tesisx3_plus/install/dofbot_description/share/dofbot_description/package.dsv'
[0.186s] INFO:colcon.colcon_core.shell:Creating package script '/home/arrusr/ROSDev2/tesisx3_plus/install/dofbot_description/share/dofbot_description/package.sh'
[0.186s] INFO:colcon.colcon_core.shell:Creating package script '/home/arrusr/ROSDev2/tesisx3_plus/install/dofbot_description/share/dofbot_description/package.bash'
[0.187s] INFO:colcon.colcon_core.shell:Creating package script '/home/arrusr/ROSDev2/tesisx3_plus/install/dofbot_description/share/dofbot_description/package.zsh'
[0.187s] Level 1:colcon.colcon_core.environment:create_file_with_runtime_dependencies(/home/arrusr/ROSDev2/tesisx3_plus/install/dofbot_description/share/colcon-core/packages/dofbot_description)
[0.187s] Level 1:colcon.colcon_core.environment:create_environment_scripts_only(omni_description)
[0.187s] Level 1:colcon.colcon_core.environment:checking '/home/arrusr/ROSDev2/tesisx3_plus/install/omni_description' for CMake module files
[0.187s] DEBUG:colcon.colcon_core.event_handler.log_command:Invoked command in '/home/arrusr/ROSDev2/tesisx3_plus/build/omni_description' returned '0': CMAKE_PREFIX_PATH=${CMAKE_PREFIX_PATH}:/opt/ros/jazzy DEBUGINFOD_URLS=https://debuginfod.ubuntu.com /usr/bin/cmake --install /home/arrusr/ROSDev2/tesisx3_plus/build/omni_description
[0.188s] Level 1:colcon.colcon_core.environment:checking '/home/arrusr/ROSDev2/tesisx3_plus/install/omni_description' for CMake config files
[0.188s] Level 1:colcon.colcon_core.shell:create_environment_hook('omni_description', 'cmake_prefix_path')
[0.188s] INFO:colcon.colcon_core.shell:Creating environment hook '/home/arrusr/ROSDev2/tesisx3_plus/install/omni_description/share/omni_description/hook/cmake_prefix_path.ps1'
[0.188s] INFO:colcon.colcon_core.shell:Creating environment descriptor '/home/arrusr/ROSDev2/tesisx3_plus/install/omni_description/share/omni_description/hook/cmake_prefix_path.dsv'
[0.188s] INFO:colcon.colcon_core.shell:Creating environment hook '/home/arrusr/ROSDev2/tesisx3_plus/install/omni_description/share/omni_description/hook/cmake_prefix_path.sh'
[0.188s] Level 1:colcon.colcon_core.environment:checking '/home/arrusr/ROSDev2/tesisx3_plus/install/omni_description/bin'
[0.189s] Level 1:colcon.colcon_core.environment:checking '/home/arrusr/ROSDev2/tesisx3_plus/install/omni_description/lib/pkgconfig/omni_description.pc'
[0.189s] Level 1:colcon.colcon_core.environment:checking '/home/arrusr/ROSDev2/tesisx3_plus/install/omni_description/lib/python3.12/site-packages'
[0.189s] Level 1:colcon.colcon_core.environment:checking '/home/arrusr/ROSDev2/tesisx3_plus/install/omni_description/bin'
[0.189s] INFO:colcon.colcon_core.shell:Creating package script '/home/arrusr/ROSDev2/tesisx3_plus/install/omni_description/share/omni_description/package.ps1'
[0.189s] INFO:colcon.colcon_core.shell:Creating package descriptor '/home/arrusr/ROSDev2/tesisx3_plus/install/omni_description/share/omni_description/package.dsv'
[0.189s] INFO:colcon.colcon_core.shell:Creating package script '/home/arrusr/ROSDev2/tesisx3_plus/install/omni_description/share/omni_description/package.sh'
[0.190s] INFO:colcon.colcon_core.shell:Creating package script '/home/arrusr/ROSDev2/tesisx3_plus/install/omni_description/share/omni_description/package.bash'
[0.190s] INFO:colcon.colcon_core.shell:Creating package script '/home/arrusr/ROSDev2/tesisx3_plus/install/omni_description/share/omni_description/package.zsh'
[0.190s] Level 1:colcon.colcon_core.environment:create_file_with_runtime_dependencies(/home/arrusr/ROSDev2/tesisx3_plus/install/omni_description/share/colcon-core/packages/omni_description)
[0.190s] Level 1:colcon.colcon_core.environment:create_environment_scripts_only(omni_description)
[0.190s] Level 1:colcon.colcon_core.environment:checking '/home/arrusr/ROSDev2/tesisx3_plus/install/omni_description' for CMake module files
[0.190s] Level 1:colcon.colcon_core.environment:checking '/home/arrusr/ROSDev2/tesisx3_plus/install/omni_description' for CMake config files
[0.190s] Level 1:colcon.colcon_core.shell:create_environment_hook('omni_description', 'cmake_prefix_path')
[0.191s] INFO:colcon.colcon_core.shell:Creating environment hook '/home/arrusr/ROSDev2/tesisx3_plus/install/omni_description/share/omni_description/hook/cmake_prefix_path.ps1'
[0.191s] INFO:colcon.colcon_core.shell:Creating environment descriptor '/home/arrusr/ROSDev2/tesisx3_plus/install/omni_description/share/omni_description/hook/cmake_prefix_path.dsv'
[0.191s] INFO:colcon.colcon_core.shell:Creating environment hook '/home/arrusr/ROSDev2/tesisx3_plus/install/omni_description/share/omni_description/hook/cmake_prefix_path.sh'
[0.191s] Level 1:colcon.colcon_core.environment:checking '/home/arrusr/ROSDev2/tesisx3_plus/install/omni_description/bin'
[0.191s] Level 1:colcon.colcon_core.environment:checking '/home/arrusr/ROSDev2/tesisx3_plus/install/omni_description/lib/pkgconfig/omni_description.pc'
[0.191s] Level 1:colcon.colcon_core.environment:checking '/home/arrusr/ROSDev2/tesisx3_plus/install/omni_description/lib/python3.12/site-packages'
[0.191s] Level 1:colcon.colcon_core.environment:checking '/home/arrusr/ROSDev2/tesisx3_plus/install/omni_description/bin'
[0.192s] INFO:colcon.colcon_core.shell:Creating package script '/home/arrusr/ROSDev2/tesisx3_plus/install/omni_description/share/omni_description/package.ps1'
[0.192s] INFO:colcon.colcon_core.shell:Creating package descriptor '/home/arrusr/ROSDev2/tesisx3_plus/install/omni_description/share/omni_description/package.dsv'
[0.192s] INFO:colcon.colcon_core.shell:Creating package script '/home/arrusr/ROSDev2/tesisx3_plus/install/omni_description/share/omni_description/package.sh'
[0.192s] INFO:colcon.colcon_core.shell:Creating package script '/home/arrusr/ROSDev2/tesisx3_plus/install/omni_description/share/omni_description/package.bash'
[0.192s] INFO:colcon.colcon_core.shell:Creating package script '/home/arrusr/ROSDev2/tesisx3_plus/install/omni_description/share/omni_description/package.zsh'
[0.193s] Level 1:colcon.colcon_core.environment:create_file_with_runtime_dependencies(/home/arrusr/ROSDev2/tesisx3_plus/install/omni_description/share/colcon-core/packages/omni_description)
[0.193s] Level 1:colcon.colcon_core.environment:create_environment_scripts_only(omni_dofbot_description)
[0.193s] DEBUG:colcon.colcon_core.event_handler.log_command:Invoked command in '/home/arrusr/ROSDev2/tesisx3_plus/build/omni_dofbot_description' returned '0': CMAKE_PREFIX_PATH=${CMAKE_PREFIX_PATH}:/opt/ros/jazzy DEBUGINFOD_URLS=https://debuginfod.ubuntu.com /usr/bin/cmake --install /home/arrusr/ROSDev2/tesisx3_plus/build/omni_dofbot_description
[0.193s] Level 1:colcon.colcon_core.environment:checking '/home/arrusr/ROSDev2/tesisx3_plus/install/omni_dofbot_description' for CMake module files
[0.194s] Level 1:colcon.colcon_core.environment:checking '/home/arrusr/ROSDev2/tesisx3_plus/install/omni_dofbot_description' for CMake config files
[0.194s] Level 1:colcon.colcon_core.shell:create_environment_hook('omni_dofbot_description', 'cmake_prefix_path')
[0.194s] INFO:colcon.colcon_core.shell:Creating environment hook '/home/arrusr/ROSDev2/tesisx3_plus/install/omni_dofbot_description/share/omni_dofbot_description/hook/cmake_prefix_path.ps1'
[0.194s] INFO:colcon.colcon_core.shell:Creating environment descriptor '/home/arrusr/ROSDev2/tesisx3_plus/install/omni_dofbot_description/share/omni_dofbot_description/hook/cmake_prefix_path.dsv'
[0.194s] INFO:colcon.colcon_core.shell:Creating environment hook '/home/arrusr/ROSDev2/tesisx3_plus/install/omni_dofbot_description/share/omni_dofbot_description/hook/cmake_prefix_path.sh'
[0.194s] Level 1:colcon.colcon_core.environment:checking '/home/arrusr/ROSDev2/tesisx3_plus/install/omni_dofbot_description/bin'
[0.194s] Level 1:colcon.colcon_core.environment:checking '/home/arrusr/ROSDev2/tesisx3_plus/install/omni_dofbot_description/lib/pkgconfig/omni_dofbot_description.pc'
[0.194s] Level 1:colcon.colcon_core.environment:checking '/home/arrusr/ROSDev2/tesisx3_plus/install/omni_dofbot_description/lib/python3.12/site-packages'
[0.195s] Level 1:colcon.colcon_core.environment:checking '/home/arrusr/ROSDev2/tesisx3_plus/install/omni_dofbot_description/bin'
[0.195s] INFO:colcon.colcon_core.shell:Creating package script '/home/arrusr/ROSDev2/tesisx3_plus/install/omni_dofbot_description/share/omni_dofbot_description/package.ps1'
[0.195s] INFO:colcon.colcon_core.shell:Creating package descriptor '/home/arrusr/ROSDev2/tesisx3_plus/install/omni_dofbot_description/share/omni_dofbot_description/package.dsv'
[0.195s] INFO:colcon.colcon_core.shell:Creating package script '/home/arrusr/ROSDev2/tesisx3_plus/install/omni_dofbot_description/share/omni_dofbot_description/package.sh'
[0.195s] INFO:colcon.colcon_core.shell:Creating package script '/home/arrusr/ROSDev2/tesisx3_plus/install/omni_dofbot_description/share/omni_dofbot_description/package.bash'
[0.195s] INFO:colcon.colcon_core.shell:Creating package script '/home/arrusr/ROSDev2/tesisx3_plus/install/omni_dofbot_description/share/omni_dofbot_description/package.zsh'
[0.196s] Level 1:colcon.colcon_core.environment:create_file_with_runtime_dependencies(/home/arrusr/ROSDev2/tesisx3_plus/install/omni_dofbot_description/share/colcon-core/packages/omni_dofbot_description)
[0.196s] Level 1:colcon.colcon_core.environment:create_environment_scripts_only(omni_dofbot_description)
[0.196s] Level 1:colcon.colcon_core.environment:checking '/home/arrusr/ROSDev2/tesisx3_plus/install/omni_dofbot_description' for CMake module files
[0.196s] Level 1:colcon.colcon_core.environment:checking '/home/arrusr/ROSDev2/tesisx3_plus/install/omni_dofbot_description' for CMake config files
[0.196s] Level 1:colcon.colcon_core.shell:create_environment_hook('omni_dofbot_description', 'cmake_prefix_path')
[0.196s] INFO:colcon.colcon_core.shell:Creating environment hook '/home/arrusr/ROSDev2/tesisx3_plus/install/omni_dofbot_description/share/omni_dofbot_description/hook/cmake_prefix_path.ps1'
[0.196s] INFO:colcon.colcon_core.shell:Creating environment descriptor '/home/arrusr/ROSDev2/tesisx3_plus/install/omni_dofbot_description/share/omni_dofbot_description/hook/cmake_prefix_path.dsv'
[0.196s] INFO:colcon.colcon_core.shell:Creating environment hook '/home/arrusr/ROSDev2/tesisx3_plus/install/omni_dofbot_description/share/omni_dofbot_description/hook/cmake_prefix_path.sh'
[0.197s] Level 1:colcon.colcon_core.environment:checking '/home/arrusr/ROSDev2/tesisx3_plus/install/omni_dofbot_description/bin'
[0.197s] Level 1:colcon.colcon_core.environment:checking '/home/arrusr/ROSDev2/tesisx3_plus/install/omni_dofbot_description/lib/pkgconfig/omni_dofbot_description.pc'
[0.197s] Level 1:colcon.colcon_core.environment:checking '/home/arrusr/ROSDev2/tesisx3_plus/install/omni_dofbot_description/lib/python3.12/site-packages'
[0.197s] Level 1:colcon.colcon_core.environment:checking '/home/arrusr/ROSDev2/tesisx3_plus/install/omni_dofbot_description/bin'
[0.197s] INFO:colcon.colcon_core.shell:Creating package script '/home/arrusr/ROSDev2/tesisx3_plus/install/omni_dofbot_description/share/omni_dofbot_description/package.ps1'
[0.198s] INFO:colcon.colcon_core.shell:Creating package descriptor '/home/arrusr/ROSDev2/tesisx3_plus/install/omni_dofbot_description/share/omni_dofbot_description/package.dsv'
[0.198s] INFO:colcon.colcon_core.shell:Creating package script '/home/arrusr/ROSDev2/tesisx3_plus/install/omni_dofbot_description/share/omni_dofbot_description/package.sh'
[0.198s] INFO:colcon.colcon_core.shell:Creating package script '/home/arrusr/ROSDev2/tesisx3_plus/install/omni_dofbot_description/share/omni_dofbot_description/package.bash'
[0.198s] INFO:colcon.colcon_core.shell:Creating package script '/home/arrusr/ROSDev2/tesisx3_plus/install/omni_dofbot_description/share/omni_dofbot_description/package.zsh'
[0.198s] Level 1:colcon.colcon_core.environment:create_file_with_runtime_dependencies(/home/arrusr/ROSDev2/tesisx3_plus/install/omni_dofbot_description/share/colcon-core/packages/omni_dofbot_description)
[0.389s] DEBUG:colcon.colcon_core.event_handler.log_command:Invoked command in '/home/arrusr/ROSDev2/tesisx3_plus/build/omni_bringup' returned '0': CMAKE_PREFIX_PATH=${CMAKE_PREFIX_PATH}:/opt/ros/jazzy DEBUGINFOD_URLS=https://debuginfod.ubuntu.com /usr/bin/cmake --build /home/arrusr/ROSDev2/tesisx3_plus/build/omni_bringup -- -j24 -l24
[0.389s] DEBUG:colcon.colcon_core.event_handler.log_command:Invoking command in '/home/arrusr/ROSDev2/tesisx3_plus/build/omni_bringup': CMAKE_PREFIX_PATH=${CMAKE_PREFIX_PATH}:/opt/ros/jazzy DEBUGINFOD_URLS=https://debuginfod.ubuntu.com /usr/bin/cmake --install /home/arrusr/ROSDev2/tesisx3_plus/build/omni_bringup
[0.390s] DEBUG:colcon.colcon_core.event_handler.log_command:Invoked command in '/home/arrusr/ROSDev2/tesisx3_plus/build/dofbot_bringup' returned '0': CMAKE_PREFIX_PATH=${CMAKE_PREFIX_PATH}:/opt/ros/jazzy DEBUGINFOD_URLS=https://debuginfod.ubuntu.com /usr/bin/cmake --build /home/arrusr/ROSDev2/tesisx3_plus/build/dofbot_bringup -- -j24 -l24
[0.390s] DEBUG:colcon.colcon_core.event_handler.log_command:Invoking command in '/home/arrusr/ROSDev2/tesisx3_plus/build/dofbot_bringup': CMAKE_PREFIX_PATH=${CMAKE_PREFIX_PATH}:/opt/ros/jazzy DEBUGINFOD_URLS=https://debuginfod.ubuntu.com /usr/bin/cmake --install /home/arrusr/ROSDev2/tesisx3_plus/build/dofbot_bringup
[0.390s] DEBUG:colcon.colcon_core.event_handler.log_command:Invoked command in '/home/arrusr/ROSDev2/tesisx3_plus/build/omni_dofbot_bringup' returned '0': CMAKE_PREFIX_PATH=${CMAKE_PREFIX_PATH}:/opt/ros/jazzy DEBUGINFOD_URLS=https://debuginfod.ubuntu.com /usr/bin/cmake --build /home/arrusr/ROSDev2/tesisx3_plus/build/omni_dofbot_bringup -- -j24 -l24
[0.390s] DEBUG:colcon.colcon_core.event_handler.log_command:Invoking command in '/home/arrusr/ROSDev2/tesisx3_plus/build/omni_dofbot_bringup': CMAKE_PREFIX_PATH=${CMAKE_PREFIX_PATH}:/opt/ros/jazzy DEBUGINFOD_URLS=https://debuginfod.ubuntu.com /usr/bin/cmake --install /home/arrusr/ROSDev2/tesisx3_plus/build/omni_dofbot_bringup
[0.447s] Level 1:colcon.colcon_core.environment:create_environment_scripts_only(omni_bringup)
[0.448s] Level 1:colcon.colcon_core.environment:checking '/home/arrusr/ROSDev2/tesisx3_plus/install/omni_bringup' for CMake module files
[0.448s] DEBUG:colcon.colcon_core.event_handler.log_command:Invoked command in '/home/arrusr/ROSDev2/tesisx3_plus/build/omni_bringup' returned '0': CMAKE_PREFIX_PATH=${CMAKE_PREFIX_PATH}:/opt/ros/jazzy DEBUGINFOD_URLS=https://debuginfod.ubuntu.com /usr/bin/cmake --install /home/arrusr/ROSDev2/tesisx3_plus/build/omni_bringup
[0.448s] Level 1:colcon.colcon_core.environment:checking '/home/arrusr/ROSDev2/tesisx3_plus/install/omni_bringup' for CMake config files
[0.449s] Level 1:colcon.colcon_core.shell:create_environment_hook('omni_bringup', 'cmake_prefix_path')
[0.449s] INFO:colcon.colcon_core.shell:Creating environment hook '/home/arrusr/ROSDev2/tesisx3_plus/install/omni_bringup/share/omni_bringup/hook/cmake_prefix_path.ps1'
[0.449s] INFO:colcon.colcon_core.shell:Creating environment descriptor '/home/arrusr/ROSDev2/tesisx3_plus/install/omni_bringup/share/omni_bringup/hook/cmake_prefix_path.dsv'
[0.449s] INFO:colcon.colcon_core.shell:Creating environment hook '/home/arrusr/ROSDev2/tesisx3_plus/install/omni_bringup/share/omni_bringup/hook/cmake_prefix_path.sh'
[0.450s] Level 1:colcon.colcon_core.environment:checking '/home/arrusr/ROSDev2/tesisx3_plus/install/omni_bringup/lib'
[0.450s] Level 1:colcon.colcon_core.environment:checking '/home/arrusr/ROSDev2/tesisx3_plus/install/omni_bringup/bin'
[0.450s] Level 1:colcon.colcon_core.environment:checking '/home/arrusr/ROSDev2/tesisx3_plus/install/omni_bringup/lib/pkgconfig/omni_bringup.pc'
[0.450s] Level 1:colcon.colcon_core.environment:checking '/home/arrusr/ROSDev2/tesisx3_plus/install/omni_bringup/lib/python3.12/site-packages'
[0.450s] Level 1:colcon.colcon_core.shell:create_environment_hook('omni_bringup', 'pythonpath')
[0.450s] INFO:colcon.colcon_core.shell:Creating environment hook '/home/arrusr/ROSDev2/tesisx3_plus/install/omni_bringup/share/omni_bringup/hook/pythonpath.ps1'
[0.450s] INFO:colcon.colcon_core.shell:Creating environment descriptor '/home/arrusr/ROSDev2/tesisx3_plus/install/omni_bringup/share/omni_bringup/hook/pythonpath.dsv'
[0.451s] INFO:colcon.colcon_core.shell:Creating environment hook '/home/arrusr/ROSDev2/tesisx3_plus/install/omni_bringup/share/omni_bringup/hook/pythonpath.sh'
[0.451s] Level 1:colcon.colcon_core.environment:checking '/home/arrusr/ROSDev2/tesisx3_plus/install/omni_bringup/bin'
[0.451s] INFO:colcon.colcon_core.shell:Creating package script '/home/arrusr/ROSDev2/tesisx3_plus/install/omni_bringup/share/omni_bringup/package.ps1'
[0.451s] INFO:colcon.colcon_core.shell:Creating package descriptor '/home/arrusr/ROSDev2/tesisx3_plus/install/omni_bringup/share/omni_bringup/package.dsv'
[0.451s] INFO:colcon.colcon_core.shell:Creating package script '/home/arrusr/ROSDev2/tesisx3_plus/install/omni_bringup/share/omni_bringup/package.sh'
[0.452s] INFO:colcon.colcon_core.shell:Creating package script '/home/arrusr/ROSDev2/tesisx3_plus/install/omni_bringup/share/omni_bringup/package.bash'
[0.452s] INFO:colcon.colcon_core.shell:Creating package script '/home/arrusr/ROSDev2/tesisx3_plus/install/omni_bringup/share/omni_bringup/package.zsh'
[0.452s] Level 1:colcon.colcon_core.environment:create_file_with_runtime_dependencies(/home/arrusr/ROSDev2/tesisx3_plus/install/omni_bringup/share/colcon-core/packages/omni_bringup)
[0.452s] Level 1:colcon.colcon_core.environment:create_environment_scripts_only(omni_bringup)
[0.452s] Level 1:colcon.colcon_core.environment:checking '/home/arrusr/ROSDev2/tesisx3_plus/install/omni_bringup' for CMake module files
[0.452s] Level 1:colcon.colcon_core.environment:checking '/home/arrusr/ROSDev2/tesisx3_plus/install/omni_bringup' for CMake config files
[0.453s] Level 1:colcon.colcon_core.shell:create_environment_hook('omni_bringup', 'cmake_prefix_path')
[0.453s] INFO:colcon.colcon_core.shell:Creating environment hook '/home/arrusr/ROSDev2/tesisx3_plus/install/omni_bringup/share/omni_bringup/hook/cmake_prefix_path.ps1'
[0.453s] INFO:colcon.colcon_core.shell:Creating environment descriptor '/home/arrusr/ROSDev2/tesisx3_plus/install/omni_bringup/share/omni_bringup/hook/cmake_prefix_path.dsv'
[0.453s] INFO:colcon.colcon_core.shell:Creating environment hook '/home/arrusr/ROSDev2/tesisx3_plus/install/omni_bringup/share/omni_bringup/hook/cmake_prefix_path.sh'
[0.453s] Level 1:colcon.colcon_core.environment:checking '/home/arrusr/ROSDev2/tesisx3_plus/install/omni_bringup/lib'
[0.453s] Level 1:colcon.colcon_core.environment:checking '/home/arrusr/ROSDev2/tesisx3_plus/install/omni_bringup/bin'
[0.453s] Level 1:colcon.colcon_core.environment:checking '/home/arrusr/ROSDev2/tesisx3_plus/install/omni_bringup/lib/pkgconfig/omni_bringup.pc'
[0.453s] Level 1:colcon.colcon_core.environment:checking '/home/arrusr/ROSDev2/tesisx3_plus/install/omni_bringup/lib/python3.12/site-packages'
[0.453s] Level 1:colcon.colcon_core.shell:create_environment_hook('omni_bringup', 'pythonpath')
[0.454s] INFO:colcon.colcon_core.shell:Creating environment hook '/home/arrusr/ROSDev2/tesisx3_plus/install/omni_bringup/share/omni_bringup/hook/pythonpath.ps1'
[0.454s] INFO:colcon.colcon_core.shell:Creating environment descriptor '/home/arrusr/ROSDev2/tesisx3_plus/install/omni_bringup/share/omni_bringup/hook/pythonpath.dsv'
[0.454s] INFO:colcon.colcon_core.shell:Creating environment hook '/home/arrusr/ROSDev2/tesisx3_plus/install/omni_bringup/share/omni_bringup/hook/pythonpath.sh'
[0.454s] Level 1:colcon.colcon_core.environment:checking '/home/arrusr/ROSDev2/tesisx3_plus/install/omni_bringup/bin'
[0.454s] INFO:colcon.colcon_core.shell:Creating package script '/home/arrusr/ROSDev2/tesisx3_plus/install/omni_bringup/share/omni_bringup/package.ps1'
[0.455s] INFO:colcon.colcon_core.shell:Creating package descriptor '/home/arrusr/ROSDev2/tesisx3_plus/install/omni_bringup/share/omni_bringup/package.dsv'
[0.455s] INFO:colcon.colcon_core.shell:Creating package script '/home/arrusr/ROSDev2/tesisx3_plus/install/omni_bringup/share/omni_bringup/package.sh'
[0.455s] INFO:colcon.colcon_core.shell:Creating package script '/home/arrusr/ROSDev2/tesisx3_plus/install/omni_bringup/share/omni_bringup/package.bash'
[0.455s] INFO:colcon.colcon_core.shell:Creating package script '/home/arrusr/ROSDev2/tesisx3_plus/install/omni_bringup/share/omni_bringup/package.zsh'
[0.455s] Level 1:colcon.colcon_core.environment:create_file_with_runtime_dependencies(/home/arrusr/ROSDev2/tesisx3_plus/install/omni_bringup/share/colcon-core/packages/omni_bringup)
[0.456s] Level 1:colcon.colcon_core.environment:create_environment_scripts_only(dofbot_bringup)
[0.456s] Level 1:colcon.colcon_core.environment:checking '/home/arrusr/ROSDev2/tesisx3_plus/install/dofbot_bringup' for CMake module files
[0.456s] Level 1:colcon.colcon_core.environment:checking '/home/arrusr/ROSDev2/tesisx3_plus/install/dofbot_bringup' for CMake config files
[0.456s] DEBUG:colcon.colcon_core.event_handler.log_command:Invoked command in '/home/arrusr/ROSDev2/tesisx3_plus/build/dofbot_bringup' returned '0': CMAKE_PREFIX_PATH=${CMAKE_PREFIX_PATH}:/opt/ros/jazzy DEBUGINFOD_URLS=https://debuginfod.ubuntu.com /usr/bin/cmake --install /home/arrusr/ROSDev2/tesisx3_plus/build/dofbot_bringup
[0.456s] Level 1:colcon.colcon_core.shell:create_environment_hook('dofbot_bringup', 'cmake_prefix_path')
[0.456s] INFO:colcon.colcon_core.shell:Creating environment hook '/home/arrusr/ROSDev2/tesisx3_plus/install/dofbot_bringup/share/dofbot_bringup/hook/cmake_prefix_path.ps1'
[0.457s] INFO:colcon.colcon_core.shell:Creating environment descriptor '/home/arrusr/ROSDev2/tesisx3_plus/install/dofbot_bringup/share/dofbot_bringup/hook/cmake_prefix_path.dsv'
[0.457s] INFO:colcon.colcon_core.shell:Creating environment hook '/home/arrusr/ROSDev2/tesisx3_plus/install/dofbot_bringup/share/dofbot_bringup/hook/cmake_prefix_path.sh'
[0.457s] Level 1:colcon.colcon_core.environment:checking '/home/arrusr/ROSDev2/tesisx3_plus/install/dofbot_bringup/lib'
[0.457s] Level 1:colcon.colcon_core.environment:checking '/home/arrusr/ROSDev2/tesisx3_plus/install/dofbot_bringup/bin'
[0.457s] Level 1:colcon.colcon_core.environment:checking '/home/arrusr/ROSDev2/tesisx3_plus/install/dofbot_bringup/lib/pkgconfig/dofbot_bringup.pc'
[0.457s] Level 1:colcon.colcon_core.environment:checking '/home/arrusr/ROSDev2/tesisx3_plus/install/dofbot_bringup/lib/python3.12/site-packages'
[0.457s] Level 1:colcon.colcon_core.shell:create_environment_hook('dofbot_bringup', 'pythonpath')
[0.457s] INFO:colcon.colcon_core.shell:Creating environment hook '/home/arrusr/ROSDev2/tesisx3_plus/install/dofbot_bringup/share/dofbot_bringup/hook/pythonpath.ps1'
[0.458s] INFO:colcon.colcon_core.shell:Creating environment descriptor '/home/arrusr/ROSDev2/tesisx3_plus/install/dofbot_bringup/share/dofbot_bringup/hook/pythonpath.dsv'
[0.458s] INFO:colcon.colcon_core.shell:Creating environment hook '/home/arrusr/ROSDev2/tesisx3_plus/install/dofbot_bringup/share/dofbot_bringup/hook/pythonpath.sh'
[0.458s] Level 1:colcon.colcon_core.environment:checking '/home/arrusr/ROSDev2/tesisx3_plus/install/dofbot_bringup/bin'
[0.458s] INFO:colcon.colcon_core.shell:Creating package script '/home/arrusr/ROSDev2/tesisx3_plus/install/dofbot_bringup/share/dofbot_bringup/package.ps1'
[0.458s] INFO:colcon.colcon_core.shell:Creating package descriptor '/home/arrusr/ROSDev2/tesisx3_plus/install/dofbot_bringup/share/dofbot_bringup/package.dsv'
[0.459s] INFO:colcon.colcon_core.shell:Creating package script '/home/arrusr/ROSDev2/tesisx3_plus/install/dofbot_bringup/share/dofbot_bringup/package.sh'
[0.459s] INFO:colcon.colcon_core.shell:Creating package script '/home/arrusr/ROSDev2/tesisx3_plus/install/dofbot_bringup/share/dofbot_bringup/package.bash'
[0.459s] INFO:colcon.colcon_core.shell:Creating package script '/home/arrusr/ROSDev2/tesisx3_plus/install/dofbot_bringup/share/dofbot_bringup/package.zsh'
[0.459s] Level 1:colcon.colcon_core.environment:create_file_with_runtime_dependencies(/home/arrusr/ROSDev2/tesisx3_plus/install/dofbot_bringup/share/colcon-core/packages/dofbot_bringup)
[0.459s] Level 1:colcon.colcon_core.environment:create_environment_scripts_only(dofbot_bringup)
[0.459s] Level 1:colcon.colcon_core.environment:checking '/home/arrusr/ROSDev2/tesisx3_plus/install/dofbot_bringup' for CMake module files
[0.460s] Level 1:colcon.colcon_core.environment:checking '/home/arrusr/ROSDev2/tesisx3_plus/install/dofbot_bringup' for CMake config files
[0.460s] Level 1:colcon.colcon_core.shell:create_environment_hook('dofbot_bringup', 'cmake_prefix_path')
[0.460s] INFO:colcon.colcon_core.shell:Creating environment hook '/home/arrusr/ROSDev2/tesisx3_plus/install/dofbot_bringup/share/dofbot_bringup/hook/cmake_prefix_path.ps1'
[0.460s] INFO:colcon.colcon_core.shell:Creating environment descriptor '/home/arrusr/ROSDev2/tesisx3_plus/install/dofbot_bringup/share/dofbot_bringup/hook/cmake_prefix_path.dsv'
[0.460s] INFO:colcon.colcon_core.shell:Creating environment hook '/home/arrusr/ROSDev2/tesisx3_plus/install/dofbot_bringup/share/dofbot_bringup/hook/cmake_prefix_path.sh'
[0.460s] Level 1:colcon.colcon_core.environment:checking '/home/arrusr/ROSDev2/tesisx3_plus/install/dofbot_bringup/lib'
[0.460s] Level 1:colcon.colcon_core.environment:checking '/home/arrusr/ROSDev2/tesisx3_plus/install/dofbot_bringup/bin'
[0.460s] Level 1:colcon.colcon_core.environment:checking '/home/arrusr/ROSDev2/tesisx3_plus/install/dofbot_bringup/lib/pkgconfig/dofbot_bringup.pc'
[0.460s] Level 1:colcon.colcon_core.environment:checking '/home/arrusr/ROSDev2/tesisx3_plus/install/dofbot_bringup/lib/python3.12/site-packages'
[0.461s] Level 1:colcon.colcon_core.shell:create_environment_hook('dofbot_bringup', 'pythonpath')
[0.461s] INFO:colcon.colcon_core.shell:Creating environment hook '/home/arrusr/ROSDev2/tesisx3_plus/install/dofbot_bringup/share/dofbot_bringup/hook/pythonpath.ps1'
[0.461s] INFO:colcon.colcon_core.shell:Creating environment descriptor '/home/arrusr/ROSDev2/tesisx3_plus/install/dofbot_bringup/share/dofbot_bringup/hook/pythonpath.dsv'
[0.461s] INFO:colcon.colcon_core.shell:Creating environment hook '/home/arrusr/ROSDev2/tesisx3_plus/install/dofbot_bringup/share/dofbot_bringup/hook/pythonpath.sh'
[0.461s] Level 1:colcon.colcon_core.environment:checking '/home/arrusr/ROSDev2/tesisx3_plus/install/dofbot_bringup/bin'
[0.462s] INFO:colcon.colcon_core.shell:Creating package script '/home/arrusr/ROSDev2/tesisx3_plus/install/dofbot_bringup/share/dofbot_bringup/package.ps1'
[0.462s] INFO:colcon.colcon_core.shell:Creating package descriptor '/home/arrusr/ROSDev2/tesisx3_plus/install/dofbot_bringup/share/dofbot_bringup/package.dsv'
[0.462s] INFO:colcon.colcon_core.shell:Creating package script '/home/arrusr/ROSDev2/tesisx3_plus/install/dofbot_bringup/share/dofbot_bringup/package.sh'
[0.462s] INFO:colcon.colcon_core.shell:Creating package script '/home/arrusr/ROSDev2/tesisx3_plus/install/dofbot_bringup/share/dofbot_bringup/package.bash'
[0.462s] INFO:colcon.colcon_core.shell:Creating package script '/home/arrusr/ROSDev2/tesisx3_plus/install/dofbot_bringup/share/dofbot_bringup/package.zsh'
[0.463s] Level 1:colcon.colcon_core.environment:create_file_with_runtime_dependencies(/home/arrusr/ROSDev2/tesisx3_plus/install/dofbot_bringup/share/colcon-core/packages/dofbot_bringup)
[0.463s] Level 1:colcon.colcon_core.environment:create_environment_scripts_only(omni_dofbot_bringup)
[0.463s] Level 1:colcon.colcon_core.environment:checking '/home/arrusr/ROSDev2/tesisx3_plus/install/omni_dofbot_bringup' for CMake module files
[0.463s] DEBUG:colcon.colcon_core.event_handler.log_command:Invoked command in '/home/arrusr/ROSDev2/tesisx3_plus/build/omni_dofbot_bringup' returned '0': CMAKE_PREFIX_PATH=${CMAKE_PREFIX_PATH}:/opt/ros/jazzy DEBUGINFOD_URLS=https://debuginfod.ubuntu.com /usr/bin/cmake --install /home/arrusr/ROSDev2/tesisx3_plus/build/omni_dofbot_bringup
[0.464s] Level 1:colcon.colcon_core.environment:checking '/home/arrusr/ROSDev2/tesisx3_plus/install/omni_dofbot_bringup' for CMake config files
[0.464s] Level 1:colcon.colcon_core.shell:create_environment_hook('omni_dofbot_bringup', 'cmake_prefix_path')
[0.464s] INFO:colcon.colcon_core.shell:Creating environment hook '/home/arrusr/ROSDev2/tesisx3_plus/install/omni_dofbot_bringup/share/omni_dofbot_bringup/hook/cmake_prefix_path.ps1'
[0.464s] INFO:colcon.colcon_core.shell:Creating environment descriptor '/home/arrusr/ROSDev2/tesisx3_plus/install/omni_dofbot_bringup/share/omni_dofbot_bringup/hook/cmake_prefix_path.dsv'
[0.464s] INFO:colcon.colcon_core.shell:Creating environment hook '/home/arrusr/ROSDev2/tesisx3_plus/install/omni_dofbot_bringup/share/omni_dofbot_bringup/hook/cmake_prefix_path.sh'
[0.464s] Level 1:colcon.colcon_core.environment:checking '/home/arrusr/ROSDev2/tesisx3_plus/install/omni_dofbot_bringup/lib'
[0.464s] Level 1:colcon.colcon_core.environment:checking '/home/arrusr/ROSDev2/tesisx3_plus/install/omni_dofbot_bringup/bin'
[0.464s] Level 1:colcon.colcon_core.environment:checking '/home/arrusr/ROSDev2/tesisx3_plus/install/omni_dofbot_bringup/lib/pkgconfig/omni_dofbot_bringup.pc'
[0.465s] Level 1:colcon.colcon_core.environment:checking '/home/arrusr/ROSDev2/tesisx3_plus/install/omni_dofbot_bringup/lib/python3.12/site-packages'
[0.465s] Level 1:colcon.colcon_core.shell:create_environment_hook('omni_dofbot_bringup', 'pythonpath')
[0.465s] INFO:colcon.colcon_core.shell:Creating environment hook '/home/arrusr/ROSDev2/tesisx3_plus/install/omni_dofbot_bringup/share/omni_dofbot_bringup/hook/pythonpath.ps1'
[0.465s] INFO:colcon.colcon_core.shell:Creating environment descriptor '/home/arrusr/ROSDev2/tesisx3_plus/install/omni_dofbot_bringup/share/omni_dofbot_bringup/hook/pythonpath.dsv'
[0.465s] INFO:colcon.colcon_core.shell:Creating environment hook '/home/arrusr/ROSDev2/tesisx3_plus/install/omni_dofbot_bringup/share/omni_dofbot_bringup/hook/pythonpath.sh'
[0.465s] Level 1:colcon.colcon_core.environment:checking '/home/arrusr/ROSDev2/tesisx3_plus/install/omni_dofbot_bringup/bin'
[0.465s] INFO:colcon.colcon_core.shell:Creating package script '/home/arrusr/ROSDev2/tesisx3_plus/install/omni_dofbot_bringup/share/omni_dofbot_bringup/package.ps1'
[0.466s] INFO:colcon.colcon_core.shell:Creating package descriptor '/home/arrusr/ROSDev2/tesisx3_plus/install/omni_dofbot_bringup/share/omni_dofbot_bringup/package.dsv'
[0.466s] INFO:colcon.colcon_core.shell:Creating package script '/home/arrusr/ROSDev2/tesisx3_plus/install/omni_dofbot_bringup/share/omni_dofbot_bringup/package.sh'
[0.466s] INFO:colcon.colcon_core.shell:Creating package script '/home/arrusr/ROSDev2/tesisx3_plus/install/omni_dofbot_bringup/share/omni_dofbot_bringup/package.bash'
[0.466s] INFO:colcon.colcon_core.shell:Creating package script '/home/arrusr/ROSDev2/tesisx3_plus/install/omni_dofbot_bringup/share/omni_dofbot_bringup/package.zsh'
[0.466s] Level 1:colcon.colcon_core.environment:create_file_with_runtime_dependencies(/home/arrusr/ROSDev2/tesisx3_plus/install/omni_dofbot_bringup/share/colcon-core/packages/omni_dofbot_bringup)
[0.467s] Level 1:colcon.colcon_core.environment:create_environment_scripts_only(omni_dofbot_bringup)
[0.467s] Level 1:colcon.colcon_core.environment:checking '/home/arrusr/ROSDev2/tesisx3_plus/install/omni_dofbot_bringup' for CMake module files
[0.467s] Level 1:colcon.colcon_core.environment:checking '/home/arrusr/ROSDev2/tesisx3_plus/install/omni_dofbot_bringup' for CMake config files
[0.467s] Level 1:colcon.colcon_core.shell:create_environment_hook('omni_dofbot_bringup', 'cmake_prefix_path')
[0.467s] INFO:colcon.colcon_core.shell:Creating environment hook '/home/arrusr/ROSDev2/tesisx3_plus/install/omni_dofbot_bringup/share/omni_dofbot_bringup/hook/cmake_prefix_path.ps1'
[0.467s] INFO:colcon.colcon_core.shell:Creating environment descriptor '/home/arrusr/ROSDev2/tesisx3_plus/install/omni_dofbot_bringup/share/omni_dofbot_bringup/hook/cmake_prefix_path.dsv'
[0.467s] INFO:colcon.colcon_core.shell:Creating environment hook '/home/arrusr/ROSDev2/tesisx3_plus/install/omni_dofbot_bringup/share/omni_dofbot_bringup/hook/cmake_prefix_path.sh'
[0.468s] Level 1:colcon.colcon_core.environment:checking '/home/arrusr/ROSDev2/tesisx3_plus/install/omni_dofbot_bringup/lib'
[0.468s] Level 1:colcon.colcon_core.environment:checking '/home/arrusr/ROSDev2/tesisx3_plus/install/omni_dofbot_bringup/bin'
[0.468s] Level 1:colcon.colcon_core.environment:checking '/home/arrusr/ROSDev2/tesisx3_plus/install/omni_dofbot_bringup/lib/pkgconfig/omni_dofbot_bringup.pc'
[0.468s] Level 1:colcon.colcon_core.environment:checking '/home/arrusr/ROSDev2/tesisx3_plus/install/omni_dofbot_bringup/lib/python3.12/site-packages'
[0.468s] Level 1:colcon.colcon_core.shell:create_environment_hook('omni_dofbot_bringup', 'pythonpath')
[0.468s] INFO:colcon.colcon_core.shell:Creating environment hook '/home/arrusr/ROSDev2/tesisx3_plus/install/omni_dofbot_bringup/share/omni_dofbot_bringup/hook/pythonpath.ps1'
[0.468s] INFO:colcon.colcon_core.shell:Creating environment descriptor '/home/arrusr/ROSDev2/tesisx3_plus/install/omni_dofbot_bringup/share/omni_dofbot_bringup/hook/pythonpath.dsv'
[0.468s] INFO:colcon.colcon_core.shell:Creating environment hook '/home/arrusr/ROSDev2/tesisx3_plus/install/omni_dofbot_bringup/share/omni_dofbot_bringup/hook/pythonpath.sh'
[0.468s] Level 1:colcon.colcon_core.environment:checking '/home/arrusr/ROSDev2/tesisx3_plus/install/omni_dofbot_bringup/bin'
[0.469s] INFO:colcon.colcon_core.shell:Creating package script '/home/arrusr/ROSDev2/tesisx3_plus/install/omni_dofbot_bringup/share/omni_dofbot_bringup/package.ps1'
[0.469s] INFO:colcon.colcon_core.shell:Creating package descriptor '/home/arrusr/ROSDev2/tesisx3_plus/install/omni_dofbot_bringup/share/omni_dofbot_bringup/package.dsv'
[0.469s] INFO:colcon.colcon_core.shell:Creating package script '/home/arrusr/ROSDev2/tesisx3_plus/install/omni_dofbot_bringup/share/omni_dofbot_bringup/package.sh'
[0.469s] INFO:colcon.colcon_core.shell:Creating package script '/home/arrusr/ROSDev2/tesisx3_plus/install/omni_dofbot_bringup/share/omni_dofbot_bringup/package.bash'
[0.469s] INFO:colcon.colcon_core.shell:Creating package script '/home/arrusr/ROSDev2/tesisx3_plus/install/omni_dofbot_bringup/share/omni_dofbot_bringup/package.zsh'
[0.470s] Level 1:colcon.colcon_core.environment:create_file_with_runtime_dependencies(/home/arrusr/ROSDev2/tesisx3_plus/install/omni_dofbot_bringup/share/colcon-core/packages/omni_dofbot_bringup)
[0.470s] DEBUG:colcon.colcon_parallel_executor.executor.parallel:closing loop
[0.470s] DEBUG:colcon.colcon_parallel_executor.executor.parallel:loop closed
[0.470s] DEBUG:colcon.colcon_parallel_executor.executor.parallel:run_until_complete finished with '0'
[0.470s] DEBUG:colcon.colcon_core.event_reactor:joining thread
[0.474s] INFO:colcon.colcon_core.plugin_system:Skipping extension 'colcon_notification.desktop_notification.terminal_notifier': Not used on non-Darwin systems
[0.474s] INFO:colcon.colcon_core.plugin_system:Skipping extension 'colcon_notification.desktop_notification.win32': Not used on non-Windows systems
[0.474s] INFO:colcon.colcon_notification.desktop_notification:Sending desktop notification using 'notify2'
[0.500s] DEBUG:colcon.colcon_core.event_reactor:joined thread
[0.500s] INFO:colcon.colcon_core.shell:Creating prefix script '/home/arrusr/ROSDev2/tesisx3_plus/install/local_setup.ps1'
[0.500s] INFO:colcon.colcon_core.shell:Creating prefix util module '/home/arrusr/ROSDev2/tesisx3_plus/install/_local_setup_util_ps1.py'
[0.501s] INFO:colcon.colcon_core.shell:Creating prefix chain script '/home/arrusr/ROSDev2/tesisx3_plus/install/setup.ps1'
[0.502s] INFO:colcon.colcon_core.shell:Creating prefix script '/home/arrusr/ROSDev2/tesisx3_plus/install/local_setup.sh'
[0.502s] INFO:colcon.colcon_core.shell:Creating prefix util module '/home/arrusr/ROSDev2/tesisx3_plus/install/_local_setup_util_sh.py'
[0.502s] INFO:colcon.colcon_core.shell:Creating prefix chain script '/home/arrusr/ROSDev2/tesisx3_plus/install/setup.sh'
[0.503s] INFO:colcon.colcon_core.shell:Creating prefix script '/home/arrusr/ROSDev2/tesisx3_plus/install/local_setup.bash'
[0.503s] INFO:colcon.colcon_core.shell:Creating prefix chain script '/home/arrusr/ROSDev2/tesisx3_plus/install/setup.bash'
[0.503s] INFO:colcon.colcon_core.shell:Creating prefix script '/home/arrusr/ROSDev2/tesisx3_plus/install/local_setup.zsh'
[0.504s] INFO:colcon.colcon_core.shell:Creating prefix chain script '/home/arrusr/ROSDev2/tesisx3_plus/install/setup.zsh'
