[0.667s] DEBUG:colcon:Command line arguments: ['/usr/bin/colcon', 'build']
[0.667s] DEBUG:colcon:Parsed command line arguments: Namespace(log_base=None, log_level=None, verb_name='build', build_base='build', install_base='install', merge_install=False, symlink_install=False, test_result_base=None, continue_on_error=False, executor='parallel', parallel_workers=12, event_handlers=None, ignore_user_meta=False, metas=['./colcon.meta'], base_paths=['.'], packages_ignore=None, packages_ignore_regex=None, paths=None, packages_up_to=None, packages_up_to_regex=None, packages_above=None, packages_above_and_dependencies=None, packages_above_depth=None, packages_select_by_dep=None, packages_skip_by_dep=None, packages_skip_up_to=None, packages_select_build_failed=False, packages_skip_build_finished=False, packages_select_test_failures=False, packages_skip_test_passed=False, packages_select=None, packages_skip=None, packages_select_regex=None, packages_skip_regex=None, packages_start=None, packages_end=None, allow_overriding=[], cmake_args=None, cmake_target=None, cmake_target_skip_unavailable=False, cmake_clean_cache=False, cmake_clean_first=False, cmake_force_configure=False, ament_cmake_args=None, catkin_cmake_args=None, catkin_skip_building_tests=False, mixin_files=None, mixin=None, verb_parser=<colcon_mixin.mixin.mixin_argument.MixinArgumentDecorator object at 0x7f18fff9d040>, verb_extension=<colcon_core.verb.build.BuildVerb object at 0x7f19000b91f0>, main=<bound method BuildVerb.main of <colcon_core.verb.build.BuildVerb object at 0x7f19000b91f0>>, mixin_verb=('build',))
[0.860s] Level 1:colcon.colcon_core.package_discovery:discover_packages(colcon_meta) check parameters
[0.860s] Level 1:colcon.colcon_core.package_discovery:discover_packages(recursive) check parameters
[0.860s] Level 1:colcon.colcon_core.package_discovery:discover_packages(ignore) check parameters
[0.860s] Level 1:colcon.colcon_core.package_discovery:discover_packages(path) check parameters
[0.860s] Level 1:colcon.colcon_core.package_discovery:discover_packages(colcon_meta) discover
[0.860s] Level 1:colcon.colcon_core.package_discovery:discover_packages(recursive) discover
[0.861s] INFO:colcon.colcon_core.package_discovery:Crawling recursively for packages in '/home/marino-lc/ROS2dev/tesisx3_plus'
[0.861s] Level 1:colcon.colcon_core.package_identification:_identify(.) by extensions ['ignore', 'ignore_ament_install']
[0.861s] Level 1:colcon.colcon_core.package_identification:_identify(.) by extension 'ignore'
[0.861s] Level 1:colcon.colcon_core.package_identification:_identify(.) by extension 'ignore_ament_install'
[0.861s] Level 1:colcon.colcon_core.package_identification:_identify(.) by extensions ['colcon_pkg']
[0.861s] Level 1:colcon.colcon_core.package_identification:_identify(.) by extension 'colcon_pkg'
[0.861s] Level 1:colcon.colcon_core.package_identification:_identify(.) by extensions ['colcon_meta']
[0.861s] Level 1:colcon.colcon_core.package_identification:_identify(.) by extension 'colcon_meta'
[0.861s] Level 1:colcon.colcon_core.package_identification:_identify(.) by extensions ['ros']
[0.861s] Level 1:colcon.colcon_core.package_identification:_identify(.) by extension 'ros'
[0.916s] Level 1:colcon.colcon_core.package_identification:_identify(.) by extensions ['cmake', 'python']
[0.916s] Level 1:colcon.colcon_core.package_identification:_identify(.) by extension 'cmake'
[0.916s] Level 1:colcon.colcon_core.package_identification:_identify(.) by extension 'python'
[0.917s] Level 1:colcon.colcon_core.package_identification:_identify(.) by extensions ['python_setup_py']
[0.917s] Level 1:colcon.colcon_core.package_identification:_identify(.) by extension 'python_setup_py'
[0.917s] Level 1:colcon.colcon_core.package_identification:_identify(build) by extensions ['ignore', 'ignore_ament_install']
[0.917s] Level 1:colcon.colcon_core.package_identification:_identify(build) by extension 'ignore'
[0.917s] Level 1:colcon.colcon_core.package_identification:_identify(build) ignored
[0.917s] Level 1:colcon.colcon_core.package_identification:_identify(install) by extensions ['ignore', 'ignore_ament_install']
[0.917s] Level 1:colcon.colcon_core.package_identification:_identify(install) by extension 'ignore'
[0.917s] Level 1:colcon.colcon_core.package_identification:_identify(install) ignored
[0.917s] Level 1:colcon.colcon_core.package_identification:_identify(log) by extensions ['ignore', 'ignore_ament_install']
[0.917s] Level 1:colcon.colcon_core.package_identification:_identify(log) by extension 'ignore'
[0.917s] Level 1:colcon.colcon_core.package_identification:_identify(log) ignored
[0.918s] Level 1:colcon.colcon_core.package_identification:_identify(src) by extensions ['ignore', 'ignore_ament_install']
[0.918s] Level 1:colcon.colcon_core.package_identification:_identify(src) by extension 'ignore'
[0.918s] Level 1:colcon.colcon_core.package_identification:_identify(src) by extension 'ignore_ament_install'
[0.918s] Level 1:colcon.colcon_core.package_identification:_identify(src) by extensions ['colcon_pkg']
[0.918s] Level 1:colcon.colcon_core.package_identification:_identify(src) by extension 'colcon_pkg'
[0.918s] Level 1:colcon.colcon_core.package_identification:_identify(src) by extensions ['colcon_meta']
[0.918s] Level 1:colcon.colcon_core.package_identification:_identify(src) by extension 'colcon_meta'
[0.918s] Level 1:colcon.colcon_core.package_identification:_identify(src) by extensions ['ros']
[0.918s] Level 1:colcon.colcon_core.package_identification:_identify(src) by extension 'ros'
[0.918s] Level 1:colcon.colcon_core.package_identification:_identify(src) by extensions ['cmake', 'python']
[0.918s] Level 1:colcon.colcon_core.package_identification:_identify(src) by extension 'cmake'
[0.918s] Level 1:colcon.colcon_core.package_identification:_identify(src) by extension 'python'
[0.918s] Level 1:colcon.colcon_core.package_identification:_identify(src) by extensions ['python_setup_py']
[0.918s] Level 1:colcon.colcon_core.package_identification:_identify(src) by extension 'python_setup_py'
[0.918s] Level 1:colcon.colcon_core.package_identification:_identify(src/dofbot_bringup) by extensions ['ignore', 'ignore_ament_install']
[0.918s] Level 1:colcon.colcon_core.package_identification:_identify(src/dofbot_bringup) by extension 'ignore'
[0.918s] Level 1:colcon.colcon_core.package_identification:_identify(src/dofbot_bringup) by extension 'ignore_ament_install'
[0.918s] Level 1:colcon.colcon_core.package_identification:_identify(src/dofbot_bringup) by extensions ['colcon_pkg']
[0.918s] Level 1:colcon.colcon_core.package_identification:_identify(src/dofbot_bringup) by extension 'colcon_pkg'
[0.918s] Level 1:colcon.colcon_core.package_identification:_identify(src/dofbot_bringup) by extensions ['colcon_meta']
[0.918s] Level 1:colcon.colcon_core.package_identification:_identify(src/dofbot_bringup) by extension 'colcon_meta'
[0.919s] Level 1:colcon.colcon_core.package_identification:_identify(src/dofbot_bringup) by extensions ['ros']
[0.919s] Level 1:colcon.colcon_core.package_identification:_identify(src/dofbot_bringup) by extension 'ros'
[0.926s] DEBUG:colcon.colcon_core.package_identification:Package 'src/dofbot_bringup' with type 'ros.ament_cmake' and name 'dofbot_bringup'
[0.927s] Level 1:colcon.colcon_core.package_identification:_identify(src/dofbot_description) by extensions ['ignore', 'ignore_ament_install']
[0.927s] Level 1:colcon.colcon_core.package_identification:_identify(src/dofbot_description) by extension 'ignore'
[0.927s] Level 1:colcon.colcon_core.package_identification:_identify(src/dofbot_description) by extension 'ignore_ament_install'
[0.927s] Level 1:colcon.colcon_core.package_identification:_identify(src/dofbot_description) by extensions ['colcon_pkg']
[0.927s] Level 1:colcon.colcon_core.package_identification:_identify(src/dofbot_description) by extension 'colcon_pkg'
[0.927s] Level 1:colcon.colcon_core.package_identification:_identify(src/dofbot_description) by extensions ['colcon_meta']
[0.927s] Level 1:colcon.colcon_core.package_identification:_identify(src/dofbot_description) by extension 'colcon_meta'
[0.927s] Level 1:colcon.colcon_core.package_identification:_identify(src/dofbot_description) by extensions ['ros']
[0.927s] Level 1:colcon.colcon_core.package_identification:_identify(src/dofbot_description) by extension 'ros'
[0.929s] DEBUG:colcon.colcon_core.package_identification:Package 'src/dofbot_description' with type 'ros.ament_cmake' and name 'dofbot_description'
[0.929s] Level 1:colcon.colcon_core.package_identification:_identify(src/omni_bringup) by extensions ['ignore', 'ignore_ament_install']
[0.929s] Level 1:colcon.colcon_core.package_identification:_identify(src/omni_bringup) by extension 'ignore'
[0.929s] Level 1:colcon.colcon_core.package_identification:_identify(src/omni_bringup) by extension 'ignore_ament_install'
[0.929s] Level 1:colcon.colcon_core.package_identification:_identify(src/omni_bringup) by extensions ['colcon_pkg']
[0.929s] Level 1:colcon.colcon_core.package_identification:_identify(src/omni_bringup) by extension 'colcon_pkg'
[0.929s] Level 1:colcon.colcon_core.package_identification:_identify(src/omni_bringup) by extensions ['colcon_meta']
[0.929s] Level 1:colcon.colcon_core.package_identification:_identify(src/omni_bringup) by extension 'colcon_meta'
[0.929s] Level 1:colcon.colcon_core.package_identification:_identify(src/omni_bringup) by extensions ['ros']
[0.929s] Level 1:colcon.colcon_core.package_identification:_identify(src/omni_bringup) by extension 'ros'
[0.931s] DEBUG:colcon.colcon_core.package_identification:Package 'src/omni_bringup' with type 'ros.ament_cmake' and name 'omni_bringup'
[0.931s] Level 1:colcon.colcon_core.package_identification:_identify(src/omni_description) by extensions ['ignore', 'ignore_ament_install']
[0.931s] Level 1:colcon.colcon_core.package_identification:_identify(src/omni_description) by extension 'ignore'
[0.932s] Level 1:colcon.colcon_core.package_identification:_identify(src/omni_description) by extension 'ignore_ament_install'
[0.932s] Level 1:colcon.colcon_core.package_identification:_identify(src/omni_description) by extensions ['colcon_pkg']
[0.932s] Level 1:colcon.colcon_core.package_identification:_identify(src/omni_description) by extension 'colcon_pkg'
[0.932s] Level 1:colcon.colcon_core.package_identification:_identify(src/omni_description) by extensions ['colcon_meta']
[0.932s] Level 1:colcon.colcon_core.package_identification:_identify(src/omni_description) by extension 'colcon_meta'
[0.932s] Level 1:colcon.colcon_core.package_identification:_identify(src/omni_description) by extensions ['ros']
[0.932s] Level 1:colcon.colcon_core.package_identification:_identify(src/omni_description) by extension 'ros'
[0.934s] DEBUG:colcon.colcon_core.package_identification:Package 'src/omni_description' with type 'ros.ament_cmake' and name 'omni_description'
[0.934s] Level 1:colcon.colcon_core.package_identification:_identify(src/omni_dofbot_bringup) by extensions ['ignore', 'ignore_ament_install']
[0.934s] Level 1:colcon.colcon_core.package_identification:_identify(src/omni_dofbot_bringup) by extension 'ignore'
[0.934s] Level 1:colcon.colcon_core.package_identification:_identify(src/omni_dofbot_bringup) by extension 'ignore_ament_install'
[0.934s] Level 1:colcon.colcon_core.package_identification:_identify(src/omni_dofbot_bringup) by extensions ['colcon_pkg']
[0.934s] Level 1:colcon.colcon_core.package_identification:_identify(src/omni_dofbot_bringup) by extension 'colcon_pkg'
[0.934s] Level 1:colcon.colcon_core.package_identification:_identify(src/omni_dofbot_bringup) by extensions ['colcon_meta']
[0.934s] Level 1:colcon.colcon_core.package_identification:_identify(src/omni_dofbot_bringup) by extension 'colcon_meta'
[0.935s] Level 1:colcon.colcon_core.package_identification:_identify(src/omni_dofbot_bringup) by extensions ['ros']
[0.935s] Level 1:colcon.colcon_core.package_identification:_identify(src/omni_dofbot_bringup) by extension 'ros'
[0.935s] DEBUG:colcon.colcon_core.package_identification:Package 'src/omni_dofbot_bringup' with type 'ros.ament_cmake' and name 'omni_dofbot_bringup'
[0.936s] Level 1:colcon.colcon_core.package_identification:_identify(src/omni_dofbot_description) by extensions ['ignore', 'ignore_ament_install']
[0.936s] Level 1:colcon.colcon_core.package_identification:_identify(src/omni_dofbot_description) by extension 'ignore'
[0.936s] Level 1:colcon.colcon_core.package_identification:_identify(src/omni_dofbot_description) by extension 'ignore_ament_install'
[0.936s] Level 1:colcon.colcon_core.package_identification:_identify(src/omni_dofbot_description) by extensions ['colcon_pkg']
[0.936s] Level 1:colcon.colcon_core.package_identification:_identify(src/omni_dofbot_description) by extension 'colcon_pkg'
[0.936s] Level 1:colcon.colcon_core.package_identification:_identify(src/omni_dofbot_description) by extensions ['colcon_meta']
[0.936s] Level 1:colcon.colcon_core.package_identification:_identify(src/omni_dofbot_description) by extension 'colcon_meta'
[0.936s] Level 1:colcon.colcon_core.package_identification:_identify(src/omni_dofbot_description) by extensions ['ros']
[0.936s] Level 1:colcon.colcon_core.package_identification:_identify(src/omni_dofbot_description) by extension 'ros'
[0.937s] DEBUG:colcon.colcon_core.package_identification:Package 'src/omni_dofbot_description' with type 'ros.ament_cmake' and name 'omni_dofbot_description'
[0.937s] Level 1:colcon.colcon_core.package_discovery:discover_packages(recursive) using defaults
[0.937s] Level 1:colcon.colcon_core.package_discovery:discover_packages(ignore) discover
[0.937s] Level 1:colcon.colcon_core.package_discovery:discover_packages(ignore) using defaults
[0.937s] Level 1:colcon.colcon_core.package_discovery:discover_packages(path) discover
[0.937s] Level 1:colcon.colcon_core.package_discovery:discover_packages(path) using defaults
[0.992s] Level 1:colcon.colcon_core.package_discovery:discover_packages(prefix_path) check parameters
[0.992s] Level 1:colcon.colcon_core.package_discovery:discover_packages(prefix_path) discover
[1.002s] DEBUG:colcon.colcon_installed_package_information.package_discovery:Found 6 installed packages in /home/marino-lc/ROS2dev/tesisx3_plus/install
[1.003s] DEBUG:colcon.colcon_installed_package_information.package_discovery:Found 1 installed packages in /home/marino-lc/gz_fix_ws/install
[1.006s] DEBUG:colcon.colcon_installed_package_information.package_discovery:Found 430 installed packages in /opt/ros/jazzy
[1.010s] Level 1:colcon.colcon_core.package_discovery:discover_packages(prefix_path) using defaults
[1.106s] Level 5:colcon.colcon_core.verb:set package 'dofbot_bringup' build argument 'cmake_args' from command line to 'None'
[1.106s] Level 5:colcon.colcon_core.verb:set package 'dofbot_bringup' build argument 'cmake_target' from command line to 'None'
[1.106s] Level 5:colcon.colcon_core.verb:set package 'dofbot_bringup' build argument 'cmake_target_skip_unavailable' from command line to 'False'
[1.106s] Level 5:colcon.colcon_core.verb:set package 'dofbot_bringup' build argument 'cmake_clean_cache' from command line to 'False'
[1.106s] Level 5:colcon.colcon_core.verb:set package 'dofbot_bringup' build argument 'cmake_clean_first' from command line to 'False'
[1.106s] Level 5:colcon.colcon_core.verb:set package 'dofbot_bringup' build argument 'cmake_force_configure' from command line to 'False'
[1.106s] Level 5:colcon.colcon_core.verb:set package 'dofbot_bringup' build argument 'ament_cmake_args' from command line to 'None'
[1.106s] Level 5:colcon.colcon_core.verb:set package 'dofbot_bringup' build argument 'catkin_cmake_args' from command line to 'None'
[1.106s] Level 5:colcon.colcon_core.verb:set package 'dofbot_bringup' build argument 'catkin_skip_building_tests' from command line to 'False'
[1.106s] DEBUG:colcon.colcon_core.verb:Building package 'dofbot_bringup' with the following arguments: {'ament_cmake_args': None, 'build_base': '/home/marino-lc/ROS2dev/tesisx3_plus/build/dofbot_bringup', 'catkin_cmake_args': None, 'catkin_skip_building_tests': False, 'cmake_args': None, 'cmake_clean_cache': False, 'cmake_clean_first': False, 'cmake_force_configure': False, 'cmake_target': None, 'cmake_target_skip_unavailable': False, 'install_base': '/home/marino-lc/ROS2dev/tesisx3_plus/install/dofbot_bringup', 'merge_install': False, 'path': '/home/marino-lc/ROS2dev/tesisx3_plus/src/dofbot_bringup', 'symlink_install': False, 'test_result_base': None}
[1.106s] Level 5:colcon.colcon_core.verb:set package 'dofbot_description' build argument 'cmake_args' from command line to 'None'
[1.107s] Level 5:colcon.colcon_core.verb:set package 'dofbot_description' build argument 'cmake_target' from command line to 'None'
[1.107s] Level 5:colcon.colcon_core.verb:set package 'dofbot_description' build argument 'cmake_target_skip_unavailable' from command line to 'False'
[1.107s] Level 5:colcon.colcon_core.verb:set package 'dofbot_description' build argument 'cmake_clean_cache' from command line to 'False'
[1.107s] Level 5:colcon.colcon_core.verb:set package 'dofbot_description' build argument 'cmake_clean_first' from command line to 'False'
[1.107s] Level 5:colcon.colcon_core.verb:set package 'dofbot_description' build argument 'cmake_force_configure' from command line to 'False'
[1.107s] Level 5:colcon.colcon_core.verb:set package 'dofbot_description' build argument 'ament_cmake_args' from command line to 'None'
[1.107s] Level 5:colcon.colcon_core.verb:set package 'dofbot_description' build argument 'catkin_cmake_args' from command line to 'None'
[1.107s] Level 5:colcon.colcon_core.verb:set package 'dofbot_description' build argument 'catkin_skip_building_tests' from command line to 'False'
[1.107s] DEBUG:colcon.colcon_core.verb:Building package 'dofbot_description' with the following arguments: {'ament_cmake_args': None, 'build_base': '/home/marino-lc/ROS2dev/tesisx3_plus/build/dofbot_description', 'catkin_cmake_args': None, 'catkin_skip_building_tests': False, 'cmake_args': None, 'cmake_clean_cache': False, 'cmake_clean_first': False, 'cmake_force_configure': False, 'cmake_target': None, 'cmake_target_skip_unavailable': False, 'install_base': '/home/marino-lc/ROS2dev/tesisx3_plus/install/dofbot_description', 'merge_install': False, 'path': '/home/marino-lc/ROS2dev/tesisx3_plus/src/dofbot_description', 'symlink_install': False, 'test_result_base': None}
[1.107s] Level 5:colcon.colcon_core.verb:set package 'omni_bringup' build argument 'cmake_args' from command line to 'None'
[1.107s] Level 5:colcon.colcon_core.verb:set package 'omni_bringup' build argument 'cmake_target' from command line to 'None'
[1.107s] Level 5:colcon.colcon_core.verb:set package 'omni_bringup' build argument 'cmake_target_skip_unavailable' from command line to 'False'
[1.107s] Level 5:colcon.colcon_core.verb:set package 'omni_bringup' build argument 'cmake_clean_cache' from command line to 'False'
[1.107s] Level 5:colcon.colcon_core.verb:set package 'omni_bringup' build argument 'cmake_clean_first' from command line to 'False'
[1.107s] Level 5:colcon.colcon_core.verb:set package 'omni_bringup' build argument 'cmake_force_configure' from command line to 'False'
[1.107s] Level 5:colcon.colcon_core.verb:set package 'omni_bringup' build argument 'ament_cmake_args' from command line to 'None'
[1.107s] Level 5:colcon.colcon_core.verb:set package 'omni_bringup' build argument 'catkin_cmake_args' from command line to 'None'
[1.107s] Level 5:colcon.colcon_core.verb:set package 'omni_bringup' build argument 'catkin_skip_building_tests' from command line to 'False'
[1.107s] DEBUG:colcon.colcon_core.verb:Building package 'omni_bringup' with the following arguments: {'ament_cmake_args': None, 'build_base': '/home/marino-lc/ROS2dev/tesisx3_plus/build/omni_bringup', 'catkin_cmake_args': None, 'catkin_skip_building_tests': False, 'cmake_args': None, 'cmake_clean_cache': False, 'cmake_clean_first': False, 'cmake_force_configure': False, 'cmake_target': None, 'cmake_target_skip_unavailable': False, 'install_base': '/home/marino-lc/ROS2dev/tesisx3_plus/install/omni_bringup', 'merge_install': False, 'path': '/home/marino-lc/ROS2dev/tesisx3_plus/src/omni_bringup', 'symlink_install': False, 'test_result_base': None}
[1.107s] Level 5:colcon.colcon_core.verb:set package 'omni_description' build argument 'cmake_args' from command line to 'None'
[1.107s] Level 5:colcon.colcon_core.verb:set package 'omni_description' build argument 'cmake_target' from command line to 'None'
[1.107s] Level 5:colcon.colcon_core.verb:set package 'omni_description' build argument 'cmake_target_skip_unavailable' from command line to 'False'
[1.108s] Level 5:colcon.colcon_core.verb:set package 'omni_description' build argument 'cmake_clean_cache' from command line to 'False'
[1.108s] Level 5:colcon.colcon_core.verb:set package 'omni_description' build argument 'cmake_clean_first' from command line to 'False'
[1.108s] Level 5:colcon.colcon_core.verb:set package 'omni_description' build argument 'cmake_force_configure' from command line to 'False'
[1.108s] Level 5:colcon.colcon_core.verb:set package 'omni_description' build argument 'ament_cmake_args' from command line to 'None'
[1.108s] Level 5:colcon.colcon_core.verb:set package 'omni_description' build argument 'catkin_cmake_args' from command line to 'None'
[1.108s] Level 5:colcon.colcon_core.verb:set package 'omni_description' build argument 'catkin_skip_building_tests' from command line to 'False'
[1.108s] DEBUG:colcon.colcon_core.verb:Building package 'omni_description' with the following arguments: {'ament_cmake_args': None, 'build_base': '/home/marino-lc/ROS2dev/tesisx3_plus/build/omni_description', 'catkin_cmake_args': None, 'catkin_skip_building_tests': False, 'cmake_args': None, 'cmake_clean_cache': False, 'cmake_clean_first': False, 'cmake_force_configure': False, 'cmake_target': None, 'cmake_target_skip_unavailable': False, 'install_base': '/home/marino-lc/ROS2dev/tesisx3_plus/install/omni_description', 'merge_install': False, 'path': '/home/marino-lc/ROS2dev/tesisx3_plus/src/omni_description', 'symlink_install': False, 'test_result_base': None}
[1.108s] Level 5:colcon.colcon_core.verb:set package 'omni_dofbot_bringup' build argument 'cmake_args' from command line to 'None'
[1.108s] Level 5:colcon.colcon_core.verb:set package 'omni_dofbot_bringup' build argument 'cmake_target' from command line to 'None'
[1.108s] Level 5:colcon.colcon_core.verb:set package 'omni_dofbot_bringup' build argument 'cmake_target_skip_unavailable' from command line to 'False'
[1.108s] Level 5:colcon.colcon_core.verb:set package 'omni_dofbot_bringup' build argument 'cmake_clean_cache' from command line to 'False'
[1.108s] Level 5:colcon.colcon_core.verb:set package 'omni_dofbot_bringup' build argument 'cmake_clean_first' from command line to 'False'
[1.108s] Level 5:colcon.colcon_core.verb:set package 'omni_dofbot_bringup' build argument 'cmake_force_configure' from command line to 'False'
[1.108s] Level 5:colcon.colcon_core.verb:set package 'omni_dofbot_bringup' build argument 'ament_cmake_args' from command line to 'None'
[1.108s] Level 5:colcon.colcon_core.verb:set package 'omni_dofbot_bringup' build argument 'catkin_cmake_args' from command line to 'None'
[1.108s] Level 5:colcon.colcon_core.verb:set package 'omni_dofbot_bringup' build argument 'catkin_skip_building_tests' from command line to 'False'
[1.108s] DEBUG:colcon.colcon_core.verb:Building package 'omni_dofbot_bringup' with the following arguments: {'ament_cmake_args': None, 'build_base': '/home/marino-lc/ROS2dev/tesisx3_plus/build/omni_dofbot_bringup', 'catkin_cmake_args': None, 'catkin_skip_building_tests': False, 'cmake_args': None, 'cmake_clean_cache': False, 'cmake_clean_first': False, 'cmake_force_configure': False, 'cmake_target': None, 'cmake_target_skip_unavailable': False, 'install_base': '/home/marino-lc/ROS2dev/tesisx3_plus/install/omni_dofbot_bringup', 'merge_install': False, 'path': '/home/marino-lc/ROS2dev/tesisx3_plus/src/omni_dofbot_bringup', 'symlink_install': False, 'test_result_base': None}
[1.108s] Level 5:colcon.colcon_core.verb:set package 'omni_dofbot_description' build argument 'cmake_args' from command line to 'None'
[1.108s] Level 5:colcon.colcon_core.verb:set package 'omni_dofbot_description' build argument 'cmake_target' from command line to 'None'
[1.108s] Level 5:colcon.colcon_core.verb:set package 'omni_dofbot_description' build argument 'cmake_target_skip_unavailable' from command line to 'False'
[1.108s] Level 5:colcon.colcon_core.verb:set package 'omni_dofbot_description' build argument 'cmake_clean_cache' from command line to 'False'
[1.108s] Level 5:colcon.colcon_core.verb:set package 'omni_dofbot_description' build argument 'cmake_clean_first' from command line to 'False'
[1.108s] Level 5:colcon.colcon_core.verb:set package 'omni_dofbot_description' build argument 'cmake_force_configure' from command line to 'False'
[1.109s] Level 5:colcon.colcon_core.verb:set package 'omni_dofbot_description' build argument 'ament_cmake_args' from command line to 'None'
[1.109s] Level 5:colcon.colcon_core.verb:set package 'omni_dofbot_description' build argument 'catkin_cmake_args' from command line to 'None'
[1.109s] Level 5:colcon.colcon_core.verb:set package 'omni_dofbot_description' build argument 'catkin_skip_building_tests' from command line to 'False'
[1.109s] DEBUG:colcon.colcon_core.verb:Building package 'omni_dofbot_description' with the following arguments: {'ament_cmake_args': None, 'build_base': '/home/marino-lc/ROS2dev/tesisx3_plus/build/omni_dofbot_description', 'catkin_cmake_args': None, 'catkin_skip_building_tests': False, 'cmake_args': None, 'cmake_clean_cache': False, 'cmake_clean_first': False, 'cmake_force_configure': False, 'cmake_target': None, 'cmake_target_skip_unavailable': False, 'install_base': '/home/marino-lc/ROS2dev/tesisx3_plus/install/omni_dofbot_description', 'merge_install': False, 'path': '/home/marino-lc/ROS2dev/tesisx3_plus/src/omni_dofbot_description', 'symlink_install': False, 'test_result_base': None}
[1.109s] INFO:colcon.colcon_core.executor:Executing jobs using 'parallel' executor
[1.110s] DEBUG:colcon.colcon_parallel_executor.executor.parallel:run_until_complete
[1.111s] INFO:colcon.colcon_ros.task.ament_cmake.build:Building ROS package in '/home/marino-lc/ROS2dev/tesisx3_plus/src/dofbot_bringup' with build type 'ament_cmake'
[1.111s] INFO:colcon.colcon_cmake.task.cmake.build:Building CMake package in '/home/marino-lc/ROS2dev/tesisx3_plus/src/dofbot_bringup'
[1.127s] INFO:colcon.colcon_core.plugin_system:Skipping extension 'colcon_core.shell.bat': Not used on non-Windows systems
[1.127s] INFO:colcon.colcon_core.shell:Skip shell extension 'powershell' for command environment: Not usable outside of PowerShell
[1.127s] DEBUG:colcon.colcon_core.shell:Skip shell extension 'dsv' for command environment
[1.136s] INFO:colcon.colcon_ros.task.ament_cmake.build:Building ROS package in '/home/marino-lc/ROS2dev/tesisx3_plus/src/dofbot_description' with build type 'ament_cmake'
[1.137s] INFO:colcon.colcon_cmake.task.cmake.build:Building CMake package in '/home/marino-lc/ROS2dev/tesisx3_plus/src/dofbot_description'
[1.137s] INFO:colcon.colcon_core.shell:Skip shell extension 'powershell' for command environment: Not usable outside of PowerShell
[1.137s] DEBUG:colcon.colcon_core.shell:Skip shell extension 'dsv' for command environment
[1.145s] INFO:colcon.colcon_ros.task.ament_cmake.build:Building ROS package in '/home/marino-lc/ROS2dev/tesisx3_plus/src/omni_bringup' with build type 'ament_cmake'
[1.145s] INFO:colcon.colcon_cmake.task.cmake.build:Building CMake package in '/home/marino-lc/ROS2dev/tesisx3_plus/src/omni_bringup'
[1.145s] INFO:colcon.colcon_core.shell:Skip shell extension 'powershell' for command environment: Not usable outside of PowerShell
[1.145s] DEBUG:colcon.colcon_core.shell:Skip shell extension 'dsv' for command environment
[1.155s] INFO:colcon.colcon_ros.task.ament_cmake.build:Building ROS package in '/home/marino-lc/ROS2dev/tesisx3_plus/src/omni_description' with build type 'ament_cmake'
[1.155s] INFO:colcon.colcon_cmake.task.cmake.build:Building CMake package in '/home/marino-lc/ROS2dev/tesisx3_plus/src/omni_description'
[1.156s] INFO:colcon.colcon_core.shell:Skip shell extension 'powershell' for command environment: Not usable outside of PowerShell
[1.156s] DEBUG:colcon.colcon_core.shell:Skip shell extension 'dsv' for command environment
[1.164s] INFO:colcon.colcon_ros.task.ament_cmake.build:Building ROS package in '/home/marino-lc/ROS2dev/tesisx3_plus/src/omni_dofbot_bringup' with build type 'ament_cmake'
[1.164s] INFO:colcon.colcon_cmake.task.cmake.build:Building CMake package in '/home/marino-lc/ROS2dev/tesisx3_plus/src/omni_dofbot_bringup'
[1.164s] INFO:colcon.colcon_core.shell:Skip shell extension 'powershell' for command environment: Not usable outside of PowerShell
[1.164s] DEBUG:colcon.colcon_core.shell:Skip shell extension 'dsv' for command environment
[1.172s] INFO:colcon.colcon_ros.task.ament_cmake.build:Building ROS package in '/home/marino-lc/ROS2dev/tesisx3_plus/src/omni_dofbot_description' with build type 'ament_cmake'
[1.172s] INFO:colcon.colcon_cmake.task.cmake.build:Building CMake package in '/home/marino-lc/ROS2dev/tesisx3_plus/src/omni_dofbot_description'
[1.173s] INFO:colcon.colcon_core.shell:Skip shell extension 'powershell' for command environment: Not usable outside of PowerShell
[1.173s] DEBUG:colcon.colcon_core.shell:Skip shell extension 'dsv' for command environment
[1.187s] DEBUG:colcon.colcon_core.event_handler.log_command:Invoking command in '/home/marino-lc/ROS2dev/tesisx3_plus/build/dofbot_bringup': CMAKE_PREFIX_PATH=${CMAKE_PREFIX_PATH}:/opt/ros/jazzy DEBUGINFOD_URLS=https://debuginfod.ubuntu.com /usr/bin/cmake --build /home/marino-lc/ROS2dev/tesisx3_plus/build/dofbot_bringup -- -j12 -l12
[1.203s] DEBUG:colcon.colcon_core.event_handler.log_command:Invoking command in '/home/marino-lc/ROS2dev/tesisx3_plus/build/dofbot_description': CMAKE_PREFIX_PATH=${CMAKE_PREFIX_PATH}:/opt/ros/jazzy DEBUGINFOD_URLS=https://debuginfod.ubuntu.com /usr/bin/cmake --build /home/marino-lc/ROS2dev/tesisx3_plus/build/dofbot_description -- -j12 -l12
[1.211s] DEBUG:colcon.colcon_core.event_handler.log_command:Invoking command in '/home/marino-lc/ROS2dev/tesisx3_plus/build/omni_bringup': CMAKE_PREFIX_PATH=${CMAKE_PREFIX_PATH}:/opt/ros/jazzy DEBUGINFOD_URLS=https://debuginfod.ubuntu.com /usr/bin/cmake --build /home/marino-lc/ROS2dev/tesisx3_plus/build/omni_bringup -- -j12 -l12
[1.218s] DEBUG:colcon.colcon_core.event_handler.log_command:Invoking command in '/home/marino-lc/ROS2dev/tesisx3_plus/build/omni_description': CMAKE_PREFIX_PATH=${CMAKE_PREFIX_PATH}:/opt/ros/jazzy DEBUGINFOD_URLS=https://debuginfod.ubuntu.com /usr/bin/cmake --build /home/marino-lc/ROS2dev/tesisx3_plus/build/omni_description -- -j12 -l12
[1.225s] DEBUG:colcon.colcon_core.event_handler.log_command:Invoking command in '/home/marino-lc/ROS2dev/tesisx3_plus/build/omni_dofbot_bringup': CMAKE_PREFIX_PATH=${CMAKE_PREFIX_PATH}:/opt/ros/jazzy DEBUGINFOD_URLS=https://debuginfod.ubuntu.com /usr/bin/cmake --build /home/marino-lc/ROS2dev/tesisx3_plus/build/omni_dofbot_bringup -- -j12 -l12
[1.236s] DEBUG:colcon.colcon_core.event_handler.log_command:Invoking command in '/home/marino-lc/ROS2dev/tesisx3_plus/build/omni_dofbot_description': CMAKE_PREFIX_PATH=${CMAKE_PREFIX_PATH}:/opt/ros/jazzy DEBUGINFOD_URLS=https://debuginfod.ubuntu.com /usr/bin/cmake --build /home/marino-lc/ROS2dev/tesisx3_plus/build/omni_dofbot_description -- -j12 -l12
[1.402s] DEBUG:colcon.colcon_core.event_handler.log_command:Invoked command in '/home/marino-lc/ROS2dev/tesisx3_plus/build/omni_dofbot_description' returned '0': CMAKE_PREFIX_PATH=${CMAKE_PREFIX_PATH}:/opt/ros/jazzy DEBUGINFOD_URLS=https://debuginfod.ubuntu.com /usr/bin/cmake --build /home/marino-lc/ROS2dev/tesisx3_plus/build/omni_dofbot_description -- -j12 -l12
[1.424s] DEBUG:colcon.colcon_core.event_handler.log_command:Invoking command in '/home/marino-lc/ROS2dev/tesisx3_plus/build/omni_dofbot_description': CMAKE_PREFIX_PATH=${CMAKE_PREFIX_PATH}:/opt/ros/jazzy DEBUGINFOD_URLS=https://debuginfod.ubuntu.com /usr/bin/cmake --install /home/marino-lc/ROS2dev/tesisx3_plus/build/omni_dofbot_description
[1.424s] DEBUG:colcon.colcon_core.event_handler.log_command:Invoked command in '/home/marino-lc/ROS2dev/tesisx3_plus/build/dofbot_description' returned '0': CMAKE_PREFIX_PATH=${CMAKE_PREFIX_PATH}:/opt/ros/jazzy DEBUGINFOD_URLS=https://debuginfod.ubuntu.com /usr/bin/cmake --build /home/marino-lc/ROS2dev/tesisx3_plus/build/dofbot_description -- -j12 -l12
[1.428s] DEBUG:colcon.colcon_core.event_handler.log_command:Invoking command in '/home/marino-lc/ROS2dev/tesisx3_plus/build/dofbot_description': CMAKE_PREFIX_PATH=${CMAKE_PREFIX_PATH}:/opt/ros/jazzy DEBUGINFOD_URLS=https://debuginfod.ubuntu.com /usr/bin/cmake --install /home/marino-lc/ROS2dev/tesisx3_plus/build/dofbot_description
[1.429s] DEBUG:colcon.colcon_core.event_handler.log_command:Invoked command in '/home/marino-lc/ROS2dev/tesisx3_plus/build/omni_description' returned '0': CMAKE_PREFIX_PATH=${CMAKE_PREFIX_PATH}:/opt/ros/jazzy DEBUGINFOD_URLS=https://debuginfod.ubuntu.com /usr/bin/cmake --build /home/marino-lc/ROS2dev/tesisx3_plus/build/omni_description -- -j12 -l12
[1.432s] DEBUG:colcon.colcon_core.event_handler.log_command:Invoking command in '/home/marino-lc/ROS2dev/tesisx3_plus/build/omni_description': CMAKE_PREFIX_PATH=${CMAKE_PREFIX_PATH}:/opt/ros/jazzy DEBUGINFOD_URLS=https://debuginfod.ubuntu.com /usr/bin/cmake --install /home/marino-lc/ROS2dev/tesisx3_plus/build/omni_description
[1.451s] Level 1:colcon.colcon_core.environment:create_environment_scripts_only(omni_dofbot_description)
[1.452s] DEBUG:colcon.colcon_core.event_handler.log_command:Invoked command in '/home/marino-lc/ROS2dev/tesisx3_plus/build/omni_dofbot_description' returned '0': CMAKE_PREFIX_PATH=${CMAKE_PREFIX_PATH}:/opt/ros/jazzy DEBUGINFOD_URLS=https://debuginfod.ubuntu.com /usr/bin/cmake --install /home/marino-lc/ROS2dev/tesisx3_plus/build/omni_dofbot_description
[1.466s] Level 1:colcon.colcon_core.environment:checking '/home/marino-lc/ROS2dev/tesisx3_plus/install/omni_dofbot_description' for CMake module files
[1.467s] Level 1:colcon.colcon_core.environment:checking '/home/marino-lc/ROS2dev/tesisx3_plus/install/omni_dofbot_description' for CMake config files
[1.467s] Level 1:colcon.colcon_core.shell:create_environment_hook('omni_dofbot_description', 'cmake_prefix_path')
[1.468s] INFO:colcon.colcon_core.shell:Creating environment hook '/home/marino-lc/ROS2dev/tesisx3_plus/install/omni_dofbot_description/share/omni_dofbot_description/hook/cmake_prefix_path.ps1'
[1.469s] INFO:colcon.colcon_core.shell:Creating environment descriptor '/home/marino-lc/ROS2dev/tesisx3_plus/install/omni_dofbot_description/share/omni_dofbot_description/hook/cmake_prefix_path.dsv'
[1.470s] INFO:colcon.colcon_core.shell:Creating environment hook '/home/marino-lc/ROS2dev/tesisx3_plus/install/omni_dofbot_description/share/omni_dofbot_description/hook/cmake_prefix_path.sh'
[1.472s] Level 1:colcon.colcon_core.environment:checking '/home/marino-lc/ROS2dev/tesisx3_plus/install/omni_dofbot_description/bin'
[1.472s] Level 1:colcon.colcon_core.environment:checking '/home/marino-lc/ROS2dev/tesisx3_plus/install/omni_dofbot_description/lib/pkgconfig/omni_dofbot_description.pc'
[1.473s] Level 1:colcon.colcon_core.environment:checking '/home/marino-lc/ROS2dev/tesisx3_plus/install/omni_dofbot_description/lib/python3.12/site-packages'
[1.473s] Level 1:colcon.colcon_core.environment:checking '/home/marino-lc/ROS2dev/tesisx3_plus/install/omni_dofbot_description/bin'
[1.473s] INFO:colcon.colcon_core.shell:Creating package script '/home/marino-lc/ROS2dev/tesisx3_plus/install/omni_dofbot_description/share/omni_dofbot_description/package.ps1'
[1.479s] INFO:colcon.colcon_core.shell:Creating package descriptor '/home/marino-lc/ROS2dev/tesisx3_plus/install/omni_dofbot_description/share/omni_dofbot_description/package.dsv'
[1.481s] INFO:colcon.colcon_core.shell:Creating package script '/home/marino-lc/ROS2dev/tesisx3_plus/install/omni_dofbot_description/share/omni_dofbot_description/package.sh'
[1.482s] INFO:colcon.colcon_core.shell:Creating package script '/home/marino-lc/ROS2dev/tesisx3_plus/install/omni_dofbot_description/share/omni_dofbot_description/package.bash'
[1.484s] INFO:colcon.colcon_core.shell:Creating package script '/home/marino-lc/ROS2dev/tesisx3_plus/install/omni_dofbot_description/share/omni_dofbot_description/package.zsh'
[1.487s] Level 1:colcon.colcon_core.environment:create_file_with_runtime_dependencies(/home/marino-lc/ROS2dev/tesisx3_plus/install/omni_dofbot_description/share/colcon-core/packages/omni_dofbot_description)
[1.487s] Level 1:colcon.colcon_core.environment:create_environment_scripts_only(omni_dofbot_description)
[1.487s] Level 1:colcon.colcon_core.environment:checking '/home/marino-lc/ROS2dev/tesisx3_plus/install/omni_dofbot_description' for CMake module files
[1.504s] Level 1:colcon.colcon_core.environment:checking '/home/marino-lc/ROS2dev/tesisx3_plus/install/omni_dofbot_description' for CMake config files
[1.504s] Level 1:colcon.colcon_core.shell:create_environment_hook('omni_dofbot_description', 'cmake_prefix_path')
[1.504s] INFO:colcon.colcon_core.shell:Creating environment hook '/home/marino-lc/ROS2dev/tesisx3_plus/install/omni_dofbot_description/share/omni_dofbot_description/hook/cmake_prefix_path.ps1'
[1.505s] INFO:colcon.colcon_core.shell:Creating environment descriptor '/home/marino-lc/ROS2dev/tesisx3_plus/install/omni_dofbot_description/share/omni_dofbot_description/hook/cmake_prefix_path.dsv'
[1.505s] INFO:colcon.colcon_core.shell:Creating environment hook '/home/marino-lc/ROS2dev/tesisx3_plus/install/omni_dofbot_description/share/omni_dofbot_description/hook/cmake_prefix_path.sh'
[1.506s] Level 1:colcon.colcon_core.environment:checking '/home/marino-lc/ROS2dev/tesisx3_plus/install/omni_dofbot_description/bin'
[1.506s] Level 1:colcon.colcon_core.environment:checking '/home/marino-lc/ROS2dev/tesisx3_plus/install/omni_dofbot_description/lib/pkgconfig/omni_dofbot_description.pc'
[1.506s] Level 1:colcon.colcon_core.environment:checking '/home/marino-lc/ROS2dev/tesisx3_plus/install/omni_dofbot_description/lib/python3.12/site-packages'
[1.507s] Level 1:colcon.colcon_core.environment:checking '/home/marino-lc/ROS2dev/tesisx3_plus/install/omni_dofbot_description/bin'
[1.507s] INFO:colcon.colcon_core.shell:Creating package script '/home/marino-lc/ROS2dev/tesisx3_plus/install/omni_dofbot_description/share/omni_dofbot_description/package.ps1'
[1.508s] INFO:colcon.colcon_core.shell:Creating package descriptor '/home/marino-lc/ROS2dev/tesisx3_plus/install/omni_dofbot_description/share/omni_dofbot_description/package.dsv'
[1.508s] INFO:colcon.colcon_core.shell:Creating package script '/home/marino-lc/ROS2dev/tesisx3_plus/install/omni_dofbot_description/share/omni_dofbot_description/package.sh'
[1.509s] INFO:colcon.colcon_core.shell:Creating package script '/home/marino-lc/ROS2dev/tesisx3_plus/install/omni_dofbot_description/share/omni_dofbot_description/package.bash'
[1.510s] INFO:colcon.colcon_core.shell:Creating package script '/home/marino-lc/ROS2dev/tesisx3_plus/install/omni_dofbot_description/share/omni_dofbot_description/package.zsh'
[1.510s] Level 1:colcon.colcon_core.environment:create_file_with_runtime_dependencies(/home/marino-lc/ROS2dev/tesisx3_plus/install/omni_dofbot_description/share/colcon-core/packages/omni_dofbot_description)
[1.512s] Level 1:colcon.colcon_core.environment:create_environment_scripts_only(dofbot_description)
[1.512s] Level 1:colcon.colcon_core.environment:checking '/home/marino-lc/ROS2dev/tesisx3_plus/install/dofbot_description' for CMake module files
[1.513s] DEBUG:colcon.colcon_core.event_handler.log_command:Invoked command in '/home/marino-lc/ROS2dev/tesisx3_plus/build/dofbot_description' returned '0': CMAKE_PREFIX_PATH=${CMAKE_PREFIX_PATH}:/opt/ros/jazzy DEBUGINFOD_URLS=https://debuginfod.ubuntu.com /usr/bin/cmake --install /home/marino-lc/ROS2dev/tesisx3_plus/build/dofbot_description
[1.514s] Level 1:colcon.colcon_core.environment:checking '/home/marino-lc/ROS2dev/tesisx3_plus/install/dofbot_description' for CMake config files
[1.514s] Level 1:colcon.colcon_core.shell:create_environment_hook('dofbot_description', 'cmake_prefix_path')
[1.514s] INFO:colcon.colcon_core.shell:Creating environment hook '/home/marino-lc/ROS2dev/tesisx3_plus/install/dofbot_description/share/dofbot_description/hook/cmake_prefix_path.ps1'
[1.515s] INFO:colcon.colcon_core.shell:Creating environment descriptor '/home/marino-lc/ROS2dev/tesisx3_plus/install/dofbot_description/share/dofbot_description/hook/cmake_prefix_path.dsv'
[1.515s] INFO:colcon.colcon_core.shell:Creating environment hook '/home/marino-lc/ROS2dev/tesisx3_plus/install/dofbot_description/share/dofbot_description/hook/cmake_prefix_path.sh'
[1.516s] Level 1:colcon.colcon_core.environment:checking '/home/marino-lc/ROS2dev/tesisx3_plus/install/dofbot_description/bin'
[1.516s] Level 1:colcon.colcon_core.environment:checking '/home/marino-lc/ROS2dev/tesisx3_plus/install/dofbot_description/lib/pkgconfig/dofbot_description.pc'
[1.516s] Level 1:colcon.colcon_core.environment:checking '/home/marino-lc/ROS2dev/tesisx3_plus/install/dofbot_description/lib/python3.12/site-packages'
[1.517s] Level 1:colcon.colcon_core.environment:checking '/home/marino-lc/ROS2dev/tesisx3_plus/install/dofbot_description/bin'
[1.517s] INFO:colcon.colcon_core.shell:Creating package script '/home/marino-lc/ROS2dev/tesisx3_plus/install/dofbot_description/share/dofbot_description/package.ps1'
[1.518s] INFO:colcon.colcon_core.shell:Creating package descriptor '/home/marino-lc/ROS2dev/tesisx3_plus/install/dofbot_description/share/dofbot_description/package.dsv'
[1.518s] INFO:colcon.colcon_core.shell:Creating package script '/home/marino-lc/ROS2dev/tesisx3_plus/install/dofbot_description/share/dofbot_description/package.sh'
[1.518s] INFO:colcon.colcon_core.shell:Creating package script '/home/marino-lc/ROS2dev/tesisx3_plus/install/dofbot_description/share/dofbot_description/package.bash'
[1.519s] INFO:colcon.colcon_core.shell:Creating package script '/home/marino-lc/ROS2dev/tesisx3_plus/install/dofbot_description/share/dofbot_description/package.zsh'
[1.519s] Level 1:colcon.colcon_core.environment:create_file_with_runtime_dependencies(/home/marino-lc/ROS2dev/tesisx3_plus/install/dofbot_description/share/colcon-core/packages/dofbot_description)
[1.520s] Level 1:colcon.colcon_core.environment:create_environment_scripts_only(dofbot_description)
[1.520s] Level 1:colcon.colcon_core.environment:checking '/home/marino-lc/ROS2dev/tesisx3_plus/install/dofbot_description' for CMake module files
[1.521s] Level 1:colcon.colcon_core.environment:checking '/home/marino-lc/ROS2dev/tesisx3_plus/install/dofbot_description' for CMake config files
[1.521s] Level 1:colcon.colcon_core.shell:create_environment_hook('dofbot_description', 'cmake_prefix_path')
[1.521s] INFO:colcon.colcon_core.shell:Creating environment hook '/home/marino-lc/ROS2dev/tesisx3_plus/install/dofbot_description/share/dofbot_description/hook/cmake_prefix_path.ps1'
[1.522s] INFO:colcon.colcon_core.shell:Creating environment descriptor '/home/marino-lc/ROS2dev/tesisx3_plus/install/dofbot_description/share/dofbot_description/hook/cmake_prefix_path.dsv'
[1.522s] INFO:colcon.colcon_core.shell:Creating environment hook '/home/marino-lc/ROS2dev/tesisx3_plus/install/dofbot_description/share/dofbot_description/hook/cmake_prefix_path.sh'
[1.523s] Level 1:colcon.colcon_core.environment:checking '/home/marino-lc/ROS2dev/tesisx3_plus/install/dofbot_description/bin'
[1.523s] Level 1:colcon.colcon_core.environment:checking '/home/marino-lc/ROS2dev/tesisx3_plus/install/dofbot_description/lib/pkgconfig/dofbot_description.pc'
[1.523s] Level 1:colcon.colcon_core.environment:checking '/home/marino-lc/ROS2dev/tesisx3_plus/install/dofbot_description/lib/python3.12/site-packages'
[1.523s] Level 1:colcon.colcon_core.environment:checking '/home/marino-lc/ROS2dev/tesisx3_plus/install/dofbot_description/bin'
[1.523s] INFO:colcon.colcon_core.shell:Creating package script '/home/marino-lc/ROS2dev/tesisx3_plus/install/dofbot_description/share/dofbot_description/package.ps1'
[1.524s] INFO:colcon.colcon_core.shell:Creating package descriptor '/home/marino-lc/ROS2dev/tesisx3_plus/install/dofbot_description/share/dofbot_description/package.dsv'
[1.525s] INFO:colcon.colcon_core.shell:Creating package script '/home/marino-lc/ROS2dev/tesisx3_plus/install/dofbot_description/share/dofbot_description/package.sh'
[1.525s] INFO:colcon.colcon_core.shell:Creating package script '/home/marino-lc/ROS2dev/tesisx3_plus/install/dofbot_description/share/dofbot_description/package.bash'
[1.526s] INFO:colcon.colcon_core.shell:Creating package script '/home/marino-lc/ROS2dev/tesisx3_plus/install/dofbot_description/share/dofbot_description/package.zsh'
[1.526s] Level 1:colcon.colcon_core.environment:create_file_with_runtime_dependencies(/home/marino-lc/ROS2dev/tesisx3_plus/install/dofbot_description/share/colcon-core/packages/dofbot_description)
[1.527s] Level 1:colcon.colcon_core.environment:create_environment_scripts_only(omni_description)
[1.527s] Level 1:colcon.colcon_core.environment:checking '/home/marino-lc/ROS2dev/tesisx3_plus/install/omni_description' for CMake module files
[1.529s] DEBUG:colcon.colcon_core.event_handler.log_command:Invoked command in '/home/marino-lc/ROS2dev/tesisx3_plus/build/omni_description' returned '0': CMAKE_PREFIX_PATH=${CMAKE_PREFIX_PATH}:/opt/ros/jazzy DEBUGINFOD_URLS=https://debuginfod.ubuntu.com /usr/bin/cmake --install /home/marino-lc/ROS2dev/tesisx3_plus/build/omni_description
[1.529s] Level 1:colcon.colcon_core.environment:checking '/home/marino-lc/ROS2dev/tesisx3_plus/install/omni_description' for CMake config files
[1.530s] Level 1:colcon.colcon_core.shell:create_environment_hook('omni_description', 'cmake_prefix_path')
[1.530s] INFO:colcon.colcon_core.shell:Creating environment hook '/home/marino-lc/ROS2dev/tesisx3_plus/install/omni_description/share/omni_description/hook/cmake_prefix_path.ps1'
[1.531s] INFO:colcon.colcon_core.shell:Creating environment descriptor '/home/marino-lc/ROS2dev/tesisx3_plus/install/omni_description/share/omni_description/hook/cmake_prefix_path.dsv'
[1.531s] INFO:colcon.colcon_core.shell:Creating environment hook '/home/marino-lc/ROS2dev/tesisx3_plus/install/omni_description/share/omni_description/hook/cmake_prefix_path.sh'
[1.532s] Level 1:colcon.colcon_core.environment:checking '/home/marino-lc/ROS2dev/tesisx3_plus/install/omni_description/bin'
[1.532s] Level 1:colcon.colcon_core.environment:checking '/home/marino-lc/ROS2dev/tesisx3_plus/install/omni_description/lib/pkgconfig/omni_description.pc'
[1.532s] Level 1:colcon.colcon_core.environment:checking '/home/marino-lc/ROS2dev/tesisx3_plus/install/omni_description/lib/python3.12/site-packages'
[1.533s] Level 1:colcon.colcon_core.environment:checking '/home/marino-lc/ROS2dev/tesisx3_plus/install/omni_description/bin'
[1.533s] INFO:colcon.colcon_core.shell:Creating package script '/home/marino-lc/ROS2dev/tesisx3_plus/install/omni_description/share/omni_description/package.ps1'
[1.534s] INFO:colcon.colcon_core.shell:Creating package descriptor '/home/marino-lc/ROS2dev/tesisx3_plus/install/omni_description/share/omni_description/package.dsv'
[1.534s] INFO:colcon.colcon_core.shell:Creating package script '/home/marino-lc/ROS2dev/tesisx3_plus/install/omni_description/share/omni_description/package.sh'
[1.534s] INFO:colcon.colcon_core.shell:Creating package script '/home/marino-lc/ROS2dev/tesisx3_plus/install/omni_description/share/omni_description/package.bash'
[1.535s] INFO:colcon.colcon_core.shell:Creating package script '/home/marino-lc/ROS2dev/tesisx3_plus/install/omni_description/share/omni_description/package.zsh'
[1.535s] Level 1:colcon.colcon_core.environment:create_file_with_runtime_dependencies(/home/marino-lc/ROS2dev/tesisx3_plus/install/omni_description/share/colcon-core/packages/omni_description)
[1.536s] Level 1:colcon.colcon_core.environment:create_environment_scripts_only(omni_description)
[1.536s] Level 1:colcon.colcon_core.environment:checking '/home/marino-lc/ROS2dev/tesisx3_plus/install/omni_description' for CMake module files
[1.537s] Level 1:colcon.colcon_core.environment:checking '/home/marino-lc/ROS2dev/tesisx3_plus/install/omni_description' for CMake config files
[1.537s] Level 1:colcon.colcon_core.shell:create_environment_hook('omni_description', 'cmake_prefix_path')
[1.537s] INFO:colcon.colcon_core.shell:Creating environment hook '/home/marino-lc/ROS2dev/tesisx3_plus/install/omni_description/share/omni_description/hook/cmake_prefix_path.ps1'
[1.538s] INFO:colcon.colcon_core.shell:Creating environment descriptor '/home/marino-lc/ROS2dev/tesisx3_plus/install/omni_description/share/omni_description/hook/cmake_prefix_path.dsv'
[1.538s] INFO:colcon.colcon_core.shell:Creating environment hook '/home/marino-lc/ROS2dev/tesisx3_plus/install/omni_description/share/omni_description/hook/cmake_prefix_path.sh'
[1.539s] Level 1:colcon.colcon_core.environment:checking '/home/marino-lc/ROS2dev/tesisx3_plus/install/omni_description/bin'
[1.539s] Level 1:colcon.colcon_core.environment:checking '/home/marino-lc/ROS2dev/tesisx3_plus/install/omni_description/lib/pkgconfig/omni_description.pc'
[1.539s] Level 1:colcon.colcon_core.environment:checking '/home/marino-lc/ROS2dev/tesisx3_plus/install/omni_description/lib/python3.12/site-packages'
[1.539s] Level 1:colcon.colcon_core.environment:checking '/home/marino-lc/ROS2dev/tesisx3_plus/install/omni_description/bin'
[1.540s] INFO:colcon.colcon_core.shell:Creating package script '/home/marino-lc/ROS2dev/tesisx3_plus/install/omni_description/share/omni_description/package.ps1'
[1.540s] INFO:colcon.colcon_core.shell:Creating package descriptor '/home/marino-lc/ROS2dev/tesisx3_plus/install/omni_description/share/omni_description/package.dsv'
[1.541s] INFO:colcon.colcon_core.shell:Creating package script '/home/marino-lc/ROS2dev/tesisx3_plus/install/omni_description/share/omni_description/package.sh'
[1.541s] INFO:colcon.colcon_core.shell:Creating package script '/home/marino-lc/ROS2dev/tesisx3_plus/install/omni_description/share/omni_description/package.bash'
[1.542s] INFO:colcon.colcon_core.shell:Creating package script '/home/marino-lc/ROS2dev/tesisx3_plus/install/omni_description/share/omni_description/package.zsh'
[1.542s] Level 1:colcon.colcon_core.environment:create_file_with_runtime_dependencies(/home/marino-lc/ROS2dev/tesisx3_plus/install/omni_description/share/colcon-core/packages/omni_description)
[1.878s] DEBUG:colcon.colcon_core.event_handler.log_command:Invoked command in '/home/marino-lc/ROS2dev/tesisx3_plus/build/dofbot_bringup' returned '0': CMAKE_PREFIX_PATH=${CMAKE_PREFIX_PATH}:/opt/ros/jazzy DEBUGINFOD_URLS=https://debuginfod.ubuntu.com /usr/bin/cmake --build /home/marino-lc/ROS2dev/tesisx3_plus/build/dofbot_bringup -- -j12 -l12
[1.882s] DEBUG:colcon.colcon_core.event_handler.log_command:Invoking command in '/home/marino-lc/ROS2dev/tesisx3_plus/build/dofbot_bringup': CMAKE_PREFIX_PATH=${CMAKE_PREFIX_PATH}:/opt/ros/jazzy DEBUGINFOD_URLS=https://debuginfod.ubuntu.com /usr/bin/cmake --install /home/marino-lc/ROS2dev/tesisx3_plus/build/dofbot_bringup
[1.883s] DEBUG:colcon.colcon_core.event_handler.log_command:Invoked command in '/home/marino-lc/ROS2dev/tesisx3_plus/build/omni_bringup' returned '0': CMAKE_PREFIX_PATH=${CMAKE_PREFIX_PATH}:/opt/ros/jazzy DEBUGINFOD_URLS=https://debuginfod.ubuntu.com /usr/bin/cmake --build /home/marino-lc/ROS2dev/tesisx3_plus/build/omni_bringup -- -j12 -l12
[1.886s] DEBUG:colcon.colcon_core.event_handler.log_command:Invoking command in '/home/marino-lc/ROS2dev/tesisx3_plus/build/omni_bringup': CMAKE_PREFIX_PATH=${CMAKE_PREFIX_PATH}:/opt/ros/jazzy DEBUGINFOD_URLS=https://debuginfod.ubuntu.com /usr/bin/cmake --install /home/marino-lc/ROS2dev/tesisx3_plus/build/omni_bringup
[1.887s] DEBUG:colcon.colcon_core.event_handler.log_command:Invoked command in '/home/marino-lc/ROS2dev/tesisx3_plus/build/omni_dofbot_bringup' returned '0': CMAKE_PREFIX_PATH=${CMAKE_PREFIX_PATH}:/opt/ros/jazzy DEBUGINFOD_URLS=https://debuginfod.ubuntu.com /usr/bin/cmake --build /home/marino-lc/ROS2dev/tesisx3_plus/build/omni_dofbot_bringup -- -j12 -l12
[1.889s] DEBUG:colcon.colcon_core.event_handler.log_command:Invoking command in '/home/marino-lc/ROS2dev/tesisx3_plus/build/omni_dofbot_bringup': CMAKE_PREFIX_PATH=${CMAKE_PREFIX_PATH}:/opt/ros/jazzy DEBUGINFOD_URLS=https://debuginfod.ubuntu.com /usr/bin/cmake --install /home/marino-lc/ROS2dev/tesisx3_plus/build/omni_dofbot_bringup
[1.964s] Level 1:colcon.colcon_core.environment:create_environment_scripts_only(omni_bringup)
[1.965s] DEBUG:colcon.colcon_core.event_handler.log_command:Invoked command in '/home/marino-lc/ROS2dev/tesisx3_plus/build/omni_bringup' returned '0': CMAKE_PREFIX_PATH=${CMAKE_PREFIX_PATH}:/opt/ros/jazzy DEBUGINFOD_URLS=https://debuginfod.ubuntu.com /usr/bin/cmake --install /home/marino-lc/ROS2dev/tesisx3_plus/build/omni_bringup
[1.965s] Level 1:colcon.colcon_core.environment:checking '/home/marino-lc/ROS2dev/tesisx3_plus/install/omni_bringup' for CMake module files
[1.966s] Level 1:colcon.colcon_core.environment:checking '/home/marino-lc/ROS2dev/tesisx3_plus/install/omni_bringup' for CMake config files
[1.966s] Level 1:colcon.colcon_core.shell:create_environment_hook('omni_bringup', 'cmake_prefix_path')
[1.966s] INFO:colcon.colcon_core.shell:Creating environment hook '/home/marino-lc/ROS2dev/tesisx3_plus/install/omni_bringup/share/omni_bringup/hook/cmake_prefix_path.ps1'
[1.967s] INFO:colcon.colcon_core.shell:Creating environment descriptor '/home/marino-lc/ROS2dev/tesisx3_plus/install/omni_bringup/share/omni_bringup/hook/cmake_prefix_path.dsv'
[1.968s] INFO:colcon.colcon_core.shell:Creating environment hook '/home/marino-lc/ROS2dev/tesisx3_plus/install/omni_bringup/share/omni_bringup/hook/cmake_prefix_path.sh'
[1.970s] Level 1:colcon.colcon_core.environment:checking '/home/marino-lc/ROS2dev/tesisx3_plus/install/omni_bringup/lib'
[1.970s] Level 1:colcon.colcon_core.environment:checking '/home/marino-lc/ROS2dev/tesisx3_plus/install/omni_bringup/bin'
[1.970s] Level 1:colcon.colcon_core.environment:checking '/home/marino-lc/ROS2dev/tesisx3_plus/install/omni_bringup/lib/pkgconfig/omni_bringup.pc'
[1.971s] Level 1:colcon.colcon_core.environment:checking '/home/marino-lc/ROS2dev/tesisx3_plus/install/omni_bringup/lib/python3.12/site-packages'
[1.971s] Level 1:colcon.colcon_core.shell:create_environment_hook('omni_bringup', 'pythonpath')
[1.971s] INFO:colcon.colcon_core.shell:Creating environment hook '/home/marino-lc/ROS2dev/tesisx3_plus/install/omni_bringup/share/omni_bringup/hook/pythonpath.ps1'
[1.972s] INFO:colcon.colcon_core.shell:Creating environment descriptor '/home/marino-lc/ROS2dev/tesisx3_plus/install/omni_bringup/share/omni_bringup/hook/pythonpath.dsv'
[1.973s] INFO:colcon.colcon_core.shell:Creating environment hook '/home/marino-lc/ROS2dev/tesisx3_plus/install/omni_bringup/share/omni_bringup/hook/pythonpath.sh'
[1.973s] Level 1:colcon.colcon_core.environment:checking '/home/marino-lc/ROS2dev/tesisx3_plus/install/omni_bringup/bin'
[1.974s] INFO:colcon.colcon_core.shell:Creating package script '/home/marino-lc/ROS2dev/tesisx3_plus/install/omni_bringup/share/omni_bringup/package.ps1'
[1.974s] INFO:colcon.colcon_core.shell:Creating package descriptor '/home/marino-lc/ROS2dev/tesisx3_plus/install/omni_bringup/share/omni_bringup/package.dsv'
[1.975s] INFO:colcon.colcon_core.shell:Creating package script '/home/marino-lc/ROS2dev/tesisx3_plus/install/omni_bringup/share/omni_bringup/package.sh'
[1.975s] INFO:colcon.colcon_core.shell:Creating package script '/home/marino-lc/ROS2dev/tesisx3_plus/install/omni_bringup/share/omni_bringup/package.bash'
[1.976s] INFO:colcon.colcon_core.shell:Creating package script '/home/marino-lc/ROS2dev/tesisx3_plus/install/omni_bringup/share/omni_bringup/package.zsh'
[1.976s] Level 1:colcon.colcon_core.environment:create_file_with_runtime_dependencies(/home/marino-lc/ROS2dev/tesisx3_plus/install/omni_bringup/share/colcon-core/packages/omni_bringup)
[1.977s] Level 1:colcon.colcon_core.environment:create_environment_scripts_only(omni_bringup)
[1.977s] Level 1:colcon.colcon_core.environment:checking '/home/marino-lc/ROS2dev/tesisx3_plus/install/omni_bringup' for CMake module files
[1.978s] Level 1:colcon.colcon_core.environment:checking '/home/marino-lc/ROS2dev/tesisx3_plus/install/omni_bringup' for CMake config files
[1.978s] Level 1:colcon.colcon_core.shell:create_environment_hook('omni_bringup', 'cmake_prefix_path')
[1.978s] INFO:colcon.colcon_core.shell:Creating environment hook '/home/marino-lc/ROS2dev/tesisx3_plus/install/omni_bringup/share/omni_bringup/hook/cmake_prefix_path.ps1'
[1.979s] INFO:colcon.colcon_core.shell:Creating environment descriptor '/home/marino-lc/ROS2dev/tesisx3_plus/install/omni_bringup/share/omni_bringup/hook/cmake_prefix_path.dsv'
[1.979s] INFO:colcon.colcon_core.shell:Creating environment hook '/home/marino-lc/ROS2dev/tesisx3_plus/install/omni_bringup/share/omni_bringup/hook/cmake_prefix_path.sh'
[1.980s] Level 1:colcon.colcon_core.environment:checking '/home/marino-lc/ROS2dev/tesisx3_plus/install/omni_bringup/lib'
[1.980s] Level 1:colcon.colcon_core.environment:checking '/home/marino-lc/ROS2dev/tesisx3_plus/install/omni_bringup/bin'
[1.980s] Level 1:colcon.colcon_core.environment:checking '/home/marino-lc/ROS2dev/tesisx3_plus/install/omni_bringup/lib/pkgconfig/omni_bringup.pc'
[1.980s] Level 1:colcon.colcon_core.environment:checking '/home/marino-lc/ROS2dev/tesisx3_plus/install/omni_bringup/lib/python3.12/site-packages'
[1.980s] Level 1:colcon.colcon_core.shell:create_environment_hook('omni_bringup', 'pythonpath')
[1.980s] INFO:colcon.colcon_core.shell:Creating environment hook '/home/marino-lc/ROS2dev/tesisx3_plus/install/omni_bringup/share/omni_bringup/hook/pythonpath.ps1'
[1.981s] INFO:colcon.colcon_core.shell:Creating environment descriptor '/home/marino-lc/ROS2dev/tesisx3_plus/install/omni_bringup/share/omni_bringup/hook/pythonpath.dsv'
[1.981s] INFO:colcon.colcon_core.shell:Creating environment hook '/home/marino-lc/ROS2dev/tesisx3_plus/install/omni_bringup/share/omni_bringup/hook/pythonpath.sh'
[1.982s] Level 1:colcon.colcon_core.environment:checking '/home/marino-lc/ROS2dev/tesisx3_plus/install/omni_bringup/bin'
[1.982s] INFO:colcon.colcon_core.shell:Creating package script '/home/marino-lc/ROS2dev/tesisx3_plus/install/omni_bringup/share/omni_bringup/package.ps1'
[1.983s] INFO:colcon.colcon_core.shell:Creating package descriptor '/home/marino-lc/ROS2dev/tesisx3_plus/install/omni_bringup/share/omni_bringup/package.dsv'
[1.983s] INFO:colcon.colcon_core.shell:Creating package script '/home/marino-lc/ROS2dev/tesisx3_plus/install/omni_bringup/share/omni_bringup/package.sh'
[1.984s] INFO:colcon.colcon_core.shell:Creating package script '/home/marino-lc/ROS2dev/tesisx3_plus/install/omni_bringup/share/omni_bringup/package.bash'
[1.984s] INFO:colcon.colcon_core.shell:Creating package script '/home/marino-lc/ROS2dev/tesisx3_plus/install/omni_bringup/share/omni_bringup/package.zsh'
[1.985s] Level 1:colcon.colcon_core.environment:create_file_with_runtime_dependencies(/home/marino-lc/ROS2dev/tesisx3_plus/install/omni_bringup/share/colcon-core/packages/omni_bringup)
[1.986s] Level 1:colcon.colcon_core.environment:create_environment_scripts_only(dofbot_bringup)
[1.986s] Level 1:colcon.colcon_core.environment:checking '/home/marino-lc/ROS2dev/tesisx3_plus/install/dofbot_bringup' for CMake module files
[1.987s] DEBUG:colcon.colcon_core.event_handler.log_command:Invoked command in '/home/marino-lc/ROS2dev/tesisx3_plus/build/dofbot_bringup' returned '0': CMAKE_PREFIX_PATH=${CMAKE_PREFIX_PATH}:/opt/ros/jazzy DEBUGINFOD_URLS=https://debuginfod.ubuntu.com /usr/bin/cmake --install /home/marino-lc/ROS2dev/tesisx3_plus/build/dofbot_bringup
[1.987s] Level 1:colcon.colcon_core.environment:checking '/home/marino-lc/ROS2dev/tesisx3_plus/install/dofbot_bringup' for CMake config files
[1.988s] Level 1:colcon.colcon_core.shell:create_environment_hook('dofbot_bringup', 'cmake_prefix_path')
[1.988s] INFO:colcon.colcon_core.shell:Creating environment hook '/home/marino-lc/ROS2dev/tesisx3_plus/install/dofbot_bringup/share/dofbot_bringup/hook/cmake_prefix_path.ps1'
[1.988s] INFO:colcon.colcon_core.shell:Creating environment descriptor '/home/marino-lc/ROS2dev/tesisx3_plus/install/dofbot_bringup/share/dofbot_bringup/hook/cmake_prefix_path.dsv'
[1.989s] INFO:colcon.colcon_core.shell:Creating environment hook '/home/marino-lc/ROS2dev/tesisx3_plus/install/dofbot_bringup/share/dofbot_bringup/hook/cmake_prefix_path.sh'
[1.990s] Level 1:colcon.colcon_core.environment:checking '/home/marino-lc/ROS2dev/tesisx3_plus/install/dofbot_bringup/lib'
[1.990s] Level 1:colcon.colcon_core.environment:checking '/home/marino-lc/ROS2dev/tesisx3_plus/install/dofbot_bringup/bin'
[1.990s] Level 1:colcon.colcon_core.environment:checking '/home/marino-lc/ROS2dev/tesisx3_plus/install/dofbot_bringup/lib/pkgconfig/dofbot_bringup.pc'
[1.990s] Level 1:colcon.colcon_core.environment:checking '/home/marino-lc/ROS2dev/tesisx3_plus/install/dofbot_bringup/lib/python3.12/site-packages'
[1.990s] Level 1:colcon.colcon_core.shell:create_environment_hook('dofbot_bringup', 'pythonpath')
[1.990s] INFO:colcon.colcon_core.shell:Creating environment hook '/home/marino-lc/ROS2dev/tesisx3_plus/install/dofbot_bringup/share/dofbot_bringup/hook/pythonpath.ps1'
[1.991s] INFO:colcon.colcon_core.shell:Creating environment descriptor '/home/marino-lc/ROS2dev/tesisx3_plus/install/dofbot_bringup/share/dofbot_bringup/hook/pythonpath.dsv'
[1.991s] INFO:colcon.colcon_core.shell:Creating environment hook '/home/marino-lc/ROS2dev/tesisx3_plus/install/dofbot_bringup/share/dofbot_bringup/hook/pythonpath.sh'
[1.992s] Level 1:colcon.colcon_core.environment:checking '/home/marino-lc/ROS2dev/tesisx3_plus/install/dofbot_bringup/bin'
[1.992s] INFO:colcon.colcon_core.shell:Creating package script '/home/marino-lc/ROS2dev/tesisx3_plus/install/dofbot_bringup/share/dofbot_bringup/package.ps1'
[1.993s] INFO:colcon.colcon_core.shell:Creating package descriptor '/home/marino-lc/ROS2dev/tesisx3_plus/install/dofbot_bringup/share/dofbot_bringup/package.dsv'
[1.993s] INFO:colcon.colcon_core.shell:Creating package script '/home/marino-lc/ROS2dev/tesisx3_plus/install/dofbot_bringup/share/dofbot_bringup/package.sh'
[1.994s] INFO:colcon.colcon_core.shell:Creating package script '/home/marino-lc/ROS2dev/tesisx3_plus/install/dofbot_bringup/share/dofbot_bringup/package.bash'
[1.994s] INFO:colcon.colcon_core.shell:Creating package script '/home/marino-lc/ROS2dev/tesisx3_plus/install/dofbot_bringup/share/dofbot_bringup/package.zsh'
[1.995s] Level 1:colcon.colcon_core.environment:create_file_with_runtime_dependencies(/home/marino-lc/ROS2dev/tesisx3_plus/install/dofbot_bringup/share/colcon-core/packages/dofbot_bringup)
[1.995s] Level 1:colcon.colcon_core.environment:create_environment_scripts_only(dofbot_bringup)
[1.996s] Level 1:colcon.colcon_core.environment:checking '/home/marino-lc/ROS2dev/tesisx3_plus/install/dofbot_bringup' for CMake module files
[1.996s] Level 1:colcon.colcon_core.environment:checking '/home/marino-lc/ROS2dev/tesisx3_plus/install/dofbot_bringup' for CMake config files
[1.997s] Level 1:colcon.colcon_core.shell:create_environment_hook('dofbot_bringup', 'cmake_prefix_path')
[1.997s] INFO:colcon.colcon_core.shell:Creating environment hook '/home/marino-lc/ROS2dev/tesisx3_plus/install/dofbot_bringup/share/dofbot_bringup/hook/cmake_prefix_path.ps1'
[1.997s] INFO:colcon.colcon_core.shell:Creating environment descriptor '/home/marino-lc/ROS2dev/tesisx3_plus/install/dofbot_bringup/share/dofbot_bringup/hook/cmake_prefix_path.dsv'
[1.998s] INFO:colcon.colcon_core.shell:Creating environment hook '/home/marino-lc/ROS2dev/tesisx3_plus/install/dofbot_bringup/share/dofbot_bringup/hook/cmake_prefix_path.sh'
[1.998s] Level 1:colcon.colcon_core.environment:checking '/home/marino-lc/ROS2dev/tesisx3_plus/install/dofbot_bringup/lib'
[1.998s] Level 1:colcon.colcon_core.environment:checking '/home/marino-lc/ROS2dev/tesisx3_plus/install/dofbot_bringup/bin'
[1.998s] Level 1:colcon.colcon_core.environment:checking '/home/marino-lc/ROS2dev/tesisx3_plus/install/dofbot_bringup/lib/pkgconfig/dofbot_bringup.pc'
[1.999s] Level 1:colcon.colcon_core.environment:checking '/home/marino-lc/ROS2dev/tesisx3_plus/install/dofbot_bringup/lib/python3.12/site-packages'
[1.999s] Level 1:colcon.colcon_core.shell:create_environment_hook('dofbot_bringup', 'pythonpath')
[1.999s] INFO:colcon.colcon_core.shell:Creating environment hook '/home/marino-lc/ROS2dev/tesisx3_plus/install/dofbot_bringup/share/dofbot_bringup/hook/pythonpath.ps1'
[2.000s] INFO:colcon.colcon_core.shell:Creating environment descriptor '/home/marino-lc/ROS2dev/tesisx3_plus/install/dofbot_bringup/share/dofbot_bringup/hook/pythonpath.dsv'
[2.000s] INFO:colcon.colcon_core.shell:Creating environment hook '/home/marino-lc/ROS2dev/tesisx3_plus/install/dofbot_bringup/share/dofbot_bringup/hook/pythonpath.sh'
[2.001s] Level 1:colcon.colcon_core.environment:checking '/home/marino-lc/ROS2dev/tesisx3_plus/install/dofbot_bringup/bin'
[2.001s] INFO:colcon.colcon_core.shell:Creating package script '/home/marino-lc/ROS2dev/tesisx3_plus/install/dofbot_bringup/share/dofbot_bringup/package.ps1'
[2.002s] INFO:colcon.colcon_core.shell:Creating package descriptor '/home/marino-lc/ROS2dev/tesisx3_plus/install/dofbot_bringup/share/dofbot_bringup/package.dsv'
[2.003s] INFO:colcon.colcon_core.shell:Creating package script '/home/marino-lc/ROS2dev/tesisx3_plus/install/dofbot_bringup/share/dofbot_bringup/package.sh'
[2.003s] INFO:colcon.colcon_core.shell:Creating package script '/home/marino-lc/ROS2dev/tesisx3_plus/install/dofbot_bringup/share/dofbot_bringup/package.bash'
[2.004s] INFO:colcon.colcon_core.shell:Creating package script '/home/marino-lc/ROS2dev/tesisx3_plus/install/dofbot_bringup/share/dofbot_bringup/package.zsh'
[2.004s] Level 1:colcon.colcon_core.environment:create_file_with_runtime_dependencies(/home/marino-lc/ROS2dev/tesisx3_plus/install/dofbot_bringup/share/colcon-core/packages/dofbot_bringup)
[2.005s] Level 1:colcon.colcon_core.environment:create_environment_scripts_only(omni_dofbot_bringup)
[2.006s] Level 1:colcon.colcon_core.environment:checking '/home/marino-lc/ROS2dev/tesisx3_plus/install/omni_dofbot_bringup' for CMake module files
[2.006s] DEBUG:colcon.colcon_core.event_handler.log_command:Invoked command in '/home/marino-lc/ROS2dev/tesisx3_plus/build/omni_dofbot_bringup' returned '0': CMAKE_PREFIX_PATH=${CMAKE_PREFIX_PATH}:/opt/ros/jazzy DEBUGINFOD_URLS=https://debuginfod.ubuntu.com /usr/bin/cmake --install /home/marino-lc/ROS2dev/tesisx3_plus/build/omni_dofbot_bringup
[2.006s] Level 1:colcon.colcon_core.environment:checking '/home/marino-lc/ROS2dev/tesisx3_plus/install/omni_dofbot_bringup' for CMake config files
[2.007s] Level 1:colcon.colcon_core.shell:create_environment_hook('omni_dofbot_bringup', 'cmake_prefix_path')
[2.007s] INFO:colcon.colcon_core.shell:Creating environment hook '/home/marino-lc/ROS2dev/tesisx3_plus/install/omni_dofbot_bringup/share/omni_dofbot_bringup/hook/cmake_prefix_path.ps1'
[2.008s] INFO:colcon.colcon_core.shell:Creating environment descriptor '/home/marino-lc/ROS2dev/tesisx3_plus/install/omni_dofbot_bringup/share/omni_dofbot_bringup/hook/cmake_prefix_path.dsv'
[2.008s] INFO:colcon.colcon_core.shell:Creating environment hook '/home/marino-lc/ROS2dev/tesisx3_plus/install/omni_dofbot_bringup/share/omni_dofbot_bringup/hook/cmake_prefix_path.sh'
[2.009s] Level 1:colcon.colcon_core.environment:checking '/home/marino-lc/ROS2dev/tesisx3_plus/install/omni_dofbot_bringup/lib'
[2.009s] Level 1:colcon.colcon_core.environment:checking '/home/marino-lc/ROS2dev/tesisx3_plus/install/omni_dofbot_bringup/bin'
[2.009s] Level 1:colcon.colcon_core.environment:checking '/home/marino-lc/ROS2dev/tesisx3_plus/install/omni_dofbot_bringup/lib/pkgconfig/omni_dofbot_bringup.pc'
[2.009s] Level 1:colcon.colcon_core.environment:checking '/home/marino-lc/ROS2dev/tesisx3_plus/install/omni_dofbot_bringup/lib/python3.12/site-packages'
[2.009s] Level 1:colcon.colcon_core.shell:create_environment_hook('omni_dofbot_bringup', 'pythonpath')
[2.009s] INFO:colcon.colcon_core.shell:Creating environment hook '/home/marino-lc/ROS2dev/tesisx3_plus/install/omni_dofbot_bringup/share/omni_dofbot_bringup/hook/pythonpath.ps1'
[2.010s] INFO:colcon.colcon_core.shell:Creating environment descriptor '/home/marino-lc/ROS2dev/tesisx3_plus/install/omni_dofbot_bringup/share/omni_dofbot_bringup/hook/pythonpath.dsv'
[2.010s] INFO:colcon.colcon_core.shell:Creating environment hook '/home/marino-lc/ROS2dev/tesisx3_plus/install/omni_dofbot_bringup/share/omni_dofbot_bringup/hook/pythonpath.sh'
[2.011s] Level 1:colcon.colcon_core.environment:checking '/home/marino-lc/ROS2dev/tesisx3_plus/install/omni_dofbot_bringup/bin'
[2.011s] INFO:colcon.colcon_core.shell:Creating package script '/home/marino-lc/ROS2dev/tesisx3_plus/install/omni_dofbot_bringup/share/omni_dofbot_bringup/package.ps1'
[2.012s] INFO:colcon.colcon_core.shell:Creating package descriptor '/home/marino-lc/ROS2dev/tesisx3_plus/install/omni_dofbot_bringup/share/omni_dofbot_bringup/package.dsv'
[2.013s] INFO:colcon.colcon_core.shell:Creating package script '/home/marino-lc/ROS2dev/tesisx3_plus/install/omni_dofbot_bringup/share/omni_dofbot_bringup/package.sh'
[2.013s] INFO:colcon.colcon_core.shell:Creating package script '/home/marino-lc/ROS2dev/tesisx3_plus/install/omni_dofbot_bringup/share/omni_dofbot_bringup/package.bash'
[2.014s] INFO:colcon.colcon_core.shell:Creating package script '/home/marino-lc/ROS2dev/tesisx3_plus/install/omni_dofbot_bringup/share/omni_dofbot_bringup/package.zsh'
[2.014s] Level 1:colcon.colcon_core.environment:create_file_with_runtime_dependencies(/home/marino-lc/ROS2dev/tesisx3_plus/install/omni_dofbot_bringup/share/colcon-core/packages/omni_dofbot_bringup)
[2.015s] Level 1:colcon.colcon_core.environment:create_environment_scripts_only(omni_dofbot_bringup)
[2.015s] Level 1:colcon.colcon_core.environment:checking '/home/marino-lc/ROS2dev/tesisx3_plus/install/omni_dofbot_bringup' for CMake module files
[2.016s] Level 1:colcon.colcon_core.environment:checking '/home/marino-lc/ROS2dev/tesisx3_plus/install/omni_dofbot_bringup' for CMake config files
[2.016s] Level 1:colcon.colcon_core.shell:create_environment_hook('omni_dofbot_bringup', 'cmake_prefix_path')
[2.016s] INFO:colcon.colcon_core.shell:Creating environment hook '/home/marino-lc/ROS2dev/tesisx3_plus/install/omni_dofbot_bringup/share/omni_dofbot_bringup/hook/cmake_prefix_path.ps1'
[2.017s] INFO:colcon.colcon_core.shell:Creating environment descriptor '/home/marino-lc/ROS2dev/tesisx3_plus/install/omni_dofbot_bringup/share/omni_dofbot_bringup/hook/cmake_prefix_path.dsv'
[2.017s] INFO:colcon.colcon_core.shell:Creating environment hook '/home/marino-lc/ROS2dev/tesisx3_plus/install/omni_dofbot_bringup/share/omni_dofbot_bringup/hook/cmake_prefix_path.sh'
[2.018s] Level 1:colcon.colcon_core.environment:checking '/home/marino-lc/ROS2dev/tesisx3_plus/install/omni_dofbot_bringup/lib'
[2.018s] Level 1:colcon.colcon_core.environment:checking '/home/marino-lc/ROS2dev/tesisx3_plus/install/omni_dofbot_bringup/bin'
[2.018s] Level 1:colcon.colcon_core.environment:checking '/home/marino-lc/ROS2dev/tesisx3_plus/install/omni_dofbot_bringup/lib/pkgconfig/omni_dofbot_bringup.pc'
[2.018s] Level 1:colcon.colcon_core.environment:checking '/home/marino-lc/ROS2dev/tesisx3_plus/install/omni_dofbot_bringup/lib/python3.12/site-packages'
[2.018s] Level 1:colcon.colcon_core.shell:create_environment_hook('omni_dofbot_bringup', 'pythonpath')
[2.018s] INFO:colcon.colcon_core.shell:Creating environment hook '/home/marino-lc/ROS2dev/tesisx3_plus/install/omni_dofbot_bringup/share/omni_dofbot_bringup/hook/pythonpath.ps1'
[2.019s] INFO:colcon.colcon_core.shell:Creating environment descriptor '/home/marino-lc/ROS2dev/tesisx3_plus/install/omni_dofbot_bringup/share/omni_dofbot_bringup/hook/pythonpath.dsv'
[2.019s] INFO:colcon.colcon_core.shell:Creating environment hook '/home/marino-lc/ROS2dev/tesisx3_plus/install/omni_dofbot_bringup/share/omni_dofbot_bringup/hook/pythonpath.sh'
[2.020s] Level 1:colcon.colcon_core.environment:checking '/home/marino-lc/ROS2dev/tesisx3_plus/install/omni_dofbot_bringup/bin'
[2.020s] INFO:colcon.colcon_core.shell:Creating package script '/home/marino-lc/ROS2dev/tesisx3_plus/install/omni_dofbot_bringup/share/omni_dofbot_bringup/package.ps1'
[2.021s] INFO:colcon.colcon_core.shell:Creating package descriptor '/home/marino-lc/ROS2dev/tesisx3_plus/install/omni_dofbot_bringup/share/omni_dofbot_bringup/package.dsv'
[2.022s] INFO:colcon.colcon_core.shell:Creating package script '/home/marino-lc/ROS2dev/tesisx3_plus/install/omni_dofbot_bringup/share/omni_dofbot_bringup/package.sh'
[2.022s] INFO:colcon.colcon_core.shell:Creating package script '/home/marino-lc/ROS2dev/tesisx3_plus/install/omni_dofbot_bringup/share/omni_dofbot_bringup/package.bash'
[2.023s] INFO:colcon.colcon_core.shell:Creating package script '/home/marino-lc/ROS2dev/tesisx3_plus/install/omni_dofbot_bringup/share/omni_dofbot_bringup/package.zsh'
[2.023s] Level 1:colcon.colcon_core.environment:create_file_with_runtime_dependencies(/home/marino-lc/ROS2dev/tesisx3_plus/install/omni_dofbot_bringup/share/colcon-core/packages/omni_dofbot_bringup)
[2.024s] DEBUG:colcon.colcon_parallel_executor.executor.parallel:closing loop
[2.024s] DEBUG:colcon.colcon_parallel_executor.executor.parallel:loop closed
[2.024s] DEBUG:colcon.colcon_parallel_executor.executor.parallel:run_until_complete finished with '0'
[2.024s] DEBUG:colcon.colcon_core.event_reactor:joining thread
[2.034s] INFO:colcon.colcon_core.plugin_system:Skipping extension 'colcon_notification.desktop_notification.terminal_notifier': Not used on non-Darwin systems
[2.034s] INFO:colcon.colcon_core.plugin_system:Skipping extension 'colcon_notification.desktop_notification.win32': Not used on non-Windows systems
[2.034s] INFO:colcon.colcon_notification.desktop_notification:Sending desktop notification using 'notify2'
[2.064s] DEBUG:colcon.colcon_core.event_reactor:joined thread
[2.065s] INFO:colcon.colcon_core.shell:Creating prefix script '/home/marino-lc/ROS2dev/tesisx3_plus/install/local_setup.ps1'
[2.066s] INFO:colcon.colcon_core.shell:Creating prefix util module '/home/marino-lc/ROS2dev/tesisx3_plus/install/_local_setup_util_ps1.py'
[2.069s] INFO:colcon.colcon_core.shell:Creating prefix chain script '/home/marino-lc/ROS2dev/tesisx3_plus/install/setup.ps1'
[2.072s] INFO:colcon.colcon_core.shell:Creating prefix script '/home/marino-lc/ROS2dev/tesisx3_plus/install/local_setup.sh'
[2.073s] INFO:colcon.colcon_core.shell:Creating prefix util module '/home/marino-lc/ROS2dev/tesisx3_plus/install/_local_setup_util_sh.py'
[2.074s] INFO:colcon.colcon_core.shell:Creating prefix chain script '/home/marino-lc/ROS2dev/tesisx3_plus/install/setup.sh'
[2.076s] INFO:colcon.colcon_core.shell:Creating prefix script '/home/marino-lc/ROS2dev/tesisx3_plus/install/local_setup.bash'
[2.078s] INFO:colcon.colcon_core.shell:Creating prefix chain script '/home/marino-lc/ROS2dev/tesisx3_plus/install/setup.bash'
[2.080s] INFO:colcon.colcon_core.shell:Creating prefix script '/home/marino-lc/ROS2dev/tesisx3_plus/install/local_setup.zsh'
[2.082s] INFO:colcon.colcon_core.shell:Creating prefix chain script '/home/marino-lc/ROS2dev/tesisx3_plus/install/setup.zsh'
