[0.051s] Invoking command in '/home/marino-lc/ROS2dev/tesisx3_plus/build/omni_description': CMAKE_PREFIX_PATH=${CMAKE_PREFIX_PATH}:/opt/ros/jazzy DEBUGINFOD_URLS=https://debuginfod.ubuntu.com /usr/bin/cmake --build /home/marino-lc/ROS2dev/tesisx3_plus/build/omni_description -- -j12 -l12
[0.257s] Invoked command in '/home/marino-lc/ROS2dev/tesisx3_plus/build/omni_description' returned '0': CMAKE_PREFIX_PATH=${CMAKE_PREFIX_PATH}:/opt/ros/jazzy DEBUGINFOD_URLS=https://debuginfod.ubuntu.com /usr/bin/cmake --build /home/marino-lc/ROS2dev/tesisx3_plus/build/omni_description -- -j12 -l12
[0.261s] Invoking command in '/home/marino-lc/ROS2dev/tesisx3_plus/build/omni_description': CMAKE_PREFIX_PATH=${CMAKE_PREFIX_PATH}:/opt/ros/jazzy DEBUGINFOD_URLS=https://debuginfod.ubuntu.com /usr/bin/cmake --install /home/marino-lc/ROS2dev/tesisx3_plus/build/omni_description
[0.271s] -- Install configuration: ""
[0.271s] -- Up-to-date: /home/marino-lc/ROS2dev/tesisx3_plus/install/omni_description/share/omni_description//launch
[0.272s] -- Up-to-date: /home/marino-lc/ROS2dev/tesisx3_plus/install/omni_description/share/omni_description//launch/omni_display.launch.xml
[0.272s] -- Up-to-date: /home/marino-lc/ROS2dev/tesisx3_plus/install/omni_description/share/omni_description//meshes
[0.273s] -- Up-to-date: /home/marino-lc/ROS2dev/tesisx3_plus/install/omni_description/share/omni_description//meshes/X3
[0.275s] -- Up-to-date: /home/marino-lc/ROS2dev/tesisx3_plus/install/omni_description/share/omni_description//meshes/X3/back_right_wheel.STL
[0.275s] -- Up-to-date: /home/marino-lc/ROS2dev/tesisx3_plus/install/omni_description/share/omni_description//meshes/X3/back_left_wheel.STL
[0.275s] -- Up-to-date: /home/marino-lc/ROS2dev/tesisx3_plus/install/omni_description/share/omni_description//meshes/X3/base_link.STL
[0.275s] -- Up-to-date: /home/marino-lc/ROS2dev/tesisx3_plus/install/omni_description/share/omni_description//meshes/X3/front_right_wheel.STL
[0.275s] -- Up-to-date: /home/marino-lc/ROS2dev/tesisx3_plus/install/omni_description/share/omni_description//meshes/X3/front_left_wheel.STL
[0.275s] -- Up-to-date: /home/marino-lc/ROS2dev/tesisx3_plus/install/omni_description/share/omni_description//meshes/sensor
[0.276s] -- Up-to-date: /home/marino-lc/ROS2dev/tesisx3_plus/install/omni_description/share/omni_description//meshes/sensor/collision
[0.278s] -- Up-to-date: /home/marino-lc/ROS2dev/tesisx3_plus/install/omni_description/share/omni_description//meshes/sensor/collision/laser_link.STL
[0.278s] -- Up-to-date: /home/marino-lc/ROS2dev/tesisx3_plus/install/omni_description/share/omni_description//meshes/sensor/collision/camera_link.STL
[0.278s] -- Up-to-date: /home/marino-lc/ROS2dev/tesisx3_plus/install/omni_description/share/omni_description//meshes/sensor/collision/mono_link.STL
[0.278s] -- Up-to-date: /home/marino-lc/ROS2dev/tesisx3_plus/install/omni_description/share/omni_description//meshes/sensor/visual
[0.282s] -- Up-to-date: /home/marino-lc/ROS2dev/tesisx3_plus/install/omni_description/share/omni_description//meshes/sensor/visual/laser_link.STL
[0.282s] -- Up-to-date: /home/marino-lc/ROS2dev/tesisx3_plus/install/omni_description/share/omni_description//meshes/sensor/visual/camera_link.STL
[0.283s] -- Up-to-date: /home/marino-lc/ROS2dev/tesisx3_plus/install/omni_description/share/omni_description//meshes/sensor/visual/mono_link.STL
[0.283s] -- Up-to-date: /home/marino-lc/ROS2dev/tesisx3_plus/install/omni_description/share/omni_description//meshes/X3plus
[0.283s] -- Up-to-date: /home/marino-lc/ROS2dev/tesisx3_plus/install/omni_description/share/omni_description//meshes/X3plus/visual
[0.284s] -- Up-to-date: /home/marino-lc/ROS2dev/tesisx3_plus/install/omni_description/share/omni_description//meshes/X3plus/visual/arm_link1.STL
[0.284s] -- Up-to-date: /home/marino-lc/ROS2dev/tesisx3_plus/install/omni_description/share/omni_description//meshes/X3plus/visual/rlink1.STL
[0.284s] -- Up-to-date: /home/marino-lc/ROS2dev/tesisx3_plus/install/omni_description/share/omni_description//meshes/X3plus/visual/arm_link2.STL
[0.284s] -- Up-to-date: /home/marino-lc/ROS2dev/tesisx3_plus/install/omni_description/share/omni_description//meshes/X3plus/visual/rlink2.STL
[0.284s] -- Up-to-date: /home/marino-lc/ROS2dev/tesisx3_plus/install/omni_description/share/omni_description//meshes/X3plus/visual/llink1.STL
[0.284s] -- Up-to-date: /home/marino-lc/ROS2dev/tesisx3_plus/install/omni_description/share/omni_description//meshes/X3plus/visual/llink2.STL
[0.285s] -- Up-to-date: /home/marino-lc/ROS2dev/tesisx3_plus/install/omni_description/share/omni_description//meshes/X3plus/visual/llink3.STL
[0.285s] -- Up-to-date: /home/marino-lc/ROS2dev/tesisx3_plus/install/omni_description/share/omni_description//meshes/X3plus/visual/arm_link3.STL
[0.285s] -- Up-to-date: /home/marino-lc/ROS2dev/tesisx3_plus/install/omni_description/share/omni_description//meshes/X3plus/visual/rlink3.STL
[0.285s] -- Up-to-date: /home/marino-lc/ROS2dev/tesisx3_plus/install/omni_description/share/omni_description//meshes/X3plus/visual/arm_link5.STL
[0.285s] -- Up-to-date: /home/marino-lc/ROS2dev/tesisx3_plus/install/omni_description/share/omni_description//rviz
[0.285s] -- Up-to-date: /home/marino-lc/ROS2dev/tesisx3_plus/install/omni_description/share/omni_description//rviz/omni_rviz.rviz
[0.285s] -- Up-to-date: /home/marino-lc/ROS2dev/tesisx3_plus/install/omni_description/share/omni_description//urdf
[0.286s] -- Up-to-date: /home/marino-lc/ROS2dev/tesisx3_plus/install/omni_description/share/omni_description//urdf/imu_sensor.xacro
[0.286s] -- Up-to-date: /home/marino-lc/ROS2dev/tesisx3_plus/install/omni_description/share/omni_description//urdf/omni_gz_properties.xacro
[0.286s] -- Up-to-date: /home/marino-lc/ROS2dev/tesisx3_plus/install/omni_description/share/omni_description//urdf/lidar_sensor.xacro
[0.286s] -- Up-to-date: /home/marino-lc/ROS2dev/tesisx3_plus/install/omni_description/share/omni_description//urdf/depth_camera_sensor.xacro
[0.286s] -- Up-to-date: /home/marino-lc/ROS2dev/tesisx3_plus/install/omni_description/share/omni_description//urdf/camera_sensor.xacro
[0.286s] -- Up-to-date: /home/marino-lc/ROS2dev/tesisx3_plus/install/omni_description/share/omni_description//urdf/xacro_properties.xacro
[0.286s] -- Up-to-date: /home/marino-lc/ROS2dev/tesisx3_plus/install/omni_description/share/omni_description//urdf/omni_urdf.xacro
[0.286s] -- Up-to-date: /home/marino-lc/ROS2dev/tesisx3_plus/install/omni_description/share/omni_description//urdf/omni_velocity_controller.xacro
[0.286s] -- Up-to-date: /home/marino-lc/ROS2dev/tesisx3_plus/install/omni_description/share/omni_description//urdf/velocity_controller.xacro
[0.286s] -- Up-to-date: /home/marino-lc/ROS2dev/tesisx3_plus/install/omni_description/share/omni_description//config
[0.289s] -- Up-to-date: /home/marino-lc/ROS2dev/tesisx3_plus/install/omni_description/share/omni_description//config/omni_velocity_controller.yaml
[0.290s] -- Up-to-date: /home/marino-lc/ROS2dev/tesisx3_plus/install/omni_description/share/ament_index/resource_index/package_run_dependencies/omni_description
[0.290s] -- Up-to-date: /home/marino-lc/ROS2dev/tesisx3_plus/install/omni_description/share/ament_index/resource_index/parent_prefix_path/omni_description
[0.290s] -- Up-to-date: /home/marino-lc/ROS2dev/tesisx3_plus/install/omni_description/share/omni_description/environment/ament_prefix_path.sh
[0.290s] -- Up-to-date: /home/marino-lc/ROS2dev/tesisx3_plus/install/omni_description/share/omni_description/environment/ament_prefix_path.dsv
[0.290s] -- Up-to-date: /home/marino-lc/ROS2dev/tesisx3_plus/install/omni_description/share/omni_description/environment/path.sh
[0.290s] -- Up-to-date: /home/marino-lc/ROS2dev/tesisx3_plus/install/omni_description/share/omni_description/environment/path.dsv
[0.290s] -- Up-to-date: /home/marino-lc/ROS2dev/tesisx3_plus/install/omni_description/share/omni_description/local_setup.bash
[0.290s] -- Up-to-date: /home/marino-lc/ROS2dev/tesisx3_plus/install/omni_description/share/omni_description/local_setup.sh
[0.290s] -- Up-to-date: /home/marino-lc/ROS2dev/tesisx3_plus/install/omni_description/share/omni_description/local_setup.zsh
[0.290s] -- Up-to-date: /home/marino-lc/ROS2dev/tesisx3_plus/install/omni_description/share/omni_description/local_setup.dsv
[0.290s] -- Installing: /home/marino-lc/ROS2dev/tesisx3_plus/install/omni_description/share/omni_description/package.dsv
[0.291s] -- Up-to-date: /home/marino-lc/ROS2dev/tesisx3_plus/install/omni_description/share/ament_index/resource_index/packages/omni_description
[0.292s] -- Up-to-date: /home/marino-lc/ROS2dev/tesisx3_plus/install/omni_description/share/omni_description/cmake/omni_descriptionConfig.cmake
[0.292s] -- Up-to-date: /home/marino-lc/ROS2dev/tesisx3_plus/install/omni_description/share/omni_description/cmake/omni_descriptionConfig-version.cmake
[0.292s] -- Up-to-date: /home/marino-lc/ROS2dev/tesisx3_plus/install/omni_description/share/omni_description/package.xml
[0.332s] Invoked command in '/home/marino-lc/ROS2dev/tesisx3_plus/build/omni_description' returned '0': CMAKE_PREFIX_PATH=${CMAKE_PREFIX_PATH}:/opt/ros/jazzy DEBUGINFOD_URLS=https://debuginfod.ubuntu.com /usr/bin/cmake --install /home/marino-lc/ROS2dev/tesisx3_plus/build/omni_description
