-- Install configuration: ""
-- Up-to-date: /home/arrusr/ROSDev2/tesisx3_plus/install/dofbot_description/share/dofbot_description//config
-- Up-to-date: /home/arrusr/ROSDev2/tesisx3_plus/install/dofbot_description/share/dofbot_description//config/dofbot_trajectory_controller.yaml
-- Up-to-date: /home/arrusr/ROSDev2/tesisx3_plus/install/dofbot_description/share/dofbot_description//launch
-- Up-to-date: /home/arrusr/ROSDev2/tesisx3_plus/install/dofbot_description/share/dofbot_description//launch/dofbot_arm.launch.xml
-- Up-to-date: /home/arrusr/ROSDev2/tesisx3_plus/install/dofbot_description/share/dofbot_description//meshes
-- Up-to-date: /home/arrusr/ROSDev2/tesisx3_plus/install/dofbot_description/share/dofbot_description//meshes/dofbot
-- Up-to-date: /home/arrusr/ROSDev2/tesisx3_plus/install/dofbot_description/share/dofbot_description//meshes/dofbot/visual
-- Up-to-date: /home/arrusr/ROSDev2/tesisx3_plus/install/dofbot_description/share/dofbot_description//meshes/dofbot/visual/arm_link3.STL
-- Up-to-date: /home/arrusr/ROSDev2/tesisx3_plus/install/dofbot_description/share/dofbot_description//meshes/dofbot/visual/rgrip_finger2.STL
-- Up-to-date: /home/arrusr/ROSDev2/tesisx3_plus/install/dofbot_description/share/dofbot_description//meshes/dofbot/visual/arm_link2.STL
-- Up-to-date: /home/arrusr/ROSDev2/tesisx3_plus/install/dofbot_description/share/dofbot_description//meshes/dofbot/visual/rgrip_finger3.STL
-- Up-to-date: /home/arrusr/ROSDev2/tesisx3_plus/install/dofbot_description/share/dofbot_description//meshes/dofbot/visual/arm_link1.STL
-- Up-to-date: /home/arrusr/ROSDev2/tesisx3_plus/install/dofbot_description/share/dofbot_description//meshes/dofbot/visual/arm_link5.STL
-- Up-to-date: /home/arrusr/ROSDev2/tesisx3_plus/install/dofbot_description/share/dofbot_description//meshes/dofbot/visual/lgrip_finger1.STL
-- Up-to-date: /home/arrusr/ROSDev2/tesisx3_plus/install/dofbot_description/share/dofbot_description//meshes/dofbot/visual/base_link.STL
-- Up-to-date: /home/arrusr/ROSDev2/tesisx3_plus/install/dofbot_description/share/dofbot_description//meshes/dofbot/visual/arm_link4.STL
-- Up-to-date: /home/arrusr/ROSDev2/tesisx3_plus/install/dofbot_description/share/dofbot_description//meshes/dofbot/visual/rgrip_finger1.STL
-- Up-to-date: /home/arrusr/ROSDev2/tesisx3_plus/install/dofbot_description/share/dofbot_description//meshes/dofbot/visual/lgrip_finger2.STL
-- Up-to-date: /home/arrusr/ROSDev2/tesisx3_plus/install/dofbot_description/share/dofbot_description//meshes/dofbot/visual/lgrip_finger3.STL
-- Up-to-date: /home/arrusr/ROSDev2/tesisx3_plus/install/dofbot_description/share/dofbot_description//meshes/sensor
-- Up-to-date: /home/arrusr/ROSDev2/tesisx3_plus/install/dofbot_description/share/dofbot_description//meshes/sensor/visual
-- Up-to-date: /home/arrusr/ROSDev2/tesisx3_plus/install/dofbot_description/share/dofbot_description//meshes/sensor/visual/mono_link.STL
-- Up-to-date: /home/arrusr/ROSDev2/tesisx3_plus/install/dofbot_description/share/dofbot_description//rviz
-- Up-to-date: /home/arrusr/ROSDev2/tesisx3_plus/install/dofbot_description/share/dofbot_description//rviz/dofbot_arm_rviz.rviz
-- Up-to-date: /home/arrusr/ROSDev2/tesisx3_plus/install/dofbot_description/share/dofbot_description//urdf
-- Up-to-date: /home/arrusr/ROSDev2/tesisx3_plus/install/dofbot_description/share/dofbot_description//urdf/dofbot_trajectory_controller.xacro
-- Up-to-date: /home/arrusr/ROSDev2/tesisx3_plus/install/dofbot_description/share/dofbot_description//urdf/dofbot_gz_properties.xacro
-- Up-to-date: /home/arrusr/ROSDev2/tesisx3_plus/install/dofbot_description/share/dofbot_description//urdf/arm_base_link_xacro.xacro
-- Up-to-date: /home/arrusr/ROSDev2/tesisx3_plus/install/dofbot_description/share/dofbot_description//urdf/dofbot_arm_urdf.xacro
-- Up-to-date: /home/arrusr/ROSDev2/tesisx3_plus/install/dofbot_description/share/dofbot_description//urdf/xacro_properties.xacro
-- Up-to-date: /home/arrusr/ROSDev2/tesisx3_plus/install/dofbot_description/share/dofbot_description//urdf/monocular_camera_sensor.xacro
-- Up-to-date: /home/arrusr/ROSDev2/tesisx3_plus/install/dofbot_description/share/dofbot_description//urdf/trajectory_controller.xacro
-- Up-to-date: /home/arrusr/ROSDev2/tesisx3_plus/install/dofbot_description/share/ament_index/resource_index/package_run_dependencies/dofbot_description
-- Up-to-date: /home/arrusr/ROSDev2/tesisx3_plus/install/dofbot_description/share/ament_index/resource_index/parent_prefix_path/dofbot_description
-- Up-to-date: /home/arrusr/ROSDev2/tesisx3_plus/install/dofbot_description/share/dofbot_description/environment/ament_prefix_path.sh
-- Up-to-date: /home/arrusr/ROSDev2/tesisx3_plus/install/dofbot_description/share/dofbot_description/environment/ament_prefix_path.dsv
-- Up-to-date: /home/arrusr/ROSDev2/tesisx3_plus/install/dofbot_description/share/dofbot_description/environment/path.sh
-- Up-to-date: /home/arrusr/ROSDev2/tesisx3_plus/install/dofbot_description/share/dofbot_description/environment/path.dsv
-- Up-to-date: /home/arrusr/ROSDev2/tesisx3_plus/install/dofbot_description/share/dofbot_description/local_setup.bash
-- Up-to-date: /home/arrusr/ROSDev2/tesisx3_plus/install/dofbot_description/share/dofbot_description/local_setup.sh
-- Up-to-date: /home/arrusr/ROSDev2/tesisx3_plus/install/dofbot_description/share/dofbot_description/local_setup.zsh
-- Up-to-date: /home/arrusr/ROSDev2/tesisx3_plus/install/dofbot_description/share/dofbot_description/local_setup.dsv
-- Up-to-date: /home/arrusr/ROSDev2/tesisx3_plus/install/dofbot_description/share/dofbot_description/package.dsv
-- Up-to-date: /home/arrusr/ROSDev2/tesisx3_plus/install/dofbot_description/share/ament_index/resource_index/packages/dofbot_description
-- Up-to-date: /home/arrusr/ROSDev2/tesisx3_plus/install/dofbot_description/share/dofbot_description/cmake/dofbot_descriptionConfig.cmake
-- Up-to-date: /home/arrusr/ROSDev2/tesisx3_plus/install/dofbot_description/share/dofbot_description/cmake/dofbot_descriptionConfig-version.cmake
-- Up-to-date: /home/arrusr/ROSDev2/tesisx3_plus/install/dofbot_description/share/dofbot_description/package.xml
