[0.011s] Invoking command in '/home/arrusr/ROSDev2/tesisx3_plus/build/dofbot_bringup': CMAKE_PREFIX_PATH=${CMAKE_PREFIX_PATH}:/opt/ros/jazzy DEBUGINFOD_URLS=https://debuginfod.ubuntu.com /usr/bin/cmake /home/arrusr/ROSDev2/tesisx3_plus/src/dofbot_bringup -DCMAKE_INSTALL_PREFIX=/home/arrusr/ROSDev2/tesisx3_plus/install/dofbot_bringup
[0.138s] -- The C compiler identification is GNU 11.5.0
[0.213s] -- The CXX compiler identification is GNU 11.5.0
[0.225s] -- Detecting C compiler ABI info
[0.288s] -- Detecting C compiler ABI info - done
[0.293s] -- Check for working C compiler: /usr/bin/cc - skipped
[0.293s] -- Detecting C compile features
[0.294s] -- Detecting C compile features - done
[0.300s] -- Detecting CXX compiler ABI info
[0.355s] -- Detecting CXX compiler ABI info - done
[0.358s] -- Check for working CXX compiler: /usr/bin/c++ - skipped
[0.358s] -- Detecting CXX compile features
[0.359s] -- Detecting CXX compile features - done
[0.363s] -- Found ament_cmake: 2.5.6 (/opt/ros/jazzy/share/ament_cmake/cmake)
[0.635s] -- Found Python3: /home/arrusr/.pyenv/shims/python3 (found version "3.12.3") found components: Interpreter 
[0.734s] -- Found rclpy: 7.1.11 (/opt/ros/jazzy/share/rclpy/cmake)
[0.736s] -- Found std_msgs: 5.3.7 (/opt/ros/jazzy/share/std_msgs/cmake)
[0.773s] -- Found rosidl_generator_c: 4.6.7 (/opt/ros/jazzy/share/rosidl_generator_c/cmake)
[0.784s] -- Found rosidl_generator_cpp: 4.6.7 (/opt/ros/jazzy/share/rosidl_generator_cpp/cmake)
[0.798s] -- Using all available rosidl_typesupport_c: rosidl_typesupport_fastrtps_c;rosidl_typesupport_introspection_c
[0.814s] -- Using all available rosidl_typesupport_cpp: rosidl_typesupport_fastrtps_cpp;rosidl_typesupport_introspection_cpp
[0.838s] -- Found control_msgs: 5.9.0 (/opt/ros/jazzy/share/control_msgs/cmake)
[1.119s] -- Configuring done (1.1s)
[1.121s] -- Generating done (0.0s)
[1.122s] -- Build files have been written to: /home/arrusr/ROSDev2/tesisx3_plus/build/dofbot_bringup
[1.126s] Invoked command in '/home/arrusr/ROSDev2/tesisx3_plus/build/dofbot_bringup' returned '0': CMAKE_PREFIX_PATH=${CMAKE_PREFIX_PATH}:/opt/ros/jazzy DEBUGINFOD_URLS=https://debuginfod.ubuntu.com /usr/bin/cmake /home/arrusr/ROSDev2/tesisx3_plus/src/dofbot_bringup -DCMAKE_INSTALL_PREFIX=/home/arrusr/ROSDev2/tesisx3_plus/install/dofbot_bringup
[1.127s] Invoking command in '/home/arrusr/ROSDev2/tesisx3_plus/build/dofbot_bringup': CMAKE_PREFIX_PATH=${CMAKE_PREFIX_PATH}:/opt/ros/jazzy DEBUGINFOD_URLS=https://debuginfod.ubuntu.com /usr/bin/cmake --build /home/arrusr/ROSDev2/tesisx3_plus/build/dofbot_bringup -- -j24 -l24
[1.157s] Built target ament_cmake_python_copy_dofbot_bringup
[1.301s] running egg_info
[1.301s] creating dofbot_bringup.egg-info
[1.311s] writing dofbot_bringup.egg-info/PKG-INFO
[1.311s] writing dependency_links to dofbot_bringup.egg-info/dependency_links.txt
[1.311s] writing top-level names to dofbot_bringup.egg-info/top_level.txt
[1.311s] writing manifest file 'dofbot_bringup.egg-info/SOURCES.txt'
[1.341s] reading manifest file 'dofbot_bringup.egg-info/SOURCES.txt'
[1.341s] writing manifest file 'dofbot_bringup.egg-info/SOURCES.txt'
[1.357s] Built target ament_cmake_python_build_dofbot_bringup_egg
[1.364s] Invoked command in '/home/arrusr/ROSDev2/tesisx3_plus/build/dofbot_bringup' returned '0': CMAKE_PREFIX_PATH=${CMAKE_PREFIX_PATH}:/opt/ros/jazzy DEBUGINFOD_URLS=https://debuginfod.ubuntu.com /usr/bin/cmake --build /home/arrusr/ROSDev2/tesisx3_plus/build/dofbot_bringup -- -j24 -l24
[1.365s] Invoking command in '/home/arrusr/ROSDev2/tesisx3_plus/build/dofbot_bringup': CMAKE_PREFIX_PATH=${CMAKE_PREFIX_PATH}:/opt/ros/jazzy DEBUGINFOD_URLS=https://debuginfod.ubuntu.com /usr/bin/cmake --install /home/arrusr/ROSDev2/tesisx3_plus/build/dofbot_bringup
[1.369s] -- Install configuration: ""
[1.369s] -- Installing: /home/arrusr/ROSDev2/tesisx3_plus/install/dofbot_bringup/share/dofbot_bringup//launch
[1.369s] -- Installing: /home/arrusr/ROSDev2/tesisx3_plus/install/dofbot_bringup/share/dofbot_bringup//launch/dofbot_trajectory_controller.launch.py
[1.369s] -- Installing: /home/arrusr/ROSDev2/tesisx3_plus/install/dofbot_bringup/share/dofbot_bringup//rviz
[1.369s] -- Installing: /home/arrusr/ROSDev2/tesisx3_plus/install/dofbot_bringup/share/dofbot_bringup//rviz/dofbot_trajectory_rviz.rviz
[1.369s] -- Installing: /home/arrusr/ROSDev2/tesisx3_plus/install/dofbot_bringup/share/dofbot_bringup//world
[1.369s] -- Installing: /home/arrusr/ROSDev2/tesisx3_plus/install/dofbot_bringup/share/dofbot_bringup//world/test_world.world
[1.369s] -- Installing: /home/arrusr/ROSDev2/tesisx3_plus/install/dofbot_bringup/share/dofbot_bringup//src
[1.369s] -- Installing: /home/arrusr/ROSDev2/tesisx3_plus/install/dofbot_bringup/share/dofbot_bringup//src/dofbot_gripper_test.py
[1.369s] -- Installing: /home/arrusr/ROSDev2/tesisx3_plus/install/dofbot_bringup/share/dofbot_bringup//src/dofbot_trajectory_test.py
[1.369s] -- Installing: /home/arrusr/ROSDev2/tesisx3_plus/install/dofbot_bringup/share/dofbot_bringup/environment/pythonpath.sh
[1.369s] -- Installing: /home/arrusr/ROSDev2/tesisx3_plus/install/dofbot_bringup/share/dofbot_bringup/environment/pythonpath.dsv
[1.369s] -- Installing: /home/arrusr/ROSDev2/tesisx3_plus/install/dofbot_bringup/lib/python3.12/site-packages/dofbot_bringup-0.0.0-py3.12.egg-info
[1.369s] -- Installing: /home/arrusr/ROSDev2/tesisx3_plus/install/dofbot_bringup/lib/python3.12/site-packages/dofbot_bringup-0.0.0-py3.12.egg-info/top_level.txt
[1.369s] -- Installing: /home/arrusr/ROSDev2/tesisx3_plus/install/dofbot_bringup/lib/python3.12/site-packages/dofbot_bringup-0.0.0-py3.12.egg-info/SOURCES.txt
[1.369s] -- Installing: /home/arrusr/ROSDev2/tesisx3_plus/install/dofbot_bringup/lib/python3.12/site-packages/dofbot_bringup-0.0.0-py3.12.egg-info/dependency_links.txt
[1.370s] -- Installing: /home/arrusr/ROSDev2/tesisx3_plus/install/dofbot_bringup/lib/python3.12/site-packages/dofbot_bringup-0.0.0-py3.12.egg-info/PKG-INFO
[1.370s] -- Installing: /home/arrusr/ROSDev2/tesisx3_plus/install/dofbot_bringup/lib/python3.12/site-packages/dofbot_bringup
[1.370s] -- Installing: /home/arrusr/ROSDev2/tesisx3_plus/install/dofbot_bringup/lib/python3.12/site-packages/dofbot_bringup/__init__.py
[1.416s] Listing '/home/arrusr/ROSDev2/tesisx3_plus/install/dofbot_bringup/lib/python3.12/site-packages/dofbot_bringup'...
[1.416s] Compiling '/home/arrusr/ROSDev2/tesisx3_plus/install/dofbot_bringup/lib/python3.12/site-packages/dofbot_bringup/__init__.py'...
[1.419s] -- Installing: /home/arrusr/ROSDev2/tesisx3_plus/install/dofbot_bringup/lib/dofbot_bringup/dofbot_trajectory_test.py
[1.419s] -- Installing: /home/arrusr/ROSDev2/tesisx3_plus/install/dofbot_bringup/lib/dofbot_bringup/dofbot_gripper_test.py
[1.419s] -- Installing: /home/arrusr/ROSDev2/tesisx3_plus/install/dofbot_bringup/share/ament_index/resource_index/package_run_dependencies/dofbot_bringup
[1.420s] -- Installing: /home/arrusr/ROSDev2/tesisx3_plus/install/dofbot_bringup/share/ament_index/resource_index/parent_prefix_path/dofbot_bringup
[1.420s] -- Installing: /home/arrusr/ROSDev2/tesisx3_plus/install/dofbot_bringup/share/dofbot_bringup/environment/ament_prefix_path.sh
[1.420s] -- Installing: /home/arrusr/ROSDev2/tesisx3_plus/install/dofbot_bringup/share/dofbot_bringup/environment/ament_prefix_path.dsv
[1.420s] -- Installing: /home/arrusr/ROSDev2/tesisx3_plus/install/dofbot_bringup/share/dofbot_bringup/environment/path.sh
[1.420s] -- Installing: /home/arrusr/ROSDev2/tesisx3_plus/install/dofbot_bringup/share/dofbot_bringup/environment/path.dsv
[1.420s] -- Installing: /home/arrusr/ROSDev2/tesisx3_plus/install/dofbot_bringup/share/dofbot_bringup/local_setup.bash
[1.420s] -- Installing: /home/arrusr/ROSDev2/tesisx3_plus/install/dofbot_bringup/share/dofbot_bringup/local_setup.sh
[1.420s] -- Installing: /home/arrusr/ROSDev2/tesisx3_plus/install/dofbot_bringup/share/dofbot_bringup/local_setup.zsh
[1.420s] -- Installing: /home/arrusr/ROSDev2/tesisx3_plus/install/dofbot_bringup/share/dofbot_bringup/local_setup.dsv
[1.420s] -- Installing: /home/arrusr/ROSDev2/tesisx3_plus/install/dofbot_bringup/share/dofbot_bringup/package.dsv
[1.420s] -- Installing: /home/arrusr/ROSDev2/tesisx3_plus/install/dofbot_bringup/share/ament_index/resource_index/packages/dofbot_bringup
[1.421s] -- Installing: /home/arrusr/ROSDev2/tesisx3_plus/install/dofbot_bringup/share/dofbot_bringup/cmake/dofbot_bringupConfig.cmake
[1.421s] -- Installing: /home/arrusr/ROSDev2/tesisx3_plus/install/dofbot_bringup/share/dofbot_bringup/cmake/dofbot_bringupConfig-version.cmake
[1.421s] -- Installing: /home/arrusr/ROSDev2/tesisx3_plus/install/dofbot_bringup/share/dofbot_bringup/package.xml
[1.427s] Invoked command in '/home/arrusr/ROSDev2/tesisx3_plus/build/dofbot_bringup' returned '0': CMAKE_PREFIX_PATH=${CMAKE_PREFIX_PATH}:/opt/ros/jazzy DEBUGINFOD_URLS=https://debuginfod.ubuntu.com /usr/bin/cmake --install /home/arrusr/ROSDev2/tesisx3_plus/build/dofbot_bringup
