[0.015s] Invoking command in '/home/marino-lc/ROS2dev/tesisx3_plus/build/omni_dofbot_bringup': CMAKE_PREFIX_PATH=${CMAKE_PREFIX_PATH}:/opt/ros/jazzy DEBUGINFOD_URLS=https://debuginfod.ubuntu.com /usr/bin/cmake --build /home/marino-lc/ROS2dev/tesisx3_plus/build/omni_dofbot_bringup -- -j12 -l12
[0.111s] Built target ament_cmake_python_copy_omni_dofbot_bringup
[0.344s] running egg_info
[0.363s] writing omni_dofbot_bringup.egg-info/PKG-INFO
[0.363s] writing dependency_links to omni_dofbot_bringup.egg-info/dependency_links.txt
[0.363s] writing top-level names to omni_dofbot_bringup.egg-info/top_level.txt
[0.417s] reading manifest file 'omni_dofbot_bringup.egg-info/SOURCES.txt'
[0.418s] writing manifest file 'omni_dofbot_bringup.egg-info/SOURCES.txt'
[0.468s] Built target ament_cmake_python_build_omni_dofbot_bringup_egg
[0.485s] Invoked command in '/home/marino-lc/ROS2dev/tesisx3_plus/build/omni_dofbot_bringup' returned '0': CMAKE_PREFIX_PATH=${CMAKE_PREFIX_PATH}:/opt/ros/jazzy DEBUGINFOD_URLS=https://debuginfod.ubuntu.com /usr/bin/cmake --build /home/marino-lc/ROS2dev/tesisx3_plus/build/omni_dofbot_bringup -- -j12 -l12
[0.504s] Invoking command in '/home/marino-lc/ROS2dev/tesisx3_plus/build/omni_dofbot_bringup': CMAKE_PREFIX_PATH=${CMAKE_PREFIX_PATH}:/opt/ros/jazzy DEBUGINFOD_URLS=https://debuginfod.ubuntu.com /usr/bin/cmake --install /home/marino-lc/ROS2dev/tesisx3_plus/build/omni_dofbot_bringup
[0.517s] -- Install configuration: ""
[0.518s] -- Up-to-date: /home/marino-lc/ROS2dev/tesisx3_plus/install/omni_dofbot_bringup/share/omni_dofbot_bringup//launch
[0.518s] -- Up-to-date: /home/marino-lc/ROS2dev/tesisx3_plus/install/omni_dofbot_bringup/share/omni_dofbot_bringup//launch/nav2_arena.launch.py
[0.518s] -- Up-to-date: /home/marino-lc/ROS2dev/tesisx3_plus/install/omni_dofbot_bringup/share/omni_dofbot_bringup//launch/omni_dofbot_controller.launch.py
[0.518s] -- Up-to-date: /home/marino-lc/ROS2dev/tesisx3_plus/install/omni_dofbot_bringup/share/omni_dofbot_bringup//launch/omni_dofbot_diagnostic.launch.py
[0.518s] -- Up-to-date: /home/marino-lc/ROS2dev/tesisx3_plus/install/omni_dofbot_bringup/share/omni_dofbot_bringup//rviz
[0.518s] -- Up-to-date: /home/marino-lc/ROS2dev/tesisx3_plus/install/omni_dofbot_bringup/share/omni_dofbot_bringup//rviz/omni_dofbot_trayectory_rviz.rviz
[0.518s] -- Up-to-date: /home/marino-lc/ROS2dev/tesisx3_plus/install/omni_dofbot_bringup/share/omni_dofbot_bringup//world
[0.518s] -- Up-to-date: /home/marino-lc/ROS2dev/tesisx3_plus/install/omni_dofbot_bringup/share/omni_dofbot_bringup//world/arena_pid_tuning.world
[0.518s] -- Up-to-date: /home/marino-lc/ROS2dev/tesisx3_plus/install/omni_dofbot_bringup/share/omni_dofbot_bringup//world/arena_world.world
[0.518s] -- Up-to-date: /home/marino-lc/ROS2dev/tesisx3_plus/install/omni_dofbot_bringup/share/omni_dofbot_bringup//world/Mundo_mesa_y_cajas.world
[0.518s] -- Up-to-date: /home/marino-lc/ROS2dev/tesisx3_plus/install/omni_dofbot_bringup/share/omni_dofbot_bringup//config
[0.518s] -- Up-to-date: /home/marino-lc/ROS2dev/tesisx3_plus/install/omni_dofbot_bringup/share/omni_dofbot_bringup//config/nav2_params.yaml
[0.518s] -- Up-to-date: /home/marino-lc/ROS2dev/tesisx3_plus/install/omni_dofbot_bringup/share/omni_dofbot_bringup//config/waypoints.yaml
[0.518s] -- Up-to-date: /home/marino-lc/ROS2dev/tesisx3_plus/install/omni_dofbot_bringup/share/omni_dofbot_bringup//maps
[0.518s] -- Up-to-date: /home/marino-lc/ROS2dev/tesisx3_plus/install/omni_dofbot_bringup/share/omni_dofbot_bringup//maps/arena_map.pgm
[0.518s] -- Up-to-date: /home/marino-lc/ROS2dev/tesisx3_plus/install/omni_dofbot_bringup/share/omni_dofbot_bringup//maps/arena_map.yaml
[0.519s] -- Up-to-date: /home/marino-lc/ROS2dev/tesisx3_plus/install/omni_dofbot_bringup/share/omni_dofbot_bringup//maps/generate_map.py
[0.519s] -- Up-to-date: /home/marino-lc/ROS2dev/tesisx3_plus/install/omni_dofbot_bringup/share/omni_dofbot_bringup/environment/pythonpath.sh
[0.519s] -- Up-to-date: /home/marino-lc/ROS2dev/tesisx3_plus/install/omni_dofbot_bringup/share/omni_dofbot_bringup/environment/pythonpath.dsv
[0.519s] -- Up-to-date: /home/marino-lc/ROS2dev/tesisx3_plus/install/omni_dofbot_bringup/lib/python3.12/site-packages/omni_dofbot_bringup-0.0.0-py3.12.egg-info
[0.519s] -- Installing: /home/marino-lc/ROS2dev/tesisx3_plus/install/omni_dofbot_bringup/lib/python3.12/site-packages/omni_dofbot_bringup-0.0.0-py3.12.egg-info/SOURCES.txt
[0.519s] -- Installing: /home/marino-lc/ROS2dev/tesisx3_plus/install/omni_dofbot_bringup/lib/python3.12/site-packages/omni_dofbot_bringup-0.0.0-py3.12.egg-info/PKG-INFO
[0.519s] -- Installing: /home/marino-lc/ROS2dev/tesisx3_plus/install/omni_dofbot_bringup/lib/python3.12/site-packages/omni_dofbot_bringup-0.0.0-py3.12.egg-info/dependency_links.txt
[0.519s] -- Installing: /home/marino-lc/ROS2dev/tesisx3_plus/install/omni_dofbot_bringup/lib/python3.12/site-packages/omni_dofbot_bringup-0.0.0-py3.12.egg-info/top_level.txt
[0.519s] -- Up-to-date: /home/marino-lc/ROS2dev/tesisx3_plus/install/omni_dofbot_bringup/lib/python3.12/site-packages/omni_dofbot_bringup
[0.519s] -- Up-to-date: /home/marino-lc/ROS2dev/tesisx3_plus/install/omni_dofbot_bringup/lib/python3.12/site-packages/omni_dofbot_bringup/__init__.py
[0.561s] Listing '/home/marino-lc/ROS2dev/tesisx3_plus/install/omni_dofbot_bringup/lib/python3.12/site-packages/omni_dofbot_bringup'...
[0.569s] -- Up-to-date: /home/marino-lc/ROS2dev/tesisx3_plus/install/omni_dofbot_bringup/lib/omni_dofbot_bringup/mecanum_kinematic_node.py
[0.569s] -- Up-to-date: /home/marino-lc/ROS2dev/tesisx3_plus/install/omni_dofbot_bringup/lib/omni_dofbot_bringup/zn_tuner_openloop.py
[0.569s] -- Up-to-date: /home/marino-lc/ROS2dev/tesisx3_plus/install/omni_dofbot_bringup/lib/omni_dofbot_bringup/Mecanum_odometry_node.py
[0.570s] -- Up-to-date: /home/marino-lc/ROS2dev/tesisx3_plus/install/omni_dofbot_bringup/lib/omni_dofbot_bringup/zn_tuner.py
[0.570s] -- Installing: /home/marino-lc/ROS2dev/tesisx3_plus/install/omni_dofbot_bringup/lib/omni_dofbot_bringup/ag_motion_tests.py
[0.570s] -- Up-to-date: /home/marino-lc/ROS2dev/tesisx3_plus/install/omni_dofbot_bringup/share/ament_index/resource_index/package_run_dependencies/omni_dofbot_bringup
[0.570s] -- Up-to-date: /home/marino-lc/ROS2dev/tesisx3_plus/install/omni_dofbot_bringup/share/ament_index/resource_index/parent_prefix_path/omni_dofbot_bringup
[0.570s] -- Up-to-date: /home/marino-lc/ROS2dev/tesisx3_plus/install/omni_dofbot_bringup/share/omni_dofbot_bringup/environment/ament_prefix_path.sh
[0.570s] -- Up-to-date: /home/marino-lc/ROS2dev/tesisx3_plus/install/omni_dofbot_bringup/share/omni_dofbot_bringup/environment/ament_prefix_path.dsv
[0.570s] -- Up-to-date: /home/marino-lc/ROS2dev/tesisx3_plus/install/omni_dofbot_bringup/share/omni_dofbot_bringup/environment/path.sh
[0.570s] -- Up-to-date: /home/marino-lc/ROS2dev/tesisx3_plus/install/omni_dofbot_bringup/share/omni_dofbot_bringup/environment/path.dsv
[0.570s] -- Up-to-date: /home/marino-lc/ROS2dev/tesisx3_plus/install/omni_dofbot_bringup/share/omni_dofbot_bringup/local_setup.bash
[0.570s] -- Up-to-date: /home/marino-lc/ROS2dev/tesisx3_plus/install/omni_dofbot_bringup/share/omni_dofbot_bringup/local_setup.sh
[0.570s] -- Up-to-date: /home/marino-lc/ROS2dev/tesisx3_plus/install/omni_dofbot_bringup/share/omni_dofbot_bringup/local_setup.zsh
[0.570s] -- Up-to-date: /home/marino-lc/ROS2dev/tesisx3_plus/install/omni_dofbot_bringup/share/omni_dofbot_bringup/local_setup.dsv
[0.570s] -- Installing: /home/marino-lc/ROS2dev/tesisx3_plus/install/omni_dofbot_bringup/share/omni_dofbot_bringup/package.dsv
[0.571s] -- Up-to-date: /home/marino-lc/ROS2dev/tesisx3_plus/install/omni_dofbot_bringup/share/ament_index/resource_index/packages/omni_dofbot_bringup
[0.571s] -- Up-to-date: /home/marino-lc/ROS2dev/tesisx3_plus/install/omni_dofbot_bringup/share/omni_dofbot_bringup/cmake/omni_dofbot_bringupConfig.cmake
[0.571s] -- Up-to-date: /home/marino-lc/ROS2dev/tesisx3_plus/install/omni_dofbot_bringup/share/omni_dofbot_bringup/cmake/omni_dofbot_bringupConfig-version.cmake
[0.571s] -- Up-to-date: /home/marino-lc/ROS2dev/tesisx3_plus/install/omni_dofbot_bringup/share/omni_dofbot_bringup/package.xml
[0.574s] Invoked command in '/home/marino-lc/ROS2dev/tesisx3_plus/build/omni_dofbot_bringup' returned '0': CMAKE_PREFIX_PATH=${CMAKE_PREFIX_PATH}:/opt/ros/jazzy DEBUGINFOD_URLS=https://debuginfod.ubuntu.com /usr/bin/cmake --install /home/marino-lc/ROS2dev/tesisx3_plus/build/omni_dofbot_bringup
