[0.015s] Invoking command in '/home/marino-lc/ROS2dev/tesisx3_plus/build/omni_dofbot_description': CMAKE_PREFIX_PATH=${CMAKE_PREFIX_PATH}:/opt/ros/jazzy DEBUGINFOD_URLS=https://debuginfod.ubuntu.com /usr/bin/cmake /home/marino-lc/ROS2dev/tesisx3_plus/src/omni_dofbot_description -DCMAKE_INSTALL_PREFIX=/home/marino-lc/ROS2dev/tesisx3_plus/install/omni_dofbot_description
[0.027s] -- Found ament_cmake: 2.5.6 (/opt/ros/jazzy/share/ament_cmake/cmake)
[0.152s] -- Found Python3: /usr/bin/python3 (found version "3.12.3") found components: Interpreter 
[0.321s] -- Configuring done (0.3s)
[0.324s] -- Generating done (0.0s)
[0.325s] -- Build files have been written to: /home/marino-lc/ROS2dev/tesisx3_plus/build/omni_dofbot_description
[0.327s] Invoked command in '/home/marino-lc/ROS2dev/tesisx3_plus/build/omni_dofbot_description' returned '0': CMAKE_PREFIX_PATH=${CMAKE_PREFIX_PATH}:/opt/ros/jazzy DEBUGINFOD_URLS=https://debuginfod.ubuntu.com /usr/bin/cmake /home/marino-lc/ROS2dev/tesisx3_plus/src/omni_dofbot_description -DCMAKE_INSTALL_PREFIX=/home/marino-lc/ROS2dev/tesisx3_plus/install/omni_dofbot_description
[0.328s] Invoking command in '/home/marino-lc/ROS2dev/tesisx3_plus/build/omni_dofbot_description': CMAKE_PREFIX_PATH=${CMAKE_PREFIX_PATH}:/opt/ros/jazzy DEBUGINFOD_URLS=https://debuginfod.ubuntu.com /usr/bin/cmake --build /home/marino-lc/ROS2dev/tesisx3_plus/build/omni_dofbot_description -- -j12 -l12
[0.363s] Invoked command in '/home/marino-lc/ROS2dev/tesisx3_plus/build/omni_dofbot_description' returned '0': CMAKE_PREFIX_PATH=${CMAKE_PREFIX_PATH}:/opt/ros/jazzy DEBUGINFOD_URLS=https://debuginfod.ubuntu.com /usr/bin/cmake --build /home/marino-lc/ROS2dev/tesisx3_plus/build/omni_dofbot_description -- -j12 -l12
[0.363s] Invoking command in '/home/marino-lc/ROS2dev/tesisx3_plus/build/omni_dofbot_description': CMAKE_PREFIX_PATH=${CMAKE_PREFIX_PATH}:/opt/ros/jazzy DEBUGINFOD_URLS=https://debuginfod.ubuntu.com /usr/bin/cmake --install /home/marino-lc/ROS2dev/tesisx3_plus/build/omni_dofbot_description
[0.370s] -- Install configuration: ""
[0.371s] -- Installing: /home/marino-lc/ROS2dev/tesisx3_plus/install/omni_dofbot_description/share/omni_dofbot_description//launch
[0.371s] -- Installing: /home/marino-lc/ROS2dev/tesisx3_plus/install/omni_dofbot_description/share/omni_dofbot_description//launch/omni_dofbot_display.launch.xml
[0.371s] -- Installing: /home/marino-lc/ROS2dev/tesisx3_plus/install/omni_dofbot_description/share/omni_dofbot_description//rviz
[0.371s] -- Installing: /home/marino-lc/ROS2dev/tesisx3_plus/install/omni_dofbot_description/share/omni_dofbot_description//rviz/omni_dofbot_rviz.rviz
[0.371s] -- Installing: /home/marino-lc/ROS2dev/tesisx3_plus/install/omni_dofbot_description/share/omni_dofbot_description//meshes
[0.371s] -- Installing: /home/marino-lc/ROS2dev/tesisx3_plus/install/omni_dofbot_description/share/omni_dofbot_description//meshes/base_link_omni_dofbot.stl
[0.372s] -- Installing: /home/marino-lc/ROS2dev/tesisx3_plus/install/omni_dofbot_description/share/omni_dofbot_description//meshes/display_omni_dofbot.stl
[0.372s] -- Installing: /home/marino-lc/ROS2dev/tesisx3_plus/install/omni_dofbot_description/share/omni_dofbot_description//meshes/80mm_mecanum_wheel_hex.stl
[0.374s] -- Installing: /home/marino-lc/ROS2dev/tesisx3_plus/install/omni_dofbot_description/share/omni_dofbot_description//urdf
[0.374s] -- Installing: /home/marino-lc/ROS2dev/tesisx3_plus/install/omni_dofbot_description/share/omni_dofbot_description//urdf/omni_dofbot_controllers.xacro
[0.374s] -- Installing: /home/marino-lc/ROS2dev/tesisx3_plus/install/omni_dofbot_description/share/omni_dofbot_description//urdf/omni_dofbot_trajectory_controller.xacro
[0.374s] -- Installing: /home/marino-lc/ROS2dev/tesisx3_plus/install/omni_dofbot_description/share/omni_dofbot_description//urdf/omni_dofbot_urdf.xacro
[0.375s] -- Installing: /home/marino-lc/ROS2dev/tesisx3_plus/install/omni_dofbot_description/share/omni_dofbot_description//urdf/xacro_properties.xacro
[0.375s] -- Installing: /home/marino-lc/ROS2dev/tesisx3_plus/install/omni_dofbot_description/share/omni_dofbot_description//urdf/omni_dofbot_no_control.xacro
[0.375s] -- Installing: /home/marino-lc/ROS2dev/tesisx3_plus/install/omni_dofbot_description/share/omni_dofbot_description//urdf/arm_base_link_xacro.xacro
[0.375s] -- Installing: /home/marino-lc/ROS2dev/tesisx3_plus/install/omni_dofbot_description/share/omni_dofbot_description//config
[0.375s] -- Installing: /home/marino-lc/ROS2dev/tesisx3_plus/install/omni_dofbot_description/share/omni_dofbot_description//config/omni_dofbot_controller.yaml
[0.375s] -- Installing: /home/marino-lc/ROS2dev/tesisx3_plus/install/omni_dofbot_description/share/ament_index/resource_index/package_run_dependencies/omni_dofbot_description
[0.375s] -- Installing: /home/marino-lc/ROS2dev/tesisx3_plus/install/omni_dofbot_description/share/ament_index/resource_index/parent_prefix_path/omni_dofbot_description
[0.376s] -- Installing: /home/marino-lc/ROS2dev/tesisx3_plus/install/omni_dofbot_description/share/omni_dofbot_description/environment/ament_prefix_path.sh
[0.376s] -- Installing: /home/marino-lc/ROS2dev/tesisx3_plus/install/omni_dofbot_description/share/omni_dofbot_description/environment/ament_prefix_path.dsv
[0.376s] -- Installing: /home/marino-lc/ROS2dev/tesisx3_plus/install/omni_dofbot_description/share/omni_dofbot_description/environment/path.sh
[0.376s] -- Installing: /home/marino-lc/ROS2dev/tesisx3_plus/install/omni_dofbot_description/share/omni_dofbot_description/environment/path.dsv
[0.376s] -- Installing: /home/marino-lc/ROS2dev/tesisx3_plus/install/omni_dofbot_description/share/omni_dofbot_description/local_setup.bash
[0.376s] -- Installing: /home/marino-lc/ROS2dev/tesisx3_plus/install/omni_dofbot_description/share/omni_dofbot_description/local_setup.sh
[0.376s] -- Installing: /home/marino-lc/ROS2dev/tesisx3_plus/install/omni_dofbot_description/share/omni_dofbot_description/local_setup.zsh
[0.376s] -- Installing: /home/marino-lc/ROS2dev/tesisx3_plus/install/omni_dofbot_description/share/omni_dofbot_description/local_setup.dsv
[0.377s] -- Installing: /home/marino-lc/ROS2dev/tesisx3_plus/install/omni_dofbot_description/share/omni_dofbot_description/package.dsv
[0.377s] -- Installing: /home/marino-lc/ROS2dev/tesisx3_plus/install/omni_dofbot_description/share/ament_index/resource_index/packages/omni_dofbot_description
[0.377s] -- Installing: /home/marino-lc/ROS2dev/tesisx3_plus/install/omni_dofbot_description/share/omni_dofbot_description/cmake/omni_dofbot_descriptionConfig.cmake
[0.377s] -- Installing: /home/marino-lc/ROS2dev/tesisx3_plus/install/omni_dofbot_description/share/omni_dofbot_description/cmake/omni_dofbot_descriptionConfig-version.cmake
[0.377s] -- Installing: /home/marino-lc/ROS2dev/tesisx3_plus/install/omni_dofbot_description/share/omni_dofbot_description/package.xml
[0.380s] Invoked command in '/home/marino-lc/ROS2dev/tesisx3_plus/build/omni_dofbot_description' returned '0': CMAKE_PREFIX_PATH=${CMAKE_PREFIX_PATH}:/opt/ros/jazzy DEBUGINFOD_URLS=https://debuginfod.ubuntu.com /usr/bin/cmake --install /home/marino-lc/ROS2dev/tesisx3_plus/build/omni_dofbot_description
