[0.006s] Invoking command in '/home/arrusr/ROSDev2/tesisx3_plus/build/omni_dofbot_bringup': CMAKE_PREFIX_PATH=${CMAKE_PREFIX_PATH}:/opt/ros/jazzy DEBUGINFOD_URLS=https://debuginfod.ubuntu.com /usr/bin/cmake /home/arrusr/ROSDev2/tesisx3_plus/src/omni_dofbot_bringup -DCMAKE_INSTALL_PREFIX=/home/arrusr/ROSDev2/tesisx3_plus/install/omni_dofbot_bringup
[0.131s] -- The C compiler identification is GNU 11.5.0
[0.206s] -- The CXX compiler identification is GNU 11.5.0
[0.218s] -- Detecting C compiler ABI info
[0.281s] -- Detecting C compiler ABI info - done
[0.285s] -- Check for working C compiler: /usr/bin/cc - skipped
[0.286s] -- Detecting C compile features
[0.287s] -- Detecting C compile features - done
[0.293s] -- Detecting CXX compiler ABI info
[0.348s] -- Detecting CXX compiler ABI info - done
[0.351s] -- Check for working CXX compiler: /usr/bin/c++ - skipped
[0.351s] -- Detecting CXX compile features
[0.351s] -- Detecting CXX compile features - done
[0.356s] -- Found ament_cmake: 2.5.6 (/opt/ros/jazzy/share/ament_cmake/cmake)
[0.628s] -- Found Python3: /home/arrusr/.pyenv/shims/python3 (found version "3.12.3") found components: Interpreter 
[0.727s] -- Found rclpy: 7.1.11 (/opt/ros/jazzy/share/rclpy/cmake)
[0.729s] -- Found std_msgs: 5.3.7 (/opt/ros/jazzy/share/std_msgs/cmake)
[0.765s] -- Found rosidl_generator_c: 4.6.7 (/opt/ros/jazzy/share/rosidl_generator_c/cmake)
[0.777s] -- Found rosidl_generator_cpp: 4.6.7 (/opt/ros/jazzy/share/rosidl_generator_cpp/cmake)
[0.791s] -- Using all available rosidl_typesupport_c: rosidl_typesupport_fastrtps_c;rosidl_typesupport_introspection_c
[0.807s] -- Using all available rosidl_typesupport_cpp: rosidl_typesupport_fastrtps_cpp;rosidl_typesupport_introspection_cpp
[0.831s] -- Found control_msgs: 5.9.0 (/opt/ros/jazzy/share/control_msgs/cmake)
[1.111s] -- Configuring done (1.1s)
[1.113s] -- Generating done (0.0s)
[1.114s] -- Build files have been written to: /home/arrusr/ROSDev2/tesisx3_plus/build/omni_dofbot_bringup
[1.120s] Invoked command in '/home/arrusr/ROSDev2/tesisx3_plus/build/omni_dofbot_bringup' returned '0': CMAKE_PREFIX_PATH=${CMAKE_PREFIX_PATH}:/opt/ros/jazzy DEBUGINFOD_URLS=https://debuginfod.ubuntu.com /usr/bin/cmake /home/arrusr/ROSDev2/tesisx3_plus/src/omni_dofbot_bringup -DCMAKE_INSTALL_PREFIX=/home/arrusr/ROSDev2/tesisx3_plus/install/omni_dofbot_bringup
[1.120s] Invoking command in '/home/arrusr/ROSDev2/tesisx3_plus/build/omni_dofbot_bringup': CMAKE_PREFIX_PATH=${CMAKE_PREFIX_PATH}:/opt/ros/jazzy DEBUGINFOD_URLS=https://debuginfod.ubuntu.com /usr/bin/cmake --build /home/arrusr/ROSDev2/tesisx3_plus/build/omni_dofbot_bringup -- -j24 -l24
[1.150s] Built target ament_cmake_python_copy_omni_dofbot_bringup
[1.293s] running egg_info
[1.293s] creating omni_dofbot_bringup.egg-info
[1.303s] writing omni_dofbot_bringup.egg-info/PKG-INFO
[1.303s] writing dependency_links to omni_dofbot_bringup.egg-info/dependency_links.txt
[1.303s] writing top-level names to omni_dofbot_bringup.egg-info/top_level.txt
[1.303s] writing manifest file 'omni_dofbot_bringup.egg-info/SOURCES.txt'
[1.334s] reading manifest file 'omni_dofbot_bringup.egg-info/SOURCES.txt'
[1.334s] writing manifest file 'omni_dofbot_bringup.egg-info/SOURCES.txt'
[1.350s] Built target ament_cmake_python_build_omni_dofbot_bringup_egg
[1.356s] Invoked command in '/home/arrusr/ROSDev2/tesisx3_plus/build/omni_dofbot_bringup' returned '0': CMAKE_PREFIX_PATH=${CMAKE_PREFIX_PATH}:/opt/ros/jazzy DEBUGINFOD_URLS=https://debuginfod.ubuntu.com /usr/bin/cmake --build /home/arrusr/ROSDev2/tesisx3_plus/build/omni_dofbot_bringup -- -j24 -l24
[1.357s] Invoking command in '/home/arrusr/ROSDev2/tesisx3_plus/build/omni_dofbot_bringup': CMAKE_PREFIX_PATH=${CMAKE_PREFIX_PATH}:/opt/ros/jazzy DEBUGINFOD_URLS=https://debuginfod.ubuntu.com /usr/bin/cmake --install /home/arrusr/ROSDev2/tesisx3_plus/build/omni_dofbot_bringup
[1.361s] -- Install configuration: ""
[1.361s] -- Installing: /home/arrusr/ROSDev2/tesisx3_plus/install/omni_dofbot_bringup/share/omni_dofbot_bringup//launch
[1.361s] -- Installing: /home/arrusr/ROSDev2/tesisx3_plus/install/omni_dofbot_bringup/share/omni_dofbot_bringup//launch/omni_dofbot_diagnostic.launch.py
[1.361s] -- Installing: /home/arrusr/ROSDev2/tesisx3_plus/install/omni_dofbot_bringup/share/omni_dofbot_bringup//launch/omni_dofbot_controller.launch.py
[1.361s] -- Installing: /home/arrusr/ROSDev2/tesisx3_plus/install/omni_dofbot_bringup/share/omni_dofbot_bringup//rviz
[1.361s] -- Installing: /home/arrusr/ROSDev2/tesisx3_plus/install/omni_dofbot_bringup/share/omni_dofbot_bringup//rviz/omni_dofbot_trayectory_rviz.rviz
[1.361s] -- Installing: /home/arrusr/ROSDev2/tesisx3_plus/install/omni_dofbot_bringup/share/omni_dofbot_bringup//world
[1.361s] -- Installing: /home/arrusr/ROSDev2/tesisx3_plus/install/omni_dofbot_bringup/share/omni_dofbot_bringup//world/Mundo_mesa_y_cajas.world
[1.361s] -- Installing: /home/arrusr/ROSDev2/tesisx3_plus/install/omni_dofbot_bringup/share/omni_dofbot_bringup/environment/pythonpath.sh
[1.361s] -- Installing: /home/arrusr/ROSDev2/tesisx3_plus/install/omni_dofbot_bringup/share/omni_dofbot_bringup/environment/pythonpath.dsv
[1.361s] -- Installing: /home/arrusr/ROSDev2/tesisx3_plus/install/omni_dofbot_bringup/lib/python3.12/site-packages/omni_dofbot_bringup-0.0.0-py3.12.egg-info
[1.361s] -- Installing: /home/arrusr/ROSDev2/tesisx3_plus/install/omni_dofbot_bringup/lib/python3.12/site-packages/omni_dofbot_bringup-0.0.0-py3.12.egg-info/top_level.txt
[1.361s] -- Installing: /home/arrusr/ROSDev2/tesisx3_plus/install/omni_dofbot_bringup/lib/python3.12/site-packages/omni_dofbot_bringup-0.0.0-py3.12.egg-info/SOURCES.txt
[1.361s] -- Installing: /home/arrusr/ROSDev2/tesisx3_plus/install/omni_dofbot_bringup/lib/python3.12/site-packages/omni_dofbot_bringup-0.0.0-py3.12.egg-info/dependency_links.txt
[1.362s] -- Installing: /home/arrusr/ROSDev2/tesisx3_plus/install/omni_dofbot_bringup/lib/python3.12/site-packages/omni_dofbot_bringup-0.0.0-py3.12.egg-info/PKG-INFO
[1.362s] -- Installing: /home/arrusr/ROSDev2/tesisx3_plus/install/omni_dofbot_bringup/lib/python3.12/site-packages/omni_dofbot_bringup
[1.362s] -- Installing: /home/arrusr/ROSDev2/tesisx3_plus/install/omni_dofbot_bringup/lib/python3.12/site-packages/omni_dofbot_bringup/__init__.py
[1.409s] Listing '/home/arrusr/ROSDev2/tesisx3_plus/install/omni_dofbot_bringup/lib/python3.12/site-packages/omni_dofbot_bringup'...
[1.409s] Compiling '/home/arrusr/ROSDev2/tesisx3_plus/install/omni_dofbot_bringup/lib/python3.12/site-packages/omni_dofbot_bringup/__init__.py'...
[1.411s] -- Installing: /home/arrusr/ROSDev2/tesisx3_plus/install/omni_dofbot_bringup/share/ament_index/resource_index/package_run_dependencies/omni_dofbot_bringup
[1.411s] -- Installing: /home/arrusr/ROSDev2/tesisx3_plus/install/omni_dofbot_bringup/share/ament_index/resource_index/parent_prefix_path/omni_dofbot_bringup
[1.412s] -- Installing: /home/arrusr/ROSDev2/tesisx3_plus/install/omni_dofbot_bringup/share/omni_dofbot_bringup/environment/ament_prefix_path.sh
[1.412s] -- Installing: /home/arrusr/ROSDev2/tesisx3_plus/install/omni_dofbot_bringup/share/omni_dofbot_bringup/environment/ament_prefix_path.dsv
[1.412s] -- Installing: /home/arrusr/ROSDev2/tesisx3_plus/install/omni_dofbot_bringup/share/omni_dofbot_bringup/environment/path.sh
[1.413s] -- Installing: /home/arrusr/ROSDev2/tesisx3_plus/install/omni_dofbot_bringup/share/omni_dofbot_bringup/environment/path.dsv
[1.413s] -- Installing: /home/arrusr/ROSDev2/tesisx3_plus/install/omni_dofbot_bringup/share/omni_dofbot_bringup/local_setup.bash
[1.413s] -- Installing: /home/arrusr/ROSDev2/tesisx3_plus/install/omni_dofbot_bringup/share/omni_dofbot_bringup/local_setup.sh
[1.413s] -- Installing: /home/arrusr/ROSDev2/tesisx3_plus/install/omni_dofbot_bringup/share/omni_dofbot_bringup/local_setup.zsh
[1.413s] -- Installing: /home/arrusr/ROSDev2/tesisx3_plus/install/omni_dofbot_bringup/share/omni_dofbot_bringup/local_setup.dsv
[1.413s] -- Installing: /home/arrusr/ROSDev2/tesisx3_plus/install/omni_dofbot_bringup/share/omni_dofbot_bringup/package.dsv
[1.413s] -- Installing: /home/arrusr/ROSDev2/tesisx3_plus/install/omni_dofbot_bringup/share/ament_index/resource_index/packages/omni_dofbot_bringup
[1.414s] -- Installing: /home/arrusr/ROSDev2/tesisx3_plus/install/omni_dofbot_bringup/share/omni_dofbot_bringup/cmake/omni_dofbot_bringupConfig.cmake
[1.414s] -- Installing: /home/arrusr/ROSDev2/tesisx3_plus/install/omni_dofbot_bringup/share/omni_dofbot_bringup/cmake/omni_dofbot_bringupConfig-version.cmake
[1.414s] -- Installing: /home/arrusr/ROSDev2/tesisx3_plus/install/omni_dofbot_bringup/share/omni_dofbot_bringup/package.xml
[1.414s] Invoked command in '/home/arrusr/ROSDev2/tesisx3_plus/build/omni_dofbot_bringup' returned '0': CMAKE_PREFIX_PATH=${CMAKE_PREFIX_PATH}:/opt/ros/jazzy DEBUGINFOD_URLS=https://debuginfod.ubuntu.com /usr/bin/cmake --install /home/arrusr/ROSDev2/tesisx3_plus/build/omni_dofbot_bringup
