[0.036s] Invoking command in '/home/marino-lc/ROS2dev/tesisx3_plus/build/dofbot_description': CMAKE_PREFIX_PATH=${CMAKE_PREFIX_PATH}:/opt/ros/jazzy DEBUGINFOD_URLS=https://debuginfod.ubuntu.com /usr/bin/cmake /home/marino-lc/ROS2dev/tesisx3_plus/src/dofbot_description -DCMAKE_INSTALL_PREFIX=/home/marino-lc/ROS2dev/tesisx3_plus/install/dofbot_description
[0.302s] -- The C compiler identification is GNU 13.3.0
[0.529s] -- The CXX compiler identification is GNU 13.3.0
[0.555s] -- Detecting C compiler ABI info
[0.717s] -- Detecting C compiler ABI info - done
[0.730s] -- Check for working C compiler: /usr/bin/cc - skipped
[0.731s] -- Detecting C compile features
[0.732s] -- Detecting C compile features - done
[0.749s] -- Detecting CXX compiler ABI info
[0.934s] -- Detecting CXX compiler ABI info - done
[0.947s] -- Check for working CXX compiler: /usr/bin/c++ - skipped
[0.948s] -- Detecting CXX compile features
[0.948s] -- Detecting CXX compile features - done
[0.966s] -- Found ament_cmake: 2.5.6 (/opt/ros/jazzy/share/ament_cmake/cmake)
[1.261s] -- Found Python3: /usr/bin/python3 (found version "3.12.3") found components: Interpreter 
[1.677s] -- Configuring done (1.6s)
[1.684s] -- Generating done (0.0s)
[1.688s] -- Build files have been written to: /home/marino-lc/ROS2dev/tesisx3_plus/build/dofbot_description
[1.698s] Invoked command in '/home/marino-lc/ROS2dev/tesisx3_plus/build/dofbot_description' returned '0': CMAKE_PREFIX_PATH=${CMAKE_PREFIX_PATH}:/opt/ros/jazzy DEBUGINFOD_URLS=https://debuginfod.ubuntu.com /usr/bin/cmake /home/marino-lc/ROS2dev/tesisx3_plus/src/dofbot_description -DCMAKE_INSTALL_PREFIX=/home/marino-lc/ROS2dev/tesisx3_plus/install/dofbot_description
[1.700s] Invoking command in '/home/marino-lc/ROS2dev/tesisx3_plus/build/dofbot_description': CMAKE_PREFIX_PATH=${CMAKE_PREFIX_PATH}:/opt/ros/jazzy DEBUGINFOD_URLS=https://debuginfod.ubuntu.com /usr/bin/cmake --build /home/marino-lc/ROS2dev/tesisx3_plus/build/dofbot_description -- -j12 -l12
[1.801s] Invoked command in '/home/marino-lc/ROS2dev/tesisx3_plus/build/dofbot_description' returned '0': CMAKE_PREFIX_PATH=${CMAKE_PREFIX_PATH}:/opt/ros/jazzy DEBUGINFOD_URLS=https://debuginfod.ubuntu.com /usr/bin/cmake --build /home/marino-lc/ROS2dev/tesisx3_plus/build/dofbot_description -- -j12 -l12
[1.804s] Invoking command in '/home/marino-lc/ROS2dev/tesisx3_plus/build/dofbot_description': CMAKE_PREFIX_PATH=${CMAKE_PREFIX_PATH}:/opt/ros/jazzy DEBUGINFOD_URLS=https://debuginfod.ubuntu.com /usr/bin/cmake --install /home/marino-lc/ROS2dev/tesisx3_plus/build/dofbot_description
[1.821s] -- Install configuration: ""
[1.822s] -- Installing: /home/marino-lc/ROS2dev/tesisx3_plus/install/dofbot_description/share/dofbot_description//config
[1.822s] -- Installing: /home/marino-lc/ROS2dev/tesisx3_plus/install/dofbot_description/share/dofbot_description//config/dofbot_trajectory_controller.yaml
[1.825s] -- Installing: /home/marino-lc/ROS2dev/tesisx3_plus/install/dofbot_description/share/dofbot_description//launch
[1.825s] -- Installing: /home/marino-lc/ROS2dev/tesisx3_plus/install/dofbot_description/share/dofbot_description//launch/dofbot_arm.launch.xml
[1.828s] -- Installing: /home/marino-lc/ROS2dev/tesisx3_plus/install/dofbot_description/share/dofbot_description//meshes
[1.828s] -- Installing: /home/marino-lc/ROS2dev/tesisx3_plus/install/dofbot_description/share/dofbot_description//meshes/sensor
[1.828s] -- Installing: /home/marino-lc/ROS2dev/tesisx3_plus/install/dofbot_description/share/dofbot_description//meshes/sensor/visual
[1.828s] -- Installing: /home/marino-lc/ROS2dev/tesisx3_plus/install/dofbot_description/share/dofbot_description//meshes/sensor/visual/mono_link.STL
[1.864s] -- Installing: /home/marino-lc/ROS2dev/tesisx3_plus/install/dofbot_description/share/dofbot_description//meshes/dofbot
[1.864s] -- Installing: /home/marino-lc/ROS2dev/tesisx3_plus/install/dofbot_description/share/dofbot_description//meshes/dofbot/visual
[1.864s] -- Installing: /home/marino-lc/ROS2dev/tesisx3_plus/install/dofbot_description/share/dofbot_description//meshes/dofbot/visual/lgrip_finger2.STL
[1.874s] -- Installing: /home/marino-lc/ROS2dev/tesisx3_plus/install/dofbot_description/share/dofbot_description//meshes/dofbot/visual/rgrip_finger2.STL
[1.892s] -- Installing: /home/marino-lc/ROS2dev/tesisx3_plus/install/dofbot_description/share/dofbot_description//meshes/dofbot/visual/base_link.STL
[1.936s] -- Installing: /home/marino-lc/ROS2dev/tesisx3_plus/install/dofbot_description/share/dofbot_description//meshes/dofbot/visual/arm_link1.STL
[1.982s] -- Installing: /home/marino-lc/ROS2dev/tesisx3_plus/install/dofbot_description/share/dofbot_description//meshes/dofbot/visual/rgrip_finger1.STL
[2.000s] -- Installing: /home/marino-lc/ROS2dev/tesisx3_plus/install/dofbot_description/share/dofbot_description//meshes/dofbot/visual/arm_link2.STL
[2.079s] -- Installing: /home/marino-lc/ROS2dev/tesisx3_plus/install/dofbot_description/share/dofbot_description//meshes/dofbot/visual/arm_link3.STL
[2.148s] -- Installing: /home/marino-lc/ROS2dev/tesisx3_plus/install/dofbot_description/share/dofbot_description//meshes/dofbot/visual/rgrip_finger3.STL
[2.178s] -- Installing: /home/marino-lc/ROS2dev/tesisx3_plus/install/dofbot_description/share/dofbot_description//meshes/dofbot/visual/lgrip_finger3.STL
[2.186s] -- Installing: /home/marino-lc/ROS2dev/tesisx3_plus/install/dofbot_description/share/dofbot_description//meshes/dofbot/visual/arm_link4.STL
[2.285s] -- Installing: /home/marino-lc/ROS2dev/tesisx3_plus/install/dofbot_description/share/dofbot_description//meshes/dofbot/visual/lgrip_finger1.STL
[2.288s] -- Installing: /home/marino-lc/ROS2dev/tesisx3_plus/install/dofbot_description/share/dofbot_description//meshes/dofbot/visual/arm_link5.STL
[2.312s] -- Installing: /home/marino-lc/ROS2dev/tesisx3_plus/install/dofbot_description/share/dofbot_description//rviz
[2.313s] -- Installing: /home/marino-lc/ROS2dev/tesisx3_plus/install/dofbot_description/share/dofbot_description//rviz/dofbot_arm_rviz.rviz
[2.315s] -- Installing: /home/marino-lc/ROS2dev/tesisx3_plus/install/dofbot_description/share/dofbot_description//urdf
[2.315s] -- Installing: /home/marino-lc/ROS2dev/tesisx3_plus/install/dofbot_description/share/dofbot_description//urdf/dofbot_arm_urdf.xacro
[2.315s] -- Installing: /home/marino-lc/ROS2dev/tesisx3_plus/install/dofbot_description/share/dofbot_description//urdf/monocular_camera_sensor.xacro
[2.317s] -- Installing: /home/marino-lc/ROS2dev/tesisx3_plus/install/dofbot_description/share/dofbot_description//urdf/dofbot_trajectory_controller.xacro
[2.318s] -- Installing: /home/marino-lc/ROS2dev/tesisx3_plus/install/dofbot_description/share/dofbot_description//urdf/xacro_properties.xacro
[2.319s] -- Installing: /home/marino-lc/ROS2dev/tesisx3_plus/install/dofbot_description/share/dofbot_description//urdf/dofbot_gz_properties.xacro
[2.321s] -- Installing: /home/marino-lc/ROS2dev/tesisx3_plus/install/dofbot_description/share/dofbot_description//urdf/trajectory_controller.xacro
[2.326s] -- Installing: /home/marino-lc/ROS2dev/tesisx3_plus/install/dofbot_description/share/dofbot_description//urdf/arm_base_link_xacro.xacro
[2.331s] -- Installing: /home/marino-lc/ROS2dev/tesisx3_plus/install/dofbot_description/share/ament_index/resource_index/package_run_dependencies/dofbot_description
[2.331s] -- Installing: /home/marino-lc/ROS2dev/tesisx3_plus/install/dofbot_description/share/ament_index/resource_index/parent_prefix_path/dofbot_description
[2.332s] -- Installing: /home/marino-lc/ROS2dev/tesisx3_plus/install/dofbot_description/share/dofbot_description/environment/ament_prefix_path.sh
[2.332s] -- Installing: /home/marino-lc/ROS2dev/tesisx3_plus/install/dofbot_description/share/dofbot_description/environment/ament_prefix_path.dsv
[2.332s] -- Installing: /home/marino-lc/ROS2dev/tesisx3_plus/install/dofbot_description/share/dofbot_description/environment/path.sh
[2.332s] -- Installing: /home/marino-lc/ROS2dev/tesisx3_plus/install/dofbot_description/share/dofbot_description/environment/path.dsv
[2.333s] -- Installing: /home/marino-lc/ROS2dev/tesisx3_plus/install/dofbot_description/share/dofbot_description/local_setup.bash
[2.333s] -- Installing: /home/marino-lc/ROS2dev/tesisx3_plus/install/dofbot_description/share/dofbot_description/local_setup.sh
[2.333s] -- Installing: /home/marino-lc/ROS2dev/tesisx3_plus/install/dofbot_description/share/dofbot_description/local_setup.zsh
[2.333s] -- Installing: /home/marino-lc/ROS2dev/tesisx3_plus/install/dofbot_description/share/dofbot_description/local_setup.dsv
[2.333s] -- Installing: /home/marino-lc/ROS2dev/tesisx3_plus/install/dofbot_description/share/dofbot_description/package.dsv
[2.334s] -- Installing: /home/marino-lc/ROS2dev/tesisx3_plus/install/dofbot_description/share/ament_index/resource_index/packages/dofbot_description
[2.334s] -- Installing: /home/marino-lc/ROS2dev/tesisx3_plus/install/dofbot_description/share/dofbot_description/cmake/dofbot_descriptionConfig.cmake
[2.334s] -- Installing: /home/marino-lc/ROS2dev/tesisx3_plus/install/dofbot_description/share/dofbot_description/cmake/dofbot_descriptionConfig-version.cmake
[2.334s] -- Installing: /home/marino-lc/ROS2dev/tesisx3_plus/install/dofbot_description/share/dofbot_description/package.xml
[2.338s] Invoked command in '/home/marino-lc/ROS2dev/tesisx3_plus/build/dofbot_description' returned '0': CMAKE_PREFIX_PATH=${CMAKE_PREFIX_PATH}:/opt/ros/jazzy DEBUGINFOD_URLS=https://debuginfod.ubuntu.com /usr/bin/cmake --install /home/marino-lc/ROS2dev/tesisx3_plus/build/dofbot_description
