-- Install configuration: ""
-- Up-to-date: /home/arrusr/ROSDev2/tesisx3_plus/install/omni_dofbot_description/share/omni_dofbot_description//launch
-- Up-to-date: /home/arrusr/ROSDev2/tesisx3_plus/install/omni_dofbot_description/share/omni_dofbot_description//launch/omni_dofbot_display.launch.xml
-- Up-to-date: /home/arrusr/ROSDev2/tesisx3_plus/install/omni_dofbot_description/share/omni_dofbot_description//rviz
-- Up-to-date: /home/arrusr/ROSDev2/tesisx3_plus/install/omni_dofbot_description/share/omni_dofbot_description//rviz/omni_dofbot_rviz.rviz
-- Up-to-date: /home/arrusr/ROSDev2/tesisx3_plus/install/omni_dofbot_description/share/omni_dofbot_description//meshes
-- Up-to-date: /home/arrusr/ROSDev2/tesisx3_plus/install/omni_dofbot_description/share/omni_dofbot_description//meshes/display_omni_dofbot.stl
-- Up-to-date: /home/arrusr/ROSDev2/tesisx3_plus/install/omni_dofbot_description/share/omni_dofbot_description//meshes/base_link_omni_dofbot.stl
-- Up-to-date: /home/arrusr/ROSDev2/tesisx3_plus/install/omni_dofbot_description/share/omni_dofbot_description//meshes/80mm_mecanum_wheel_hex.stl
-- Up-to-date: /home/arrusr/ROSDev2/tesisx3_plus/install/omni_dofbot_description/share/omni_dofbot_description//urdf
-- Up-to-date: /home/arrusr/ROSDev2/tesisx3_plus/install/omni_dofbot_description/share/omni_dofbot_description//urdf/omni_dofbot_urdf.xacro
-- Up-to-date: /home/arrusr/ROSDev2/tesisx3_plus/install/omni_dofbot_description/share/omni_dofbot_description//urdf/omni_dofbot_controllers.xacro
-- Up-to-date: /home/arrusr/ROSDev2/tesisx3_plus/install/omni_dofbot_description/share/omni_dofbot_description//urdf/omni_dofbot_no_control.xacro
-- Up-to-date: /home/arrusr/ROSDev2/tesisx3_plus/install/omni_dofbot_description/share/omni_dofbot_description//urdf/arm_base_link_xacro.xacro
-- Up-to-date: /home/arrusr/ROSDev2/tesisx3_plus/install/omni_dofbot_description/share/omni_dofbot_description//urdf/omni_dofbot_trajectory_controller.xacro
-- Up-to-date: /home/arrusr/ROSDev2/tesisx3_plus/install/omni_dofbot_description/share/omni_dofbot_description//urdf/xacro_properties.xacro
-- Up-to-date: /home/arrusr/ROSDev2/tesisx3_plus/install/omni_dofbot_description/share/omni_dofbot_description//config
-- Up-to-date: /home/arrusr/ROSDev2/tesisx3_plus/install/omni_dofbot_description/share/omni_dofbot_description//config/omni_dofbot_controller.yaml
-- Up-to-date: /home/arrusr/ROSDev2/tesisx3_plus/install/omni_dofbot_description/share/ament_index/resource_index/package_run_dependencies/omni_dofbot_description
-- Up-to-date: /home/arrusr/ROSDev2/tesisx3_plus/install/omni_dofbot_description/share/ament_index/resource_index/parent_prefix_path/omni_dofbot_description
-- Up-to-date: /home/arrusr/ROSDev2/tesisx3_plus/install/omni_dofbot_description/share/omni_dofbot_description/environment/ament_prefix_path.sh
-- Up-to-date: /home/arrusr/ROSDev2/tesisx3_plus/install/omni_dofbot_description/share/omni_dofbot_description/environment/ament_prefix_path.dsv
-- Up-to-date: /home/arrusr/ROSDev2/tesisx3_plus/install/omni_dofbot_description/share/omni_dofbot_description/environment/path.sh
-- Up-to-date: /home/arrusr/ROSDev2/tesisx3_plus/install/omni_dofbot_description/share/omni_dofbot_description/environment/path.dsv
-- Up-to-date: /home/arrusr/ROSDev2/tesisx3_plus/install/omni_dofbot_description/share/omni_dofbot_description/local_setup.bash
-- Up-to-date: /home/arrusr/ROSDev2/tesisx3_plus/install/omni_dofbot_description/share/omni_dofbot_description/local_setup.sh
-- Up-to-date: /home/arrusr/ROSDev2/tesisx3_plus/install/omni_dofbot_description/share/omni_dofbot_description/local_setup.zsh
-- Up-to-date: /home/arrusr/ROSDev2/tesisx3_plus/install/omni_dofbot_description/share/omni_dofbot_description/local_setup.dsv
-- Installing: /home/arrusr/ROSDev2/tesisx3_plus/install/omni_dofbot_description/share/omni_dofbot_description/package.dsv
-- Up-to-date: /home/arrusr/ROSDev2/tesisx3_plus/install/omni_dofbot_description/share/ament_index/resource_index/packages/omni_dofbot_description
-- Up-to-date: /home/arrusr/ROSDev2/tesisx3_plus/install/omni_dofbot_description/share/omni_dofbot_description/cmake/omni_dofbot_descriptionConfig.cmake
-- Up-to-date: /home/arrusr/ROSDev2/tesisx3_plus/install/omni_dofbot_description/share/omni_dofbot_description/cmake/omni_dofbot_descriptionConfig-version.cmake
-- Up-to-date: /home/arrusr/ROSDev2/tesisx3_plus/install/omni_dofbot_description/share/omni_dofbot_description/package.xml
