[0.028s] Invoking command in '/home/arrgusr/ROS2Dev/X3_PLUS/build/omni_dofbot_description': CMAKE_PREFIX_PATH=${CMAKE_PREFIX_PATH}:/opt/ros/jazzy DEBUGINFOD_URLS=https://debuginfod.ubuntu.com /usr/bin/cmake /home/arrgusr/ROS2Dev/X3_PLUS/src/omni_dofbot_description -DCMAKE_INSTALL_PREFIX=/home/arrgusr/ROS2Dev/X3_PLUS/install/omni_dofbot_description
[0.116s] -- The C compiler identification is GNU 13.3.0
[0.199s] -- The CXX compiler identification is GNU 13.3.0
[0.224s] -- Detecting C compiler ABI info
[0.364s] -- Detecting C compiler ABI info - done
[0.371s] -- Check for working C compiler: /usr/bin/cc - skipped
[0.372s] -- Detecting C compile features
[0.373s] -- Detecting C compile features - done
[0.386s] -- Detecting CXX compiler ABI info
[0.541s] -- Detecting CXX compiler ABI info - done
[0.548s] -- Check for working CXX compiler: /usr/bin/c++ - skipped
[0.548s] -- Detecting CXX compile features
[0.551s] -- Detecting CXX compile features - done
[0.554s] -- Found ament_cmake: 2.5.5 (/opt/ros/jazzy/share/ament_cmake/cmake)
[1.384s] -- Found Python3: /home/arrgusr/.pyenv/shims/python3 (found version "3.12.3") found components: Interpreter 
[1.791s] -- Configuring done (1.8s)
[1.797s] -- Generating done (0.0s)
[1.801s] -- Build files have been written to: /home/arrgusr/ROS2Dev/X3_PLUS/build/omni_dofbot_description
[1.810s] Invoked command in '/home/arrgusr/ROS2Dev/X3_PLUS/build/omni_dofbot_description' returned '0': CMAKE_PREFIX_PATH=${CMAKE_PREFIX_PATH}:/opt/ros/jazzy DEBUGINFOD_URLS=https://debuginfod.ubuntu.com /usr/bin/cmake /home/arrgusr/ROS2Dev/X3_PLUS/src/omni_dofbot_description -DCMAKE_INSTALL_PREFIX=/home/arrgusr/ROS2Dev/X3_PLUS/install/omni_dofbot_description
[1.810s] Invoking command in '/home/arrgusr/ROS2Dev/X3_PLUS/build/omni_dofbot_description': CMAKE_PREFIX_PATH=${CMAKE_PREFIX_PATH}:/opt/ros/jazzy DEBUGINFOD_URLS=https://debuginfod.ubuntu.com /usr/bin/cmake --build /home/arrgusr/ROS2Dev/X3_PLUS/build/omni_dofbot_description -- -j2 -l2
[1.883s] Invoked command in '/home/arrgusr/ROS2Dev/X3_PLUS/build/omni_dofbot_description' returned '0': CMAKE_PREFIX_PATH=${CMAKE_PREFIX_PATH}:/opt/ros/jazzy DEBUGINFOD_URLS=https://debuginfod.ubuntu.com /usr/bin/cmake --build /home/arrgusr/ROS2Dev/X3_PLUS/build/omni_dofbot_description -- -j2 -l2
[1.883s] Invoking command in '/home/arrgusr/ROS2Dev/X3_PLUS/build/omni_dofbot_description': CMAKE_PREFIX_PATH=${CMAKE_PREFIX_PATH}:/opt/ros/jazzy DEBUGINFOD_URLS=https://debuginfod.ubuntu.com /usr/bin/cmake --install /home/arrgusr/ROS2Dev/X3_PLUS/build/omni_dofbot_description
[1.897s] -- Install configuration: ""
[1.898s] -- Installing: /home/arrgusr/ROS2Dev/X3_PLUS/install/omni_dofbot_description/share/omni_dofbot_description//launch
[1.898s] -- Installing: /home/arrgusr/ROS2Dev/X3_PLUS/install/omni_dofbot_description/share/omni_dofbot_description//launch/omni_dofbot_display.launch.xml
[1.898s] -- Installing: /home/arrgusr/ROS2Dev/X3_PLUS/install/omni_dofbot_description/share/omni_dofbot_description//rviz
[1.898s] -- Installing: /home/arrgusr/ROS2Dev/X3_PLUS/install/omni_dofbot_description/share/omni_dofbot_description//rviz/omni_dofbot_rviz.rviz
[1.898s] -- Installing: /home/arrgusr/ROS2Dev/X3_PLUS/install/omni_dofbot_description/share/omni_dofbot_description//meshes
[1.899s] -- Installing: /home/arrgusr/ROS2Dev/X3_PLUS/install/omni_dofbot_description/share/omni_dofbot_description//meshes/base_link_omni_dofbot.stl
[1.900s] -- Installing: /home/arrgusr/ROS2Dev/X3_PLUS/install/omni_dofbot_description/share/omni_dofbot_description//meshes/display_omni_dofbot.stl
[1.900s] -- Installing: /home/arrgusr/ROS2Dev/X3_PLUS/install/omni_dofbot_description/share/omni_dofbot_description//meshes/80mm_mecanum_wheel_hex.stl
[1.904s] -- Installing: /home/arrgusr/ROS2Dev/X3_PLUS/install/omni_dofbot_description/share/omni_dofbot_description//urdf
[1.904s] -- Installing: /home/arrgusr/ROS2Dev/X3_PLUS/install/omni_dofbot_description/share/omni_dofbot_description//urdf/omni_dofbot_trajectory_controller.xacro
[1.904s] -- Installing: /home/arrgusr/ROS2Dev/X3_PLUS/install/omni_dofbot_description/share/omni_dofbot_description//urdf/omni_dofbot_controllers.xacro
[1.904s] -- Installing: /home/arrgusr/ROS2Dev/X3_PLUS/install/omni_dofbot_description/share/omni_dofbot_description//urdf/arm_base_link_xacro.xacro
[1.904s] -- Installing: /home/arrgusr/ROS2Dev/X3_PLUS/install/omni_dofbot_description/share/omni_dofbot_description//urdf/xacro_properties.xacro
[1.904s] -- Installing: /home/arrgusr/ROS2Dev/X3_PLUS/install/omni_dofbot_description/share/omni_dofbot_description//urdf/omni_dofbot_urdf.xacro
[1.904s] -- Installing: /home/arrgusr/ROS2Dev/X3_PLUS/install/omni_dofbot_description/share/omni_dofbot_description//config
[1.904s] -- Installing: /home/arrgusr/ROS2Dev/X3_PLUS/install/omni_dofbot_description/share/omni_dofbot_description//config/omni_dofbot_controller.yaml
[1.904s] -- Installing: /home/arrgusr/ROS2Dev/X3_PLUS/install/omni_dofbot_description/share/ament_index/resource_index/package_run_dependencies/omni_dofbot_description
[1.904s] -- Installing: /home/arrgusr/ROS2Dev/X3_PLUS/install/omni_dofbot_description/share/ament_index/resource_index/parent_prefix_path/omni_dofbot_description
[1.905s] -- Installing: /home/arrgusr/ROS2Dev/X3_PLUS/install/omni_dofbot_description/share/omni_dofbot_description/environment/ament_prefix_path.sh
[1.906s] -- Installing: /home/arrgusr/ROS2Dev/X3_PLUS/install/omni_dofbot_description/share/omni_dofbot_description/environment/ament_prefix_path.dsv
[1.906s] -- Installing: /home/arrgusr/ROS2Dev/X3_PLUS/install/omni_dofbot_description/share/omni_dofbot_description/environment/path.sh
[1.906s] -- Installing: /home/arrgusr/ROS2Dev/X3_PLUS/install/omni_dofbot_description/share/omni_dofbot_description/environment/path.dsv
[1.906s] -- Installing: /home/arrgusr/ROS2Dev/X3_PLUS/install/omni_dofbot_description/share/omni_dofbot_description/local_setup.bash
[1.906s] -- Installing: /home/arrgusr/ROS2Dev/X3_PLUS/install/omni_dofbot_description/share/omni_dofbot_description/local_setup.sh
[1.906s] -- Installing: /home/arrgusr/ROS2Dev/X3_PLUS/install/omni_dofbot_description/share/omni_dofbot_description/local_setup.zsh
[1.906s] -- Installing: /home/arrgusr/ROS2Dev/X3_PLUS/install/omni_dofbot_description/share/omni_dofbot_description/local_setup.dsv
[1.906s] -- Installing: /home/arrgusr/ROS2Dev/X3_PLUS/install/omni_dofbot_description/share/omni_dofbot_description/package.dsv
[1.907s] -- Installing: /home/arrgusr/ROS2Dev/X3_PLUS/install/omni_dofbot_description/share/ament_index/resource_index/packages/omni_dofbot_description
[1.908s] -- Installing: /home/arrgusr/ROS2Dev/X3_PLUS/install/omni_dofbot_description/share/omni_dofbot_description/cmake/omni_dofbot_descriptionConfig.cmake
[1.908s] -- Installing: /home/arrgusr/ROS2Dev/X3_PLUS/install/omni_dofbot_description/share/omni_dofbot_description/cmake/omni_dofbot_descriptionConfig-version.cmake
[1.908s] -- Installing: /home/arrgusr/ROS2Dev/X3_PLUS/install/omni_dofbot_description/share/omni_dofbot_description/package.xml
[1.911s] Invoked command in '/home/arrgusr/ROS2Dev/X3_PLUS/build/omni_dofbot_description' returned '0': CMAKE_PREFIX_PATH=${CMAKE_PREFIX_PATH}:/opt/ros/jazzy DEBUGINFOD_URLS=https://debuginfod.ubuntu.com /usr/bin/cmake --install /home/arrgusr/ROS2Dev/X3_PLUS/build/omni_dofbot_description
