Built target ament_cmake_python_copy_dofbot_bringup
running egg_info
writing dofbot_bringup.egg-info/PKG-INFO
writing dependency_links to dofbot_bringup.egg-info/dependency_links.txt
writing top-level names to dofbot_bringup.egg-info/top_level.txt
reading manifest file 'dofbot_bringup.egg-info/SOURCES.txt'
writing manifest file 'dofbot_bringup.egg-info/SOURCES.txt'
Built target ament_cmake_python_build_dofbot_bringup_egg
-- Install configuration: ""
-- Up-to-date: /home/arrgusr/ROS2Dev/X3_PLUS/install/dofbot_bringup/share/dofbot_bringup//launch
-- Up-to-date: /home/arrgusr/ROS2Dev/X3_PLUS/install/dofbot_bringup/share/dofbot_bringup//launch/dofbot_trajectory_controller.launch.py
-- Up-to-date: /home/arrgusr/ROS2Dev/X3_PLUS/install/dofbot_bringup/share/dofbot_bringup//rviz
-- Up-to-date: /home/arrgusr/ROS2Dev/X3_PLUS/install/dofbot_bringup/share/dofbot_bringup//rviz/dofbot_trajectory_rviz.rviz
-- Up-to-date: /home/arrgusr/ROS2Dev/X3_PLUS/install/dofbot_bringup/share/dofbot_bringup//world
-- Up-to-date: /home/arrgusr/ROS2Dev/X3_PLUS/install/dofbot_bringup/share/dofbot_bringup//world/test_world.world
-- Up-to-date: /home/arrgusr/ROS2Dev/X3_PLUS/install/dofbot_bringup/share/dofbot_bringup//src
-- Up-to-date: /home/arrgusr/ROS2Dev/X3_PLUS/install/dofbot_bringup/share/dofbot_bringup//src/dofbot_trajectory_test.py
-- Up-to-date: /home/arrgusr/ROS2Dev/X3_PLUS/install/dofbot_bringup/share/dofbot_bringup//src/dofbot_gripper_test.py
-- Up-to-date: /home/arrgusr/ROS2Dev/X3_PLUS/install/dofbot_bringup/share/dofbot_bringup/environment/pythonpath.sh
-- Up-to-date: /home/arrgusr/ROS2Dev/X3_PLUS/install/dofbot_bringup/share/dofbot_bringup/environment/pythonpath.dsv
-- Up-to-date: /home/arrgusr/ROS2Dev/X3_PLUS/install/dofbot_bringup/lib/python3.12/site-packages/dofbot_bringup-0.0.0-py3.12.egg-info
-- Installing: /home/arrgusr/ROS2Dev/X3_PLUS/install/dofbot_bringup/lib/python3.12/site-packages/dofbot_bringup-0.0.0-py3.12.egg-info/PKG-INFO
-- Installing: /home/arrgusr/ROS2Dev/X3_PLUS/install/dofbot_bringup/lib/python3.12/site-packages/dofbot_bringup-0.0.0-py3.12.egg-info/SOURCES.txt
-- Installing: /home/arrgusr/ROS2Dev/X3_PLUS/install/dofbot_bringup/lib/python3.12/site-packages/dofbot_bringup-0.0.0-py3.12.egg-info/top_level.txt
-- Installing: /home/arrgusr/ROS2Dev/X3_PLUS/install/dofbot_bringup/lib/python3.12/site-packages/dofbot_bringup-0.0.0-py3.12.egg-info/dependency_links.txt
-- Up-to-date: /home/arrgusr/ROS2Dev/X3_PLUS/install/dofbot_bringup/lib/python3.12/site-packages/dofbot_bringup
-- Up-to-date: /home/arrgusr/ROS2Dev/X3_PLUS/install/dofbot_bringup/lib/python3.12/site-packages/dofbot_bringup/__init__.py
Listing '/home/arrgusr/ROS2Dev/X3_PLUS/install/dofbot_bringup/lib/python3.12/site-packages/dofbot_bringup'...
-- Up-to-date: /home/arrgusr/ROS2Dev/X3_PLUS/install/dofbot_bringup/lib/dofbot_bringup/dofbot_trajectory_test.py
-- Up-to-date: /home/arrgusr/ROS2Dev/X3_PLUS/install/dofbot_bringup/lib/dofbot_bringup/dofbot_gripper_test.py
-- Up-to-date: /home/arrgusr/ROS2Dev/X3_PLUS/install/dofbot_bringup/share/ament_index/resource_index/package_run_dependencies/dofbot_bringup
-- Up-to-date: /home/arrgusr/ROS2Dev/X3_PLUS/install/dofbot_bringup/share/ament_index/resource_index/parent_prefix_path/dofbot_bringup
-- Up-to-date: /home/arrgusr/ROS2Dev/X3_PLUS/install/dofbot_bringup/share/dofbot_bringup/environment/ament_prefix_path.sh
-- Up-to-date: /home/arrgusr/ROS2Dev/X3_PLUS/install/dofbot_bringup/share/dofbot_bringup/environment/ament_prefix_path.dsv
-- Up-to-date: /home/arrgusr/ROS2Dev/X3_PLUS/install/dofbot_bringup/share/dofbot_bringup/environment/path.sh
-- Up-to-date: /home/arrgusr/ROS2Dev/X3_PLUS/install/dofbot_bringup/share/dofbot_bringup/environment/path.dsv
-- Up-to-date: /home/arrgusr/ROS2Dev/X3_PLUS/install/dofbot_bringup/share/dofbot_bringup/local_setup.bash
-- Up-to-date: /home/arrgusr/ROS2Dev/X3_PLUS/install/dofbot_bringup/share/dofbot_bringup/local_setup.sh
-- Up-to-date: /home/arrgusr/ROS2Dev/X3_PLUS/install/dofbot_bringup/share/dofbot_bringup/local_setup.zsh
-- Up-to-date: /home/arrgusr/ROS2Dev/X3_PLUS/install/dofbot_bringup/share/dofbot_bringup/local_setup.dsv
-- Installing: /home/arrgusr/ROS2Dev/X3_PLUS/install/dofbot_bringup/share/dofbot_bringup/package.dsv
-- Up-to-date: /home/arrgusr/ROS2Dev/X3_PLUS/install/dofbot_bringup/share/ament_index/resource_index/packages/dofbot_bringup
-- Up-to-date: /home/arrgusr/ROS2Dev/X3_PLUS/install/dofbot_bringup/share/dofbot_bringup/cmake/dofbot_bringupConfig.cmake
-- Up-to-date: /home/arrgusr/ROS2Dev/X3_PLUS/install/dofbot_bringup/share/dofbot_bringup/cmake/dofbot_bringupConfig-version.cmake
-- Up-to-date: /home/arrgusr/ROS2Dev/X3_PLUS/install/dofbot_bringup/share/dofbot_bringup/package.xml
