[0.024s] Invoking command in '/home/arrgusr/ROS2Dev/X3_PLUS/build/dofbot_bringup': CMAKE_PREFIX_PATH=${CMAKE_PREFIX_PATH}:/opt/ros/jazzy DEBUGINFOD_URLS=https://debuginfod.ubuntu.com /usr/bin/cmake --build /home/arrgusr/ROS2Dev/X3_PLUS/build/dofbot_bringup -- -j2 -l2
[0.116s] Built target ament_cmake_python_copy_dofbot_bringup
[0.419s] running egg_info
[0.436s] writing dofbot_bringup.egg-info/PKG-INFO
[0.437s] writing dependency_links to dofbot_bringup.egg-info/dependency_links.txt
[0.438s] writing top-level names to dofbot_bringup.egg-info/top_level.txt
[0.485s] reading manifest file 'dofbot_bringup.egg-info/SOURCES.txt'
[0.486s] writing manifest file 'dofbot_bringup.egg-info/SOURCES.txt'
[0.532s] Built target ament_cmake_python_build_dofbot_bringup_egg
[0.547s] Invoked command in '/home/arrgusr/ROS2Dev/X3_PLUS/build/dofbot_bringup' returned '0': CMAKE_PREFIX_PATH=${CMAKE_PREFIX_PATH}:/opt/ros/jazzy DEBUGINFOD_URLS=https://debuginfod.ubuntu.com /usr/bin/cmake --build /home/arrgusr/ROS2Dev/X3_PLUS/build/dofbot_bringup -- -j2 -l2
[0.547s] Invoking command in '/home/arrgusr/ROS2Dev/X3_PLUS/build/dofbot_bringup': CMAKE_PREFIX_PATH=${CMAKE_PREFIX_PATH}:/opt/ros/jazzy DEBUGINFOD_URLS=https://debuginfod.ubuntu.com /usr/bin/cmake --install /home/arrgusr/ROS2Dev/X3_PLUS/build/dofbot_bringup
[0.558s] -- Install configuration: ""
[0.559s] -- Up-to-date: /home/arrgusr/ROS2Dev/X3_PLUS/install/dofbot_bringup/share/dofbot_bringup//launch
[0.559s] -- Up-to-date: /home/arrgusr/ROS2Dev/X3_PLUS/install/dofbot_bringup/share/dofbot_bringup//launch/dofbot_trajectory_controller.launch.py
[0.559s] -- Up-to-date: /home/arrgusr/ROS2Dev/X3_PLUS/install/dofbot_bringup/share/dofbot_bringup//rviz
[0.559s] -- Up-to-date: /home/arrgusr/ROS2Dev/X3_PLUS/install/dofbot_bringup/share/dofbot_bringup//rviz/dofbot_trajectory_rviz.rviz
[0.559s] -- Up-to-date: /home/arrgusr/ROS2Dev/X3_PLUS/install/dofbot_bringup/share/dofbot_bringup//world
[0.559s] -- Up-to-date: /home/arrgusr/ROS2Dev/X3_PLUS/install/dofbot_bringup/share/dofbot_bringup//world/test_world.world
[0.560s] -- Up-to-date: /home/arrgusr/ROS2Dev/X3_PLUS/install/dofbot_bringup/share/dofbot_bringup//src
[0.560s] -- Up-to-date: /home/arrgusr/ROS2Dev/X3_PLUS/install/dofbot_bringup/share/dofbot_bringup//src/dofbot_trajectory_test.py
[0.560s] -- Up-to-date: /home/arrgusr/ROS2Dev/X3_PLUS/install/dofbot_bringup/share/dofbot_bringup//src/dofbot_gripper_test.py
[0.560s] -- Up-to-date: /home/arrgusr/ROS2Dev/X3_PLUS/install/dofbot_bringup/share/dofbot_bringup/environment/pythonpath.sh
[0.560s] -- Up-to-date: /home/arrgusr/ROS2Dev/X3_PLUS/install/dofbot_bringup/share/dofbot_bringup/environment/pythonpath.dsv
[0.560s] -- Up-to-date: /home/arrgusr/ROS2Dev/X3_PLUS/install/dofbot_bringup/lib/python3.12/site-packages/dofbot_bringup-0.0.0-py3.12.egg-info
[0.560s] -- Installing: /home/arrgusr/ROS2Dev/X3_PLUS/install/dofbot_bringup/lib/python3.12/site-packages/dofbot_bringup-0.0.0-py3.12.egg-info/PKG-INFO
[0.561s] -- Installing: /home/arrgusr/ROS2Dev/X3_PLUS/install/dofbot_bringup/lib/python3.12/site-packages/dofbot_bringup-0.0.0-py3.12.egg-info/SOURCES.txt
[0.561s] -- Installing: /home/arrgusr/ROS2Dev/X3_PLUS/install/dofbot_bringup/lib/python3.12/site-packages/dofbot_bringup-0.0.0-py3.12.egg-info/top_level.txt
[0.562s] -- Installing: /home/arrgusr/ROS2Dev/X3_PLUS/install/dofbot_bringup/lib/python3.12/site-packages/dofbot_bringup-0.0.0-py3.12.egg-info/dependency_links.txt
[0.562s] -- Up-to-date: /home/arrgusr/ROS2Dev/X3_PLUS/install/dofbot_bringup/lib/python3.12/site-packages/dofbot_bringup
[0.562s] -- Up-to-date: /home/arrgusr/ROS2Dev/X3_PLUS/install/dofbot_bringup/lib/python3.12/site-packages/dofbot_bringup/__init__.py
[0.674s] Listing '/home/arrgusr/ROS2Dev/X3_PLUS/install/dofbot_bringup/lib/python3.12/site-packages/dofbot_bringup'...
[0.679s] -- Up-to-date: /home/arrgusr/ROS2Dev/X3_PLUS/install/dofbot_bringup/lib/dofbot_bringup/dofbot_trajectory_test.py
[0.679s] -- Up-to-date: /home/arrgusr/ROS2Dev/X3_PLUS/install/dofbot_bringup/lib/dofbot_bringup/dofbot_gripper_test.py
[0.679s] -- Up-to-date: /home/arrgusr/ROS2Dev/X3_PLUS/install/dofbot_bringup/share/ament_index/resource_index/package_run_dependencies/dofbot_bringup
[0.680s] -- Up-to-date: /home/arrgusr/ROS2Dev/X3_PLUS/install/dofbot_bringup/share/ament_index/resource_index/parent_prefix_path/dofbot_bringup
[0.680s] -- Up-to-date: /home/arrgusr/ROS2Dev/X3_PLUS/install/dofbot_bringup/share/dofbot_bringup/environment/ament_prefix_path.sh
[0.680s] -- Up-to-date: /home/arrgusr/ROS2Dev/X3_PLUS/install/dofbot_bringup/share/dofbot_bringup/environment/ament_prefix_path.dsv
[0.680s] -- Up-to-date: /home/arrgusr/ROS2Dev/X3_PLUS/install/dofbot_bringup/share/dofbot_bringup/environment/path.sh
[0.680s] -- Up-to-date: /home/arrgusr/ROS2Dev/X3_PLUS/install/dofbot_bringup/share/dofbot_bringup/environment/path.dsv
[0.681s] -- Up-to-date: /home/arrgusr/ROS2Dev/X3_PLUS/install/dofbot_bringup/share/dofbot_bringup/local_setup.bash
[0.681s] -- Up-to-date: /home/arrgusr/ROS2Dev/X3_PLUS/install/dofbot_bringup/share/dofbot_bringup/local_setup.sh
[0.681s] -- Up-to-date: /home/arrgusr/ROS2Dev/X3_PLUS/install/dofbot_bringup/share/dofbot_bringup/local_setup.zsh
[0.681s] -- Up-to-date: /home/arrgusr/ROS2Dev/X3_PLUS/install/dofbot_bringup/share/dofbot_bringup/local_setup.dsv
[0.681s] -- Installing: /home/arrgusr/ROS2Dev/X3_PLUS/install/dofbot_bringup/share/dofbot_bringup/package.dsv
[0.681s] -- Up-to-date: /home/arrgusr/ROS2Dev/X3_PLUS/install/dofbot_bringup/share/ament_index/resource_index/packages/dofbot_bringup
[0.682s] -- Up-to-date: /home/arrgusr/ROS2Dev/X3_PLUS/install/dofbot_bringup/share/dofbot_bringup/cmake/dofbot_bringupConfig.cmake
[0.682s] -- Up-to-date: /home/arrgusr/ROS2Dev/X3_PLUS/install/dofbot_bringup/share/dofbot_bringup/cmake/dofbot_bringupConfig-version.cmake
[0.682s] -- Up-to-date: /home/arrgusr/ROS2Dev/X3_PLUS/install/dofbot_bringup/share/dofbot_bringup/package.xml
[0.686s] Invoked command in '/home/arrgusr/ROS2Dev/X3_PLUS/build/dofbot_bringup' returned '0': CMAKE_PREFIX_PATH=${CMAKE_PREFIX_PATH}:/opt/ros/jazzy DEBUGINFOD_URLS=https://debuginfod.ubuntu.com /usr/bin/cmake --install /home/arrgusr/ROS2Dev/X3_PLUS/build/dofbot_bringup
