[0.016s] Invoking command in '/home/marino-lc/ROS2dev/tesisx3_plus/build/dofbot_description': CMAKE_PREFIX_PATH=${CMAKE_PREFIX_PATH}:/opt/ros/jazzy DEBUGINFOD_URLS=https://debuginfod.ubuntu.com /usr/bin/cmake /home/marino-lc/ROS2dev/tesisx3_plus/src/dofbot_description -DCMAKE_INSTALL_PREFIX=/home/marino-lc/ROS2dev/tesisx3_plus/install/dofbot_description
[0.030s] -- Found ament_cmake: 2.5.6 (/opt/ros/jazzy/share/ament_cmake/cmake)
[0.153s] -- Found Python3: /usr/bin/python3 (found version "3.12.3") found components: Interpreter 
[0.324s] -- Configuring done (0.3s)
[0.326s] -- Generating done (0.0s)
[0.328s] -- Build files have been written to: /home/marino-lc/ROS2dev/tesisx3_plus/build/dofbot_description
[0.331s] Invoked command in '/home/marino-lc/ROS2dev/tesisx3_plus/build/dofbot_description' returned '0': CMAKE_PREFIX_PATH=${CMAKE_PREFIX_PATH}:/opt/ros/jazzy DEBUGINFOD_URLS=https://debuginfod.ubuntu.com /usr/bin/cmake /home/marino-lc/ROS2dev/tesisx3_plus/src/dofbot_description -DCMAKE_INSTALL_PREFIX=/home/marino-lc/ROS2dev/tesisx3_plus/install/dofbot_description
[0.332s] Invoking command in '/home/marino-lc/ROS2dev/tesisx3_plus/build/dofbot_description': CMAKE_PREFIX_PATH=${CMAKE_PREFIX_PATH}:/opt/ros/jazzy DEBUGINFOD_URLS=https://debuginfod.ubuntu.com /usr/bin/cmake --build /home/marino-lc/ROS2dev/tesisx3_plus/build/dofbot_description -- -j12 -l12
[0.364s] Invoked command in '/home/marino-lc/ROS2dev/tesisx3_plus/build/dofbot_description' returned '0': CMAKE_PREFIX_PATH=${CMAKE_PREFIX_PATH}:/opt/ros/jazzy DEBUGINFOD_URLS=https://debuginfod.ubuntu.com /usr/bin/cmake --build /home/marino-lc/ROS2dev/tesisx3_plus/build/dofbot_description -- -j12 -l12
[0.371s] Invoking command in '/home/marino-lc/ROS2dev/tesisx3_plus/build/dofbot_description': CMAKE_PREFIX_PATH=${CMAKE_PREFIX_PATH}:/opt/ros/jazzy DEBUGINFOD_URLS=https://debuginfod.ubuntu.com /usr/bin/cmake --install /home/marino-lc/ROS2dev/tesisx3_plus/build/dofbot_description
[0.379s] -- Install configuration: ""
[0.379s] -- Installing: /home/marino-lc/ROS2dev/tesisx3_plus/install/dofbot_description/share/dofbot_description//config
[0.379s] -- Installing: /home/marino-lc/ROS2dev/tesisx3_plus/install/dofbot_description/share/dofbot_description//config/dofbot_trajectory_controller.yaml
[0.380s] -- Installing: /home/marino-lc/ROS2dev/tesisx3_plus/install/dofbot_description/share/dofbot_description//launch
[0.380s] -- Installing: /home/marino-lc/ROS2dev/tesisx3_plus/install/dofbot_description/share/dofbot_description//launch/dofbot_arm.launch.xml
[0.380s] -- Installing: /home/marino-lc/ROS2dev/tesisx3_plus/install/dofbot_description/share/dofbot_description//meshes
[0.380s] -- Installing: /home/marino-lc/ROS2dev/tesisx3_plus/install/dofbot_description/share/dofbot_description//meshes/sensor
[0.380s] -- Installing: /home/marino-lc/ROS2dev/tesisx3_plus/install/dofbot_description/share/dofbot_description//meshes/sensor/visual
[0.380s] -- Installing: /home/marino-lc/ROS2dev/tesisx3_plus/install/dofbot_description/share/dofbot_description//meshes/sensor/visual/mono_link.STL
[0.383s] -- Installing: /home/marino-lc/ROS2dev/tesisx3_plus/install/dofbot_description/share/dofbot_description//meshes/dofbot
[0.383s] -- Installing: /home/marino-lc/ROS2dev/tesisx3_plus/install/dofbot_description/share/dofbot_description//meshes/dofbot/visual
[0.383s] -- Installing: /home/marino-lc/ROS2dev/tesisx3_plus/install/dofbot_description/share/dofbot_description//meshes/dofbot/visual/lgrip_finger2.STL
[0.384s] -- Installing: /home/marino-lc/ROS2dev/tesisx3_plus/install/dofbot_description/share/dofbot_description//meshes/dofbot/visual/rgrip_finger2.STL
[0.384s] -- Installing: /home/marino-lc/ROS2dev/tesisx3_plus/install/dofbot_description/share/dofbot_description//meshes/dofbot/visual/base_link.STL
[0.390s] -- Installing: /home/marino-lc/ROS2dev/tesisx3_plus/install/dofbot_description/share/dofbot_description//meshes/dofbot/visual/arm_link1.STL
[0.395s] -- Installing: /home/marino-lc/ROS2dev/tesisx3_plus/install/dofbot_description/share/dofbot_description//meshes/dofbot/visual/rgrip_finger1.STL
[0.398s] -- Installing: /home/marino-lc/ROS2dev/tesisx3_plus/install/dofbot_description/share/dofbot_description//meshes/dofbot/visual/arm_link2.STL
[0.405s] -- Installing: /home/marino-lc/ROS2dev/tesisx3_plus/install/dofbot_description/share/dofbot_description//meshes/dofbot/visual/arm_link3.STL
[0.427s] -- Installing: /home/marino-lc/ROS2dev/tesisx3_plus/install/dofbot_description/share/dofbot_description//meshes/dofbot/visual/rgrip_finger3.STL
[0.428s] -- Installing: /home/marino-lc/ROS2dev/tesisx3_plus/install/dofbot_description/share/dofbot_description//meshes/dofbot/visual/lgrip_finger3.STL
[0.428s] -- Installing: /home/marino-lc/ROS2dev/tesisx3_plus/install/dofbot_description/share/dofbot_description//meshes/dofbot/visual/arm_link4.STL
[0.428s] -- Installing: /home/marino-lc/ROS2dev/tesisx3_plus/install/dofbot_description/share/dofbot_description//meshes/dofbot/visual/lgrip_finger1.STL
[0.428s] -- Installing: /home/marino-lc/ROS2dev/tesisx3_plus/install/dofbot_description/share/dofbot_description//meshes/dofbot/visual/arm_link5.STL
[0.428s] -- Installing: /home/marino-lc/ROS2dev/tesisx3_plus/install/dofbot_description/share/dofbot_description//rviz
[0.428s] -- Installing: /home/marino-lc/ROS2dev/tesisx3_plus/install/dofbot_description/share/dofbot_description//rviz/dofbot_arm_rviz.rviz
[0.428s] -- Installing: /home/marino-lc/ROS2dev/tesisx3_plus/install/dofbot_description/share/dofbot_description//urdf
[0.428s] -- Installing: /home/marino-lc/ROS2dev/tesisx3_plus/install/dofbot_description/share/dofbot_description//urdf/dofbot_arm_urdf.xacro
[0.428s] -- Installing: /home/marino-lc/ROS2dev/tesisx3_plus/install/dofbot_description/share/dofbot_description//urdf/monocular_camera_sensor.xacro
[0.428s] -- Installing: /home/marino-lc/ROS2dev/tesisx3_plus/install/dofbot_description/share/dofbot_description//urdf/dofbot_trajectory_controller.xacro
[0.428s] -- Installing: /home/marino-lc/ROS2dev/tesisx3_plus/install/dofbot_description/share/dofbot_description//urdf/xacro_properties.xacro
[0.428s] -- Installing: /home/marino-lc/ROS2dev/tesisx3_plus/install/dofbot_description/share/dofbot_description//urdf/dofbot_gz_properties.xacro
[0.428s] -- Installing: /home/marino-lc/ROS2dev/tesisx3_plus/install/dofbot_description/share/dofbot_description//urdf/trajectory_controller.xacro
[0.428s] -- Installing: /home/marino-lc/ROS2dev/tesisx3_plus/install/dofbot_description/share/dofbot_description//urdf/arm_base_link_xacro.xacro
[0.428s] -- Installing: /home/marino-lc/ROS2dev/tesisx3_plus/install/dofbot_description/share/ament_index/resource_index/package_run_dependencies/dofbot_description
[0.429s] -- Installing: /home/marino-lc/ROS2dev/tesisx3_plus/install/dofbot_description/share/ament_index/resource_index/parent_prefix_path/dofbot_description
[0.429s] -- Installing: /home/marino-lc/ROS2dev/tesisx3_plus/install/dofbot_description/share/dofbot_description/environment/ament_prefix_path.sh
[0.429s] -- Installing: /home/marino-lc/ROS2dev/tesisx3_plus/install/dofbot_description/share/dofbot_description/environment/ament_prefix_path.dsv
[0.429s] -- Installing: /home/marino-lc/ROS2dev/tesisx3_plus/install/dofbot_description/share/dofbot_description/environment/path.sh
[0.429s] -- Installing: /home/marino-lc/ROS2dev/tesisx3_plus/install/dofbot_description/share/dofbot_description/environment/path.dsv
[0.429s] -- Installing: /home/marino-lc/ROS2dev/tesisx3_plus/install/dofbot_description/share/dofbot_description/local_setup.bash
[0.429s] -- Installing: /home/marino-lc/ROS2dev/tesisx3_plus/install/dofbot_description/share/dofbot_description/local_setup.sh
[0.429s] -- Installing: /home/marino-lc/ROS2dev/tesisx3_plus/install/dofbot_description/share/dofbot_description/local_setup.zsh
[0.429s] -- Installing: /home/marino-lc/ROS2dev/tesisx3_plus/install/dofbot_description/share/dofbot_description/local_setup.dsv
[0.429s] -- Installing: /home/marino-lc/ROS2dev/tesisx3_plus/install/dofbot_description/share/dofbot_description/package.dsv
[0.429s] -- Installing: /home/marino-lc/ROS2dev/tesisx3_plus/install/dofbot_description/share/ament_index/resource_index/packages/dofbot_description
[0.432s] -- Installing: /home/marino-lc/ROS2dev/tesisx3_plus/install/dofbot_description/share/dofbot_description/cmake/dofbot_descriptionConfig.cmake
[0.432s] -- Installing: /home/marino-lc/ROS2dev/tesisx3_plus/install/dofbot_description/share/dofbot_description/cmake/dofbot_descriptionConfig-version.cmake
[0.432s] -- Installing: /home/marino-lc/ROS2dev/tesisx3_plus/install/dofbot_description/share/dofbot_description/package.xml
[0.433s] Invoked command in '/home/marino-lc/ROS2dev/tesisx3_plus/build/dofbot_description' returned '0': CMAKE_PREFIX_PATH=${CMAKE_PREFIX_PATH}:/opt/ros/jazzy DEBUGINFOD_URLS=https://debuginfod.ubuntu.com /usr/bin/cmake --install /home/marino-lc/ROS2dev/tesisx3_plus/build/dofbot_description
