[0.008s] Invoking command in '/home/arrusr/ROSDev2/tesisx3_plus/build/omni_dofbot_bringup': CMAKE_PREFIX_PATH=${CMAKE_PREFIX_PATH}:/opt/ros/jazzy DEBUGINFOD_URLS=https://debuginfod.ubuntu.com /usr/bin/cmake --build /home/arrusr/ROSDev2/tesisx3_plus/build/omni_dofbot_bringup -- -j24 -l24
[0.038s] Built target ament_cmake_python_copy_omni_dofbot_bringup
[0.184s] running egg_info
[0.195s] writing omni_dofbot_bringup.egg-info/PKG-INFO
[0.195s] writing dependency_links to omni_dofbot_bringup.egg-info/dependency_links.txt
[0.195s] writing top-level names to omni_dofbot_bringup.egg-info/top_level.txt
[0.226s] reading manifest file 'omni_dofbot_bringup.egg-info/SOURCES.txt'
[0.226s] writing manifest file 'omni_dofbot_bringup.egg-info/SOURCES.txt'
[0.240s] Built target ament_cmake_python_build_omni_dofbot_bringup_egg
[0.248s] Invoked command in '/home/arrusr/ROSDev2/tesisx3_plus/build/omni_dofbot_bringup' returned '0': CMAKE_PREFIX_PATH=${CMAKE_PREFIX_PATH}:/opt/ros/jazzy DEBUGINFOD_URLS=https://debuginfod.ubuntu.com /usr/bin/cmake --build /home/arrusr/ROSDev2/tesisx3_plus/build/omni_dofbot_bringup -- -j24 -l24
[0.249s] Invoking command in '/home/arrusr/ROSDev2/tesisx3_plus/build/omni_dofbot_bringup': CMAKE_PREFIX_PATH=${CMAKE_PREFIX_PATH}:/opt/ros/jazzy DEBUGINFOD_URLS=https://debuginfod.ubuntu.com /usr/bin/cmake --install /home/arrusr/ROSDev2/tesisx3_plus/build/omni_dofbot_bringup
[0.253s] -- Install configuration: ""
[0.253s] -- Up-to-date: /home/arrusr/ROSDev2/tesisx3_plus/install/omni_dofbot_bringup/share/omni_dofbot_bringup//launch
[0.253s] -- Up-to-date: /home/arrusr/ROSDev2/tesisx3_plus/install/omni_dofbot_bringup/share/omni_dofbot_bringup//launch/omni_dofbot_diagnostic.launch.py
[0.253s] -- Installing: /home/arrusr/ROSDev2/tesisx3_plus/install/omni_dofbot_bringup/share/omni_dofbot_bringup//launch/omni_dofbot_controller.launch.py
[0.253s] -- Up-to-date: /home/arrusr/ROSDev2/tesisx3_plus/install/omni_dofbot_bringup/share/omni_dofbot_bringup//rviz
[0.253s] -- Up-to-date: /home/arrusr/ROSDev2/tesisx3_plus/install/omni_dofbot_bringup/share/omni_dofbot_bringup//rviz/omni_dofbot_trayectory_rviz.rviz
[0.253s] -- Up-to-date: /home/arrusr/ROSDev2/tesisx3_plus/install/omni_dofbot_bringup/share/omni_dofbot_bringup//world
[0.253s] -- Up-to-date: /home/arrusr/ROSDev2/tesisx3_plus/install/omni_dofbot_bringup/share/omni_dofbot_bringup//world/Mundo_mesa_y_cajas.world
[0.253s] -- Up-to-date: /home/arrusr/ROSDev2/tesisx3_plus/install/omni_dofbot_bringup/share/omni_dofbot_bringup//world/arena_world.world
[0.253s] -- Up-to-date: /home/arrusr/ROSDev2/tesisx3_plus/install/omni_dofbot_bringup/share/omni_dofbot_bringup/environment/pythonpath.sh
[0.253s] -- Up-to-date: /home/arrusr/ROSDev2/tesisx3_plus/install/omni_dofbot_bringup/share/omni_dofbot_bringup/environment/pythonpath.dsv
[0.253s] -- Up-to-date: /home/arrusr/ROSDev2/tesisx3_plus/install/omni_dofbot_bringup/lib/python3.12/site-packages/omni_dofbot_bringup-0.0.0-py3.12.egg-info
[0.253s] -- Installing: /home/arrusr/ROSDev2/tesisx3_plus/install/omni_dofbot_bringup/lib/python3.12/site-packages/omni_dofbot_bringup-0.0.0-py3.12.egg-info/top_level.txt
[0.253s] -- Installing: /home/arrusr/ROSDev2/tesisx3_plus/install/omni_dofbot_bringup/lib/python3.12/site-packages/omni_dofbot_bringup-0.0.0-py3.12.egg-info/SOURCES.txt
[0.253s] -- Installing: /home/arrusr/ROSDev2/tesisx3_plus/install/omni_dofbot_bringup/lib/python3.12/site-packages/omni_dofbot_bringup-0.0.0-py3.12.egg-info/dependency_links.txt
[0.253s] -- Installing: /home/arrusr/ROSDev2/tesisx3_plus/install/omni_dofbot_bringup/lib/python3.12/site-packages/omni_dofbot_bringup-0.0.0-py3.12.egg-info/PKG-INFO
[0.253s] -- Up-to-date: /home/arrusr/ROSDev2/tesisx3_plus/install/omni_dofbot_bringup/lib/python3.12/site-packages/omni_dofbot_bringup
[0.253s] -- Up-to-date: /home/arrusr/ROSDev2/tesisx3_plus/install/omni_dofbot_bringup/lib/python3.12/site-packages/omni_dofbot_bringup/__init__.py
[0.300s] Listing '/home/arrusr/ROSDev2/tesisx3_plus/install/omni_dofbot_bringup/lib/python3.12/site-packages/omni_dofbot_bringup'...
[0.303s] -- Up-to-date: /home/arrusr/ROSDev2/tesisx3_plus/install/omni_dofbot_bringup/share/ament_index/resource_index/package_run_dependencies/omni_dofbot_bringup
[0.303s] -- Up-to-date: /home/arrusr/ROSDev2/tesisx3_plus/install/omni_dofbot_bringup/share/ament_index/resource_index/parent_prefix_path/omni_dofbot_bringup
[0.303s] -- Up-to-date: /home/arrusr/ROSDev2/tesisx3_plus/install/omni_dofbot_bringup/share/omni_dofbot_bringup/environment/ament_prefix_path.sh
[0.303s] -- Up-to-date: /home/arrusr/ROSDev2/tesisx3_plus/install/omni_dofbot_bringup/share/omni_dofbot_bringup/environment/ament_prefix_path.dsv
[0.303s] -- Up-to-date: /home/arrusr/ROSDev2/tesisx3_plus/install/omni_dofbot_bringup/share/omni_dofbot_bringup/environment/path.sh
[0.304s] -- Up-to-date: /home/arrusr/ROSDev2/tesisx3_plus/install/omni_dofbot_bringup/share/omni_dofbot_bringup/environment/path.dsv
[0.304s] -- Up-to-date: /home/arrusr/ROSDev2/tesisx3_plus/install/omni_dofbot_bringup/share/omni_dofbot_bringup/local_setup.bash
[0.304s] -- Up-to-date: /home/arrusr/ROSDev2/tesisx3_plus/install/omni_dofbot_bringup/share/omni_dofbot_bringup/local_setup.sh
[0.304s] -- Up-to-date: /home/arrusr/ROSDev2/tesisx3_plus/install/omni_dofbot_bringup/share/omni_dofbot_bringup/local_setup.zsh
[0.304s] -- Up-to-date: /home/arrusr/ROSDev2/tesisx3_plus/install/omni_dofbot_bringup/share/omni_dofbot_bringup/local_setup.dsv
[0.304s] -- Installing: /home/arrusr/ROSDev2/tesisx3_plus/install/omni_dofbot_bringup/share/omni_dofbot_bringup/package.dsv
[0.304s] -- Up-to-date: /home/arrusr/ROSDev2/tesisx3_plus/install/omni_dofbot_bringup/share/ament_index/resource_index/packages/omni_dofbot_bringup
[0.304s] -- Up-to-date: /home/arrusr/ROSDev2/tesisx3_plus/install/omni_dofbot_bringup/share/omni_dofbot_bringup/cmake/omni_dofbot_bringupConfig.cmake
[0.304s] -- Up-to-date: /home/arrusr/ROSDev2/tesisx3_plus/install/omni_dofbot_bringup/share/omni_dofbot_bringup/cmake/omni_dofbot_bringupConfig-version.cmake
[0.304s] -- Up-to-date: /home/arrusr/ROSDev2/tesisx3_plus/install/omni_dofbot_bringup/share/omni_dofbot_bringup/package.xml
[0.317s] Invoked command in '/home/arrusr/ROSDev2/tesisx3_plus/build/omni_dofbot_bringup' returned '0': CMAKE_PREFIX_PATH=${CMAKE_PREFIX_PATH}:/opt/ros/jazzy DEBUGINFOD_URLS=https://debuginfod.ubuntu.com /usr/bin/cmake --install /home/arrusr/ROSDev2/tesisx3_plus/build/omni_dofbot_bringup
