[0.041s] Invoking command in '/home/marino-lc/ROS2dev/tesisx3_plus/build/dofbot_bringup': CMAKE_PREFIX_PATH=${CMAKE_PREFIX_PATH}:/opt/ros/jazzy DEBUGINFOD_URLS=https://debuginfod.ubuntu.com /usr/bin/cmake /home/marino-lc/ROS2dev/tesisx3_plus/src/dofbot_bringup -DCMAKE_INSTALL_PREFIX=/home/marino-lc/ROS2dev/tesisx3_plus/install/dofbot_bringup
[0.309s] -- The C compiler identification is GNU 13.3.0
[0.533s] -- The CXX compiler identification is GNU 13.3.0
[0.562s] -- Detecting C compiler ABI info
[0.732s] -- Detecting C compiler ABI info - done
[0.744s] -- Check for working C compiler: /usr/bin/cc - skipped
[0.745s] -- Detecting C compile features
[0.745s] -- Detecting C compile features - done
[0.762s] -- Detecting CXX compiler ABI info
[0.967s] -- Detecting CXX compiler ABI info - done
[0.984s] -- Check for working CXX compiler: /usr/bin/c++ - skipped
[0.984s] -- Detecting CXX compile features
[0.985s] -- Detecting CXX compile features - done
[0.994s] -- Found ament_cmake: 2.5.6 (/opt/ros/jazzy/share/ament_cmake/cmake)
[1.300s] -- Found Python3: /usr/bin/python3 (found version "3.12.3") found components: Interpreter 
[1.547s] -- Found rclpy: 7.1.11 (/opt/ros/jazzy/share/rclpy/cmake)
[1.553s] -- Found std_msgs: 5.3.8 (/opt/ros/jazzy/share/std_msgs/cmake)
[1.657s] -- Found rosidl_generator_c: 4.6.9 (/opt/ros/jazzy/share/rosidl_generator_c/cmake)
[1.690s] -- Found rosidl_generator_cpp: 4.6.9 (/opt/ros/jazzy/share/rosidl_generator_cpp/cmake)
[1.730s] -- Using all available rosidl_typesupport_c: rosidl_typesupport_fastrtps_c;rosidl_typesupport_introspection_c
[1.774s] -- Using all available rosidl_typesupport_cpp: rosidl_typesupport_fastrtps_cpp;rosidl_typesupport_introspection_cpp
[1.841s] -- Found control_msgs: 5.9.0 (/opt/ros/jazzy/share/control_msgs/cmake)
[2.467s] -- Configuring done (2.4s)
[2.476s] -- Generating done (0.0s)
[2.479s] -- Build files have been written to: /home/marino-lc/ROS2dev/tesisx3_plus/build/dofbot_bringup
[2.499s] Invoked command in '/home/marino-lc/ROS2dev/tesisx3_plus/build/dofbot_bringup' returned '0': CMAKE_PREFIX_PATH=${CMAKE_PREFIX_PATH}:/opt/ros/jazzy DEBUGINFOD_URLS=https://debuginfod.ubuntu.com /usr/bin/cmake /home/marino-lc/ROS2dev/tesisx3_plus/src/dofbot_bringup -DCMAKE_INSTALL_PREFIX=/home/marino-lc/ROS2dev/tesisx3_plus/install/dofbot_bringup
[2.500s] Invoking command in '/home/marino-lc/ROS2dev/tesisx3_plus/build/dofbot_bringup': CMAKE_PREFIX_PATH=${CMAKE_PREFIX_PATH}:/opt/ros/jazzy DEBUGINFOD_URLS=https://debuginfod.ubuntu.com /usr/bin/cmake --build /home/marino-lc/ROS2dev/tesisx3_plus/build/dofbot_bringup -- -j12 -l12
[2.593s] Built target ament_cmake_python_copy_dofbot_bringup
[2.869s] running egg_info
[2.870s] creating dofbot_bringup.egg-info
[2.895s] writing dofbot_bringup.egg-info/PKG-INFO
[2.895s] writing dependency_links to dofbot_bringup.egg-info/dependency_links.txt
[2.895s] writing top-level names to dofbot_bringup.egg-info/top_level.txt
[2.896s] writing manifest file 'dofbot_bringup.egg-info/SOURCES.txt'
[2.966s] reading manifest file 'dofbot_bringup.egg-info/SOURCES.txt'
[2.966s] writing manifest file 'dofbot_bringup.egg-info/SOURCES.txt'
[3.036s] Built target ament_cmake_python_build_dofbot_bringup_egg
[3.055s] Invoked command in '/home/marino-lc/ROS2dev/tesisx3_plus/build/dofbot_bringup' returned '0': CMAKE_PREFIX_PATH=${CMAKE_PREFIX_PATH}:/opt/ros/jazzy DEBUGINFOD_URLS=https://debuginfod.ubuntu.com /usr/bin/cmake --build /home/marino-lc/ROS2dev/tesisx3_plus/build/dofbot_bringup -- -j12 -l12
[3.056s] Invoking command in '/home/marino-lc/ROS2dev/tesisx3_plus/build/dofbot_bringup': CMAKE_PREFIX_PATH=${CMAKE_PREFIX_PATH}:/opt/ros/jazzy DEBUGINFOD_URLS=https://debuginfod.ubuntu.com /usr/bin/cmake --install /home/marino-lc/ROS2dev/tesisx3_plus/build/dofbot_bringup
[3.069s] -- Install configuration: ""
[3.069s] -- Installing: /home/marino-lc/ROS2dev/tesisx3_plus/install/dofbot_bringup/share/dofbot_bringup//launch
[3.069s] -- Installing: /home/marino-lc/ROS2dev/tesisx3_plus/install/dofbot_bringup/share/dofbot_bringup//launch/dofbot_trajectory_controller.launch.py
[3.070s] -- Installing: /home/marino-lc/ROS2dev/tesisx3_plus/install/dofbot_bringup/share/dofbot_bringup//rviz
[3.070s] -- Installing: /home/marino-lc/ROS2dev/tesisx3_plus/install/dofbot_bringup/share/dofbot_bringup//rviz/dofbot_trajectory_rviz.rviz
[3.070s] -- Installing: /home/marino-lc/ROS2dev/tesisx3_plus/install/dofbot_bringup/share/dofbot_bringup//world
[3.070s] -- Installing: /home/marino-lc/ROS2dev/tesisx3_plus/install/dofbot_bringup/share/dofbot_bringup//world/test_world.world
[3.072s] -- Installing: /home/marino-lc/ROS2dev/tesisx3_plus/install/dofbot_bringup/share/dofbot_bringup//src
[3.072s] -- Installing: /home/marino-lc/ROS2dev/tesisx3_plus/install/dofbot_bringup/share/dofbot_bringup//src/dofbot_trajectory_test.py
[3.072s] -- Installing: /home/marino-lc/ROS2dev/tesisx3_plus/install/dofbot_bringup/share/dofbot_bringup//src/dofbot_gripper_test.py
[3.073s] -- Installing: /home/marino-lc/ROS2dev/tesisx3_plus/install/dofbot_bringup/share/dofbot_bringup/environment/pythonpath.sh
[3.073s] -- Installing: /home/marino-lc/ROS2dev/tesisx3_plus/install/dofbot_bringup/share/dofbot_bringup/environment/pythonpath.dsv
[3.073s] -- Installing: /home/marino-lc/ROS2dev/tesisx3_plus/install/dofbot_bringup/lib/python3.12/site-packages/dofbot_bringup-0.0.0-py3.12.egg-info
[3.073s] -- Installing: /home/marino-lc/ROS2dev/tesisx3_plus/install/dofbot_bringup/lib/python3.12/site-packages/dofbot_bringup-0.0.0-py3.12.egg-info/SOURCES.txt
[3.073s] -- Installing: /home/marino-lc/ROS2dev/tesisx3_plus/install/dofbot_bringup/lib/python3.12/site-packages/dofbot_bringup-0.0.0-py3.12.egg-info/PKG-INFO
[3.074s] -- Installing: /home/marino-lc/ROS2dev/tesisx3_plus/install/dofbot_bringup/lib/python3.12/site-packages/dofbot_bringup-0.0.0-py3.12.egg-info/dependency_links.txt
[3.074s] -- Installing: /home/marino-lc/ROS2dev/tesisx3_plus/install/dofbot_bringup/lib/python3.12/site-packages/dofbot_bringup-0.0.0-py3.12.egg-info/top_level.txt
[3.074s] -- Installing: /home/marino-lc/ROS2dev/tesisx3_plus/install/dofbot_bringup/lib/python3.12/site-packages/dofbot_bringup
[3.074s] -- Installing: /home/marino-lc/ROS2dev/tesisx3_plus/install/dofbot_bringup/lib/python3.12/site-packages/dofbot_bringup/__init__.py
[3.129s] Listing '/home/marino-lc/ROS2dev/tesisx3_plus/install/dofbot_bringup/lib/python3.12/site-packages/dofbot_bringup'...
[3.129s] Compiling '/home/marino-lc/ROS2dev/tesisx3_plus/install/dofbot_bringup/lib/python3.12/site-packages/dofbot_bringup/__init__.py'...
[3.139s] -- Installing: /home/marino-lc/ROS2dev/tesisx3_plus/install/dofbot_bringup/lib/dofbot_bringup/dofbot_trajectory_test.py
[3.140s] -- Installing: /home/marino-lc/ROS2dev/tesisx3_plus/install/dofbot_bringup/lib/dofbot_bringup/dofbot_gripper_test.py
[3.140s] -- Installing: /home/marino-lc/ROS2dev/tesisx3_plus/install/dofbot_bringup/share/ament_index/resource_index/package_run_dependencies/dofbot_bringup
[3.140s] -- Installing: /home/marino-lc/ROS2dev/tesisx3_plus/install/dofbot_bringup/share/ament_index/resource_index/parent_prefix_path/dofbot_bringup
[3.141s] -- Installing: /home/marino-lc/ROS2dev/tesisx3_plus/install/dofbot_bringup/share/dofbot_bringup/environment/ament_prefix_path.sh
[3.141s] -- Installing: /home/marino-lc/ROS2dev/tesisx3_plus/install/dofbot_bringup/share/dofbot_bringup/environment/ament_prefix_path.dsv
[3.141s] -- Installing: /home/marino-lc/ROS2dev/tesisx3_plus/install/dofbot_bringup/share/dofbot_bringup/environment/path.sh
[3.141s] -- Installing: /home/marino-lc/ROS2dev/tesisx3_plus/install/dofbot_bringup/share/dofbot_bringup/environment/path.dsv
[3.141s] -- Installing: /home/marino-lc/ROS2dev/tesisx3_plus/install/dofbot_bringup/share/dofbot_bringup/local_setup.bash
[3.142s] -- Installing: /home/marino-lc/ROS2dev/tesisx3_plus/install/dofbot_bringup/share/dofbot_bringup/local_setup.sh
[3.142s] -- Installing: /home/marino-lc/ROS2dev/tesisx3_plus/install/dofbot_bringup/share/dofbot_bringup/local_setup.zsh
[3.142s] -- Installing: /home/marino-lc/ROS2dev/tesisx3_plus/install/dofbot_bringup/share/dofbot_bringup/local_setup.dsv
[3.142s] -- Installing: /home/marino-lc/ROS2dev/tesisx3_plus/install/dofbot_bringup/share/dofbot_bringup/package.dsv
[3.142s] -- Installing: /home/marino-lc/ROS2dev/tesisx3_plus/install/dofbot_bringup/share/ament_index/resource_index/packages/dofbot_bringup
[3.143s] -- Installing: /home/marino-lc/ROS2dev/tesisx3_plus/install/dofbot_bringup/share/dofbot_bringup/cmake/dofbot_bringupConfig.cmake
[3.143s] -- Installing: /home/marino-lc/ROS2dev/tesisx3_plus/install/dofbot_bringup/share/dofbot_bringup/cmake/dofbot_bringupConfig-version.cmake
[3.143s] -- Installing: /home/marino-lc/ROS2dev/tesisx3_plus/install/dofbot_bringup/share/dofbot_bringup/package.xml
[3.147s] Invoked command in '/home/marino-lc/ROS2dev/tesisx3_plus/build/dofbot_bringup' returned '0': CMAKE_PREFIX_PATH=${CMAKE_PREFIX_PATH}:/opt/ros/jazzy DEBUGINFOD_URLS=https://debuginfod.ubuntu.com /usr/bin/cmake --install /home/marino-lc/ROS2dev/tesisx3_plus/build/dofbot_bringup
