[0.022s] Invoking command in '/home/marino-lc/ROS2dev/tesisx3_plus/build/dofbot_bringup': CMAKE_PREFIX_PATH=${CMAKE_PREFIX_PATH}:/opt/ros/jazzy DEBUGINFOD_URLS=https://debuginfod.ubuntu.com /usr/bin/cmake /home/marino-lc/ROS2dev/tesisx3_plus/src/dofbot_bringup -DCMAKE_INSTALL_PREFIX=/home/marino-lc/ROS2dev/tesisx3_plus/install/dofbot_bringup
[0.039s] -- Found ament_cmake: 2.5.6 (/opt/ros/jazzy/share/ament_cmake/cmake)
[0.161s] -- Found Python3: /usr/bin/python3 (found version "3.12.3") found components: Interpreter 
[0.270s] -- Found rclpy: 7.1.11 (/opt/ros/jazzy/share/rclpy/cmake)
[0.272s] -- Found std_msgs: 5.3.8 (/opt/ros/jazzy/share/std_msgs/cmake)
[0.319s] -- Found rosidl_generator_c: 4.6.9 (/opt/ros/jazzy/share/rosidl_generator_c/cmake)
[0.334s] -- Found rosidl_generator_cpp: 4.6.9 (/opt/ros/jazzy/share/rosidl_generator_cpp/cmake)
[0.351s] -- Using all available rosidl_typesupport_c: rosidl_typesupport_fastrtps_c;rosidl_typesupport_introspection_c
[0.369s] -- Using all available rosidl_typesupport_cpp: rosidl_typesupport_fastrtps_cpp;rosidl_typesupport_introspection_cpp
[0.401s] -- Found control_msgs: 5.9.0 (/opt/ros/jazzy/share/control_msgs/cmake)
[0.680s] -- Configuring done (0.6s)
[0.684s] -- Generating done (0.0s)
[0.686s] -- Build files have been written to: /home/marino-lc/ROS2dev/tesisx3_plus/build/dofbot_bringup
[0.691s] Invoked command in '/home/marino-lc/ROS2dev/tesisx3_plus/build/dofbot_bringup' returned '0': CMAKE_PREFIX_PATH=${CMAKE_PREFIX_PATH}:/opt/ros/jazzy DEBUGINFOD_URLS=https://debuginfod.ubuntu.com /usr/bin/cmake /home/marino-lc/ROS2dev/tesisx3_plus/src/dofbot_bringup -DCMAKE_INSTALL_PREFIX=/home/marino-lc/ROS2dev/tesisx3_plus/install/dofbot_bringup
[0.692s] Invoking command in '/home/marino-lc/ROS2dev/tesisx3_plus/build/dofbot_bringup': CMAKE_PREFIX_PATH=${CMAKE_PREFIX_PATH}:/opt/ros/jazzy DEBUGINFOD_URLS=https://debuginfod.ubuntu.com /usr/bin/cmake --build /home/marino-lc/ROS2dev/tesisx3_plus/build/dofbot_bringup -- -j12 -l12
[0.746s] Built target ament_cmake_python_copy_dofbot_bringup
[0.906s] running egg_info
[0.907s] creating dofbot_bringup.egg-info
[0.919s] writing dofbot_bringup.egg-info/PKG-INFO
[0.919s] writing dependency_links to dofbot_bringup.egg-info/dependency_links.txt
[0.919s] writing top-level names to dofbot_bringup.egg-info/top_level.txt
[0.919s] writing manifest file 'dofbot_bringup.egg-info/SOURCES.txt'
[0.955s] reading manifest file 'dofbot_bringup.egg-info/SOURCES.txt'
[0.955s] writing manifest file 'dofbot_bringup.egg-info/SOURCES.txt'
[0.981s] Built target ament_cmake_python_build_dofbot_bringup_egg
[0.992s] Invoked command in '/home/marino-lc/ROS2dev/tesisx3_plus/build/dofbot_bringup' returned '0': CMAKE_PREFIX_PATH=${CMAKE_PREFIX_PATH}:/opt/ros/jazzy DEBUGINFOD_URLS=https://debuginfod.ubuntu.com /usr/bin/cmake --build /home/marino-lc/ROS2dev/tesisx3_plus/build/dofbot_bringup -- -j12 -l12
[0.992s] Invoking command in '/home/marino-lc/ROS2dev/tesisx3_plus/build/dofbot_bringup': CMAKE_PREFIX_PATH=${CMAKE_PREFIX_PATH}:/opt/ros/jazzy DEBUGINFOD_URLS=https://debuginfod.ubuntu.com /usr/bin/cmake --install /home/marino-lc/ROS2dev/tesisx3_plus/build/dofbot_bringup
[1.000s] -- Install configuration: ""
[1.000s] -- Installing: /home/marino-lc/ROS2dev/tesisx3_plus/install/dofbot_bringup/share/dofbot_bringup//launch
[1.000s] -- Installing: /home/marino-lc/ROS2dev/tesisx3_plus/install/dofbot_bringup/share/dofbot_bringup//launch/dofbot_trajectory_controller.launch.py
[1.001s] -- Installing: /home/marino-lc/ROS2dev/tesisx3_plus/install/dofbot_bringup/share/dofbot_bringup//rviz
[1.001s] -- Installing: /home/marino-lc/ROS2dev/tesisx3_plus/install/dofbot_bringup/share/dofbot_bringup//rviz/dofbot_trajectory_rviz.rviz
[1.001s] -- Installing: /home/marino-lc/ROS2dev/tesisx3_plus/install/dofbot_bringup/share/dofbot_bringup//world
[1.001s] -- Installing: /home/marino-lc/ROS2dev/tesisx3_plus/install/dofbot_bringup/share/dofbot_bringup//world/test_world.world
[1.001s] -- Installing: /home/marino-lc/ROS2dev/tesisx3_plus/install/dofbot_bringup/share/dofbot_bringup//src
[1.001s] -- Installing: /home/marino-lc/ROS2dev/tesisx3_plus/install/dofbot_bringup/share/dofbot_bringup//src/dofbot_trajectory_test.py
[1.001s] -- Installing: /home/marino-lc/ROS2dev/tesisx3_plus/install/dofbot_bringup/share/dofbot_bringup//src/dofbot_gripper_test.py
[1.002s] -- Installing: /home/marino-lc/ROS2dev/tesisx3_plus/install/dofbot_bringup/share/dofbot_bringup/environment/pythonpath.sh
[1.002s] -- Installing: /home/marino-lc/ROS2dev/tesisx3_plus/install/dofbot_bringup/share/dofbot_bringup/environment/pythonpath.dsv
[1.002s] -- Installing: /home/marino-lc/ROS2dev/tesisx3_plus/install/dofbot_bringup/lib/python3.12/site-packages/dofbot_bringup-0.0.0-py3.12.egg-info
[1.002s] -- Installing: /home/marino-lc/ROS2dev/tesisx3_plus/install/dofbot_bringup/lib/python3.12/site-packages/dofbot_bringup-0.0.0-py3.12.egg-info/SOURCES.txt
[1.002s] -- Installing: /home/marino-lc/ROS2dev/tesisx3_plus/install/dofbot_bringup/lib/python3.12/site-packages/dofbot_bringup-0.0.0-py3.12.egg-info/PKG-INFO
[1.002s] -- Installing: /home/marino-lc/ROS2dev/tesisx3_plus/install/dofbot_bringup/lib/python3.12/site-packages/dofbot_bringup-0.0.0-py3.12.egg-info/dependency_links.txt
[1.002s] -- Installing: /home/marino-lc/ROS2dev/tesisx3_plus/install/dofbot_bringup/lib/python3.12/site-packages/dofbot_bringup-0.0.0-py3.12.egg-info/top_level.txt
[1.002s] -- Installing: /home/marino-lc/ROS2dev/tesisx3_plus/install/dofbot_bringup/lib/python3.12/site-packages/dofbot_bringup
[1.002s] -- Installing: /home/marino-lc/ROS2dev/tesisx3_plus/install/dofbot_bringup/lib/python3.12/site-packages/dofbot_bringup/__init__.py
[1.029s] Listing '/home/marino-lc/ROS2dev/tesisx3_plus/install/dofbot_bringup/lib/python3.12/site-packages/dofbot_bringup'...
[1.029s] Compiling '/home/marino-lc/ROS2dev/tesisx3_plus/install/dofbot_bringup/lib/python3.12/site-packages/dofbot_bringup/__init__.py'...
[1.033s] -- Installing: /home/marino-lc/ROS2dev/tesisx3_plus/install/dofbot_bringup/lib/dofbot_bringup/dofbot_trajectory_test.py
[1.033s] -- Installing: /home/marino-lc/ROS2dev/tesisx3_plus/install/dofbot_bringup/lib/dofbot_bringup/dofbot_gripper_test.py
[1.033s] -- Installing: /home/marino-lc/ROS2dev/tesisx3_plus/install/dofbot_bringup/share/ament_index/resource_index/package_run_dependencies/dofbot_bringup
[1.034s] -- Installing: /home/marino-lc/ROS2dev/tesisx3_plus/install/dofbot_bringup/share/ament_index/resource_index/parent_prefix_path/dofbot_bringup
[1.034s] -- Installing: /home/marino-lc/ROS2dev/tesisx3_plus/install/dofbot_bringup/share/dofbot_bringup/environment/ament_prefix_path.sh
[1.034s] -- Installing: /home/marino-lc/ROS2dev/tesisx3_plus/install/dofbot_bringup/share/dofbot_bringup/environment/ament_prefix_path.dsv
[1.034s] -- Installing: /home/marino-lc/ROS2dev/tesisx3_plus/install/dofbot_bringup/share/dofbot_bringup/environment/path.sh
[1.034s] -- Installing: /home/marino-lc/ROS2dev/tesisx3_plus/install/dofbot_bringup/share/dofbot_bringup/environment/path.dsv
[1.035s] -- Installing: /home/marino-lc/ROS2dev/tesisx3_plus/install/dofbot_bringup/share/dofbot_bringup/local_setup.bash
[1.035s] -- Installing: /home/marino-lc/ROS2dev/tesisx3_plus/install/dofbot_bringup/share/dofbot_bringup/local_setup.sh
[1.035s] -- Installing: /home/marino-lc/ROS2dev/tesisx3_plus/install/dofbot_bringup/share/dofbot_bringup/local_setup.zsh
[1.035s] -- Installing: /home/marino-lc/ROS2dev/tesisx3_plus/install/dofbot_bringup/share/dofbot_bringup/local_setup.dsv
[1.035s] -- Installing: /home/marino-lc/ROS2dev/tesisx3_plus/install/dofbot_bringup/share/dofbot_bringup/package.dsv
[1.035s] -- Installing: /home/marino-lc/ROS2dev/tesisx3_plus/install/dofbot_bringup/share/ament_index/resource_index/packages/dofbot_bringup
[1.035s] -- Installing: /home/marino-lc/ROS2dev/tesisx3_plus/install/dofbot_bringup/share/dofbot_bringup/cmake/dofbot_bringupConfig.cmake
[1.035s] -- Installing: /home/marino-lc/ROS2dev/tesisx3_plus/install/dofbot_bringup/share/dofbot_bringup/cmake/dofbot_bringupConfig-version.cmake
[1.035s] -- Installing: /home/marino-lc/ROS2dev/tesisx3_plus/install/dofbot_bringup/share/dofbot_bringup/package.xml
[1.047s] Invoked command in '/home/marino-lc/ROS2dev/tesisx3_plus/build/dofbot_bringup' returned '0': CMAKE_PREFIX_PATH=${CMAKE_PREFIX_PATH}:/opt/ros/jazzy DEBUGINFOD_URLS=https://debuginfod.ubuntu.com /usr/bin/cmake --install /home/marino-lc/ROS2dev/tesisx3_plus/build/dofbot_bringup
