[0.014s] Invoking command in '/home/marino-lc/ROS2dev/tesisx3_plus/build/omni_description': CMAKE_PREFIX_PATH=${CMAKE_PREFIX_PATH}:/opt/ros/jazzy DEBUGINFOD_URLS=https://debuginfod.ubuntu.com /usr/bin/cmake /home/marino-lc/ROS2dev/tesisx3_plus/src/omni_description -DCMAKE_INSTALL_PREFIX=/home/marino-lc/ROS2dev/tesisx3_plus/install/omni_description
[0.028s] -- Found ament_cmake: 2.5.6 (/opt/ros/jazzy/share/ament_cmake/cmake)
[0.153s] -- Found Python3: /usr/bin/python3 (found version "3.12.3") found components: Interpreter 
[0.328s] -- Configuring done (0.3s)
[0.331s] -- Generating done (0.0s)
[0.333s] -- Build files have been written to: /home/marino-lc/ROS2dev/tesisx3_plus/build/omni_description
[0.335s] Invoked command in '/home/marino-lc/ROS2dev/tesisx3_plus/build/omni_description' returned '0': CMAKE_PREFIX_PATH=${CMAKE_PREFIX_PATH}:/opt/ros/jazzy DEBUGINFOD_URLS=https://debuginfod.ubuntu.com /usr/bin/cmake /home/marino-lc/ROS2dev/tesisx3_plus/src/omni_description -DCMAKE_INSTALL_PREFIX=/home/marino-lc/ROS2dev/tesisx3_plus/install/omni_description
[0.335s] Invoking command in '/home/marino-lc/ROS2dev/tesisx3_plus/build/omni_description': CMAKE_PREFIX_PATH=${CMAKE_PREFIX_PATH}:/opt/ros/jazzy DEBUGINFOD_URLS=https://debuginfod.ubuntu.com /usr/bin/cmake --build /home/marino-lc/ROS2dev/tesisx3_plus/build/omni_description -- -j12 -l12
[0.368s] Invoked command in '/home/marino-lc/ROS2dev/tesisx3_plus/build/omni_description' returned '0': CMAKE_PREFIX_PATH=${CMAKE_PREFIX_PATH}:/opt/ros/jazzy DEBUGINFOD_URLS=https://debuginfod.ubuntu.com /usr/bin/cmake --build /home/marino-lc/ROS2dev/tesisx3_plus/build/omni_description -- -j12 -l12
[0.369s] Invoking command in '/home/marino-lc/ROS2dev/tesisx3_plus/build/omni_description': CMAKE_PREFIX_PATH=${CMAKE_PREFIX_PATH}:/opt/ros/jazzy DEBUGINFOD_URLS=https://debuginfod.ubuntu.com /usr/bin/cmake --install /home/marino-lc/ROS2dev/tesisx3_plus/build/omni_description
[0.376s] -- Install configuration: ""
[0.376s] -- Installing: /home/marino-lc/ROS2dev/tesisx3_plus/install/omni_description/share/omni_description//launch
[0.376s] -- Installing: /home/marino-lc/ROS2dev/tesisx3_plus/install/omni_description/share/omni_description//launch/omni_display.launch.xml
[0.376s] -- Installing: /home/marino-lc/ROS2dev/tesisx3_plus/install/omni_description/share/omni_description//meshes
[0.376s] -- Installing: /home/marino-lc/ROS2dev/tesisx3_plus/install/omni_description/share/omni_description//meshes/X3
[0.376s] -- Installing: /home/marino-lc/ROS2dev/tesisx3_plus/install/omni_description/share/omni_description//meshes/X3/back_right_wheel.STL
[0.378s] -- Installing: /home/marino-lc/ROS2dev/tesisx3_plus/install/omni_description/share/omni_description//meshes/X3/back_left_wheel.STL
[0.380s] -- Installing: /home/marino-lc/ROS2dev/tesisx3_plus/install/omni_description/share/omni_description//meshes/X3/base_link.STL
[0.383s] -- Installing: /home/marino-lc/ROS2dev/tesisx3_plus/install/omni_description/share/omni_description//meshes/X3/front_right_wheel.STL
[0.385s] -- Installing: /home/marino-lc/ROS2dev/tesisx3_plus/install/omni_description/share/omni_description//meshes/X3/front_left_wheel.STL
[0.386s] -- Installing: /home/marino-lc/ROS2dev/tesisx3_plus/install/omni_description/share/omni_description//meshes/sensor
[0.386s] -- Installing: /home/marino-lc/ROS2dev/tesisx3_plus/install/omni_description/share/omni_description//meshes/sensor/collision
[0.387s] -- Installing: /home/marino-lc/ROS2dev/tesisx3_plus/install/omni_description/share/omni_description//meshes/sensor/collision/laser_link.STL
[0.387s] -- Installing: /home/marino-lc/ROS2dev/tesisx3_plus/install/omni_description/share/omni_description//meshes/sensor/collision/camera_link.STL
[0.387s] -- Installing: /home/marino-lc/ROS2dev/tesisx3_plus/install/omni_description/share/omni_description//meshes/sensor/collision/mono_link.STL
[0.390s] -- Installing: /home/marino-lc/ROS2dev/tesisx3_plus/install/omni_description/share/omni_description//meshes/sensor/visual
[0.390s] -- Installing: /home/marino-lc/ROS2dev/tesisx3_plus/install/omni_description/share/omni_description//meshes/sensor/visual/laser_link.STL
[0.397s] -- Installing: /home/marino-lc/ROS2dev/tesisx3_plus/install/omni_description/share/omni_description//meshes/sensor/visual/camera_link.STL
[0.398s] -- Installing: /home/marino-lc/ROS2dev/tesisx3_plus/install/omni_description/share/omni_description//meshes/sensor/visual/mono_link.STL
[0.400s] -- Installing: /home/marino-lc/ROS2dev/tesisx3_plus/install/omni_description/share/omni_description//meshes/X3plus
[0.400s] -- Installing: /home/marino-lc/ROS2dev/tesisx3_plus/install/omni_description/share/omni_description//meshes/X3plus/visual
[0.400s] -- Installing: /home/marino-lc/ROS2dev/tesisx3_plus/install/omni_description/share/omni_description//meshes/X3plus/visual/arm_link1.STL
[0.421s] -- Installing: /home/marino-lc/ROS2dev/tesisx3_plus/install/omni_description/share/omni_description//meshes/X3plus/visual/rlink1.STL
[0.422s] -- Installing: /home/marino-lc/ROS2dev/tesisx3_plus/install/omni_description/share/omni_description//meshes/X3plus/visual/arm_link2.STL
[0.422s] -- Installing: /home/marino-lc/ROS2dev/tesisx3_plus/install/omni_description/share/omni_description//meshes/X3plus/visual/rlink2.STL
[0.422s] -- Installing: /home/marino-lc/ROS2dev/tesisx3_plus/install/omni_description/share/omni_description//meshes/X3plus/visual/llink1.STL
[0.422s] -- Installing: /home/marino-lc/ROS2dev/tesisx3_plus/install/omni_description/share/omni_description//meshes/X3plus/visual/llink2.STL
[0.422s] -- Installing: /home/marino-lc/ROS2dev/tesisx3_plus/install/omni_description/share/omni_description//meshes/X3plus/visual/llink3.STL
[0.422s] -- Installing: /home/marino-lc/ROS2dev/tesisx3_plus/install/omni_description/share/omni_description//meshes/X3plus/visual/arm_link3.STL
[0.424s] -- Installing: /home/marino-lc/ROS2dev/tesisx3_plus/install/omni_description/share/omni_description//meshes/X3plus/visual/rlink3.STL
[0.427s] -- Installing: /home/marino-lc/ROS2dev/tesisx3_plus/install/omni_description/share/omni_description//meshes/X3plus/visual/arm_link5.STL
[0.428s] -- Installing: /home/marino-lc/ROS2dev/tesisx3_plus/install/omni_description/share/omni_description//rviz
[0.428s] -- Installing: /home/marino-lc/ROS2dev/tesisx3_plus/install/omni_description/share/omni_description//rviz/omni_rviz.rviz
[0.428s] -- Installing: /home/marino-lc/ROS2dev/tesisx3_plus/install/omni_description/share/omni_description//urdf
[0.429s] -- Installing: /home/marino-lc/ROS2dev/tesisx3_plus/install/omni_description/share/omni_description//urdf/imu_sensor.xacro
[0.429s] -- Installing: /home/marino-lc/ROS2dev/tesisx3_plus/install/omni_description/share/omni_description//urdf/omni_gz_properties.xacro
[0.429s] -- Installing: /home/marino-lc/ROS2dev/tesisx3_plus/install/omni_description/share/omni_description//urdf/lidar_sensor.xacro
[0.429s] -- Installing: /home/marino-lc/ROS2dev/tesisx3_plus/install/omni_description/share/omni_description//urdf/depth_camera_sensor.xacro
[0.429s] -- Installing: /home/marino-lc/ROS2dev/tesisx3_plus/install/omni_description/share/omni_description//urdf/camera_sensor.xacro
[0.429s] -- Installing: /home/marino-lc/ROS2dev/tesisx3_plus/install/omni_description/share/omni_description//urdf/xacro_properties.xacro
[0.429s] -- Installing: /home/marino-lc/ROS2dev/tesisx3_plus/install/omni_description/share/omni_description//urdf/omni_urdf.xacro
[0.430s] -- Installing: /home/marino-lc/ROS2dev/tesisx3_plus/install/omni_description/share/omni_description//urdf/omni_velocity_controller.xacro
[0.430s] -- Installing: /home/marino-lc/ROS2dev/tesisx3_plus/install/omni_description/share/omni_description//urdf/velocity_controller.xacro
[0.430s] -- Installing: /home/marino-lc/ROS2dev/tesisx3_plus/install/omni_description/share/omni_description//config
[0.430s] -- Installing: /home/marino-lc/ROS2dev/tesisx3_plus/install/omni_description/share/omni_description//config/omni_velocity_controller.yaml
[0.431s] -- Installing: /home/marino-lc/ROS2dev/tesisx3_plus/install/omni_description/share/ament_index/resource_index/package_run_dependencies/omni_description
[0.431s] -- Installing: /home/marino-lc/ROS2dev/tesisx3_plus/install/omni_description/share/ament_index/resource_index/parent_prefix_path/omni_description
[0.431s] -- Installing: /home/marino-lc/ROS2dev/tesisx3_plus/install/omni_description/share/omni_description/environment/ament_prefix_path.sh
[0.431s] -- Installing: /home/marino-lc/ROS2dev/tesisx3_plus/install/omni_description/share/omni_description/environment/ament_prefix_path.dsv
[0.431s] -- Installing: /home/marino-lc/ROS2dev/tesisx3_plus/install/omni_description/share/omni_description/environment/path.sh
[0.431s] -- Installing: /home/marino-lc/ROS2dev/tesisx3_plus/install/omni_description/share/omni_description/environment/path.dsv
[0.432s] -- Installing: /home/marino-lc/ROS2dev/tesisx3_plus/install/omni_description/share/omni_description/local_setup.bash
[0.432s] -- Installing: /home/marino-lc/ROS2dev/tesisx3_plus/install/omni_description/share/omni_description/local_setup.sh
[0.432s] -- Installing: /home/marino-lc/ROS2dev/tesisx3_plus/install/omni_description/share/omni_description/local_setup.zsh
[0.432s] -- Installing: /home/marino-lc/ROS2dev/tesisx3_plus/install/omni_description/share/omni_description/local_setup.dsv
[0.432s] -- Installing: /home/marino-lc/ROS2dev/tesisx3_plus/install/omni_description/share/omni_description/package.dsv
[0.432s] -- Installing: /home/marino-lc/ROS2dev/tesisx3_plus/install/omni_description/share/ament_index/resource_index/packages/omni_description
[0.432s] -- Installing: /home/marino-lc/ROS2dev/tesisx3_plus/install/omni_description/share/omni_description/cmake/omni_descriptionConfig.cmake
[0.432s] -- Installing: /home/marino-lc/ROS2dev/tesisx3_plus/install/omni_description/share/omni_description/cmake/omni_descriptionConfig-version.cmake
[0.432s] -- Installing: /home/marino-lc/ROS2dev/tesisx3_plus/install/omni_description/share/omni_description/package.xml
[0.439s] Invoked command in '/home/marino-lc/ROS2dev/tesisx3_plus/build/omni_description' returned '0': CMAKE_PREFIX_PATH=${CMAKE_PREFIX_PATH}:/opt/ros/jazzy DEBUGINFOD_URLS=https://debuginfod.ubuntu.com /usr/bin/cmake --install /home/marino-lc/ROS2dev/tesisx3_plus/build/omni_description
