[0.090s] DEBUG:colcon:Command line arguments: ['/usr/bin/colcon', 'build']
[0.090s] DEBUG:colcon:Parsed command line arguments: Namespace(log_base=None, log_level=None, verb_name='build', build_base='build', install_base='install', merge_install=False, symlink_install=False, test_result_base=None, continue_on_error=False, executor='parallel', parallel_workers=2, event_handlers=None, ignore_user_meta=False, metas=['./colcon.meta'], base_paths=['.'], packages_ignore=None, packages_ignore_regex=None, paths=None, packages_up_to=None, packages_up_to_regex=None, packages_above=None, packages_above_and_dependencies=None, packages_above_depth=None, packages_select_by_dep=None, packages_skip_by_dep=None, packages_skip_up_to=None, packages_select_build_failed=False, packages_skip_build_finished=False, packages_select_test_failures=False, packages_skip_test_passed=False, packages_select=None, packages_skip=None, packages_select_regex=None, packages_skip_regex=None, packages_start=None, packages_end=None, allow_overriding=[], cmake_args=None, cmake_target=None, cmake_target_skip_unavailable=False, cmake_clean_cache=False, cmake_clean_first=False, cmake_force_configure=False, ament_cmake_args=None, catkin_cmake_args=None, catkin_skip_building_tests=False, mixin_files=None, mixin=None, verb_parser=<colcon_mixin.mixin.mixin_argument.MixinArgumentDecorator object at 0x7517ab888f20>, verb_extension=<colcon_core.verb.build.BuildVerb object at 0x7517ab8664b0>, main=<bound method BuildVerb.main of <colcon_core.verb.build.BuildVerb object at 0x7517ab8664b0>>, mixin_verb=('build',))
[0.122s] Level 1:colcon.colcon_core.package_discovery:discover_packages(colcon_meta) check parameters
[0.122s] Level 1:colcon.colcon_core.package_discovery:discover_packages(recursive) check parameters
[0.122s] Level 1:colcon.colcon_core.package_discovery:discover_packages(ignore) check parameters
[0.122s] Level 1:colcon.colcon_core.package_discovery:discover_packages(path) check parameters
[0.122s] Level 1:colcon.colcon_core.package_discovery:discover_packages(colcon_meta) discover
[0.122s] Level 1:colcon.colcon_core.package_discovery:discover_packages(recursive) discover
[0.122s] INFO:colcon.colcon_core.package_discovery:Crawling recursively for packages in '/home/arrgusr/ROS2Dev/X3_PLUS'
[0.122s] Level 1:colcon.colcon_core.package_identification:_identify(.) by extensions ['ignore', 'ignore_ament_install']
[0.123s] Level 1:colcon.colcon_core.package_identification:_identify(.) by extension 'ignore'
[0.123s] Level 1:colcon.colcon_core.package_identification:_identify(.) by extension 'ignore_ament_install'
[0.123s] Level 1:colcon.colcon_core.package_identification:_identify(.) by extensions ['colcon_pkg']
[0.123s] Level 1:colcon.colcon_core.package_identification:_identify(.) by extension 'colcon_pkg'
[0.123s] Level 1:colcon.colcon_core.package_identification:_identify(.) by extensions ['colcon_meta']
[0.123s] Level 1:colcon.colcon_core.package_identification:_identify(.) by extension 'colcon_meta'
[0.123s] Level 1:colcon.colcon_core.package_identification:_identify(.) by extensions ['ros']
[0.123s] Level 1:colcon.colcon_core.package_identification:_identify(.) by extension 'ros'
[0.144s] Level 1:colcon.colcon_core.package_identification:_identify(.) by extensions ['cmake', 'python']
[0.144s] Level 1:colcon.colcon_core.package_identification:_identify(.) by extension 'cmake'
[0.144s] Level 1:colcon.colcon_core.package_identification:_identify(.) by extension 'python'
[0.145s] Level 1:colcon.colcon_core.package_identification:_identify(.) by extensions ['python_setup_py']
[0.145s] Level 1:colcon.colcon_core.package_identification:_identify(.) by extension 'python_setup_py'
[0.145s] Level 1:colcon.colcon_core.package_identification:_identify(build) by extensions ['ignore', 'ignore_ament_install']
[0.145s] Level 1:colcon.colcon_core.package_identification:_identify(build) by extension 'ignore'
[0.145s] Level 1:colcon.colcon_core.package_identification:_identify(build) ignored
[0.145s] Level 1:colcon.colcon_core.package_identification:_identify(install) by extensions ['ignore', 'ignore_ament_install']
[0.145s] Level 1:colcon.colcon_core.package_identification:_identify(install) by extension 'ignore'
[0.145s] Level 1:colcon.colcon_core.package_identification:_identify(install) ignored
[0.145s] Level 1:colcon.colcon_core.package_identification:_identify(log) by extensions ['ignore', 'ignore_ament_install']
[0.145s] Level 1:colcon.colcon_core.package_identification:_identify(log) by extension 'ignore'
[0.145s] Level 1:colcon.colcon_core.package_identification:_identify(log) ignored
[0.145s] Level 1:colcon.colcon_core.package_identification:_identify(src) by extensions ['ignore', 'ignore_ament_install']
[0.145s] Level 1:colcon.colcon_core.package_identification:_identify(src) by extension 'ignore'
[0.145s] Level 1:colcon.colcon_core.package_identification:_identify(src) by extension 'ignore_ament_install'
[0.145s] Level 1:colcon.colcon_core.package_identification:_identify(src) by extensions ['colcon_pkg']
[0.145s] Level 1:colcon.colcon_core.package_identification:_identify(src) by extension 'colcon_pkg'
[0.145s] Level 1:colcon.colcon_core.package_identification:_identify(src) by extensions ['colcon_meta']
[0.145s] Level 1:colcon.colcon_core.package_identification:_identify(src) by extension 'colcon_meta'
[0.145s] Level 1:colcon.colcon_core.package_identification:_identify(src) by extensions ['ros']
[0.145s] Level 1:colcon.colcon_core.package_identification:_identify(src) by extension 'ros'
[0.146s] Level 1:colcon.colcon_core.package_identification:_identify(src) by extensions ['cmake', 'python']
[0.146s] Level 1:colcon.colcon_core.package_identification:_identify(src) by extension 'cmake'
[0.146s] Level 1:colcon.colcon_core.package_identification:_identify(src) by extension 'python'
[0.146s] Level 1:colcon.colcon_core.package_identification:_identify(src) by extensions ['python_setup_py']
[0.146s] Level 1:colcon.colcon_core.package_identification:_identify(src) by extension 'python_setup_py'
[0.146s] Level 1:colcon.colcon_core.package_identification:_identify(src/dofbot_bringup) by extensions ['ignore', 'ignore_ament_install']
[0.146s] Level 1:colcon.colcon_core.package_identification:_identify(src/dofbot_bringup) by extension 'ignore'
[0.146s] Level 1:colcon.colcon_core.package_identification:_identify(src/dofbot_bringup) by extension 'ignore_ament_install'
[0.146s] Level 1:colcon.colcon_core.package_identification:_identify(src/dofbot_bringup) by extensions ['colcon_pkg']
[0.146s] Level 1:colcon.colcon_core.package_identification:_identify(src/dofbot_bringup) by extension 'colcon_pkg'
[0.146s] Level 1:colcon.colcon_core.package_identification:_identify(src/dofbot_bringup) by extensions ['colcon_meta']
[0.146s] Level 1:colcon.colcon_core.package_identification:_identify(src/dofbot_bringup) by extension 'colcon_meta'
[0.146s] Level 1:colcon.colcon_core.package_identification:_identify(src/dofbot_bringup) by extensions ['ros']
[0.146s] Level 1:colcon.colcon_core.package_identification:_identify(src/dofbot_bringup) by extension 'ros'
[0.148s] DEBUG:colcon.colcon_core.package_identification:Package 'src/dofbot_bringup' with type 'ros.ament_cmake' and name 'dofbot_bringup'
[0.148s] Level 1:colcon.colcon_core.package_identification:_identify(src/dofbot_description) by extensions ['ignore', 'ignore_ament_install']
[0.148s] Level 1:colcon.colcon_core.package_identification:_identify(src/dofbot_description) by extension 'ignore'
[0.148s] Level 1:colcon.colcon_core.package_identification:_identify(src/dofbot_description) by extension 'ignore_ament_install'
[0.148s] Level 1:colcon.colcon_core.package_identification:_identify(src/dofbot_description) by extensions ['colcon_pkg']
[0.148s] Level 1:colcon.colcon_core.package_identification:_identify(src/dofbot_description) by extension 'colcon_pkg'
[0.148s] Level 1:colcon.colcon_core.package_identification:_identify(src/dofbot_description) by extensions ['colcon_meta']
[0.148s] Level 1:colcon.colcon_core.package_identification:_identify(src/dofbot_description) by extension 'colcon_meta'
[0.148s] Level 1:colcon.colcon_core.package_identification:_identify(src/dofbot_description) by extensions ['ros']
[0.148s] Level 1:colcon.colcon_core.package_identification:_identify(src/dofbot_description) by extension 'ros'
[0.148s] DEBUG:colcon.colcon_core.package_identification:Package 'src/dofbot_description' with type 'ros.ament_cmake' and name 'dofbot_description'
[0.148s] Level 1:colcon.colcon_core.package_identification:_identify(src/omni_bringup) by extensions ['ignore', 'ignore_ament_install']
[0.148s] Level 1:colcon.colcon_core.package_identification:_identify(src/omni_bringup) by extension 'ignore'
[0.148s] Level 1:colcon.colcon_core.package_identification:_identify(src/omni_bringup) by extension 'ignore_ament_install'
[0.148s] Level 1:colcon.colcon_core.package_identification:_identify(src/omni_bringup) by extensions ['colcon_pkg']
[0.148s] Level 1:colcon.colcon_core.package_identification:_identify(src/omni_bringup) by extension 'colcon_pkg'
[0.148s] Level 1:colcon.colcon_core.package_identification:_identify(src/omni_bringup) by extensions ['colcon_meta']
[0.149s] Level 1:colcon.colcon_core.package_identification:_identify(src/omni_bringup) by extension 'colcon_meta'
[0.149s] Level 1:colcon.colcon_core.package_identification:_identify(src/omni_bringup) by extensions ['ros']
[0.149s] Level 1:colcon.colcon_core.package_identification:_identify(src/omni_bringup) by extension 'ros'
[0.149s] DEBUG:colcon.colcon_core.package_identification:Package 'src/omni_bringup' with type 'ros.ament_cmake' and name 'omni_bringup'
[0.149s] Level 1:colcon.colcon_core.package_identification:_identify(src/omni_description) by extensions ['ignore', 'ignore_ament_install']
[0.149s] Level 1:colcon.colcon_core.package_identification:_identify(src/omni_description) by extension 'ignore'
[0.149s] Level 1:colcon.colcon_core.package_identification:_identify(src/omni_description) by extension 'ignore_ament_install'
[0.149s] Level 1:colcon.colcon_core.package_identification:_identify(src/omni_description) by extensions ['colcon_pkg']
[0.149s] Level 1:colcon.colcon_core.package_identification:_identify(src/omni_description) by extension 'colcon_pkg'
[0.149s] Level 1:colcon.colcon_core.package_identification:_identify(src/omni_description) by extensions ['colcon_meta']
[0.149s] Level 1:colcon.colcon_core.package_identification:_identify(src/omni_description) by extension 'colcon_meta'
[0.149s] Level 1:colcon.colcon_core.package_identification:_identify(src/omni_description) by extensions ['ros']
[0.149s] Level 1:colcon.colcon_core.package_identification:_identify(src/omni_description) by extension 'ros'
[0.150s] DEBUG:colcon.colcon_core.package_identification:Package 'src/omni_description' with type 'ros.ament_cmake' and name 'omni_description'
[0.150s] Level 1:colcon.colcon_core.package_identification:_identify(src/omni_dofbot_bringup) by extensions ['ignore', 'ignore_ament_install']
[0.150s] Level 1:colcon.colcon_core.package_identification:_identify(src/omni_dofbot_bringup) by extension 'ignore'
[0.150s] Level 1:colcon.colcon_core.package_identification:_identify(src/omni_dofbot_bringup) by extension 'ignore_ament_install'
[0.150s] Level 1:colcon.colcon_core.package_identification:_identify(src/omni_dofbot_bringup) by extensions ['colcon_pkg']
[0.150s] Level 1:colcon.colcon_core.package_identification:_identify(src/omni_dofbot_bringup) by extension 'colcon_pkg'
[0.150s] Level 1:colcon.colcon_core.package_identification:_identify(src/omni_dofbot_bringup) by extensions ['colcon_meta']
[0.150s] Level 1:colcon.colcon_core.package_identification:_identify(src/omni_dofbot_bringup) by extension 'colcon_meta'
[0.150s] Level 1:colcon.colcon_core.package_identification:_identify(src/omni_dofbot_bringup) by extensions ['ros']
[0.150s] Level 1:colcon.colcon_core.package_identification:_identify(src/omni_dofbot_bringup) by extension 'ros'
[0.150s] DEBUG:colcon.colcon_core.package_identification:Package 'src/omni_dofbot_bringup' with type 'ros.ament_cmake' and name 'omni_dofbot_bringup'
[0.150s] Level 1:colcon.colcon_core.package_identification:_identify(src/omni_dofbot_description) by extensions ['ignore', 'ignore_ament_install']
[0.150s] Level 1:colcon.colcon_core.package_identification:_identify(src/omni_dofbot_description) by extension 'ignore'
[0.150s] Level 1:colcon.colcon_core.package_identification:_identify(src/omni_dofbot_description) by extension 'ignore_ament_install'
[0.150s] Level 1:colcon.colcon_core.package_identification:_identify(src/omni_dofbot_description) by extensions ['colcon_pkg']
[0.150s] Level 1:colcon.colcon_core.package_identification:_identify(src/omni_dofbot_description) by extension 'colcon_pkg'
[0.150s] Level 1:colcon.colcon_core.package_identification:_identify(src/omni_dofbot_description) by extensions ['colcon_meta']
[0.150s] Level 1:colcon.colcon_core.package_identification:_identify(src/omni_dofbot_description) by extension 'colcon_meta'
[0.150s] Level 1:colcon.colcon_core.package_identification:_identify(src/omni_dofbot_description) by extensions ['ros']
[0.150s] Level 1:colcon.colcon_core.package_identification:_identify(src/omni_dofbot_description) by extension 'ros'
[0.151s] DEBUG:colcon.colcon_core.package_identification:Package 'src/omni_dofbot_description' with type 'ros.ament_cmake' and name 'omni_dofbot_description'
[0.151s] Level 1:colcon.colcon_core.package_discovery:discover_packages(recursive) using defaults
[0.151s] Level 1:colcon.colcon_core.package_discovery:discover_packages(ignore) discover
[0.151s] Level 1:colcon.colcon_core.package_discovery:discover_packages(ignore) using defaults
[0.151s] Level 1:colcon.colcon_core.package_discovery:discover_packages(path) discover
[0.151s] Level 1:colcon.colcon_core.package_discovery:discover_packages(path) using defaults
[0.165s] Level 1:colcon.colcon_core.package_discovery:discover_packages(prefix_path) check parameters
[0.165s] Level 1:colcon.colcon_core.package_discovery:discover_packages(prefix_path) discover
[0.167s] DEBUG:colcon.colcon_installed_package_information.package_discovery:Found 6 installed packages in /home/arrgusr/ROS2Dev/X3_PLUS/install
[0.168s] DEBUG:colcon.colcon_installed_package_information.package_discovery:Found 367 installed packages in /opt/ros/jazzy
[0.169s] Level 1:colcon.colcon_core.package_discovery:discover_packages(prefix_path) using defaults
[0.210s] Level 5:colcon.colcon_core.verb:set package 'dofbot_bringup' build argument 'cmake_args' from command line to 'None'
[0.210s] Level 5:colcon.colcon_core.verb:set package 'dofbot_bringup' build argument 'cmake_target' from command line to 'None'
[0.210s] Level 5:colcon.colcon_core.verb:set package 'dofbot_bringup' build argument 'cmake_target_skip_unavailable' from command line to 'False'
[0.210s] Level 5:colcon.colcon_core.verb:set package 'dofbot_bringup' build argument 'cmake_clean_cache' from command line to 'False'
[0.210s] Level 5:colcon.colcon_core.verb:set package 'dofbot_bringup' build argument 'cmake_clean_first' from command line to 'False'
[0.210s] Level 5:colcon.colcon_core.verb:set package 'dofbot_bringup' build argument 'cmake_force_configure' from command line to 'False'
[0.210s] Level 5:colcon.colcon_core.verb:set package 'dofbot_bringup' build argument 'ament_cmake_args' from command line to 'None'
[0.210s] Level 5:colcon.colcon_core.verb:set package 'dofbot_bringup' build argument 'catkin_cmake_args' from command line to 'None'
[0.210s] Level 5:colcon.colcon_core.verb:set package 'dofbot_bringup' build argument 'catkin_skip_building_tests' from command line to 'False'
[0.210s] DEBUG:colcon.colcon_core.verb:Building package 'dofbot_bringup' with the following arguments: {'ament_cmake_args': None, 'build_base': '/home/arrgusr/ROS2Dev/X3_PLUS/build/dofbot_bringup', 'catkin_cmake_args': None, 'catkin_skip_building_tests': False, 'cmake_args': None, 'cmake_clean_cache': False, 'cmake_clean_first': False, 'cmake_force_configure': False, 'cmake_target': None, 'cmake_target_skip_unavailable': False, 'install_base': '/home/arrgusr/ROS2Dev/X3_PLUS/install/dofbot_bringup', 'merge_install': False, 'path': '/home/arrgusr/ROS2Dev/X3_PLUS/src/dofbot_bringup', 'symlink_install': False, 'test_result_base': None}
[0.210s] Level 5:colcon.colcon_core.verb:set package 'dofbot_description' build argument 'cmake_args' from command line to 'None'
[0.210s] Level 5:colcon.colcon_core.verb:set package 'dofbot_description' build argument 'cmake_target' from command line to 'None'
[0.210s] Level 5:colcon.colcon_core.verb:set package 'dofbot_description' build argument 'cmake_target_skip_unavailable' from command line to 'False'
[0.210s] Level 5:colcon.colcon_core.verb:set package 'dofbot_description' build argument 'cmake_clean_cache' from command line to 'False'
[0.210s] Level 5:colcon.colcon_core.verb:set package 'dofbot_description' build argument 'cmake_clean_first' from command line to 'False'
[0.210s] Level 5:colcon.colcon_core.verb:set package 'dofbot_description' build argument 'cmake_force_configure' from command line to 'False'
[0.210s] Level 5:colcon.colcon_core.verb:set package 'dofbot_description' build argument 'ament_cmake_args' from command line to 'None'
[0.210s] Level 5:colcon.colcon_core.verb:set package 'dofbot_description' build argument 'catkin_cmake_args' from command line to 'None'
[0.210s] Level 5:colcon.colcon_core.verb:set package 'dofbot_description' build argument 'catkin_skip_building_tests' from command line to 'False'
[0.210s] DEBUG:colcon.colcon_core.verb:Building package 'dofbot_description' with the following arguments: {'ament_cmake_args': None, 'build_base': '/home/arrgusr/ROS2Dev/X3_PLUS/build/dofbot_description', 'catkin_cmake_args': None, 'catkin_skip_building_tests': False, 'cmake_args': None, 'cmake_clean_cache': False, 'cmake_clean_first': False, 'cmake_force_configure': False, 'cmake_target': None, 'cmake_target_skip_unavailable': False, 'install_base': '/home/arrgusr/ROS2Dev/X3_PLUS/install/dofbot_description', 'merge_install': False, 'path': '/home/arrgusr/ROS2Dev/X3_PLUS/src/dofbot_description', 'symlink_install': False, 'test_result_base': None}
[0.210s] Level 5:colcon.colcon_core.verb:set package 'omni_bringup' build argument 'cmake_args' from command line to 'None'
[0.210s] Level 5:colcon.colcon_core.verb:set package 'omni_bringup' build argument 'cmake_target' from command line to 'None'
[0.210s] Level 5:colcon.colcon_core.verb:set package 'omni_bringup' build argument 'cmake_target_skip_unavailable' from command line to 'False'
[0.210s] Level 5:colcon.colcon_core.verb:set package 'omni_bringup' build argument 'cmake_clean_cache' from command line to 'False'
[0.210s] Level 5:colcon.colcon_core.verb:set package 'omni_bringup' build argument 'cmake_clean_first' from command line to 'False'
[0.210s] Level 5:colcon.colcon_core.verb:set package 'omni_bringup' build argument 'cmake_force_configure' from command line to 'False'
[0.210s] Level 5:colcon.colcon_core.verb:set package 'omni_bringup' build argument 'ament_cmake_args' from command line to 'None'
[0.210s] Level 5:colcon.colcon_core.verb:set package 'omni_bringup' build argument 'catkin_cmake_args' from command line to 'None'
[0.210s] Level 5:colcon.colcon_core.verb:set package 'omni_bringup' build argument 'catkin_skip_building_tests' from command line to 'False'
[0.210s] DEBUG:colcon.colcon_core.verb:Building package 'omni_bringup' with the following arguments: {'ament_cmake_args': None, 'build_base': '/home/arrgusr/ROS2Dev/X3_PLUS/build/omni_bringup', 'catkin_cmake_args': None, 'catkin_skip_building_tests': False, 'cmake_args': None, 'cmake_clean_cache': False, 'cmake_clean_first': False, 'cmake_force_configure': False, 'cmake_target': None, 'cmake_target_skip_unavailable': False, 'install_base': '/home/arrgusr/ROS2Dev/X3_PLUS/install/omni_bringup', 'merge_install': False, 'path': '/home/arrgusr/ROS2Dev/X3_PLUS/src/omni_bringup', 'symlink_install': False, 'test_result_base': None}
[0.211s] Level 5:colcon.colcon_core.verb:set package 'omni_description' build argument 'cmake_args' from command line to 'None'
[0.211s] Level 5:colcon.colcon_core.verb:set package 'omni_description' build argument 'cmake_target' from command line to 'None'
[0.211s] Level 5:colcon.colcon_core.verb:set package 'omni_description' build argument 'cmake_target_skip_unavailable' from command line to 'False'
[0.211s] Level 5:colcon.colcon_core.verb:set package 'omni_description' build argument 'cmake_clean_cache' from command line to 'False'
[0.211s] Level 5:colcon.colcon_core.verb:set package 'omni_description' build argument 'cmake_clean_first' from command line to 'False'
[0.211s] Level 5:colcon.colcon_core.verb:set package 'omni_description' build argument 'cmake_force_configure' from command line to 'False'
[0.211s] Level 5:colcon.colcon_core.verb:set package 'omni_description' build argument 'ament_cmake_args' from command line to 'None'
[0.211s] Level 5:colcon.colcon_core.verb:set package 'omni_description' build argument 'catkin_cmake_args' from command line to 'None'
[0.211s] Level 5:colcon.colcon_core.verb:set package 'omni_description' build argument 'catkin_skip_building_tests' from command line to 'False'
[0.211s] DEBUG:colcon.colcon_core.verb:Building package 'omni_description' with the following arguments: {'ament_cmake_args': None, 'build_base': '/home/arrgusr/ROS2Dev/X3_PLUS/build/omni_description', 'catkin_cmake_args': None, 'catkin_skip_building_tests': False, 'cmake_args': None, 'cmake_clean_cache': False, 'cmake_clean_first': False, 'cmake_force_configure': False, 'cmake_target': None, 'cmake_target_skip_unavailable': False, 'install_base': '/home/arrgusr/ROS2Dev/X3_PLUS/install/omni_description', 'merge_install': False, 'path': '/home/arrgusr/ROS2Dev/X3_PLUS/src/omni_description', 'symlink_install': False, 'test_result_base': None}
[0.211s] Level 5:colcon.colcon_core.verb:set package 'omni_dofbot_bringup' build argument 'cmake_args' from command line to 'None'
[0.211s] Level 5:colcon.colcon_core.verb:set package 'omni_dofbot_bringup' build argument 'cmake_target' from command line to 'None'
[0.211s] Level 5:colcon.colcon_core.verb:set package 'omni_dofbot_bringup' build argument 'cmake_target_skip_unavailable' from command line to 'False'
[0.211s] Level 5:colcon.colcon_core.verb:set package 'omni_dofbot_bringup' build argument 'cmake_clean_cache' from command line to 'False'
[0.211s] Level 5:colcon.colcon_core.verb:set package 'omni_dofbot_bringup' build argument 'cmake_clean_first' from command line to 'False'
[0.211s] Level 5:colcon.colcon_core.verb:set package 'omni_dofbot_bringup' build argument 'cmake_force_configure' from command line to 'False'
[0.211s] Level 5:colcon.colcon_core.verb:set package 'omni_dofbot_bringup' build argument 'ament_cmake_args' from command line to 'None'
[0.211s] Level 5:colcon.colcon_core.verb:set package 'omni_dofbot_bringup' build argument 'catkin_cmake_args' from command line to 'None'
[0.211s] Level 5:colcon.colcon_core.verb:set package 'omni_dofbot_bringup' build argument 'catkin_skip_building_tests' from command line to 'False'
[0.211s] DEBUG:colcon.colcon_core.verb:Building package 'omni_dofbot_bringup' with the following arguments: {'ament_cmake_args': None, 'build_base': '/home/arrgusr/ROS2Dev/X3_PLUS/build/omni_dofbot_bringup', 'catkin_cmake_args': None, 'catkin_skip_building_tests': False, 'cmake_args': None, 'cmake_clean_cache': False, 'cmake_clean_first': False, 'cmake_force_configure': False, 'cmake_target': None, 'cmake_target_skip_unavailable': False, 'install_base': '/home/arrgusr/ROS2Dev/X3_PLUS/install/omni_dofbot_bringup', 'merge_install': False, 'path': '/home/arrgusr/ROS2Dev/X3_PLUS/src/omni_dofbot_bringup', 'symlink_install': False, 'test_result_base': None}
[0.211s] Level 5:colcon.colcon_core.verb:set package 'omni_dofbot_description' build argument 'cmake_args' from command line to 'None'
[0.211s] Level 5:colcon.colcon_core.verb:set package 'omni_dofbot_description' build argument 'cmake_target' from command line to 'None'
[0.211s] Level 5:colcon.colcon_core.verb:set package 'omni_dofbot_description' build argument 'cmake_target_skip_unavailable' from command line to 'False'
[0.211s] Level 5:colcon.colcon_core.verb:set package 'omni_dofbot_description' build argument 'cmake_clean_cache' from command line to 'False'
[0.211s] Level 5:colcon.colcon_core.verb:set package 'omni_dofbot_description' build argument 'cmake_clean_first' from command line to 'False'
[0.211s] Level 5:colcon.colcon_core.verb:set package 'omni_dofbot_description' build argument 'cmake_force_configure' from command line to 'False'
[0.211s] Level 5:colcon.colcon_core.verb:set package 'omni_dofbot_description' build argument 'ament_cmake_args' from command line to 'None'
[0.211s] Level 5:colcon.colcon_core.verb:set package 'omni_dofbot_description' build argument 'catkin_cmake_args' from command line to 'None'
[0.211s] Level 5:colcon.colcon_core.verb:set package 'omni_dofbot_description' build argument 'catkin_skip_building_tests' from command line to 'False'
[0.211s] DEBUG:colcon.colcon_core.verb:Building package 'omni_dofbot_description' with the following arguments: {'ament_cmake_args': None, 'build_base': '/home/arrgusr/ROS2Dev/X3_PLUS/build/omni_dofbot_description', 'catkin_cmake_args': None, 'catkin_skip_building_tests': False, 'cmake_args': None, 'cmake_clean_cache': False, 'cmake_clean_first': False, 'cmake_force_configure': False, 'cmake_target': None, 'cmake_target_skip_unavailable': False, 'install_base': '/home/arrgusr/ROS2Dev/X3_PLUS/install/omni_dofbot_description', 'merge_install': False, 'path': '/home/arrgusr/ROS2Dev/X3_PLUS/src/omni_dofbot_description', 'symlink_install': False, 'test_result_base': None}
[0.211s] INFO:colcon.colcon_core.executor:Executing jobs using 'parallel' executor
[0.212s] DEBUG:colcon.colcon_parallel_executor.executor.parallel:run_until_complete
[0.213s] INFO:colcon.colcon_ros.task.ament_cmake.build:Building ROS package in '/home/arrgusr/ROS2Dev/X3_PLUS/src/dofbot_bringup' with build type 'ament_cmake'
[0.213s] INFO:colcon.colcon_cmake.task.cmake.build:Building CMake package in '/home/arrgusr/ROS2Dev/X3_PLUS/src/dofbot_bringup'
[0.214s] INFO:colcon.colcon_core.plugin_system:Skipping extension 'colcon_core.shell.bat': Not used on non-Windows systems
[0.214s] INFO:colcon.colcon_core.shell:Skip shell extension 'powershell' for command environment: Not usable outside of PowerShell
[0.214s] DEBUG:colcon.colcon_core.shell:Skip shell extension 'dsv' for command environment
[0.221s] INFO:colcon.colcon_ros.task.ament_cmake.build:Building ROS package in '/home/arrgusr/ROS2Dev/X3_PLUS/src/dofbot_description' with build type 'ament_cmake'
[0.221s] INFO:colcon.colcon_cmake.task.cmake.build:Building CMake package in '/home/arrgusr/ROS2Dev/X3_PLUS/src/dofbot_description'
[0.221s] INFO:colcon.colcon_core.shell:Skip shell extension 'powershell' for command environment: Not usable outside of PowerShell
[0.221s] DEBUG:colcon.colcon_core.shell:Skip shell extension 'dsv' for command environment
[0.244s] DEBUG:colcon.colcon_core.event_handler.log_command:Invoking command in '/home/arrgusr/ROS2Dev/X3_PLUS/build/dofbot_bringup': CMAKE_PREFIX_PATH=${CMAKE_PREFIX_PATH}:/opt/ros/jazzy DEBUGINFOD_URLS=https://debuginfod.ubuntu.com /usr/bin/cmake --build /home/arrgusr/ROS2Dev/X3_PLUS/build/dofbot_bringup -- -j2 -l2
[0.249s] DEBUG:colcon.colcon_core.event_handler.log_command:Invoking command in '/home/arrgusr/ROS2Dev/X3_PLUS/build/dofbot_description': CMAKE_PREFIX_PATH=${CMAKE_PREFIX_PATH}:/opt/ros/jazzy DEBUGINFOD_URLS=https://debuginfod.ubuntu.com /usr/bin/cmake --build /home/arrgusr/ROS2Dev/X3_PLUS/build/dofbot_description -- -j2 -l2
[0.306s] DEBUG:colcon.colcon_core.event_handler.log_command:Invoked command in '/home/arrgusr/ROS2Dev/X3_PLUS/build/dofbot_description' returned '0': CMAKE_PREFIX_PATH=${CMAKE_PREFIX_PATH}:/opt/ros/jazzy DEBUGINFOD_URLS=https://debuginfod.ubuntu.com /usr/bin/cmake --build /home/arrgusr/ROS2Dev/X3_PLUS/build/dofbot_description -- -j2 -l2
[0.326s] DEBUG:colcon.colcon_core.event_handler.log_command:Invoking command in '/home/arrgusr/ROS2Dev/X3_PLUS/build/dofbot_description': CMAKE_PREFIX_PATH=${CMAKE_PREFIX_PATH}:/opt/ros/jazzy DEBUGINFOD_URLS=https://debuginfod.ubuntu.com /usr/bin/cmake --install /home/arrgusr/ROS2Dev/X3_PLUS/build/dofbot_description
[0.347s] Level 1:colcon.colcon_core.environment:create_environment_scripts_only(dofbot_description)
[0.349s] DEBUG:colcon.colcon_core.event_handler.log_command:Invoked command in '/home/arrgusr/ROS2Dev/X3_PLUS/build/dofbot_description' returned '0': CMAKE_PREFIX_PATH=${CMAKE_PREFIX_PATH}:/opt/ros/jazzy DEBUGINFOD_URLS=https://debuginfod.ubuntu.com /usr/bin/cmake --install /home/arrgusr/ROS2Dev/X3_PLUS/build/dofbot_description
[0.349s] Level 1:colcon.colcon_core.environment:checking '/home/arrgusr/ROS2Dev/X3_PLUS/install/dofbot_description' for CMake module files
[0.349s] Level 1:colcon.colcon_core.environment:checking '/home/arrgusr/ROS2Dev/X3_PLUS/install/dofbot_description' for CMake config files
[0.350s] Level 1:colcon.colcon_core.shell:create_environment_hook('dofbot_description', 'cmake_prefix_path')
[0.350s] INFO:colcon.colcon_core.shell:Creating environment hook '/home/arrgusr/ROS2Dev/X3_PLUS/install/dofbot_description/share/dofbot_description/hook/cmake_prefix_path.ps1'
[0.351s] INFO:colcon.colcon_core.shell:Creating environment descriptor '/home/arrgusr/ROS2Dev/X3_PLUS/install/dofbot_description/share/dofbot_description/hook/cmake_prefix_path.dsv'
[0.351s] INFO:colcon.colcon_core.shell:Creating environment hook '/home/arrgusr/ROS2Dev/X3_PLUS/install/dofbot_description/share/dofbot_description/hook/cmake_prefix_path.sh'
[0.352s] Level 1:colcon.colcon_core.environment:checking '/home/arrgusr/ROS2Dev/X3_PLUS/install/dofbot_description/bin'
[0.352s] Level 1:colcon.colcon_core.environment:checking '/home/arrgusr/ROS2Dev/X3_PLUS/install/dofbot_description/lib/pkgconfig/dofbot_description.pc'
[0.352s] Level 1:colcon.colcon_core.environment:checking '/home/arrgusr/ROS2Dev/X3_PLUS/install/dofbot_description/lib/python3.12/site-packages'
[0.352s] Level 1:colcon.colcon_core.environment:checking '/home/arrgusr/ROS2Dev/X3_PLUS/install/dofbot_description/bin'
[0.352s] INFO:colcon.colcon_core.shell:Creating package script '/home/arrgusr/ROS2Dev/X3_PLUS/install/dofbot_description/share/dofbot_description/package.ps1'
[0.353s] INFO:colcon.colcon_core.shell:Creating package descriptor '/home/arrgusr/ROS2Dev/X3_PLUS/install/dofbot_description/share/dofbot_description/package.dsv'
[0.354s] INFO:colcon.colcon_core.shell:Creating package script '/home/arrgusr/ROS2Dev/X3_PLUS/install/dofbot_description/share/dofbot_description/package.sh'
[0.354s] INFO:colcon.colcon_core.shell:Creating package script '/home/arrgusr/ROS2Dev/X3_PLUS/install/dofbot_description/share/dofbot_description/package.bash'
[0.355s] INFO:colcon.colcon_core.shell:Creating package script '/home/arrgusr/ROS2Dev/X3_PLUS/install/dofbot_description/share/dofbot_description/package.zsh'
[0.356s] Level 1:colcon.colcon_core.environment:create_file_with_runtime_dependencies(/home/arrgusr/ROS2Dev/X3_PLUS/install/dofbot_description/share/colcon-core/packages/dofbot_description)
[0.356s] Level 1:colcon.colcon_core.environment:create_environment_scripts_only(dofbot_description)
[0.356s] Level 1:colcon.colcon_core.environment:checking '/home/arrgusr/ROS2Dev/X3_PLUS/install/dofbot_description' for CMake module files
[0.357s] Level 1:colcon.colcon_core.environment:checking '/home/arrgusr/ROS2Dev/X3_PLUS/install/dofbot_description' for CMake config files
[0.357s] Level 1:colcon.colcon_core.shell:create_environment_hook('dofbot_description', 'cmake_prefix_path')
[0.357s] INFO:colcon.colcon_core.shell:Creating environment hook '/home/arrgusr/ROS2Dev/X3_PLUS/install/dofbot_description/share/dofbot_description/hook/cmake_prefix_path.ps1'
[0.357s] INFO:colcon.colcon_core.shell:Creating environment descriptor '/home/arrgusr/ROS2Dev/X3_PLUS/install/dofbot_description/share/dofbot_description/hook/cmake_prefix_path.dsv'
[0.358s] INFO:colcon.colcon_core.shell:Creating environment hook '/home/arrgusr/ROS2Dev/X3_PLUS/install/dofbot_description/share/dofbot_description/hook/cmake_prefix_path.sh'
[0.358s] Level 1:colcon.colcon_core.environment:checking '/home/arrgusr/ROS2Dev/X3_PLUS/install/dofbot_description/bin'
[0.359s] Level 1:colcon.colcon_core.environment:checking '/home/arrgusr/ROS2Dev/X3_PLUS/install/dofbot_description/lib/pkgconfig/dofbot_description.pc'
[0.359s] Level 1:colcon.colcon_core.environment:checking '/home/arrgusr/ROS2Dev/X3_PLUS/install/dofbot_description/lib/python3.12/site-packages'
[0.359s] Level 1:colcon.colcon_core.environment:checking '/home/arrgusr/ROS2Dev/X3_PLUS/install/dofbot_description/bin'
[0.359s] INFO:colcon.colcon_core.shell:Creating package script '/home/arrgusr/ROS2Dev/X3_PLUS/install/dofbot_description/share/dofbot_description/package.ps1'
[0.360s] INFO:colcon.colcon_core.shell:Creating package descriptor '/home/arrgusr/ROS2Dev/X3_PLUS/install/dofbot_description/share/dofbot_description/package.dsv'
[0.360s] INFO:colcon.colcon_core.shell:Creating package script '/home/arrgusr/ROS2Dev/X3_PLUS/install/dofbot_description/share/dofbot_description/package.sh'
[0.361s] INFO:colcon.colcon_core.shell:Creating package script '/home/arrgusr/ROS2Dev/X3_PLUS/install/dofbot_description/share/dofbot_description/package.bash'
[0.361s] INFO:colcon.colcon_core.shell:Creating package script '/home/arrgusr/ROS2Dev/X3_PLUS/install/dofbot_description/share/dofbot_description/package.zsh'
[0.361s] Level 1:colcon.colcon_core.environment:create_file_with_runtime_dependencies(/home/arrgusr/ROS2Dev/X3_PLUS/install/dofbot_description/share/colcon-core/packages/dofbot_description)
[0.364s] INFO:colcon.colcon_ros.task.ament_cmake.build:Building ROS package in '/home/arrgusr/ROS2Dev/X3_PLUS/src/omni_bringup' with build type 'ament_cmake'
[0.364s] INFO:colcon.colcon_cmake.task.cmake.build:Building CMake package in '/home/arrgusr/ROS2Dev/X3_PLUS/src/omni_bringup'
[0.365s] INFO:colcon.colcon_core.shell:Skip shell extension 'powershell' for command environment: Not usable outside of PowerShell
[0.365s] DEBUG:colcon.colcon_core.shell:Skip shell extension 'dsv' for command environment
[0.382s] DEBUG:colcon.colcon_core.event_handler.log_command:Invoking command in '/home/arrgusr/ROS2Dev/X3_PLUS/build/omni_bringup': CMAKE_PREFIX_PATH=${CMAKE_PREFIX_PATH}:/opt/ros/jazzy DEBUGINFOD_URLS=https://debuginfod.ubuntu.com /usr/bin/cmake --build /home/arrgusr/ROS2Dev/X3_PLUS/build/omni_bringup -- -j2 -l2
[0.782s] DEBUG:colcon.colcon_core.event_handler.log_command:Invoked command in '/home/arrgusr/ROS2Dev/X3_PLUS/build/dofbot_bringup' returned '0': CMAKE_PREFIX_PATH=${CMAKE_PREFIX_PATH}:/opt/ros/jazzy DEBUGINFOD_URLS=https://debuginfod.ubuntu.com /usr/bin/cmake --build /home/arrgusr/ROS2Dev/X3_PLUS/build/dofbot_bringup -- -j2 -l2
[0.785s] DEBUG:colcon.colcon_core.event_handler.log_command:Invoking command in '/home/arrgusr/ROS2Dev/X3_PLUS/build/dofbot_bringup': CMAKE_PREFIX_PATH=${CMAKE_PREFIX_PATH}:/opt/ros/jazzy DEBUGINFOD_URLS=https://debuginfod.ubuntu.com /usr/bin/cmake --install /home/arrgusr/ROS2Dev/X3_PLUS/build/dofbot_bringup
[0.938s] Level 1:colcon.colcon_core.environment:create_environment_scripts_only(dofbot_bringup)
[0.938s] Level 1:colcon.colcon_core.environment:checking '/home/arrgusr/ROS2Dev/X3_PLUS/install/dofbot_bringup' for CMake module files
[0.939s] DEBUG:colcon.colcon_core.event_handler.log_command:Invoked command in '/home/arrgusr/ROS2Dev/X3_PLUS/build/dofbot_bringup' returned '0': CMAKE_PREFIX_PATH=${CMAKE_PREFIX_PATH}:/opt/ros/jazzy DEBUGINFOD_URLS=https://debuginfod.ubuntu.com /usr/bin/cmake --install /home/arrgusr/ROS2Dev/X3_PLUS/build/dofbot_bringup
[0.939s] Level 1:colcon.colcon_core.environment:checking '/home/arrgusr/ROS2Dev/X3_PLUS/install/dofbot_bringup' for CMake config files
[0.940s] Level 1:colcon.colcon_core.shell:create_environment_hook('dofbot_bringup', 'cmake_prefix_path')
[0.940s] INFO:colcon.colcon_core.shell:Creating environment hook '/home/arrgusr/ROS2Dev/X3_PLUS/install/dofbot_bringup/share/dofbot_bringup/hook/cmake_prefix_path.ps1'
[0.941s] INFO:colcon.colcon_core.shell:Creating environment descriptor '/home/arrgusr/ROS2Dev/X3_PLUS/install/dofbot_bringup/share/dofbot_bringup/hook/cmake_prefix_path.dsv'
[0.941s] INFO:colcon.colcon_core.shell:Creating environment hook '/home/arrgusr/ROS2Dev/X3_PLUS/install/dofbot_bringup/share/dofbot_bringup/hook/cmake_prefix_path.sh'
[0.942s] Level 1:colcon.colcon_core.environment:checking '/home/arrgusr/ROS2Dev/X3_PLUS/install/dofbot_bringup/lib'
[0.942s] Level 1:colcon.colcon_core.environment:checking '/home/arrgusr/ROS2Dev/X3_PLUS/install/dofbot_bringup/bin'
[0.942s] Level 1:colcon.colcon_core.environment:checking '/home/arrgusr/ROS2Dev/X3_PLUS/install/dofbot_bringup/lib/pkgconfig/dofbot_bringup.pc'
[0.942s] Level 1:colcon.colcon_core.environment:checking '/home/arrgusr/ROS2Dev/X3_PLUS/install/dofbot_bringup/lib/python3.12/site-packages'
[0.942s] Level 1:colcon.colcon_core.shell:create_environment_hook('dofbot_bringup', 'pythonpath')
[0.943s] INFO:colcon.colcon_core.shell:Creating environment hook '/home/arrgusr/ROS2Dev/X3_PLUS/install/dofbot_bringup/share/dofbot_bringup/hook/pythonpath.ps1'
[0.943s] INFO:colcon.colcon_core.shell:Creating environment descriptor '/home/arrgusr/ROS2Dev/X3_PLUS/install/dofbot_bringup/share/dofbot_bringup/hook/pythonpath.dsv'
[0.943s] INFO:colcon.colcon_core.shell:Creating environment hook '/home/arrgusr/ROS2Dev/X3_PLUS/install/dofbot_bringup/share/dofbot_bringup/hook/pythonpath.sh'
[0.944s] Level 1:colcon.colcon_core.environment:checking '/home/arrgusr/ROS2Dev/X3_PLUS/install/dofbot_bringup/bin'
[0.944s] INFO:colcon.colcon_core.shell:Creating package script '/home/arrgusr/ROS2Dev/X3_PLUS/install/dofbot_bringup/share/dofbot_bringup/package.ps1'
[0.945s] INFO:colcon.colcon_core.shell:Creating package descriptor '/home/arrgusr/ROS2Dev/X3_PLUS/install/dofbot_bringup/share/dofbot_bringup/package.dsv'
[0.945s] INFO:colcon.colcon_core.shell:Creating package script '/home/arrgusr/ROS2Dev/X3_PLUS/install/dofbot_bringup/share/dofbot_bringup/package.sh'
[0.946s] INFO:colcon.colcon_core.shell:Creating package script '/home/arrgusr/ROS2Dev/X3_PLUS/install/dofbot_bringup/share/dofbot_bringup/package.bash'
[0.946s] INFO:colcon.colcon_core.shell:Creating package script '/home/arrgusr/ROS2Dev/X3_PLUS/install/dofbot_bringup/share/dofbot_bringup/package.zsh'
[0.946s] Level 1:colcon.colcon_core.environment:create_file_with_runtime_dependencies(/home/arrgusr/ROS2Dev/X3_PLUS/install/dofbot_bringup/share/colcon-core/packages/dofbot_bringup)
[0.947s] Level 1:colcon.colcon_core.environment:create_environment_scripts_only(dofbot_bringup)
[0.947s] Level 1:colcon.colcon_core.environment:checking '/home/arrgusr/ROS2Dev/X3_PLUS/install/dofbot_bringup' for CMake module files
[0.947s] Level 1:colcon.colcon_core.environment:checking '/home/arrgusr/ROS2Dev/X3_PLUS/install/dofbot_bringup' for CMake config files
[0.947s] Level 1:colcon.colcon_core.shell:create_environment_hook('dofbot_bringup', 'cmake_prefix_path')
[0.948s] INFO:colcon.colcon_core.shell:Creating environment hook '/home/arrgusr/ROS2Dev/X3_PLUS/install/dofbot_bringup/share/dofbot_bringup/hook/cmake_prefix_path.ps1'
[0.948s] INFO:colcon.colcon_core.shell:Creating environment descriptor '/home/arrgusr/ROS2Dev/X3_PLUS/install/dofbot_bringup/share/dofbot_bringup/hook/cmake_prefix_path.dsv'
[0.948s] INFO:colcon.colcon_core.shell:Creating environment hook '/home/arrgusr/ROS2Dev/X3_PLUS/install/dofbot_bringup/share/dofbot_bringup/hook/cmake_prefix_path.sh'
[0.949s] Level 1:colcon.colcon_core.environment:checking '/home/arrgusr/ROS2Dev/X3_PLUS/install/dofbot_bringup/lib'
[0.949s] Level 1:colcon.colcon_core.environment:checking '/home/arrgusr/ROS2Dev/X3_PLUS/install/dofbot_bringup/bin'
[0.949s] Level 1:colcon.colcon_core.environment:checking '/home/arrgusr/ROS2Dev/X3_PLUS/install/dofbot_bringup/lib/pkgconfig/dofbot_bringup.pc'
[0.949s] Level 1:colcon.colcon_core.environment:checking '/home/arrgusr/ROS2Dev/X3_PLUS/install/dofbot_bringup/lib/python3.12/site-packages'
[0.949s] Level 1:colcon.colcon_core.shell:create_environment_hook('dofbot_bringup', 'pythonpath')
[0.949s] INFO:colcon.colcon_core.shell:Creating environment hook '/home/arrgusr/ROS2Dev/X3_PLUS/install/dofbot_bringup/share/dofbot_bringup/hook/pythonpath.ps1'
[0.950s] INFO:colcon.colcon_core.shell:Creating environment descriptor '/home/arrgusr/ROS2Dev/X3_PLUS/install/dofbot_bringup/share/dofbot_bringup/hook/pythonpath.dsv'
[0.950s] INFO:colcon.colcon_core.shell:Creating environment hook '/home/arrgusr/ROS2Dev/X3_PLUS/install/dofbot_bringup/share/dofbot_bringup/hook/pythonpath.sh'
[0.951s] Level 1:colcon.colcon_core.environment:checking '/home/arrgusr/ROS2Dev/X3_PLUS/install/dofbot_bringup/bin'
[0.951s] INFO:colcon.colcon_core.shell:Creating package script '/home/arrgusr/ROS2Dev/X3_PLUS/install/dofbot_bringup/share/dofbot_bringup/package.ps1'
[0.951s] INFO:colcon.colcon_core.shell:Creating package descriptor '/home/arrgusr/ROS2Dev/X3_PLUS/install/dofbot_bringup/share/dofbot_bringup/package.dsv'
[0.952s] INFO:colcon.colcon_core.shell:Creating package script '/home/arrgusr/ROS2Dev/X3_PLUS/install/dofbot_bringup/share/dofbot_bringup/package.sh'
[0.952s] INFO:colcon.colcon_core.shell:Creating package script '/home/arrgusr/ROS2Dev/X3_PLUS/install/dofbot_bringup/share/dofbot_bringup/package.bash'
[0.953s] INFO:colcon.colcon_core.shell:Creating package script '/home/arrgusr/ROS2Dev/X3_PLUS/install/dofbot_bringup/share/dofbot_bringup/package.zsh'
[0.953s] Level 1:colcon.colcon_core.environment:create_file_with_runtime_dependencies(/home/arrgusr/ROS2Dev/X3_PLUS/install/dofbot_bringup/share/colcon-core/packages/dofbot_bringup)
[0.954s] INFO:colcon.colcon_ros.task.ament_cmake.build:Building ROS package in '/home/arrgusr/ROS2Dev/X3_PLUS/src/omni_description' with build type 'ament_cmake'
[0.955s] INFO:colcon.colcon_cmake.task.cmake.build:Building CMake package in '/home/arrgusr/ROS2Dev/X3_PLUS/src/omni_description'
[0.955s] INFO:colcon.colcon_core.shell:Skip shell extension 'powershell' for command environment: Not usable outside of PowerShell
[0.955s] DEBUG:colcon.colcon_core.shell:Skip shell extension 'dsv' for command environment
[0.966s] DEBUG:colcon.colcon_core.event_handler.log_command:Invoked command in '/home/arrgusr/ROS2Dev/X3_PLUS/build/omni_bringup' returned '0': CMAKE_PREFIX_PATH=${CMAKE_PREFIX_PATH}:/opt/ros/jazzy DEBUGINFOD_URLS=https://debuginfod.ubuntu.com /usr/bin/cmake --build /home/arrgusr/ROS2Dev/X3_PLUS/build/omni_bringup -- -j2 -l2
[0.967s] DEBUG:colcon.colcon_core.event_handler.log_command:Invoking command in '/home/arrgusr/ROS2Dev/X3_PLUS/build/omni_bringup': CMAKE_PREFIX_PATH=${CMAKE_PREFIX_PATH}:/opt/ros/jazzy DEBUGINFOD_URLS=https://debuginfod.ubuntu.com /usr/bin/cmake --install /home/arrgusr/ROS2Dev/X3_PLUS/build/omni_bringup
[0.979s] DEBUG:colcon.colcon_core.event_handler.log_command:Invoking command in '/home/arrgusr/ROS2Dev/X3_PLUS/build/omni_description': CMAKE_PREFIX_PATH=${CMAKE_PREFIX_PATH}:/opt/ros/jazzy DEBUGINFOD_URLS=https://debuginfod.ubuntu.com /usr/bin/cmake --build /home/arrgusr/ROS2Dev/X3_PLUS/build/omni_description -- -j2 -l2
[1.034s] DEBUG:colcon.colcon_core.event_handler.log_command:Invoked command in '/home/arrgusr/ROS2Dev/X3_PLUS/build/omni_description' returned '0': CMAKE_PREFIX_PATH=${CMAKE_PREFIX_PATH}:/opt/ros/jazzy DEBUGINFOD_URLS=https://debuginfod.ubuntu.com /usr/bin/cmake --build /home/arrgusr/ROS2Dev/X3_PLUS/build/omni_description -- -j2 -l2
[1.034s] DEBUG:colcon.colcon_core.event_handler.log_command:Invoking command in '/home/arrgusr/ROS2Dev/X3_PLUS/build/omni_description': CMAKE_PREFIX_PATH=${CMAKE_PREFIX_PATH}:/opt/ros/jazzy DEBUGINFOD_URLS=https://debuginfod.ubuntu.com /usr/bin/cmake --install /home/arrgusr/ROS2Dev/X3_PLUS/build/omni_description
[1.055s] Level 1:colcon.colcon_core.environment:create_environment_scripts_only(omni_description)
[1.056s] Level 1:colcon.colcon_core.environment:checking '/home/arrgusr/ROS2Dev/X3_PLUS/install/omni_description' for CMake module files
[1.056s] DEBUG:colcon.colcon_core.event_handler.log_command:Invoked command in '/home/arrgusr/ROS2Dev/X3_PLUS/build/omni_description' returned '0': CMAKE_PREFIX_PATH=${CMAKE_PREFIX_PATH}:/opt/ros/jazzy DEBUGINFOD_URLS=https://debuginfod.ubuntu.com /usr/bin/cmake --install /home/arrgusr/ROS2Dev/X3_PLUS/build/omni_description
[1.056s] Level 1:colcon.colcon_core.environment:checking '/home/arrgusr/ROS2Dev/X3_PLUS/install/omni_description' for CMake config files
[1.057s] Level 1:colcon.colcon_core.shell:create_environment_hook('omni_description', 'cmake_prefix_path')
[1.057s] INFO:colcon.colcon_core.shell:Creating environment hook '/home/arrgusr/ROS2Dev/X3_PLUS/install/omni_description/share/omni_description/hook/cmake_prefix_path.ps1'
[1.057s] INFO:colcon.colcon_core.shell:Creating environment descriptor '/home/arrgusr/ROS2Dev/X3_PLUS/install/omni_description/share/omni_description/hook/cmake_prefix_path.dsv'
[1.058s] INFO:colcon.colcon_core.shell:Creating environment hook '/home/arrgusr/ROS2Dev/X3_PLUS/install/omni_description/share/omni_description/hook/cmake_prefix_path.sh'
[1.058s] Level 1:colcon.colcon_core.environment:checking '/home/arrgusr/ROS2Dev/X3_PLUS/install/omni_description/bin'
[1.058s] Level 1:colcon.colcon_core.environment:checking '/home/arrgusr/ROS2Dev/X3_PLUS/install/omni_description/lib/pkgconfig/omni_description.pc'
[1.059s] Level 1:colcon.colcon_core.environment:checking '/home/arrgusr/ROS2Dev/X3_PLUS/install/omni_description/lib/python3.12/site-packages'
[1.059s] Level 1:colcon.colcon_core.environment:checking '/home/arrgusr/ROS2Dev/X3_PLUS/install/omni_description/bin'
[1.059s] INFO:colcon.colcon_core.shell:Creating package script '/home/arrgusr/ROS2Dev/X3_PLUS/install/omni_description/share/omni_description/package.ps1'
[1.060s] INFO:colcon.colcon_core.shell:Creating package descriptor '/home/arrgusr/ROS2Dev/X3_PLUS/install/omni_description/share/omni_description/package.dsv'
[1.060s] INFO:colcon.colcon_core.shell:Creating package script '/home/arrgusr/ROS2Dev/X3_PLUS/install/omni_description/share/omni_description/package.sh'
[1.060s] INFO:colcon.colcon_core.shell:Creating package script '/home/arrgusr/ROS2Dev/X3_PLUS/install/omni_description/share/omni_description/package.bash'
[1.061s] INFO:colcon.colcon_core.shell:Creating package script '/home/arrgusr/ROS2Dev/X3_PLUS/install/omni_description/share/omni_description/package.zsh'
[1.062s] Level 1:colcon.colcon_core.environment:create_file_with_runtime_dependencies(/home/arrgusr/ROS2Dev/X3_PLUS/install/omni_description/share/colcon-core/packages/omni_description)
[1.063s] Level 1:colcon.colcon_core.environment:create_environment_scripts_only(omni_description)
[1.063s] Level 1:colcon.colcon_core.environment:checking '/home/arrgusr/ROS2Dev/X3_PLUS/install/omni_description' for CMake module files
[1.063s] Level 1:colcon.colcon_core.environment:checking '/home/arrgusr/ROS2Dev/X3_PLUS/install/omni_description' for CMake config files
[1.064s] Level 1:colcon.colcon_core.shell:create_environment_hook('omni_description', 'cmake_prefix_path')
[1.064s] INFO:colcon.colcon_core.shell:Creating environment hook '/home/arrgusr/ROS2Dev/X3_PLUS/install/omni_description/share/omni_description/hook/cmake_prefix_path.ps1'
[1.066s] INFO:colcon.colcon_core.shell:Creating environment descriptor '/home/arrgusr/ROS2Dev/X3_PLUS/install/omni_description/share/omni_description/hook/cmake_prefix_path.dsv'
[1.066s] INFO:colcon.colcon_core.shell:Creating environment hook '/home/arrgusr/ROS2Dev/X3_PLUS/install/omni_description/share/omni_description/hook/cmake_prefix_path.sh'
[1.067s] Level 1:colcon.colcon_core.environment:checking '/home/arrgusr/ROS2Dev/X3_PLUS/install/omni_description/bin'
[1.067s] Level 1:colcon.colcon_core.environment:checking '/home/arrgusr/ROS2Dev/X3_PLUS/install/omni_description/lib/pkgconfig/omni_description.pc'
[1.067s] Level 1:colcon.colcon_core.environment:checking '/home/arrgusr/ROS2Dev/X3_PLUS/install/omni_description/lib/python3.12/site-packages'
[1.067s] Level 1:colcon.colcon_core.environment:checking '/home/arrgusr/ROS2Dev/X3_PLUS/install/omni_description/bin'
[1.068s] INFO:colcon.colcon_core.shell:Creating package script '/home/arrgusr/ROS2Dev/X3_PLUS/install/omni_description/share/omni_description/package.ps1'
[1.068s] INFO:colcon.colcon_core.shell:Creating package descriptor '/home/arrgusr/ROS2Dev/X3_PLUS/install/omni_description/share/omni_description/package.dsv'
[1.070s] INFO:colcon.colcon_core.shell:Creating package script '/home/arrgusr/ROS2Dev/X3_PLUS/install/omni_description/share/omni_description/package.sh'
[1.071s] INFO:colcon.colcon_core.shell:Creating package script '/home/arrgusr/ROS2Dev/X3_PLUS/install/omni_description/share/omni_description/package.bash'
[1.071s] INFO:colcon.colcon_core.shell:Creating package script '/home/arrgusr/ROS2Dev/X3_PLUS/install/omni_description/share/omni_description/package.zsh'
[1.072s] Level 1:colcon.colcon_core.environment:create_file_with_runtime_dependencies(/home/arrgusr/ROS2Dev/X3_PLUS/install/omni_description/share/colcon-core/packages/omni_description)
[1.072s] INFO:colcon.colcon_ros.task.ament_cmake.build:Building ROS package in '/home/arrgusr/ROS2Dev/X3_PLUS/src/omni_dofbot_bringup' with build type 'ament_cmake'
[1.072s] INFO:colcon.colcon_cmake.task.cmake.build:Building CMake package in '/home/arrgusr/ROS2Dev/X3_PLUS/src/omni_dofbot_bringup'
[1.072s] INFO:colcon.colcon_core.shell:Skip shell extension 'powershell' for command environment: Not usable outside of PowerShell
[1.073s] DEBUG:colcon.colcon_core.shell:Skip shell extension 'dsv' for command environment
[1.094s] DEBUG:colcon.colcon_core.event_handler.log_command:Invoking command in '/home/arrgusr/ROS2Dev/X3_PLUS/build/omni_dofbot_bringup': CMAKE_PREFIX_PATH=${CMAKE_PREFIX_PATH}:/opt/ros/jazzy DEBUGINFOD_URLS=https://debuginfod.ubuntu.com /usr/bin/cmake --build /home/arrgusr/ROS2Dev/X3_PLUS/build/omni_dofbot_bringup -- -j2 -l2
[1.130s] Level 1:colcon.colcon_core.environment:create_environment_scripts_only(omni_bringup)
[1.130s] Level 1:colcon.colcon_core.environment:checking '/home/arrgusr/ROS2Dev/X3_PLUS/install/omni_bringup' for CMake module files
[1.130s] Level 1:colcon.colcon_core.environment:checking '/home/arrgusr/ROS2Dev/X3_PLUS/install/omni_bringup' for CMake config files
[1.131s] Level 1:colcon.colcon_core.shell:create_environment_hook('omni_bringup', 'cmake_prefix_path')
[1.131s] INFO:colcon.colcon_core.shell:Creating environment hook '/home/arrgusr/ROS2Dev/X3_PLUS/install/omni_bringup/share/omni_bringup/hook/cmake_prefix_path.ps1'
[1.131s] INFO:colcon.colcon_core.shell:Creating environment descriptor '/home/arrgusr/ROS2Dev/X3_PLUS/install/omni_bringup/share/omni_bringup/hook/cmake_prefix_path.dsv'
[1.131s] DEBUG:colcon.colcon_core.event_handler.log_command:Invoked command in '/home/arrgusr/ROS2Dev/X3_PLUS/build/omni_bringup' returned '0': CMAKE_PREFIX_PATH=${CMAKE_PREFIX_PATH}:/opt/ros/jazzy DEBUGINFOD_URLS=https://debuginfod.ubuntu.com /usr/bin/cmake --install /home/arrgusr/ROS2Dev/X3_PLUS/build/omni_bringup
[1.132s] INFO:colcon.colcon_core.shell:Creating environment hook '/home/arrgusr/ROS2Dev/X3_PLUS/install/omni_bringup/share/omni_bringup/hook/cmake_prefix_path.sh'
[1.132s] Level 1:colcon.colcon_core.environment:checking '/home/arrgusr/ROS2Dev/X3_PLUS/install/omni_bringup/lib'
[1.133s] Level 1:colcon.colcon_core.environment:checking '/home/arrgusr/ROS2Dev/X3_PLUS/install/omni_bringup/bin'
[1.133s] Level 1:colcon.colcon_core.environment:checking '/home/arrgusr/ROS2Dev/X3_PLUS/install/omni_bringup/lib/pkgconfig/omni_bringup.pc'
[1.133s] Level 1:colcon.colcon_core.environment:checking '/home/arrgusr/ROS2Dev/X3_PLUS/install/omni_bringup/lib/python3.12/site-packages'
[1.133s] Level 1:colcon.colcon_core.shell:create_environment_hook('omni_bringup', 'pythonpath')
[1.133s] INFO:colcon.colcon_core.shell:Creating environment hook '/home/arrgusr/ROS2Dev/X3_PLUS/install/omni_bringup/share/omni_bringup/hook/pythonpath.ps1'
[1.133s] INFO:colcon.colcon_core.shell:Creating environment descriptor '/home/arrgusr/ROS2Dev/X3_PLUS/install/omni_bringup/share/omni_bringup/hook/pythonpath.dsv'
[1.134s] INFO:colcon.colcon_core.shell:Creating environment hook '/home/arrgusr/ROS2Dev/X3_PLUS/install/omni_bringup/share/omni_bringup/hook/pythonpath.sh'
[1.134s] Level 1:colcon.colcon_core.environment:checking '/home/arrgusr/ROS2Dev/X3_PLUS/install/omni_bringup/bin'
[1.135s] INFO:colcon.colcon_core.shell:Creating package script '/home/arrgusr/ROS2Dev/X3_PLUS/install/omni_bringup/share/omni_bringup/package.ps1'
[1.135s] INFO:colcon.colcon_core.shell:Creating package descriptor '/home/arrgusr/ROS2Dev/X3_PLUS/install/omni_bringup/share/omni_bringup/package.dsv'
[1.136s] INFO:colcon.colcon_core.shell:Creating package script '/home/arrgusr/ROS2Dev/X3_PLUS/install/omni_bringup/share/omni_bringup/package.sh'
[1.136s] INFO:colcon.colcon_core.shell:Creating package script '/home/arrgusr/ROS2Dev/X3_PLUS/install/omni_bringup/share/omni_bringup/package.bash'
[1.137s] INFO:colcon.colcon_core.shell:Creating package script '/home/arrgusr/ROS2Dev/X3_PLUS/install/omni_bringup/share/omni_bringup/package.zsh'
[1.137s] Level 1:colcon.colcon_core.environment:create_file_with_runtime_dependencies(/home/arrgusr/ROS2Dev/X3_PLUS/install/omni_bringup/share/colcon-core/packages/omni_bringup)
[1.138s] Level 1:colcon.colcon_core.environment:create_environment_scripts_only(omni_bringup)
[1.138s] Level 1:colcon.colcon_core.environment:checking '/home/arrgusr/ROS2Dev/X3_PLUS/install/omni_bringup' for CMake module files
[1.138s] Level 1:colcon.colcon_core.environment:checking '/home/arrgusr/ROS2Dev/X3_PLUS/install/omni_bringup' for CMake config files
[1.138s] Level 1:colcon.colcon_core.shell:create_environment_hook('omni_bringup', 'cmake_prefix_path')
[1.138s] INFO:colcon.colcon_core.shell:Creating environment hook '/home/arrgusr/ROS2Dev/X3_PLUS/install/omni_bringup/share/omni_bringup/hook/cmake_prefix_path.ps1'
[1.139s] INFO:colcon.colcon_core.shell:Creating environment descriptor '/home/arrgusr/ROS2Dev/X3_PLUS/install/omni_bringup/share/omni_bringup/hook/cmake_prefix_path.dsv'
[1.139s] INFO:colcon.colcon_core.shell:Creating environment hook '/home/arrgusr/ROS2Dev/X3_PLUS/install/omni_bringup/share/omni_bringup/hook/cmake_prefix_path.sh'
[1.140s] Level 1:colcon.colcon_core.environment:checking '/home/arrgusr/ROS2Dev/X3_PLUS/install/omni_bringup/lib'
[1.140s] Level 1:colcon.colcon_core.environment:checking '/home/arrgusr/ROS2Dev/X3_PLUS/install/omni_bringup/bin'
[1.140s] Level 1:colcon.colcon_core.environment:checking '/home/arrgusr/ROS2Dev/X3_PLUS/install/omni_bringup/lib/pkgconfig/omni_bringup.pc'
[1.141s] Level 1:colcon.colcon_core.environment:checking '/home/arrgusr/ROS2Dev/X3_PLUS/install/omni_bringup/lib/python3.12/site-packages'
[1.141s] Level 1:colcon.colcon_core.shell:create_environment_hook('omni_bringup', 'pythonpath')
[1.141s] INFO:colcon.colcon_core.shell:Creating environment hook '/home/arrgusr/ROS2Dev/X3_PLUS/install/omni_bringup/share/omni_bringup/hook/pythonpath.ps1'
[1.141s] INFO:colcon.colcon_core.shell:Creating environment descriptor '/home/arrgusr/ROS2Dev/X3_PLUS/install/omni_bringup/share/omni_bringup/hook/pythonpath.dsv'
[1.142s] INFO:colcon.colcon_core.shell:Creating environment hook '/home/arrgusr/ROS2Dev/X3_PLUS/install/omni_bringup/share/omni_bringup/hook/pythonpath.sh'
[1.142s] Level 1:colcon.colcon_core.environment:checking '/home/arrgusr/ROS2Dev/X3_PLUS/install/omni_bringup/bin'
[1.143s] INFO:colcon.colcon_core.shell:Creating package script '/home/arrgusr/ROS2Dev/X3_PLUS/install/omni_bringup/share/omni_bringup/package.ps1'
[1.143s] INFO:colcon.colcon_core.shell:Creating package descriptor '/home/arrgusr/ROS2Dev/X3_PLUS/install/omni_bringup/share/omni_bringup/package.dsv'
[1.144s] INFO:colcon.colcon_core.shell:Creating package script '/home/arrgusr/ROS2Dev/X3_PLUS/install/omni_bringup/share/omni_bringup/package.sh'
[1.146s] INFO:colcon.colcon_core.shell:Creating package script '/home/arrgusr/ROS2Dev/X3_PLUS/install/omni_bringup/share/omni_bringup/package.bash'
[1.148s] INFO:colcon.colcon_core.shell:Creating package script '/home/arrgusr/ROS2Dev/X3_PLUS/install/omni_bringup/share/omni_bringup/package.zsh'
[1.149s] Level 1:colcon.colcon_core.environment:create_file_with_runtime_dependencies(/home/arrgusr/ROS2Dev/X3_PLUS/install/omni_bringup/share/colcon-core/packages/omni_bringup)
[1.150s] INFO:colcon.colcon_ros.task.ament_cmake.build:Building ROS package in '/home/arrgusr/ROS2Dev/X3_PLUS/src/omni_dofbot_description' with build type 'ament_cmake'
[1.150s] INFO:colcon.colcon_cmake.task.cmake.build:Building CMake package in '/home/arrgusr/ROS2Dev/X3_PLUS/src/omni_dofbot_description'
[1.150s] INFO:colcon.colcon_core.shell:Skip shell extension 'powershell' for command environment: Not usable outside of PowerShell
[1.150s] DEBUG:colcon.colcon_core.shell:Skip shell extension 'dsv' for command environment
[1.173s] DEBUG:colcon.colcon_core.event_handler.log_command:Invoking command in '/home/arrgusr/ROS2Dev/X3_PLUS/build/omni_dofbot_description': CMAKE_PREFIX_PATH=${CMAKE_PREFIX_PATH}:/opt/ros/jazzy DEBUGINFOD_URLS=https://debuginfod.ubuntu.com /usr/bin/cmake --build /home/arrgusr/ROS2Dev/X3_PLUS/build/omni_dofbot_description -- -j2 -l2
[1.219s] DEBUG:colcon.colcon_core.event_handler.log_command:Invoked command in '/home/arrgusr/ROS2Dev/X3_PLUS/build/omni_dofbot_description' returned '0': CMAKE_PREFIX_PATH=${CMAKE_PREFIX_PATH}:/opt/ros/jazzy DEBUGINFOD_URLS=https://debuginfod.ubuntu.com /usr/bin/cmake --build /home/arrgusr/ROS2Dev/X3_PLUS/build/omni_dofbot_description -- -j2 -l2
[1.220s] DEBUG:colcon.colcon_core.event_handler.log_command:Invoking command in '/home/arrgusr/ROS2Dev/X3_PLUS/build/omni_dofbot_description': CMAKE_PREFIX_PATH=${CMAKE_PREFIX_PATH}:/opt/ros/jazzy DEBUGINFOD_URLS=https://debuginfod.ubuntu.com /usr/bin/cmake --install /home/arrgusr/ROS2Dev/X3_PLUS/build/omni_dofbot_description
[1.246s] Level 1:colcon.colcon_core.environment:create_environment_scripts_only(omni_dofbot_description)
[1.247s] Level 1:colcon.colcon_core.environment:checking '/home/arrgusr/ROS2Dev/X3_PLUS/install/omni_dofbot_description' for CMake module files
[1.247s] DEBUG:colcon.colcon_core.event_handler.log_command:Invoked command in '/home/arrgusr/ROS2Dev/X3_PLUS/build/omni_dofbot_description' returned '0': CMAKE_PREFIX_PATH=${CMAKE_PREFIX_PATH}:/opt/ros/jazzy DEBUGINFOD_URLS=https://debuginfod.ubuntu.com /usr/bin/cmake --install /home/arrgusr/ROS2Dev/X3_PLUS/build/omni_dofbot_description
[1.248s] Level 1:colcon.colcon_core.environment:checking '/home/arrgusr/ROS2Dev/X3_PLUS/install/omni_dofbot_description' for CMake config files
[1.249s] Level 1:colcon.colcon_core.shell:create_environment_hook('omni_dofbot_description', 'cmake_prefix_path')
[1.249s] INFO:colcon.colcon_core.shell:Creating environment hook '/home/arrgusr/ROS2Dev/X3_PLUS/install/omni_dofbot_description/share/omni_dofbot_description/hook/cmake_prefix_path.ps1'
[1.250s] INFO:colcon.colcon_core.shell:Creating environment descriptor '/home/arrgusr/ROS2Dev/X3_PLUS/install/omni_dofbot_description/share/omni_dofbot_description/hook/cmake_prefix_path.dsv'
[1.251s] INFO:colcon.colcon_core.shell:Creating environment hook '/home/arrgusr/ROS2Dev/X3_PLUS/install/omni_dofbot_description/share/omni_dofbot_description/hook/cmake_prefix_path.sh'
[1.252s] Level 1:colcon.colcon_core.environment:checking '/home/arrgusr/ROS2Dev/X3_PLUS/install/omni_dofbot_description/bin'
[1.252s] Level 1:colcon.colcon_core.environment:checking '/home/arrgusr/ROS2Dev/X3_PLUS/install/omni_dofbot_description/lib/pkgconfig/omni_dofbot_description.pc'
[1.252s] Level 1:colcon.colcon_core.environment:checking '/home/arrgusr/ROS2Dev/X3_PLUS/install/omni_dofbot_description/lib/python3.12/site-packages'
[1.252s] Level 1:colcon.colcon_core.environment:checking '/home/arrgusr/ROS2Dev/X3_PLUS/install/omni_dofbot_description/bin'
[1.252s] INFO:colcon.colcon_core.shell:Creating package script '/home/arrgusr/ROS2Dev/X3_PLUS/install/omni_dofbot_description/share/omni_dofbot_description/package.ps1'
[1.254s] INFO:colcon.colcon_core.shell:Creating package descriptor '/home/arrgusr/ROS2Dev/X3_PLUS/install/omni_dofbot_description/share/omni_dofbot_description/package.dsv'
[1.255s] INFO:colcon.colcon_core.shell:Creating package script '/home/arrgusr/ROS2Dev/X3_PLUS/install/omni_dofbot_description/share/omni_dofbot_description/package.sh'
[1.255s] INFO:colcon.colcon_core.shell:Creating package script '/home/arrgusr/ROS2Dev/X3_PLUS/install/omni_dofbot_description/share/omni_dofbot_description/package.bash'
[1.256s] INFO:colcon.colcon_core.shell:Creating package script '/home/arrgusr/ROS2Dev/X3_PLUS/install/omni_dofbot_description/share/omni_dofbot_description/package.zsh'
[1.256s] Level 1:colcon.colcon_core.environment:create_file_with_runtime_dependencies(/home/arrgusr/ROS2Dev/X3_PLUS/install/omni_dofbot_description/share/colcon-core/packages/omni_dofbot_description)
[1.257s] Level 1:colcon.colcon_core.environment:create_environment_scripts_only(omni_dofbot_description)
[1.257s] Level 1:colcon.colcon_core.environment:checking '/home/arrgusr/ROS2Dev/X3_PLUS/install/omni_dofbot_description' for CMake module files
[1.257s] Level 1:colcon.colcon_core.environment:checking '/home/arrgusr/ROS2Dev/X3_PLUS/install/omni_dofbot_description' for CMake config files
[1.257s] Level 1:colcon.colcon_core.shell:create_environment_hook('omni_dofbot_description', 'cmake_prefix_path')
[1.258s] INFO:colcon.colcon_core.shell:Creating environment hook '/home/arrgusr/ROS2Dev/X3_PLUS/install/omni_dofbot_description/share/omni_dofbot_description/hook/cmake_prefix_path.ps1'
[1.258s] INFO:colcon.colcon_core.shell:Creating environment descriptor '/home/arrgusr/ROS2Dev/X3_PLUS/install/omni_dofbot_description/share/omni_dofbot_description/hook/cmake_prefix_path.dsv'
[1.259s] INFO:colcon.colcon_core.shell:Creating environment hook '/home/arrgusr/ROS2Dev/X3_PLUS/install/omni_dofbot_description/share/omni_dofbot_description/hook/cmake_prefix_path.sh'
[1.259s] Level 1:colcon.colcon_core.environment:checking '/home/arrgusr/ROS2Dev/X3_PLUS/install/omni_dofbot_description/bin'
[1.259s] Level 1:colcon.colcon_core.environment:checking '/home/arrgusr/ROS2Dev/X3_PLUS/install/omni_dofbot_description/lib/pkgconfig/omni_dofbot_description.pc'
[1.259s] Level 1:colcon.colcon_core.environment:checking '/home/arrgusr/ROS2Dev/X3_PLUS/install/omni_dofbot_description/lib/python3.12/site-packages'
[1.260s] Level 1:colcon.colcon_core.environment:checking '/home/arrgusr/ROS2Dev/X3_PLUS/install/omni_dofbot_description/bin'
[1.260s] INFO:colcon.colcon_core.shell:Creating package script '/home/arrgusr/ROS2Dev/X3_PLUS/install/omni_dofbot_description/share/omni_dofbot_description/package.ps1'
[1.260s] INFO:colcon.colcon_core.shell:Creating package descriptor '/home/arrgusr/ROS2Dev/X3_PLUS/install/omni_dofbot_description/share/omni_dofbot_description/package.dsv'
[1.261s] INFO:colcon.colcon_core.shell:Creating package script '/home/arrgusr/ROS2Dev/X3_PLUS/install/omni_dofbot_description/share/omni_dofbot_description/package.sh'
[1.261s] INFO:colcon.colcon_core.shell:Creating package script '/home/arrgusr/ROS2Dev/X3_PLUS/install/omni_dofbot_description/share/omni_dofbot_description/package.bash'
[1.262s] INFO:colcon.colcon_core.shell:Creating package script '/home/arrgusr/ROS2Dev/X3_PLUS/install/omni_dofbot_description/share/omni_dofbot_description/package.zsh'
[1.262s] Level 1:colcon.colcon_core.environment:create_file_with_runtime_dependencies(/home/arrgusr/ROS2Dev/X3_PLUS/install/omni_dofbot_description/share/colcon-core/packages/omni_dofbot_description)
[1.580s] DEBUG:colcon.colcon_core.event_handler.log_command:Invoked command in '/home/arrgusr/ROS2Dev/X3_PLUS/build/omni_dofbot_bringup' returned '0': CMAKE_PREFIX_PATH=${CMAKE_PREFIX_PATH}:/opt/ros/jazzy DEBUGINFOD_URLS=https://debuginfod.ubuntu.com /usr/bin/cmake --build /home/arrgusr/ROS2Dev/X3_PLUS/build/omni_dofbot_bringup -- -j2 -l2
[1.582s] DEBUG:colcon.colcon_core.event_handler.log_command:Invoking command in '/home/arrgusr/ROS2Dev/X3_PLUS/build/omni_dofbot_bringup': CMAKE_PREFIX_PATH=${CMAKE_PREFIX_PATH}:/opt/ros/jazzy DEBUGINFOD_URLS=https://debuginfod.ubuntu.com /usr/bin/cmake --install /home/arrgusr/ROS2Dev/X3_PLUS/build/omni_dofbot_bringup
[1.726s] Level 1:colcon.colcon_core.environment:create_environment_scripts_only(omni_dofbot_bringup)
[1.727s] Level 1:colcon.colcon_core.environment:checking '/home/arrgusr/ROS2Dev/X3_PLUS/install/omni_dofbot_bringup' for CMake module files
[1.727s] DEBUG:colcon.colcon_core.event_handler.log_command:Invoked command in '/home/arrgusr/ROS2Dev/X3_PLUS/build/omni_dofbot_bringup' returned '0': CMAKE_PREFIX_PATH=${CMAKE_PREFIX_PATH}:/opt/ros/jazzy DEBUGINFOD_URLS=https://debuginfod.ubuntu.com /usr/bin/cmake --install /home/arrgusr/ROS2Dev/X3_PLUS/build/omni_dofbot_bringup
[1.728s] Level 1:colcon.colcon_core.environment:checking '/home/arrgusr/ROS2Dev/X3_PLUS/install/omni_dofbot_bringup' for CMake config files
[1.729s] Level 1:colcon.colcon_core.shell:create_environment_hook('omni_dofbot_bringup', 'cmake_prefix_path')
[1.729s] INFO:colcon.colcon_core.shell:Creating environment hook '/home/arrgusr/ROS2Dev/X3_PLUS/install/omni_dofbot_bringup/share/omni_dofbot_bringup/hook/cmake_prefix_path.ps1'
[1.730s] INFO:colcon.colcon_core.shell:Creating environment descriptor '/home/arrgusr/ROS2Dev/X3_PLUS/install/omni_dofbot_bringup/share/omni_dofbot_bringup/hook/cmake_prefix_path.dsv'
[1.730s] INFO:colcon.colcon_core.shell:Creating environment hook '/home/arrgusr/ROS2Dev/X3_PLUS/install/omni_dofbot_bringup/share/omni_dofbot_bringup/hook/cmake_prefix_path.sh'
[1.731s] Level 1:colcon.colcon_core.environment:checking '/home/arrgusr/ROS2Dev/X3_PLUS/install/omni_dofbot_bringup/lib'
[1.731s] Level 1:colcon.colcon_core.environment:checking '/home/arrgusr/ROS2Dev/X3_PLUS/install/omni_dofbot_bringup/bin'
[1.731s] Level 1:colcon.colcon_core.environment:checking '/home/arrgusr/ROS2Dev/X3_PLUS/install/omni_dofbot_bringup/lib/pkgconfig/omni_dofbot_bringup.pc'
[1.732s] Level 1:colcon.colcon_core.environment:checking '/home/arrgusr/ROS2Dev/X3_PLUS/install/omni_dofbot_bringup/lib/python3.12/site-packages'
[1.732s] Level 1:colcon.colcon_core.shell:create_environment_hook('omni_dofbot_bringup', 'pythonpath')
[1.732s] INFO:colcon.colcon_core.shell:Creating environment hook '/home/arrgusr/ROS2Dev/X3_PLUS/install/omni_dofbot_bringup/share/omni_dofbot_bringup/hook/pythonpath.ps1'
[1.732s] INFO:colcon.colcon_core.shell:Creating environment descriptor '/home/arrgusr/ROS2Dev/X3_PLUS/install/omni_dofbot_bringup/share/omni_dofbot_bringup/hook/pythonpath.dsv'
[1.732s] INFO:colcon.colcon_core.shell:Creating environment hook '/home/arrgusr/ROS2Dev/X3_PLUS/install/omni_dofbot_bringup/share/omni_dofbot_bringup/hook/pythonpath.sh'
[1.733s] Level 1:colcon.colcon_core.environment:checking '/home/arrgusr/ROS2Dev/X3_PLUS/install/omni_dofbot_bringup/bin'
[1.733s] INFO:colcon.colcon_core.shell:Creating package script '/home/arrgusr/ROS2Dev/X3_PLUS/install/omni_dofbot_bringup/share/omni_dofbot_bringup/package.ps1'
[1.734s] INFO:colcon.colcon_core.shell:Creating package descriptor '/home/arrgusr/ROS2Dev/X3_PLUS/install/omni_dofbot_bringup/share/omni_dofbot_bringup/package.dsv'
[1.734s] INFO:colcon.colcon_core.shell:Creating package script '/home/arrgusr/ROS2Dev/X3_PLUS/install/omni_dofbot_bringup/share/omni_dofbot_bringup/package.sh'
[1.735s] INFO:colcon.colcon_core.shell:Creating package script '/home/arrgusr/ROS2Dev/X3_PLUS/install/omni_dofbot_bringup/share/omni_dofbot_bringup/package.bash'
[1.735s] INFO:colcon.colcon_core.shell:Creating package script '/home/arrgusr/ROS2Dev/X3_PLUS/install/omni_dofbot_bringup/share/omni_dofbot_bringup/package.zsh'
[1.735s] Level 1:colcon.colcon_core.environment:create_file_with_runtime_dependencies(/home/arrgusr/ROS2Dev/X3_PLUS/install/omni_dofbot_bringup/share/colcon-core/packages/omni_dofbot_bringup)
[1.736s] Level 1:colcon.colcon_core.environment:create_environment_scripts_only(omni_dofbot_bringup)
[1.736s] Level 1:colcon.colcon_core.environment:checking '/home/arrgusr/ROS2Dev/X3_PLUS/install/omni_dofbot_bringup' for CMake module files
[1.736s] Level 1:colcon.colcon_core.environment:checking '/home/arrgusr/ROS2Dev/X3_PLUS/install/omni_dofbot_bringup' for CMake config files
[1.737s] Level 1:colcon.colcon_core.shell:create_environment_hook('omni_dofbot_bringup', 'cmake_prefix_path')
[1.737s] INFO:colcon.colcon_core.shell:Creating environment hook '/home/arrgusr/ROS2Dev/X3_PLUS/install/omni_dofbot_bringup/share/omni_dofbot_bringup/hook/cmake_prefix_path.ps1'
[1.737s] INFO:colcon.colcon_core.shell:Creating environment descriptor '/home/arrgusr/ROS2Dev/X3_PLUS/install/omni_dofbot_bringup/share/omni_dofbot_bringup/hook/cmake_prefix_path.dsv'
[1.737s] INFO:colcon.colcon_core.shell:Creating environment hook '/home/arrgusr/ROS2Dev/X3_PLUS/install/omni_dofbot_bringup/share/omni_dofbot_bringup/hook/cmake_prefix_path.sh'
[1.738s] Level 1:colcon.colcon_core.environment:checking '/home/arrgusr/ROS2Dev/X3_PLUS/install/omni_dofbot_bringup/lib'
[1.738s] Level 1:colcon.colcon_core.environment:checking '/home/arrgusr/ROS2Dev/X3_PLUS/install/omni_dofbot_bringup/bin'
[1.738s] Level 1:colcon.colcon_core.environment:checking '/home/arrgusr/ROS2Dev/X3_PLUS/install/omni_dofbot_bringup/lib/pkgconfig/omni_dofbot_bringup.pc'
[1.738s] Level 1:colcon.colcon_core.environment:checking '/home/arrgusr/ROS2Dev/X3_PLUS/install/omni_dofbot_bringup/lib/python3.12/site-packages'
[1.738s] Level 1:colcon.colcon_core.shell:create_environment_hook('omni_dofbot_bringup', 'pythonpath')
[1.738s] INFO:colcon.colcon_core.shell:Creating environment hook '/home/arrgusr/ROS2Dev/X3_PLUS/install/omni_dofbot_bringup/share/omni_dofbot_bringup/hook/pythonpath.ps1'
[1.739s] INFO:colcon.colcon_core.shell:Creating environment descriptor '/home/arrgusr/ROS2Dev/X3_PLUS/install/omni_dofbot_bringup/share/omni_dofbot_bringup/hook/pythonpath.dsv'
[1.739s] INFO:colcon.colcon_core.shell:Creating environment hook '/home/arrgusr/ROS2Dev/X3_PLUS/install/omni_dofbot_bringup/share/omni_dofbot_bringup/hook/pythonpath.sh'
[1.740s] Level 1:colcon.colcon_core.environment:checking '/home/arrgusr/ROS2Dev/X3_PLUS/install/omni_dofbot_bringup/bin'
[1.740s] INFO:colcon.colcon_core.shell:Creating package script '/home/arrgusr/ROS2Dev/X3_PLUS/install/omni_dofbot_bringup/share/omni_dofbot_bringup/package.ps1'
[1.740s] INFO:colcon.colcon_core.shell:Creating package descriptor '/home/arrgusr/ROS2Dev/X3_PLUS/install/omni_dofbot_bringup/share/omni_dofbot_bringup/package.dsv'
[1.741s] INFO:colcon.colcon_core.shell:Creating package script '/home/arrgusr/ROS2Dev/X3_PLUS/install/omni_dofbot_bringup/share/omni_dofbot_bringup/package.sh'
[1.741s] INFO:colcon.colcon_core.shell:Creating package script '/home/arrgusr/ROS2Dev/X3_PLUS/install/omni_dofbot_bringup/share/omni_dofbot_bringup/package.bash'
[1.742s] INFO:colcon.colcon_core.shell:Creating package script '/home/arrgusr/ROS2Dev/X3_PLUS/install/omni_dofbot_bringup/share/omni_dofbot_bringup/package.zsh'
[1.742s] Level 1:colcon.colcon_core.environment:create_file_with_runtime_dependencies(/home/arrgusr/ROS2Dev/X3_PLUS/install/omni_dofbot_bringup/share/colcon-core/packages/omni_dofbot_bringup)
[1.743s] DEBUG:colcon.colcon_parallel_executor.executor.parallel:closing loop
[1.743s] DEBUG:colcon.colcon_parallel_executor.executor.parallel:loop closed
[1.743s] DEBUG:colcon.colcon_parallel_executor.executor.parallel:run_until_complete finished with '0'
[1.743s] DEBUG:colcon.colcon_core.event_reactor:joining thread
[1.751s] INFO:colcon.colcon_core.plugin_system:Skipping extension 'colcon_notification.desktop_notification.terminal_notifier': Not used on non-Darwin systems
[1.751s] INFO:colcon.colcon_core.plugin_system:Skipping extension 'colcon_notification.desktop_notification.win32': Not used on non-Windows systems
[1.751s] INFO:colcon.colcon_notification.desktop_notification:Sending desktop notification using 'notify2'
[1.769s] DEBUG:colcon.colcon_core.event_reactor:joined thread
[1.771s] INFO:colcon.colcon_core.shell:Creating prefix script '/home/arrgusr/ROS2Dev/X3_PLUS/install/local_setup.ps1'
[1.772s] INFO:colcon.colcon_core.shell:Creating prefix util module '/home/arrgusr/ROS2Dev/X3_PLUS/install/_local_setup_util_ps1.py'
[1.774s] INFO:colcon.colcon_core.shell:Creating prefix chain script '/home/arrgusr/ROS2Dev/X3_PLUS/install/setup.ps1'
[1.776s] INFO:colcon.colcon_core.shell:Creating prefix script '/home/arrgusr/ROS2Dev/X3_PLUS/install/local_setup.sh'
[1.777s] INFO:colcon.colcon_core.shell:Creating prefix util module '/home/arrgusr/ROS2Dev/X3_PLUS/install/_local_setup_util_sh.py'
[1.779s] INFO:colcon.colcon_core.shell:Creating prefix chain script '/home/arrgusr/ROS2Dev/X3_PLUS/install/setup.sh'
[1.781s] INFO:colcon.colcon_core.shell:Creating prefix script '/home/arrgusr/ROS2Dev/X3_PLUS/install/local_setup.bash'
[1.781s] INFO:colcon.colcon_core.shell:Creating prefix chain script '/home/arrgusr/ROS2Dev/X3_PLUS/install/setup.bash'
[1.783s] INFO:colcon.colcon_core.shell:Creating prefix script '/home/arrgusr/ROS2Dev/X3_PLUS/install/local_setup.zsh'
[1.783s] INFO:colcon.colcon_core.shell:Creating prefix chain script '/home/arrgusr/ROS2Dev/X3_PLUS/install/setup.zsh'
