[0.032s] Invoking command in '/home/marino-lc/ROS2dev/tesisx3_plus/build/dofbot_bringup': CMAKE_PREFIX_PATH=${CMAKE_PREFIX_PATH}:/opt/ros/jazzy DEBUGINFOD_URLS=https://debuginfod.ubuntu.com /usr/bin/cmake /home/marino-lc/ROS2dev/tesisx3_plus/src/dofbot_bringup -DCMAKE_INSTALL_PREFIX=/home/marino-lc/ROS2dev/tesisx3_plus/install/dofbot_bringup
[0.301s] -- The C compiler identification is GNU 13.3.0
[0.527s] -- The CXX compiler identification is GNU 13.3.0
[0.556s] -- Detecting C compiler ABI info
[0.705s] -- Detecting C compiler ABI info - done
[0.719s] -- Check for working C compiler: /usr/bin/cc - skipped
[0.719s] -- Detecting C compile features
[0.720s] -- Detecting C compile features - done
[0.738s] -- Detecting CXX compiler ABI info
[0.909s] -- Detecting CXX compiler ABI info - done
[0.924s] -- Check for working CXX compiler: /usr/bin/c++ - skipped
[0.924s] -- Detecting CXX compile features
[0.925s] -- Detecting CXX compile features - done
[0.956s] -- Found ament_cmake: 2.5.6 (/opt/ros/jazzy/share/ament_cmake/cmake)
[1.190s] -- Found Python3: /usr/bin/python3 (found version "3.12.3") found components: Interpreter 
[1.387s] -- Found rclpy: 7.1.11 (/opt/ros/jazzy/share/rclpy/cmake)
[1.391s] -- Found std_msgs: 5.3.8 (/opt/ros/jazzy/share/std_msgs/cmake)
[1.483s] -- Found rosidl_generator_c: 4.6.9 (/opt/ros/jazzy/share/rosidl_generator_c/cmake)
[1.514s] -- Found rosidl_generator_cpp: 4.6.9 (/opt/ros/jazzy/share/rosidl_generator_cpp/cmake)
[1.546s] -- Using all available rosidl_typesupport_c: rosidl_typesupport_fastrtps_c;rosidl_typesupport_introspection_c
[1.579s] -- Using all available rosidl_typesupport_cpp: rosidl_typesupport_fastrtps_cpp;rosidl_typesupport_introspection_cpp
[1.635s] -- Found control_msgs: 5.9.0 (/opt/ros/jazzy/share/control_msgs/cmake)
[2.161s] -- Configuring done (2.1s)
[2.172s] -- Generating done (0.0s)
[2.176s] -- Build files have been written to: /home/marino-lc/ROS2dev/tesisx3_plus/build/dofbot_bringup
[2.189s] Invoked command in '/home/marino-lc/ROS2dev/tesisx3_plus/build/dofbot_bringup' returned '0': CMAKE_PREFIX_PATH=${CMAKE_PREFIX_PATH}:/opt/ros/jazzy DEBUGINFOD_URLS=https://debuginfod.ubuntu.com /usr/bin/cmake /home/marino-lc/ROS2dev/tesisx3_plus/src/dofbot_bringup -DCMAKE_INSTALL_PREFIX=/home/marino-lc/ROS2dev/tesisx3_plus/install/dofbot_bringup
[2.190s] Invoking command in '/home/marino-lc/ROS2dev/tesisx3_plus/build/dofbot_bringup': CMAKE_PREFIX_PATH=${CMAKE_PREFIX_PATH}:/opt/ros/jazzy DEBUGINFOD_URLS=https://debuginfod.ubuntu.com /usr/bin/cmake --build /home/marino-lc/ROS2dev/tesisx3_plus/build/dofbot_bringup -- -j12 -l12
[2.288s] Built target ament_cmake_python_copy_dofbot_bringup
[2.529s] running egg_info
[2.530s] creating dofbot_bringup.egg-info
[2.544s] writing dofbot_bringup.egg-info/PKG-INFO
[2.544s] writing dependency_links to dofbot_bringup.egg-info/dependency_links.txt
[2.544s] writing top-level names to dofbot_bringup.egg-info/top_level.txt
[2.545s] writing manifest file 'dofbot_bringup.egg-info/SOURCES.txt'
[2.597s] reading manifest file 'dofbot_bringup.egg-info/SOURCES.txt'
[2.597s] writing manifest file 'dofbot_bringup.egg-info/SOURCES.txt'
[2.644s] Built target ament_cmake_python_build_dofbot_bringup_egg
[2.664s] Invoked command in '/home/marino-lc/ROS2dev/tesisx3_plus/build/dofbot_bringup' returned '0': CMAKE_PREFIX_PATH=${CMAKE_PREFIX_PATH}:/opt/ros/jazzy DEBUGINFOD_URLS=https://debuginfod.ubuntu.com /usr/bin/cmake --build /home/marino-lc/ROS2dev/tesisx3_plus/build/dofbot_bringup -- -j12 -l12
[2.665s] Invoking command in '/home/marino-lc/ROS2dev/tesisx3_plus/build/dofbot_bringup': CMAKE_PREFIX_PATH=${CMAKE_PREFIX_PATH}:/opt/ros/jazzy DEBUGINFOD_URLS=https://debuginfod.ubuntu.com /usr/bin/cmake --install /home/marino-lc/ROS2dev/tesisx3_plus/build/dofbot_bringup
[2.674s] -- Install configuration: ""
[2.674s] -- Installing: /home/marino-lc/ROS2dev/tesisx3_plus/install/dofbot_bringup/share/dofbot_bringup//launch
[2.674s] -- Installing: /home/marino-lc/ROS2dev/tesisx3_plus/install/dofbot_bringup/share/dofbot_bringup//launch/dofbot_trajectory_controller.launch.py
[2.675s] -- Installing: /home/marino-lc/ROS2dev/tesisx3_plus/install/dofbot_bringup/share/dofbot_bringup//rviz
[2.675s] -- Installing: /home/marino-lc/ROS2dev/tesisx3_plus/install/dofbot_bringup/share/dofbot_bringup//rviz/dofbot_trajectory_rviz.rviz
[2.676s] -- Installing: /home/marino-lc/ROS2dev/tesisx3_plus/install/dofbot_bringup/share/dofbot_bringup//world
[2.676s] -- Installing: /home/marino-lc/ROS2dev/tesisx3_plus/install/dofbot_bringup/share/dofbot_bringup//world/test_world.world
[2.677s] -- Installing: /home/marino-lc/ROS2dev/tesisx3_plus/install/dofbot_bringup/share/dofbot_bringup//src
[2.677s] -- Installing: /home/marino-lc/ROS2dev/tesisx3_plus/install/dofbot_bringup/share/dofbot_bringup//src/dofbot_trajectory_test.py
[2.678s] -- Installing: /home/marino-lc/ROS2dev/tesisx3_plus/install/dofbot_bringup/share/dofbot_bringup//src/dofbot_gripper_test.py
[2.678s] -- Installing: /home/marino-lc/ROS2dev/tesisx3_plus/install/dofbot_bringup/share/dofbot_bringup/environment/pythonpath.sh
[2.679s] -- Installing: /home/marino-lc/ROS2dev/tesisx3_plus/install/dofbot_bringup/share/dofbot_bringup/environment/pythonpath.dsv
[2.679s] -- Installing: /home/marino-lc/ROS2dev/tesisx3_plus/install/dofbot_bringup/lib/python3.12/site-packages/dofbot_bringup-0.0.0-py3.12.egg-info
[2.679s] -- Installing: /home/marino-lc/ROS2dev/tesisx3_plus/install/dofbot_bringup/lib/python3.12/site-packages/dofbot_bringup-0.0.0-py3.12.egg-info/SOURCES.txt
[2.679s] -- Installing: /home/marino-lc/ROS2dev/tesisx3_plus/install/dofbot_bringup/lib/python3.12/site-packages/dofbot_bringup-0.0.0-py3.12.egg-info/PKG-INFO
[2.679s] -- Installing: /home/marino-lc/ROS2dev/tesisx3_plus/install/dofbot_bringup/lib/python3.12/site-packages/dofbot_bringup-0.0.0-py3.12.egg-info/dependency_links.txt
[2.680s] -- Installing: /home/marino-lc/ROS2dev/tesisx3_plus/install/dofbot_bringup/lib/python3.12/site-packages/dofbot_bringup-0.0.0-py3.12.egg-info/top_level.txt
[2.680s] -- Installing: /home/marino-lc/ROS2dev/tesisx3_plus/install/dofbot_bringup/lib/python3.12/site-packages/dofbot_bringup
[2.680s] -- Installing: /home/marino-lc/ROS2dev/tesisx3_plus/install/dofbot_bringup/lib/python3.12/site-packages/dofbot_bringup/__init__.py
[2.725s] Listing '/home/marino-lc/ROS2dev/tesisx3_plus/install/dofbot_bringup/lib/python3.12/site-packages/dofbot_bringup'...
[2.725s] Compiling '/home/marino-lc/ROS2dev/tesisx3_plus/install/dofbot_bringup/lib/python3.12/site-packages/dofbot_bringup/__init__.py'...
[2.731s] -- Installing: /home/marino-lc/ROS2dev/tesisx3_plus/install/dofbot_bringup/lib/dofbot_bringup/dofbot_trajectory_test.py
[2.731s] -- Installing: /home/marino-lc/ROS2dev/tesisx3_plus/install/dofbot_bringup/lib/dofbot_bringup/dofbot_gripper_test.py
[2.731s] -- Installing: /home/marino-lc/ROS2dev/tesisx3_plus/install/dofbot_bringup/share/ament_index/resource_index/package_run_dependencies/dofbot_bringup
[2.732s] -- Installing: /home/marino-lc/ROS2dev/tesisx3_plus/install/dofbot_bringup/share/ament_index/resource_index/parent_prefix_path/dofbot_bringup
[2.732s] -- Installing: /home/marino-lc/ROS2dev/tesisx3_plus/install/dofbot_bringup/share/dofbot_bringup/environment/ament_prefix_path.sh
[2.732s] -- Installing: /home/marino-lc/ROS2dev/tesisx3_plus/install/dofbot_bringup/share/dofbot_bringup/environment/ament_prefix_path.dsv
[2.732s] -- Installing: /home/marino-lc/ROS2dev/tesisx3_plus/install/dofbot_bringup/share/dofbot_bringup/environment/path.sh
[2.732s] -- Installing: /home/marino-lc/ROS2dev/tesisx3_plus/install/dofbot_bringup/share/dofbot_bringup/environment/path.dsv
[2.733s] -- Installing: /home/marino-lc/ROS2dev/tesisx3_plus/install/dofbot_bringup/share/dofbot_bringup/local_setup.bash
[2.733s] -- Installing: /home/marino-lc/ROS2dev/tesisx3_plus/install/dofbot_bringup/share/dofbot_bringup/local_setup.sh
[2.733s] -- Installing: /home/marino-lc/ROS2dev/tesisx3_plus/install/dofbot_bringup/share/dofbot_bringup/local_setup.zsh
[2.733s] -- Installing: /home/marino-lc/ROS2dev/tesisx3_plus/install/dofbot_bringup/share/dofbot_bringup/local_setup.dsv
[2.733s] -- Installing: /home/marino-lc/ROS2dev/tesisx3_plus/install/dofbot_bringup/share/dofbot_bringup/package.dsv
[2.733s] -- Installing: /home/marino-lc/ROS2dev/tesisx3_plus/install/dofbot_bringup/share/ament_index/resource_index/packages/dofbot_bringup
[2.733s] -- Installing: /home/marino-lc/ROS2dev/tesisx3_plus/install/dofbot_bringup/share/dofbot_bringup/cmake/dofbot_bringupConfig.cmake
[2.733s] -- Installing: /home/marino-lc/ROS2dev/tesisx3_plus/install/dofbot_bringup/share/dofbot_bringup/cmake/dofbot_bringupConfig-version.cmake
[2.733s] -- Installing: /home/marino-lc/ROS2dev/tesisx3_plus/install/dofbot_bringup/share/dofbot_bringup/package.xml
[2.752s] Invoked command in '/home/marino-lc/ROS2dev/tesisx3_plus/build/dofbot_bringup' returned '0': CMAKE_PREFIX_PATH=${CMAKE_PREFIX_PATH}:/opt/ros/jazzy DEBUGINFOD_URLS=https://debuginfod.ubuntu.com /usr/bin/cmake --install /home/marino-lc/ROS2dev/tesisx3_plus/build/dofbot_bringup
