[0.007s] Invoking command in '/home/arrusr/ROSDev2/tesisx3_plus/build/omni_description': CMAKE_PREFIX_PATH=${CMAKE_PREFIX_PATH}:/opt/ros/jazzy DEBUGINFOD_URLS=https://debuginfod.ubuntu.com /usr/bin/cmake /home/arrusr/ROSDev2/tesisx3_plus/src/omni_description -DCMAKE_INSTALL_PREFIX=/home/arrusr/ROSDev2/tesisx3_plus/install/omni_description
[0.132s] -- The C compiler identification is GNU 11.5.0
[0.207s] -- The CXX compiler identification is GNU 11.5.0
[0.219s] -- Detecting C compiler ABI info
[0.282s] -- Detecting C compiler ABI info - done
[0.287s] -- Check for working C compiler: /usr/bin/cc - skipped
[0.287s] -- Detecting C compile features
[0.288s] -- Detecting C compile features - done
[0.294s] -- Detecting CXX compiler ABI info
[0.349s] -- Detecting CXX compiler ABI info - done
[0.354s] -- Check for working CXX compiler: /usr/bin/c++ - skipped
[0.354s] -- Detecting CXX compile features
[0.354s] -- Detecting CXX compile features - done
[0.357s] -- Found ament_cmake: 2.5.6 (/opt/ros/jazzy/share/ament_cmake/cmake)
[0.629s] -- Found Python3: /home/arrusr/.pyenv/shims/python3 (found version "3.12.3") found components: Interpreter 
[0.802s] -- Configuring done (0.8s)
[0.803s] -- Generating done (0.0s)
[0.804s] -- Build files have been written to: /home/arrusr/ROSDev2/tesisx3_plus/build/omni_description
[0.808s] Invoked command in '/home/arrusr/ROSDev2/tesisx3_plus/build/omni_description' returned '0': CMAKE_PREFIX_PATH=${CMAKE_PREFIX_PATH}:/opt/ros/jazzy DEBUGINFOD_URLS=https://debuginfod.ubuntu.com /usr/bin/cmake /home/arrusr/ROSDev2/tesisx3_plus/src/omni_description -DCMAKE_INSTALL_PREFIX=/home/arrusr/ROSDev2/tesisx3_plus/install/omni_description
[0.808s] Invoking command in '/home/arrusr/ROSDev2/tesisx3_plus/build/omni_description': CMAKE_PREFIX_PATH=${CMAKE_PREFIX_PATH}:/opt/ros/jazzy DEBUGINFOD_URLS=https://debuginfod.ubuntu.com /usr/bin/cmake --build /home/arrusr/ROSDev2/tesisx3_plus/build/omni_description -- -j24 -l24
[0.836s] Invoked command in '/home/arrusr/ROSDev2/tesisx3_plus/build/omni_description' returned '0': CMAKE_PREFIX_PATH=${CMAKE_PREFIX_PATH}:/opt/ros/jazzy DEBUGINFOD_URLS=https://debuginfod.ubuntu.com /usr/bin/cmake --build /home/arrusr/ROSDev2/tesisx3_plus/build/omni_description -- -j24 -l24
[0.836s] Invoking command in '/home/arrusr/ROSDev2/tesisx3_plus/build/omni_description': CMAKE_PREFIX_PATH=${CMAKE_PREFIX_PATH}:/opt/ros/jazzy DEBUGINFOD_URLS=https://debuginfod.ubuntu.com /usr/bin/cmake --install /home/arrusr/ROSDev2/tesisx3_plus/build/omni_description
[0.840s] -- Install configuration: ""
[0.840s] -- Installing: /home/arrusr/ROSDev2/tesisx3_plus/install/omni_description/share/omni_description//launch
[0.840s] -- Installing: /home/arrusr/ROSDev2/tesisx3_plus/install/omni_description/share/omni_description//launch/omni_display.launch.xml
[0.840s] -- Installing: /home/arrusr/ROSDev2/tesisx3_plus/install/omni_description/share/omni_description//meshes
[0.840s] -- Installing: /home/arrusr/ROSDev2/tesisx3_plus/install/omni_description/share/omni_description//meshes/X3
[0.840s] -- Installing: /home/arrusr/ROSDev2/tesisx3_plus/install/omni_description/share/omni_description//meshes/X3/front_right_wheel.STL
[0.841s] -- Installing: /home/arrusr/ROSDev2/tesisx3_plus/install/omni_description/share/omni_description//meshes/X3/front_left_wheel.STL
[0.842s] -- Installing: /home/arrusr/ROSDev2/tesisx3_plus/install/omni_description/share/omni_description//meshes/X3/back_right_wheel.STL
[0.843s] -- Installing: /home/arrusr/ROSDev2/tesisx3_plus/install/omni_description/share/omni_description//meshes/X3/base_link.STL
[0.844s] -- Installing: /home/arrusr/ROSDev2/tesisx3_plus/install/omni_description/share/omni_description//meshes/X3/back_left_wheel.STL
[0.846s] -- Installing: /home/arrusr/ROSDev2/tesisx3_plus/install/omni_description/share/omni_description//meshes/sensor
[0.846s] -- Installing: /home/arrusr/ROSDev2/tesisx3_plus/install/omni_description/share/omni_description//meshes/sensor/visual
[0.846s] -- Installing: /home/arrusr/ROSDev2/tesisx3_plus/install/omni_description/share/omni_description//meshes/sensor/visual/mono_link.STL
[0.847s] -- Installing: /home/arrusr/ROSDev2/tesisx3_plus/install/omni_description/share/omni_description//meshes/sensor/visual/laser_link.STL
[0.850s] -- Installing: /home/arrusr/ROSDev2/tesisx3_plus/install/omni_description/share/omni_description//meshes/sensor/visual/camera_link.STL
[0.850s] -- Installing: /home/arrusr/ROSDev2/tesisx3_plus/install/omni_description/share/omni_description//meshes/sensor/collision
[0.850s] -- Installing: /home/arrusr/ROSDev2/tesisx3_plus/install/omni_description/share/omni_description//meshes/sensor/collision/mono_link.STL
[0.851s] -- Installing: /home/arrusr/ROSDev2/tesisx3_plus/install/omni_description/share/omni_description//meshes/sensor/collision/laser_link.STL
[0.851s] -- Installing: /home/arrusr/ROSDev2/tesisx3_plus/install/omni_description/share/omni_description//meshes/sensor/collision/camera_link.STL
[0.852s] -- Installing: /home/arrusr/ROSDev2/tesisx3_plus/install/omni_description/share/omni_description//meshes/X3plus
[0.852s] -- Installing: /home/arrusr/ROSDev2/tesisx3_plus/install/omni_description/share/omni_description//meshes/X3plus/visual
[0.852s] -- Installing: /home/arrusr/ROSDev2/tesisx3_plus/install/omni_description/share/omni_description//meshes/X3plus/visual/llink2.STL
[0.852s] -- Installing: /home/arrusr/ROSDev2/tesisx3_plus/install/omni_description/share/omni_description//meshes/X3plus/visual/arm_link3.STL
[0.856s] -- Installing: /home/arrusr/ROSDev2/tesisx3_plus/install/omni_description/share/omni_description//meshes/X3plus/visual/rlink2.STL
[0.856s] -- Installing: /home/arrusr/ROSDev2/tesisx3_plus/install/omni_description/share/omni_description//meshes/X3plus/visual/arm_link2.STL
[0.860s] -- Installing: /home/arrusr/ROSDev2/tesisx3_plus/install/omni_description/share/omni_description//meshes/X3plus/visual/arm_link1.STL
[0.863s] -- Installing: /home/arrusr/ROSDev2/tesisx3_plus/install/omni_description/share/omni_description//meshes/X3plus/visual/arm_link5.STL
[0.865s] -- Installing: /home/arrusr/ROSDev2/tesisx3_plus/install/omni_description/share/omni_description//meshes/X3plus/visual/rlink3.STL
[0.865s] -- Installing: /home/arrusr/ROSDev2/tesisx3_plus/install/omni_description/share/omni_description//meshes/X3plus/visual/rlink1.STL
[0.865s] -- Installing: /home/arrusr/ROSDev2/tesisx3_plus/install/omni_description/share/omni_description//meshes/X3plus/visual/llink3.STL
[0.866s] -- Installing: /home/arrusr/ROSDev2/tesisx3_plus/install/omni_description/share/omni_description//meshes/X3plus/visual/llink1.STL
[0.866s] -- Installing: /home/arrusr/ROSDev2/tesisx3_plus/install/omni_description/share/omni_description//rviz
[0.866s] -- Installing: /home/arrusr/ROSDev2/tesisx3_plus/install/omni_description/share/omni_description//rviz/omni_rviz.rviz
[0.866s] -- Installing: /home/arrusr/ROSDev2/tesisx3_plus/install/omni_description/share/omni_description//urdf
[0.866s] -- Installing: /home/arrusr/ROSDev2/tesisx3_plus/install/omni_description/share/omni_description//urdf/omni_velocity_controller.xacro
[0.866s] -- Installing: /home/arrusr/ROSDev2/tesisx3_plus/install/omni_description/share/omni_description//urdf/omni_urdf.xacro
[0.866s] -- Installing: /home/arrusr/ROSDev2/tesisx3_plus/install/omni_description/share/omni_description//urdf/velocity_controller.xacro
[0.866s] -- Installing: /home/arrusr/ROSDev2/tesisx3_plus/install/omni_description/share/omni_description//urdf/lidar_sensor.xacro
[0.866s] -- Installing: /home/arrusr/ROSDev2/tesisx3_plus/install/omni_description/share/omni_description//urdf/imu_sensor.xacro
[0.866s] -- Installing: /home/arrusr/ROSDev2/tesisx3_plus/install/omni_description/share/omni_description//urdf/omni_gz_properties.xacro
[0.866s] -- Installing: /home/arrusr/ROSDev2/tesisx3_plus/install/omni_description/share/omni_description//urdf/depth_camera_sensor.xacro
[0.866s] -- Installing: /home/arrusr/ROSDev2/tesisx3_plus/install/omni_description/share/omni_description//urdf/xacro_properties.xacro
[0.866s] -- Installing: /home/arrusr/ROSDev2/tesisx3_plus/install/omni_description/share/omni_description//urdf/camera_sensor.xacro
[0.866s] -- Installing: /home/arrusr/ROSDev2/tesisx3_plus/install/omni_description/share/omni_description//config
[0.866s] -- Installing: /home/arrusr/ROSDev2/tesisx3_plus/install/omni_description/share/omni_description//config/omni_velocity_controller.yaml
[0.866s] -- Installing: /home/arrusr/ROSDev2/tesisx3_plus/install/omni_description/share/ament_index/resource_index/package_run_dependencies/omni_description
[0.866s] -- Installing: /home/arrusr/ROSDev2/tesisx3_plus/install/omni_description/share/ament_index/resource_index/parent_prefix_path/omni_description
[0.866s] -- Installing: /home/arrusr/ROSDev2/tesisx3_plus/install/omni_description/share/omni_description/environment/ament_prefix_path.sh
[0.866s] -- Installing: /home/arrusr/ROSDev2/tesisx3_plus/install/omni_description/share/omni_description/environment/ament_prefix_path.dsv
[0.866s] -- Installing: /home/arrusr/ROSDev2/tesisx3_plus/install/omni_description/share/omni_description/environment/path.sh
[0.866s] -- Installing: /home/arrusr/ROSDev2/tesisx3_plus/install/omni_description/share/omni_description/environment/path.dsv
[0.866s] -- Installing: /home/arrusr/ROSDev2/tesisx3_plus/install/omni_description/share/omni_description/local_setup.bash
[0.866s] -- Installing: /home/arrusr/ROSDev2/tesisx3_plus/install/omni_description/share/omni_description/local_setup.sh
[0.866s] -- Installing: /home/arrusr/ROSDev2/tesisx3_plus/install/omni_description/share/omni_description/local_setup.zsh
[0.866s] -- Installing: /home/arrusr/ROSDev2/tesisx3_plus/install/omni_description/share/omni_description/local_setup.dsv
[0.866s] -- Installing: /home/arrusr/ROSDev2/tesisx3_plus/install/omni_description/share/omni_description/package.dsv
[0.866s] -- Installing: /home/arrusr/ROSDev2/tesisx3_plus/install/omni_description/share/ament_index/resource_index/packages/omni_description
[0.866s] -- Installing: /home/arrusr/ROSDev2/tesisx3_plus/install/omni_description/share/omni_description/cmake/omni_descriptionConfig.cmake
[0.866s] -- Installing: /home/arrusr/ROSDev2/tesisx3_plus/install/omni_description/share/omni_description/cmake/omni_descriptionConfig-version.cmake
[0.866s] -- Installing: /home/arrusr/ROSDev2/tesisx3_plus/install/omni_description/share/omni_description/package.xml
[0.873s] Invoked command in '/home/arrusr/ROSDev2/tesisx3_plus/build/omni_description' returned '0': CMAKE_PREFIX_PATH=${CMAKE_PREFIX_PATH}:/opt/ros/jazzy DEBUGINFOD_URLS=https://debuginfod.ubuntu.com /usr/bin/cmake --install /home/arrusr/ROSDev2/tesisx3_plus/build/omni_description
