[0.010s] Invoking command in '/home/arrusr/ROSDev2/tesisx3_plus/build/omni_bringup': CMAKE_PREFIX_PATH=${CMAKE_PREFIX_PATH}:/opt/ros/jazzy DEBUGINFOD_URLS=https://debuginfod.ubuntu.com /usr/bin/cmake --build /home/arrusr/ROSDev2/tesisx3_plus/build/omni_bringup -- -j24 -l24
[0.043s] Built target ament_cmake_python_copy_omni_bringup
[0.198s] running egg_info
[0.208s] writing omni_bringup.egg-info/PKG-INFO
[0.208s] writing dependency_links to omni_bringup.egg-info/dependency_links.txt
[0.208s] writing top-level names to omni_bringup.egg-info/top_level.txt
[0.240s] reading manifest file 'omni_bringup.egg-info/SOURCES.txt'
[0.240s] writing manifest file 'omni_bringup.egg-info/SOURCES.txt'
[0.254s] Built target ament_cmake_python_build_omni_bringup_egg
[0.260s] Invoked command in '/home/arrusr/ROSDev2/tesisx3_plus/build/omni_bringup' returned '0': CMAKE_PREFIX_PATH=${CMAKE_PREFIX_PATH}:/opt/ros/jazzy DEBUGINFOD_URLS=https://debuginfod.ubuntu.com /usr/bin/cmake --build /home/arrusr/ROSDev2/tesisx3_plus/build/omni_bringup -- -j24 -l24
[0.261s] Invoking command in '/home/arrusr/ROSDev2/tesisx3_plus/build/omni_bringup': CMAKE_PREFIX_PATH=${CMAKE_PREFIX_PATH}:/opt/ros/jazzy DEBUGINFOD_URLS=https://debuginfod.ubuntu.com /usr/bin/cmake --install /home/arrusr/ROSDev2/tesisx3_plus/build/omni_bringup
[0.265s] -- Install configuration: ""
[0.265s] -- Up-to-date: /home/arrusr/ROSDev2/tesisx3_plus/install/omni_bringup/share/omni_bringup//launch
[0.265s] -- Up-to-date: /home/arrusr/ROSDev2/tesisx3_plus/install/omni_bringup/share/omni_bringup//launch/simple_velocity_controller.launch.py
[0.265s] -- Up-to-date: /home/arrusr/ROSDev2/tesisx3_plus/install/omni_bringup/share/omni_bringup//rviz
[0.265s] -- Up-to-date: /home/arrusr/ROSDev2/tesisx3_plus/install/omni_bringup/share/omni_bringup//rviz/omni_velocity_rviz.rviz
[0.265s] -- Up-to-date: /home/arrusr/ROSDev2/tesisx3_plus/install/omni_bringup/share/omni_bringup//world
[0.265s] -- Up-to-date: /home/arrusr/ROSDev2/tesisx3_plus/install/omni_bringup/share/omni_bringup//world/Mundo_mesa_y_cajas.world
[0.265s] -- Up-to-date: /home/arrusr/ROSDev2/tesisx3_plus/install/omni_bringup/share/omni_bringup/environment/pythonpath.sh
[0.265s] -- Up-to-date: /home/arrusr/ROSDev2/tesisx3_plus/install/omni_bringup/share/omni_bringup/environment/pythonpath.dsv
[0.265s] -- Up-to-date: /home/arrusr/ROSDev2/tesisx3_plus/install/omni_bringup/lib/python3.12/site-packages/omni_bringup-0.0.0-py3.12.egg-info
[0.265s] -- Installing: /home/arrusr/ROSDev2/tesisx3_plus/install/omni_bringup/lib/python3.12/site-packages/omni_bringup-0.0.0-py3.12.egg-info/top_level.txt
[0.266s] -- Installing: /home/arrusr/ROSDev2/tesisx3_plus/install/omni_bringup/lib/python3.12/site-packages/omni_bringup-0.0.0-py3.12.egg-info/SOURCES.txt
[0.266s] -- Installing: /home/arrusr/ROSDev2/tesisx3_plus/install/omni_bringup/lib/python3.12/site-packages/omni_bringup-0.0.0-py3.12.egg-info/dependency_links.txt
[0.266s] -- Installing: /home/arrusr/ROSDev2/tesisx3_plus/install/omni_bringup/lib/python3.12/site-packages/omni_bringup-0.0.0-py3.12.egg-info/PKG-INFO
[0.266s] -- Up-to-date: /home/arrusr/ROSDev2/tesisx3_plus/install/omni_bringup/lib/python3.12/site-packages/omni_bringup
[0.266s] -- Up-to-date: /home/arrusr/ROSDev2/tesisx3_plus/install/omni_bringup/lib/python3.12/site-packages/omni_bringup/__init__.py
[0.313s] Listing '/home/arrusr/ROSDev2/tesisx3_plus/install/omni_bringup/lib/python3.12/site-packages/omni_bringup'...
[0.315s] -- Up-to-date: /home/arrusr/ROSDev2/tesisx3_plus/install/omni_bringup/share/ament_index/resource_index/package_run_dependencies/omni_bringup
[0.315s] -- Up-to-date: /home/arrusr/ROSDev2/tesisx3_plus/install/omni_bringup/share/ament_index/resource_index/parent_prefix_path/omni_bringup
[0.315s] -- Up-to-date: /home/arrusr/ROSDev2/tesisx3_plus/install/omni_bringup/share/omni_bringup/environment/ament_prefix_path.sh
[0.315s] -- Up-to-date: /home/arrusr/ROSDev2/tesisx3_plus/install/omni_bringup/share/omni_bringup/environment/ament_prefix_path.dsv
[0.315s] -- Up-to-date: /home/arrusr/ROSDev2/tesisx3_plus/install/omni_bringup/share/omni_bringup/environment/path.sh
[0.315s] -- Up-to-date: /home/arrusr/ROSDev2/tesisx3_plus/install/omni_bringup/share/omni_bringup/environment/path.dsv
[0.315s] -- Up-to-date: /home/arrusr/ROSDev2/tesisx3_plus/install/omni_bringup/share/omni_bringup/local_setup.bash
[0.315s] -- Up-to-date: /home/arrusr/ROSDev2/tesisx3_plus/install/omni_bringup/share/omni_bringup/local_setup.sh
[0.315s] -- Up-to-date: /home/arrusr/ROSDev2/tesisx3_plus/install/omni_bringup/share/omni_bringup/local_setup.zsh
[0.316s] -- Up-to-date: /home/arrusr/ROSDev2/tesisx3_plus/install/omni_bringup/share/omni_bringup/local_setup.dsv
[0.316s] -- Installing: /home/arrusr/ROSDev2/tesisx3_plus/install/omni_bringup/share/omni_bringup/package.dsv
[0.316s] -- Up-to-date: /home/arrusr/ROSDev2/tesisx3_plus/install/omni_bringup/share/ament_index/resource_index/packages/omni_bringup
[0.316s] -- Up-to-date: /home/arrusr/ROSDev2/tesisx3_plus/install/omni_bringup/share/omni_bringup/cmake/omni_bringupConfig.cmake
[0.316s] -- Up-to-date: /home/arrusr/ROSDev2/tesisx3_plus/install/omni_bringup/share/omni_bringup/cmake/omni_bringupConfig-version.cmake
[0.316s] -- Up-to-date: /home/arrusr/ROSDev2/tesisx3_plus/install/omni_bringup/share/omni_bringup/package.xml
[0.319s] Invoked command in '/home/arrusr/ROSDev2/tesisx3_plus/build/omni_bringup' returned '0': CMAKE_PREFIX_PATH=${CMAKE_PREFIX_PATH}:/opt/ros/jazzy DEBUGINFOD_URLS=https://debuginfod.ubuntu.com /usr/bin/cmake --install /home/arrusr/ROSDev2/tesisx3_plus/build/omni_bringup
