[0.018s] Invoking command in '/home/arrgusr/ROS2Dev/X3_PLUS/build/omni_bringup': CMAKE_PREFIX_PATH=${CMAKE_PREFIX_PATH}:/opt/ros/jazzy DEBUGINFOD_URLS=https://debuginfod.ubuntu.com /usr/bin/cmake /home/arrgusr/ROS2Dev/X3_PLUS/src/omni_bringup -DCMAKE_INSTALL_PREFIX=/home/arrgusr/ROS2Dev/X3_PLUS/install/omni_bringup
[0.114s] -- The C compiler identification is GNU 13.3.0
[0.179s] -- The CXX compiler identification is GNU 13.3.0
[0.202s] -- Detecting C compiler ABI info
[0.336s] -- Detecting C compiler ABI info - done
[0.340s] -- Check for working C compiler: /usr/bin/cc - skipped
[0.340s] -- Detecting C compile features
[0.341s] -- Detecting C compile features - done
[0.356s] -- Detecting CXX compiler ABI info
[0.503s] -- Detecting CXX compiler ABI info - done
[0.510s] -- Check for working CXX compiler: /usr/bin/c++ - skipped
[0.511s] -- Detecting CXX compile features
[0.511s] -- Detecting CXX compile features - done
[0.517s] -- Found ament_cmake: 2.5.5 (/opt/ros/jazzy/share/ament_cmake/cmake)
[1.876s] -- Found Python3: /home/arrgusr/.pyenv/shims/python3 (found version "3.12.3") found components: Interpreter 
[2.106s] -- Found rclpy: 7.1.9 (/opt/ros/jazzy/share/rclpy/cmake)
[2.110s] -- Found std_msgs: 5.3.6 (/opt/ros/jazzy/share/std_msgs/cmake)
[2.179s] -- Found rosidl_generator_c: 4.6.7 (/opt/ros/jazzy/share/rosidl_generator_c/cmake)
[2.201s] -- Found rosidl_generator_cpp: 4.6.7 (/opt/ros/jazzy/share/rosidl_generator_cpp/cmake)
[2.222s] -- Using all available rosidl_typesupport_c: rosidl_typesupport_fastrtps_c;rosidl_typesupport_introspection_c
[2.245s] -- Using all available rosidl_typesupport_cpp: rosidl_typesupport_fastrtps_cpp;rosidl_typesupport_introspection_cpp
[2.291s] -- Found control_msgs: 5.7.0 (/opt/ros/jazzy/share/control_msgs/cmake)
[2.992s] -- Configuring done (3.0s)
[2.998s] -- Generating done (0.0s)
[3.002s] -- Build files have been written to: /home/arrgusr/ROS2Dev/X3_PLUS/build/omni_bringup
[3.014s] Invoked command in '/home/arrgusr/ROS2Dev/X3_PLUS/build/omni_bringup' returned '0': CMAKE_PREFIX_PATH=${CMAKE_PREFIX_PATH}:/opt/ros/jazzy DEBUGINFOD_URLS=https://debuginfod.ubuntu.com /usr/bin/cmake /home/arrgusr/ROS2Dev/X3_PLUS/src/omni_bringup -DCMAKE_INSTALL_PREFIX=/home/arrgusr/ROS2Dev/X3_PLUS/install/omni_bringup
[3.015s] Invoking command in '/home/arrgusr/ROS2Dev/X3_PLUS/build/omni_bringup': CMAKE_PREFIX_PATH=${CMAKE_PREFIX_PATH}:/opt/ros/jazzy DEBUGINFOD_URLS=https://debuginfod.ubuntu.com /usr/bin/cmake --build /home/arrgusr/ROS2Dev/X3_PLUS/build/omni_bringup -- -j2 -l2
[3.110s] Built target ament_cmake_python_copy_omni_bringup
[3.420s] running egg_info
[3.421s] creating omni_bringup.egg-info
[3.447s] writing omni_bringup.egg-info/PKG-INFO
[3.447s] writing dependency_links to omni_bringup.egg-info/dependency_links.txt
[3.448s] writing top-level names to omni_bringup.egg-info/top_level.txt
[3.448s] writing manifest file 'omni_bringup.egg-info/SOURCES.txt'
[3.517s] reading manifest file 'omni_bringup.egg-info/SOURCES.txt'
[3.517s] writing manifest file 'omni_bringup.egg-info/SOURCES.txt'
[3.559s] Built target ament_cmake_python_build_omni_bringup_egg
[3.574s] Invoked command in '/home/arrgusr/ROS2Dev/X3_PLUS/build/omni_bringup' returned '0': CMAKE_PREFIX_PATH=${CMAKE_PREFIX_PATH}:/opt/ros/jazzy DEBUGINFOD_URLS=https://debuginfod.ubuntu.com /usr/bin/cmake --build /home/arrgusr/ROS2Dev/X3_PLUS/build/omni_bringup -- -j2 -l2
[3.575s] Invoking command in '/home/arrgusr/ROS2Dev/X3_PLUS/build/omni_bringup': CMAKE_PREFIX_PATH=${CMAKE_PREFIX_PATH}:/opt/ros/jazzy DEBUGINFOD_URLS=https://debuginfod.ubuntu.com /usr/bin/cmake --install /home/arrgusr/ROS2Dev/X3_PLUS/build/omni_bringup
[3.597s] -- Install configuration: ""
[3.597s] -- Installing: /home/arrgusr/ROS2Dev/X3_PLUS/install/omni_bringup/share/omni_bringup//launch
[3.598s] -- Installing: /home/arrgusr/ROS2Dev/X3_PLUS/install/omni_bringup/share/omni_bringup//launch/simple_velocity_controller.launch.py
[3.599s] -- Installing: /home/arrgusr/ROS2Dev/X3_PLUS/install/omni_bringup/share/omni_bringup//rviz
[3.599s] -- Installing: /home/arrgusr/ROS2Dev/X3_PLUS/install/omni_bringup/share/omni_bringup//rviz/omni_velocity_rviz.rviz
[3.599s] -- Installing: /home/arrgusr/ROS2Dev/X3_PLUS/install/omni_bringup/share/omni_bringup//world
[3.599s] -- Installing: /home/arrgusr/ROS2Dev/X3_PLUS/install/omni_bringup/share/omni_bringup//world/Mundo_mesa_y_cajas.world
[3.599s] -- Installing: /home/arrgusr/ROS2Dev/X3_PLUS/install/omni_bringup/share/omni_bringup/environment/pythonpath.sh
[3.599s] -- Installing: /home/arrgusr/ROS2Dev/X3_PLUS/install/omni_bringup/share/omni_bringup/environment/pythonpath.dsv
[3.599s] -- Installing: /home/arrgusr/ROS2Dev/X3_PLUS/install/omni_bringup/lib/python3.12/site-packages/omni_bringup-0.0.0-py3.12.egg-info
[3.599s] -- Installing: /home/arrgusr/ROS2Dev/X3_PLUS/install/omni_bringup/lib/python3.12/site-packages/omni_bringup-0.0.0-py3.12.egg-info/PKG-INFO
[3.599s] -- Installing: /home/arrgusr/ROS2Dev/X3_PLUS/install/omni_bringup/lib/python3.12/site-packages/omni_bringup-0.0.0-py3.12.egg-info/SOURCES.txt
[3.599s] -- Installing: /home/arrgusr/ROS2Dev/X3_PLUS/install/omni_bringup/lib/python3.12/site-packages/omni_bringup-0.0.0-py3.12.egg-info/top_level.txt
[3.599s] -- Installing: /home/arrgusr/ROS2Dev/X3_PLUS/install/omni_bringup/lib/python3.12/site-packages/omni_bringup-0.0.0-py3.12.egg-info/dependency_links.txt
[3.599s] -- Installing: /home/arrgusr/ROS2Dev/X3_PLUS/install/omni_bringup/lib/python3.12/site-packages/omni_bringup
[3.599s] -- Installing: /home/arrgusr/ROS2Dev/X3_PLUS/install/omni_bringup/lib/python3.12/site-packages/omni_bringup/__init__.py
[3.737s] Listing '/home/arrgusr/ROS2Dev/X3_PLUS/install/omni_bringup/lib/python3.12/site-packages/omni_bringup'...
[3.738s] Compiling '/home/arrgusr/ROS2Dev/X3_PLUS/install/omni_bringup/lib/python3.12/site-packages/omni_bringup/__init__.py'...
[3.746s] -- Installing: /home/arrgusr/ROS2Dev/X3_PLUS/install/omni_bringup/share/ament_index/resource_index/package_run_dependencies/omni_bringup
[3.746s] -- Installing: /home/arrgusr/ROS2Dev/X3_PLUS/install/omni_bringup/share/ament_index/resource_index/parent_prefix_path/omni_bringup
[3.746s] -- Installing: /home/arrgusr/ROS2Dev/X3_PLUS/install/omni_bringup/share/omni_bringup/environment/ament_prefix_path.sh
[3.746s] -- Installing: /home/arrgusr/ROS2Dev/X3_PLUS/install/omni_bringup/share/omni_bringup/environment/ament_prefix_path.dsv
[3.746s] -- Installing: /home/arrgusr/ROS2Dev/X3_PLUS/install/omni_bringup/share/omni_bringup/environment/path.sh
[3.747s] -- Installing: /home/arrgusr/ROS2Dev/X3_PLUS/install/omni_bringup/share/omni_bringup/environment/path.dsv
[3.747s] -- Installing: /home/arrgusr/ROS2Dev/X3_PLUS/install/omni_bringup/share/omni_bringup/local_setup.bash
[3.748s] -- Installing: /home/arrgusr/ROS2Dev/X3_PLUS/install/omni_bringup/share/omni_bringup/local_setup.sh
[3.748s] -- Installing: /home/arrgusr/ROS2Dev/X3_PLUS/install/omni_bringup/share/omni_bringup/local_setup.zsh
[3.748s] -- Installing: /home/arrgusr/ROS2Dev/X3_PLUS/install/omni_bringup/share/omni_bringup/local_setup.dsv
[3.748s] -- Installing: /home/arrgusr/ROS2Dev/X3_PLUS/install/omni_bringup/share/omni_bringup/package.dsv
[3.748s] -- Installing: /home/arrgusr/ROS2Dev/X3_PLUS/install/omni_bringup/share/ament_index/resource_index/packages/omni_bringup
[3.748s] -- Installing: /home/arrgusr/ROS2Dev/X3_PLUS/install/omni_bringup/share/omni_bringup/cmake/omni_bringupConfig.cmake
[3.748s] -- Installing: /home/arrgusr/ROS2Dev/X3_PLUS/install/omni_bringup/share/omni_bringup/cmake/omni_bringupConfig-version.cmake
[3.749s] -- Installing: /home/arrgusr/ROS2Dev/X3_PLUS/install/omni_bringup/share/omni_bringup/package.xml
[3.751s] Invoked command in '/home/arrgusr/ROS2Dev/X3_PLUS/build/omni_bringup' returned '0': CMAKE_PREFIX_PATH=${CMAKE_PREFIX_PATH}:/opt/ros/jazzy DEBUGINFOD_URLS=https://debuginfod.ubuntu.com /usr/bin/cmake --install /home/arrgusr/ROS2Dev/X3_PLUS/build/omni_bringup
