[0.108s] DEBUG:colcon:Command line arguments: ['/usr/bin/colcon', 'build']
[0.108s] DEBUG:colcon:Parsed command line arguments: Namespace(log_base=None, log_level=None, verb_name='build', build_base='build', install_base='install', merge_install=False, symlink_install=False, test_result_base=None, continue_on_error=False, executor='parallel', parallel_workers=12, event_handlers=None, ignore_user_meta=False, metas=['./colcon.meta'], base_paths=['.'], packages_ignore=None, packages_ignore_regex=None, paths=None, packages_up_to=None, packages_up_to_regex=None, packages_above=None, packages_above_and_dependencies=None, packages_above_depth=None, packages_select_by_dep=None, packages_skip_by_dep=None, packages_skip_up_to=None, packages_select_build_failed=False, packages_skip_build_finished=False, packages_select_test_failures=False, packages_skip_test_passed=False, packages_select=None, packages_skip=None, packages_select_regex=None, packages_skip_regex=None, packages_start=None, packages_end=None, allow_overriding=[], cmake_args=None, cmake_target=None, cmake_target_skip_unavailable=False, cmake_clean_cache=False, cmake_clean_first=False, cmake_force_configure=False, ament_cmake_args=None, catkin_cmake_args=None, catkin_skip_building_tests=False, mixin_files=None, mixin=None, verb_parser=<colcon_mixin.mixin.mixin_argument.MixinArgumentDecorator object at 0x7f3cbd2b9520>, verb_extension=<colcon_core.verb.build.BuildVerb object at 0x7f3cbd3d1d60>, main=<bound method BuildVerb.main of <colcon_core.verb.build.BuildVerb object at 0x7f3cbd3d1d60>>, mixin_verb=('build',))
[0.155s] Level 1:colcon.colcon_core.package_discovery:discover_packages(colcon_meta) check parameters
[0.155s] Level 1:colcon.colcon_core.package_discovery:discover_packages(recursive) check parameters
[0.155s] Level 1:colcon.colcon_core.package_discovery:discover_packages(ignore) check parameters
[0.155s] Level 1:colcon.colcon_core.package_discovery:discover_packages(path) check parameters
[0.155s] Level 1:colcon.colcon_core.package_discovery:discover_packages(colcon_meta) discover
[0.155s] Level 1:colcon.colcon_core.package_discovery:discover_packages(recursive) discover
[0.155s] INFO:colcon.colcon_core.package_discovery:Crawling recursively for packages in '/home/marino-lc/ROS2dev/tesisx3_plus'
[0.155s] Level 1:colcon.colcon_core.package_identification:_identify(.) by extensions ['ignore', 'ignore_ament_install']
[0.155s] Level 1:colcon.colcon_core.package_identification:_identify(.) by extension 'ignore'
[0.155s] Level 1:colcon.colcon_core.package_identification:_identify(.) by extension 'ignore_ament_install'
[0.155s] Level 1:colcon.colcon_core.package_identification:_identify(.) by extensions ['colcon_pkg']
[0.155s] Level 1:colcon.colcon_core.package_identification:_identify(.) by extension 'colcon_pkg'
[0.155s] Level 1:colcon.colcon_core.package_identification:_identify(.) by extensions ['colcon_meta']
[0.155s] Level 1:colcon.colcon_core.package_identification:_identify(.) by extension 'colcon_meta'
[0.155s] Level 1:colcon.colcon_core.package_identification:_identify(.) by extensions ['ros']
[0.155s] Level 1:colcon.colcon_core.package_identification:_identify(.) by extension 'ros'
[0.185s] Level 1:colcon.colcon_core.package_identification:_identify(.) by extensions ['cmake', 'python']
[0.185s] Level 1:colcon.colcon_core.package_identification:_identify(.) by extension 'cmake'
[0.185s] Level 1:colcon.colcon_core.package_identification:_identify(.) by extension 'python'
[0.185s] Level 1:colcon.colcon_core.package_identification:_identify(.) by extensions ['python_setup_py']
[0.185s] Level 1:colcon.colcon_core.package_identification:_identify(.) by extension 'python_setup_py'
[0.185s] Level 1:colcon.colcon_core.package_identification:_identify(build) by extensions ['ignore', 'ignore_ament_install']
[0.185s] Level 1:colcon.colcon_core.package_identification:_identify(build) by extension 'ignore'
[0.185s] Level 1:colcon.colcon_core.package_identification:_identify(build) ignored
[0.185s] Level 1:colcon.colcon_core.package_identification:_identify(install) by extensions ['ignore', 'ignore_ament_install']
[0.185s] Level 1:colcon.colcon_core.package_identification:_identify(install) by extension 'ignore'
[0.185s] Level 1:colcon.colcon_core.package_identification:_identify(install) ignored
[0.185s] Level 1:colcon.colcon_core.package_identification:_identify(log) by extensions ['ignore', 'ignore_ament_install']
[0.185s] Level 1:colcon.colcon_core.package_identification:_identify(log) by extension 'ignore'
[0.185s] Level 1:colcon.colcon_core.package_identification:_identify(log) ignored
[0.186s] Level 1:colcon.colcon_core.package_identification:_identify(src) by extensions ['ignore', 'ignore_ament_install']
[0.186s] Level 1:colcon.colcon_core.package_identification:_identify(src) by extension 'ignore'
[0.186s] Level 1:colcon.colcon_core.package_identification:_identify(src) by extension 'ignore_ament_install'
[0.186s] Level 1:colcon.colcon_core.package_identification:_identify(src) by extensions ['colcon_pkg']
[0.186s] Level 1:colcon.colcon_core.package_identification:_identify(src) by extension 'colcon_pkg'
[0.186s] Level 1:colcon.colcon_core.package_identification:_identify(src) by extensions ['colcon_meta']
[0.186s] Level 1:colcon.colcon_core.package_identification:_identify(src) by extension 'colcon_meta'
[0.186s] Level 1:colcon.colcon_core.package_identification:_identify(src) by extensions ['ros']
[0.186s] Level 1:colcon.colcon_core.package_identification:_identify(src) by extension 'ros'
[0.186s] Level 1:colcon.colcon_core.package_identification:_identify(src) by extensions ['cmake', 'python']
[0.186s] Level 1:colcon.colcon_core.package_identification:_identify(src) by extension 'cmake'
[0.186s] Level 1:colcon.colcon_core.package_identification:_identify(src) by extension 'python'
[0.186s] Level 1:colcon.colcon_core.package_identification:_identify(src) by extensions ['python_setup_py']
[0.186s] Level 1:colcon.colcon_core.package_identification:_identify(src) by extension 'python_setup_py'
[0.186s] Level 1:colcon.colcon_core.package_identification:_identify(src/dofbot_bringup) by extensions ['ignore', 'ignore_ament_install']
[0.186s] Level 1:colcon.colcon_core.package_identification:_identify(src/dofbot_bringup) by extension 'ignore'
[0.186s] Level 1:colcon.colcon_core.package_identification:_identify(src/dofbot_bringup) by extension 'ignore_ament_install'
[0.186s] Level 1:colcon.colcon_core.package_identification:_identify(src/dofbot_bringup) by extensions ['colcon_pkg']
[0.186s] Level 1:colcon.colcon_core.package_identification:_identify(src/dofbot_bringup) by extension 'colcon_pkg'
[0.186s] Level 1:colcon.colcon_core.package_identification:_identify(src/dofbot_bringup) by extensions ['colcon_meta']
[0.186s] Level 1:colcon.colcon_core.package_identification:_identify(src/dofbot_bringup) by extension 'colcon_meta'
[0.186s] Level 1:colcon.colcon_core.package_identification:_identify(src/dofbot_bringup) by extensions ['ros']
[0.186s] Level 1:colcon.colcon_core.package_identification:_identify(src/dofbot_bringup) by extension 'ros'
[0.188s] DEBUG:colcon.colcon_core.package_identification:Package 'src/dofbot_bringup' with type 'ros.ament_cmake' and name 'dofbot_bringup'
[0.188s] Level 1:colcon.colcon_core.package_identification:_identify(src/dofbot_description) by extensions ['ignore', 'ignore_ament_install']
[0.188s] Level 1:colcon.colcon_core.package_identification:_identify(src/dofbot_description) by extension 'ignore'
[0.188s] Level 1:colcon.colcon_core.package_identification:_identify(src/dofbot_description) by extension 'ignore_ament_install'
[0.189s] Level 1:colcon.colcon_core.package_identification:_identify(src/dofbot_description) by extensions ['colcon_pkg']
[0.189s] Level 1:colcon.colcon_core.package_identification:_identify(src/dofbot_description) by extension 'colcon_pkg'
[0.189s] Level 1:colcon.colcon_core.package_identification:_identify(src/dofbot_description) by extensions ['colcon_meta']
[0.189s] Level 1:colcon.colcon_core.package_identification:_identify(src/dofbot_description) by extension 'colcon_meta'
[0.189s] Level 1:colcon.colcon_core.package_identification:_identify(src/dofbot_description) by extensions ['ros']
[0.189s] Level 1:colcon.colcon_core.package_identification:_identify(src/dofbot_description) by extension 'ros'
[0.189s] DEBUG:colcon.colcon_core.package_identification:Package 'src/dofbot_description' with type 'ros.ament_cmake' and name 'dofbot_description'
[0.189s] Level 1:colcon.colcon_core.package_identification:_identify(src/omni_bringup) by extensions ['ignore', 'ignore_ament_install']
[0.189s] Level 1:colcon.colcon_core.package_identification:_identify(src/omni_bringup) by extension 'ignore'
[0.189s] Level 1:colcon.colcon_core.package_identification:_identify(src/omni_bringup) by extension 'ignore_ament_install'
[0.189s] Level 1:colcon.colcon_core.package_identification:_identify(src/omni_bringup) by extensions ['colcon_pkg']
[0.189s] Level 1:colcon.colcon_core.package_identification:_identify(src/omni_bringup) by extension 'colcon_pkg'
[0.189s] Level 1:colcon.colcon_core.package_identification:_identify(src/omni_bringup) by extensions ['colcon_meta']
[0.189s] Level 1:colcon.colcon_core.package_identification:_identify(src/omni_bringup) by extension 'colcon_meta'
[0.189s] Level 1:colcon.colcon_core.package_identification:_identify(src/omni_bringup) by extensions ['ros']
[0.189s] Level 1:colcon.colcon_core.package_identification:_identify(src/omni_bringup) by extension 'ros'
[0.190s] DEBUG:colcon.colcon_core.package_identification:Package 'src/omni_bringup' with type 'ros.ament_cmake' and name 'omni_bringup'
[0.190s] Level 1:colcon.colcon_core.package_identification:_identify(src/omni_description) by extensions ['ignore', 'ignore_ament_install']
[0.190s] Level 1:colcon.colcon_core.package_identification:_identify(src/omni_description) by extension 'ignore'
[0.190s] Level 1:colcon.colcon_core.package_identification:_identify(src/omni_description) by extension 'ignore_ament_install'
[0.190s] Level 1:colcon.colcon_core.package_identification:_identify(src/omni_description) by extensions ['colcon_pkg']
[0.190s] Level 1:colcon.colcon_core.package_identification:_identify(src/omni_description) by extension 'colcon_pkg'
[0.190s] Level 1:colcon.colcon_core.package_identification:_identify(src/omni_description) by extensions ['colcon_meta']
[0.190s] Level 1:colcon.colcon_core.package_identification:_identify(src/omni_description) by extension 'colcon_meta'
[0.190s] Level 1:colcon.colcon_core.package_identification:_identify(src/omni_description) by extensions ['ros']
[0.190s] Level 1:colcon.colcon_core.package_identification:_identify(src/omni_description) by extension 'ros'
[0.191s] DEBUG:colcon.colcon_core.package_identification:Package 'src/omni_description' with type 'ros.ament_cmake' and name 'omni_description'
[0.191s] Level 1:colcon.colcon_core.package_identification:_identify(src/omni_dofbot_bringup) by extensions ['ignore', 'ignore_ament_install']
[0.191s] Level 1:colcon.colcon_core.package_identification:_identify(src/omni_dofbot_bringup) by extension 'ignore'
[0.191s] Level 1:colcon.colcon_core.package_identification:_identify(src/omni_dofbot_bringup) by extension 'ignore_ament_install'
[0.191s] Level 1:colcon.colcon_core.package_identification:_identify(src/omni_dofbot_bringup) by extensions ['colcon_pkg']
[0.191s] Level 1:colcon.colcon_core.package_identification:_identify(src/omni_dofbot_bringup) by extension 'colcon_pkg'
[0.191s] Level 1:colcon.colcon_core.package_identification:_identify(src/omni_dofbot_bringup) by extensions ['colcon_meta']
[0.191s] Level 1:colcon.colcon_core.package_identification:_identify(src/omni_dofbot_bringup) by extension 'colcon_meta'
[0.191s] Level 1:colcon.colcon_core.package_identification:_identify(src/omni_dofbot_bringup) by extensions ['ros']
[0.191s] Level 1:colcon.colcon_core.package_identification:_identify(src/omni_dofbot_bringup) by extension 'ros'
[0.192s] DEBUG:colcon.colcon_core.package_identification:Package 'src/omni_dofbot_bringup' with type 'ros.ament_cmake' and name 'omni_dofbot_bringup'
[0.192s] Level 1:colcon.colcon_core.package_identification:_identify(src/omni_dofbot_description) by extensions ['ignore', 'ignore_ament_install']
[0.192s] Level 1:colcon.colcon_core.package_identification:_identify(src/omni_dofbot_description) by extension 'ignore'
[0.192s] Level 1:colcon.colcon_core.package_identification:_identify(src/omni_dofbot_description) by extension 'ignore_ament_install'
[0.192s] Level 1:colcon.colcon_core.package_identification:_identify(src/omni_dofbot_description) by extensions ['colcon_pkg']
[0.192s] Level 1:colcon.colcon_core.package_identification:_identify(src/omni_dofbot_description) by extension 'colcon_pkg'
[0.192s] Level 1:colcon.colcon_core.package_identification:_identify(src/omni_dofbot_description) by extensions ['colcon_meta']
[0.192s] Level 1:colcon.colcon_core.package_identification:_identify(src/omni_dofbot_description) by extension 'colcon_meta'
[0.192s] Level 1:colcon.colcon_core.package_identification:_identify(src/omni_dofbot_description) by extensions ['ros']
[0.192s] Level 1:colcon.colcon_core.package_identification:_identify(src/omni_dofbot_description) by extension 'ros'
[0.193s] DEBUG:colcon.colcon_core.package_identification:Package 'src/omni_dofbot_description' with type 'ros.ament_cmake' and name 'omni_dofbot_description'
[0.193s] Level 1:colcon.colcon_core.package_discovery:discover_packages(recursive) using defaults
[0.193s] Level 1:colcon.colcon_core.package_discovery:discover_packages(ignore) discover
[0.193s] Level 1:colcon.colcon_core.package_discovery:discover_packages(ignore) using defaults
[0.193s] Level 1:colcon.colcon_core.package_discovery:discover_packages(path) discover
[0.193s] Level 1:colcon.colcon_core.package_discovery:discover_packages(path) using defaults
[0.214s] Level 1:colcon.colcon_core.package_discovery:discover_packages(prefix_path) check parameters
[0.214s] Level 1:colcon.colcon_core.package_discovery:discover_packages(prefix_path) discover
[0.216s] DEBUG:colcon.colcon_installed_package_information.package_discovery:Found 6 installed packages in /home/marino-lc/ROS2dev/tesisx3_plus/install
[0.217s] DEBUG:colcon.colcon_installed_package_information.package_discovery:Found 1 installed packages in /home/marino-lc/gz_fix_ws/install
[0.219s] DEBUG:colcon.colcon_installed_package_information.package_discovery:Found 430 installed packages in /opt/ros/jazzy
[0.220s] Level 1:colcon.colcon_core.package_discovery:discover_packages(prefix_path) using defaults
[0.276s] Level 5:colcon.colcon_core.verb:set package 'dofbot_bringup' build argument 'cmake_args' from command line to 'None'
[0.276s] Level 5:colcon.colcon_core.verb:set package 'dofbot_bringup' build argument 'cmake_target' from command line to 'None'
[0.276s] Level 5:colcon.colcon_core.verb:set package 'dofbot_bringup' build argument 'cmake_target_skip_unavailable' from command line to 'False'
[0.276s] Level 5:colcon.colcon_core.verb:set package 'dofbot_bringup' build argument 'cmake_clean_cache' from command line to 'False'
[0.276s] Level 5:colcon.colcon_core.verb:set package 'dofbot_bringup' build argument 'cmake_clean_first' from command line to 'False'
[0.276s] Level 5:colcon.colcon_core.verb:set package 'dofbot_bringup' build argument 'cmake_force_configure' from command line to 'False'
[0.276s] Level 5:colcon.colcon_core.verb:set package 'dofbot_bringup' build argument 'ament_cmake_args' from command line to 'None'
[0.276s] Level 5:colcon.colcon_core.verb:set package 'dofbot_bringup' build argument 'catkin_cmake_args' from command line to 'None'
[0.276s] Level 5:colcon.colcon_core.verb:set package 'dofbot_bringup' build argument 'catkin_skip_building_tests' from command line to 'False'
[0.276s] DEBUG:colcon.colcon_core.verb:Building package 'dofbot_bringup' with the following arguments: {'ament_cmake_args': None, 'build_base': '/home/marino-lc/ROS2dev/tesisx3_plus/build/dofbot_bringup', 'catkin_cmake_args': None, 'catkin_skip_building_tests': False, 'cmake_args': None, 'cmake_clean_cache': False, 'cmake_clean_first': False, 'cmake_force_configure': False, 'cmake_target': None, 'cmake_target_skip_unavailable': False, 'install_base': '/home/marino-lc/ROS2dev/tesisx3_plus/install/dofbot_bringup', 'merge_install': False, 'path': '/home/marino-lc/ROS2dev/tesisx3_plus/src/dofbot_bringup', 'symlink_install': False, 'test_result_base': None}
[0.277s] Level 5:colcon.colcon_core.verb:set package 'dofbot_description' build argument 'cmake_args' from command line to 'None'
[0.277s] Level 5:colcon.colcon_core.verb:set package 'dofbot_description' build argument 'cmake_target' from command line to 'None'
[0.277s] Level 5:colcon.colcon_core.verb:set package 'dofbot_description' build argument 'cmake_target_skip_unavailable' from command line to 'False'
[0.277s] Level 5:colcon.colcon_core.verb:set package 'dofbot_description' build argument 'cmake_clean_cache' from command line to 'False'
[0.277s] Level 5:colcon.colcon_core.verb:set package 'dofbot_description' build argument 'cmake_clean_first' from command line to 'False'
[0.277s] Level 5:colcon.colcon_core.verb:set package 'dofbot_description' build argument 'cmake_force_configure' from command line to 'False'
[0.277s] Level 5:colcon.colcon_core.verb:set package 'dofbot_description' build argument 'ament_cmake_args' from command line to 'None'
[0.277s] Level 5:colcon.colcon_core.verb:set package 'dofbot_description' build argument 'catkin_cmake_args' from command line to 'None'
[0.277s] Level 5:colcon.colcon_core.verb:set package 'dofbot_description' build argument 'catkin_skip_building_tests' from command line to 'False'
[0.277s] DEBUG:colcon.colcon_core.verb:Building package 'dofbot_description' with the following arguments: {'ament_cmake_args': None, 'build_base': '/home/marino-lc/ROS2dev/tesisx3_plus/build/dofbot_description', 'catkin_cmake_args': None, 'catkin_skip_building_tests': False, 'cmake_args': None, 'cmake_clean_cache': False, 'cmake_clean_first': False, 'cmake_force_configure': False, 'cmake_target': None, 'cmake_target_skip_unavailable': False, 'install_base': '/home/marino-lc/ROS2dev/tesisx3_plus/install/dofbot_description', 'merge_install': False, 'path': '/home/marino-lc/ROS2dev/tesisx3_plus/src/dofbot_description', 'symlink_install': False, 'test_result_base': None}
[0.277s] Level 5:colcon.colcon_core.verb:set package 'omni_bringup' build argument 'cmake_args' from command line to 'None'
[0.278s] Level 5:colcon.colcon_core.verb:set package 'omni_bringup' build argument 'cmake_target' from command line to 'None'
[0.278s] Level 5:colcon.colcon_core.verb:set package 'omni_bringup' build argument 'cmake_target_skip_unavailable' from command line to 'False'
[0.278s] Level 5:colcon.colcon_core.verb:set package 'omni_bringup' build argument 'cmake_clean_cache' from command line to 'False'
[0.278s] Level 5:colcon.colcon_core.verb:set package 'omni_bringup' build argument 'cmake_clean_first' from command line to 'False'
[0.278s] Level 5:colcon.colcon_core.verb:set package 'omni_bringup' build argument 'cmake_force_configure' from command line to 'False'
[0.278s] Level 5:colcon.colcon_core.verb:set package 'omni_bringup' build argument 'ament_cmake_args' from command line to 'None'
[0.278s] Level 5:colcon.colcon_core.verb:set package 'omni_bringup' build argument 'catkin_cmake_args' from command line to 'None'
[0.278s] Level 5:colcon.colcon_core.verb:set package 'omni_bringup' build argument 'catkin_skip_building_tests' from command line to 'False'
[0.278s] DEBUG:colcon.colcon_core.verb:Building package 'omni_bringup' with the following arguments: {'ament_cmake_args': None, 'build_base': '/home/marino-lc/ROS2dev/tesisx3_plus/build/omni_bringup', 'catkin_cmake_args': None, 'catkin_skip_building_tests': False, 'cmake_args': None, 'cmake_clean_cache': False, 'cmake_clean_first': False, 'cmake_force_configure': False, 'cmake_target': None, 'cmake_target_skip_unavailable': False, 'install_base': '/home/marino-lc/ROS2dev/tesisx3_plus/install/omni_bringup', 'merge_install': False, 'path': '/home/marino-lc/ROS2dev/tesisx3_plus/src/omni_bringup', 'symlink_install': False, 'test_result_base': None}
[0.278s] Level 5:colcon.colcon_core.verb:set package 'omni_description' build argument 'cmake_args' from command line to 'None'
[0.278s] Level 5:colcon.colcon_core.verb:set package 'omni_description' build argument 'cmake_target' from command line to 'None'
[0.278s] Level 5:colcon.colcon_core.verb:set package 'omni_description' build argument 'cmake_target_skip_unavailable' from command line to 'False'
[0.278s] Level 5:colcon.colcon_core.verb:set package 'omni_description' build argument 'cmake_clean_cache' from command line to 'False'
[0.278s] Level 5:colcon.colcon_core.verb:set package 'omni_description' build argument 'cmake_clean_first' from command line to 'False'
[0.278s] Level 5:colcon.colcon_core.verb:set package 'omni_description' build argument 'cmake_force_configure' from command line to 'False'
[0.278s] Level 5:colcon.colcon_core.verb:set package 'omni_description' build argument 'ament_cmake_args' from command line to 'None'
[0.278s] Level 5:colcon.colcon_core.verb:set package 'omni_description' build argument 'catkin_cmake_args' from command line to 'None'
[0.278s] Level 5:colcon.colcon_core.verb:set package 'omni_description' build argument 'catkin_skip_building_tests' from command line to 'False'
[0.278s] DEBUG:colcon.colcon_core.verb:Building package 'omni_description' with the following arguments: {'ament_cmake_args': None, 'build_base': '/home/marino-lc/ROS2dev/tesisx3_plus/build/omni_description', 'catkin_cmake_args': None, 'catkin_skip_building_tests': False, 'cmake_args': None, 'cmake_clean_cache': False, 'cmake_clean_first': False, 'cmake_force_configure': False, 'cmake_target': None, 'cmake_target_skip_unavailable': False, 'install_base': '/home/marino-lc/ROS2dev/tesisx3_plus/install/omni_description', 'merge_install': False, 'path': '/home/marino-lc/ROS2dev/tesisx3_plus/src/omni_description', 'symlink_install': False, 'test_result_base': None}
[0.278s] Level 5:colcon.colcon_core.verb:set package 'omni_dofbot_bringup' build argument 'cmake_args' from command line to 'None'
[0.278s] Level 5:colcon.colcon_core.verb:set package 'omni_dofbot_bringup' build argument 'cmake_target' from command line to 'None'
[0.278s] Level 5:colcon.colcon_core.verb:set package 'omni_dofbot_bringup' build argument 'cmake_target_skip_unavailable' from command line to 'False'
[0.278s] Level 5:colcon.colcon_core.verb:set package 'omni_dofbot_bringup' build argument 'cmake_clean_cache' from command line to 'False'
[0.278s] Level 5:colcon.colcon_core.verb:set package 'omni_dofbot_bringup' build argument 'cmake_clean_first' from command line to 'False'
[0.278s] Level 5:colcon.colcon_core.verb:set package 'omni_dofbot_bringup' build argument 'cmake_force_configure' from command line to 'False'
[0.278s] Level 5:colcon.colcon_core.verb:set package 'omni_dofbot_bringup' build argument 'ament_cmake_args' from command line to 'None'
[0.278s] Level 5:colcon.colcon_core.verb:set package 'omni_dofbot_bringup' build argument 'catkin_cmake_args' from command line to 'None'
[0.278s] Level 5:colcon.colcon_core.verb:set package 'omni_dofbot_bringup' build argument 'catkin_skip_building_tests' from command line to 'False'
[0.278s] DEBUG:colcon.colcon_core.verb:Building package 'omni_dofbot_bringup' with the following arguments: {'ament_cmake_args': None, 'build_base': '/home/marino-lc/ROS2dev/tesisx3_plus/build/omni_dofbot_bringup', 'catkin_cmake_args': None, 'catkin_skip_building_tests': False, 'cmake_args': None, 'cmake_clean_cache': False, 'cmake_clean_first': False, 'cmake_force_configure': False, 'cmake_target': None, 'cmake_target_skip_unavailable': False, 'install_base': '/home/marino-lc/ROS2dev/tesisx3_plus/install/omni_dofbot_bringup', 'merge_install': False, 'path': '/home/marino-lc/ROS2dev/tesisx3_plus/src/omni_dofbot_bringup', 'symlink_install': False, 'test_result_base': None}
[0.279s] Level 5:colcon.colcon_core.verb:set package 'omni_dofbot_description' build argument 'cmake_args' from command line to 'None'
[0.279s] Level 5:colcon.colcon_core.verb:set package 'omni_dofbot_description' build argument 'cmake_target' from command line to 'None'
[0.279s] Level 5:colcon.colcon_core.verb:set package 'omni_dofbot_description' build argument 'cmake_target_skip_unavailable' from command line to 'False'
[0.279s] Level 5:colcon.colcon_core.verb:set package 'omni_dofbot_description' build argument 'cmake_clean_cache' from command line to 'False'
[0.279s] Level 5:colcon.colcon_core.verb:set package 'omni_dofbot_description' build argument 'cmake_clean_first' from command line to 'False'
[0.279s] Level 5:colcon.colcon_core.verb:set package 'omni_dofbot_description' build argument 'cmake_force_configure' from command line to 'False'
[0.279s] Level 5:colcon.colcon_core.verb:set package 'omni_dofbot_description' build argument 'ament_cmake_args' from command line to 'None'
[0.279s] Level 5:colcon.colcon_core.verb:set package 'omni_dofbot_description' build argument 'catkin_cmake_args' from command line to 'None'
[0.279s] Level 5:colcon.colcon_core.verb:set package 'omni_dofbot_description' build argument 'catkin_skip_building_tests' from command line to 'False'
[0.279s] DEBUG:colcon.colcon_core.verb:Building package 'omni_dofbot_description' with the following arguments: {'ament_cmake_args': None, 'build_base': '/home/marino-lc/ROS2dev/tesisx3_plus/build/omni_dofbot_description', 'catkin_cmake_args': None, 'catkin_skip_building_tests': False, 'cmake_args': None, 'cmake_clean_cache': False, 'cmake_clean_first': False, 'cmake_force_configure': False, 'cmake_target': None, 'cmake_target_skip_unavailable': False, 'install_base': '/home/marino-lc/ROS2dev/tesisx3_plus/install/omni_dofbot_description', 'merge_install': False, 'path': '/home/marino-lc/ROS2dev/tesisx3_plus/src/omni_dofbot_description', 'symlink_install': False, 'test_result_base': None}
[0.279s] INFO:colcon.colcon_core.executor:Executing jobs using 'parallel' executor
[0.280s] DEBUG:colcon.colcon_parallel_executor.executor.parallel:run_until_complete
[0.281s] INFO:colcon.colcon_ros.task.ament_cmake.build:Building ROS package in '/home/marino-lc/ROS2dev/tesisx3_plus/src/dofbot_bringup' with build type 'ament_cmake'
[0.281s] INFO:colcon.colcon_cmake.task.cmake.build:Building CMake package in '/home/marino-lc/ROS2dev/tesisx3_plus/src/dofbot_bringup'
[0.283s] INFO:colcon.colcon_core.plugin_system:Skipping extension 'colcon_core.shell.bat': Not used on non-Windows systems
[0.283s] INFO:colcon.colcon_core.shell:Skip shell extension 'powershell' for command environment: Not usable outside of PowerShell
[0.283s] DEBUG:colcon.colcon_core.shell:Skip shell extension 'dsv' for command environment
[0.288s] INFO:colcon.colcon_ros.task.ament_cmake.build:Building ROS package in '/home/marino-lc/ROS2dev/tesisx3_plus/src/dofbot_description' with build type 'ament_cmake'
[0.288s] INFO:colcon.colcon_cmake.task.cmake.build:Building CMake package in '/home/marino-lc/ROS2dev/tesisx3_plus/src/dofbot_description'
[0.288s] INFO:colcon.colcon_core.shell:Skip shell extension 'powershell' for command environment: Not usable outside of PowerShell
[0.288s] DEBUG:colcon.colcon_core.shell:Skip shell extension 'dsv' for command environment
[0.292s] INFO:colcon.colcon_ros.task.ament_cmake.build:Building ROS package in '/home/marino-lc/ROS2dev/tesisx3_plus/src/omni_bringup' with build type 'ament_cmake'
[0.293s] INFO:colcon.colcon_cmake.task.cmake.build:Building CMake package in '/home/marino-lc/ROS2dev/tesisx3_plus/src/omni_bringup'
[0.293s] INFO:colcon.colcon_core.shell:Skip shell extension 'powershell' for command environment: Not usable outside of PowerShell
[0.293s] DEBUG:colcon.colcon_core.shell:Skip shell extension 'dsv' for command environment
[0.298s] INFO:colcon.colcon_ros.task.ament_cmake.build:Building ROS package in '/home/marino-lc/ROS2dev/tesisx3_plus/src/omni_description' with build type 'ament_cmake'
[0.299s] INFO:colcon.colcon_cmake.task.cmake.build:Building CMake package in '/home/marino-lc/ROS2dev/tesisx3_plus/src/omni_description'
[0.299s] INFO:colcon.colcon_core.shell:Skip shell extension 'powershell' for command environment: Not usable outside of PowerShell
[0.299s] DEBUG:colcon.colcon_core.shell:Skip shell extension 'dsv' for command environment
[0.304s] INFO:colcon.colcon_ros.task.ament_cmake.build:Building ROS package in '/home/marino-lc/ROS2dev/tesisx3_plus/src/omni_dofbot_bringup' with build type 'ament_cmake'
[0.305s] INFO:colcon.colcon_cmake.task.cmake.build:Building CMake package in '/home/marino-lc/ROS2dev/tesisx3_plus/src/omni_dofbot_bringup'
[0.305s] INFO:colcon.colcon_core.shell:Skip shell extension 'powershell' for command environment: Not usable outside of PowerShell
[0.305s] DEBUG:colcon.colcon_core.shell:Skip shell extension 'dsv' for command environment
[0.311s] INFO:colcon.colcon_ros.task.ament_cmake.build:Building ROS package in '/home/marino-lc/ROS2dev/tesisx3_plus/src/omni_dofbot_description' with build type 'ament_cmake'
[0.311s] INFO:colcon.colcon_cmake.task.cmake.build:Building CMake package in '/home/marino-lc/ROS2dev/tesisx3_plus/src/omni_dofbot_description'
[0.311s] INFO:colcon.colcon_core.shell:Skip shell extension 'powershell' for command environment: Not usable outside of PowerShell
[0.311s] DEBUG:colcon.colcon_core.shell:Skip shell extension 'dsv' for command environment
[0.321s] DEBUG:colcon.colcon_core.event_handler.log_command:Invoking command in '/home/marino-lc/ROS2dev/tesisx3_plus/build/dofbot_bringup': CMAKE_PREFIX_PATH=${CMAKE_PREFIX_PATH}:/opt/ros/jazzy DEBUGINFOD_URLS=https://debuginfod.ubuntu.com /usr/bin/cmake --build /home/marino-lc/ROS2dev/tesisx3_plus/build/dofbot_bringup -- -j12 -l12
[0.323s] DEBUG:colcon.colcon_core.event_handler.log_command:Invoking command in '/home/marino-lc/ROS2dev/tesisx3_plus/build/dofbot_description': CMAKE_PREFIX_PATH=${CMAKE_PREFIX_PATH}:/opt/ros/jazzy DEBUGINFOD_URLS=https://debuginfod.ubuntu.com /usr/bin/cmake --build /home/marino-lc/ROS2dev/tesisx3_plus/build/dofbot_description -- -j12 -l12
[0.325s] DEBUG:colcon.colcon_core.event_handler.log_command:Invoking command in '/home/marino-lc/ROS2dev/tesisx3_plus/build/omni_bringup': CMAKE_PREFIX_PATH=${CMAKE_PREFIX_PATH}:/opt/ros/jazzy DEBUGINFOD_URLS=https://debuginfod.ubuntu.com /usr/bin/cmake --build /home/marino-lc/ROS2dev/tesisx3_plus/build/omni_bringup -- -j12 -l12
[0.328s] DEBUG:colcon.colcon_core.event_handler.log_command:Invoking command in '/home/marino-lc/ROS2dev/tesisx3_plus/build/omni_description': CMAKE_PREFIX_PATH=${CMAKE_PREFIX_PATH}:/opt/ros/jazzy DEBUGINFOD_URLS=https://debuginfod.ubuntu.com /usr/bin/cmake --build /home/marino-lc/ROS2dev/tesisx3_plus/build/omni_description -- -j12 -l12
[0.332s] DEBUG:colcon.colcon_core.event_handler.log_command:Invoking command in '/home/marino-lc/ROS2dev/tesisx3_plus/build/omni_dofbot_bringup': CMAKE_PREFIX_PATH=${CMAKE_PREFIX_PATH}:/opt/ros/jazzy DEBUGINFOD_URLS=https://debuginfod.ubuntu.com /usr/bin/cmake --build /home/marino-lc/ROS2dev/tesisx3_plus/build/omni_dofbot_bringup -- -j12 -l12
[0.338s] DEBUG:colcon.colcon_core.event_handler.log_command:Invoking command in '/home/marino-lc/ROS2dev/tesisx3_plus/build/omni_dofbot_description': CMAKE_PREFIX_PATH=${CMAKE_PREFIX_PATH}:/opt/ros/jazzy DEBUGINFOD_URLS=https://debuginfod.ubuntu.com /usr/bin/cmake --build /home/marino-lc/ROS2dev/tesisx3_plus/build/omni_dofbot_description -- -j12 -l12
[0.404s] DEBUG:colcon.colcon_core.event_handler.log_command:Invoked command in '/home/marino-lc/ROS2dev/tesisx3_plus/build/dofbot_description' returned '0': CMAKE_PREFIX_PATH=${CMAKE_PREFIX_PATH}:/opt/ros/jazzy DEBUGINFOD_URLS=https://debuginfod.ubuntu.com /usr/bin/cmake --build /home/marino-lc/ROS2dev/tesisx3_plus/build/dofbot_description -- -j12 -l12
[0.438s] DEBUG:colcon.colcon_core.event_handler.log_command:Invoking command in '/home/marino-lc/ROS2dev/tesisx3_plus/build/dofbot_description': CMAKE_PREFIX_PATH=${CMAKE_PREFIX_PATH}:/opt/ros/jazzy DEBUGINFOD_URLS=https://debuginfod.ubuntu.com /usr/bin/cmake --install /home/marino-lc/ROS2dev/tesisx3_plus/build/dofbot_description
[0.440s] DEBUG:colcon.colcon_core.event_handler.log_command:Invoked command in '/home/marino-lc/ROS2dev/tesisx3_plus/build/omni_description' returned '0': CMAKE_PREFIX_PATH=${CMAKE_PREFIX_PATH}:/opt/ros/jazzy DEBUGINFOD_URLS=https://debuginfod.ubuntu.com /usr/bin/cmake --build /home/marino-lc/ROS2dev/tesisx3_plus/build/omni_description -- -j12 -l12
[0.442s] DEBUG:colcon.colcon_core.event_handler.log_command:Invoking command in '/home/marino-lc/ROS2dev/tesisx3_plus/build/omni_description': CMAKE_PREFIX_PATH=${CMAKE_PREFIX_PATH}:/opt/ros/jazzy DEBUGINFOD_URLS=https://debuginfod.ubuntu.com /usr/bin/cmake --install /home/marino-lc/ROS2dev/tesisx3_plus/build/omni_description
[0.445s] DEBUG:colcon.colcon_core.event_handler.log_command:Invoked command in '/home/marino-lc/ROS2dev/tesisx3_plus/build/omni_dofbot_description' returned '0': CMAKE_PREFIX_PATH=${CMAKE_PREFIX_PATH}:/opt/ros/jazzy DEBUGINFOD_URLS=https://debuginfod.ubuntu.com /usr/bin/cmake --build /home/marino-lc/ROS2dev/tesisx3_plus/build/omni_dofbot_description -- -j12 -l12
[0.446s] DEBUG:colcon.colcon_core.event_handler.log_command:Invoking command in '/home/marino-lc/ROS2dev/tesisx3_plus/build/omni_dofbot_description': CMAKE_PREFIX_PATH=${CMAKE_PREFIX_PATH}:/opt/ros/jazzy DEBUGINFOD_URLS=https://debuginfod.ubuntu.com /usr/bin/cmake --install /home/marino-lc/ROS2dev/tesisx3_plus/build/omni_dofbot_description
[0.469s] Level 1:colcon.colcon_core.environment:create_environment_scripts_only(dofbot_description)
[0.473s] DEBUG:colcon.colcon_core.event_handler.log_command:Invoked command in '/home/marino-lc/ROS2dev/tesisx3_plus/build/dofbot_description' returned '0': CMAKE_PREFIX_PATH=${CMAKE_PREFIX_PATH}:/opt/ros/jazzy DEBUGINFOD_URLS=https://debuginfod.ubuntu.com /usr/bin/cmake --install /home/marino-lc/ROS2dev/tesisx3_plus/build/dofbot_description
[0.474s] Level 1:colcon.colcon_core.environment:checking '/home/marino-lc/ROS2dev/tesisx3_plus/install/dofbot_description' for CMake module files
[0.474s] Level 1:colcon.colcon_core.environment:checking '/home/marino-lc/ROS2dev/tesisx3_plus/install/dofbot_description' for CMake config files
[0.475s] Level 1:colcon.colcon_core.shell:create_environment_hook('dofbot_description', 'cmake_prefix_path')
[0.475s] INFO:colcon.colcon_core.shell:Creating environment hook '/home/marino-lc/ROS2dev/tesisx3_plus/install/dofbot_description/share/dofbot_description/hook/cmake_prefix_path.ps1'
[0.476s] INFO:colcon.colcon_core.shell:Creating environment descriptor '/home/marino-lc/ROS2dev/tesisx3_plus/install/dofbot_description/share/dofbot_description/hook/cmake_prefix_path.dsv'
[0.477s] INFO:colcon.colcon_core.shell:Creating environment hook '/home/marino-lc/ROS2dev/tesisx3_plus/install/dofbot_description/share/dofbot_description/hook/cmake_prefix_path.sh'
[0.478s] Level 1:colcon.colcon_core.environment:checking '/home/marino-lc/ROS2dev/tesisx3_plus/install/dofbot_description/bin'
[0.478s] Level 1:colcon.colcon_core.environment:checking '/home/marino-lc/ROS2dev/tesisx3_plus/install/dofbot_description/lib/pkgconfig/dofbot_description.pc'
[0.478s] Level 1:colcon.colcon_core.environment:checking '/home/marino-lc/ROS2dev/tesisx3_plus/install/dofbot_description/lib/python3.12/site-packages'
[0.479s] Level 1:colcon.colcon_core.environment:checking '/home/marino-lc/ROS2dev/tesisx3_plus/install/dofbot_description/bin'
[0.479s] INFO:colcon.colcon_core.shell:Creating package script '/home/marino-lc/ROS2dev/tesisx3_plus/install/dofbot_description/share/dofbot_description/package.ps1'
[0.480s] INFO:colcon.colcon_core.shell:Creating package descriptor '/home/marino-lc/ROS2dev/tesisx3_plus/install/dofbot_description/share/dofbot_description/package.dsv'
[0.481s] INFO:colcon.colcon_core.shell:Creating package script '/home/marino-lc/ROS2dev/tesisx3_plus/install/dofbot_description/share/dofbot_description/package.sh'
[0.481s] INFO:colcon.colcon_core.shell:Creating package script '/home/marino-lc/ROS2dev/tesisx3_plus/install/dofbot_description/share/dofbot_description/package.bash'
[0.482s] INFO:colcon.colcon_core.shell:Creating package script '/home/marino-lc/ROS2dev/tesisx3_plus/install/dofbot_description/share/dofbot_description/package.zsh'
[0.482s] Level 1:colcon.colcon_core.environment:create_file_with_runtime_dependencies(/home/marino-lc/ROS2dev/tesisx3_plus/install/dofbot_description/share/colcon-core/packages/dofbot_description)
[0.483s] Level 1:colcon.colcon_core.environment:create_environment_scripts_only(dofbot_description)
[0.483s] Level 1:colcon.colcon_core.environment:checking '/home/marino-lc/ROS2dev/tesisx3_plus/install/dofbot_description' for CMake module files
[0.483s] Level 1:colcon.colcon_core.environment:checking '/home/marino-lc/ROS2dev/tesisx3_plus/install/dofbot_description' for CMake config files
[0.484s] Level 1:colcon.colcon_core.shell:create_environment_hook('dofbot_description', 'cmake_prefix_path')
[0.484s] INFO:colcon.colcon_core.shell:Creating environment hook '/home/marino-lc/ROS2dev/tesisx3_plus/install/dofbot_description/share/dofbot_description/hook/cmake_prefix_path.ps1'
[0.485s] INFO:colcon.colcon_core.shell:Creating environment descriptor '/home/marino-lc/ROS2dev/tesisx3_plus/install/dofbot_description/share/dofbot_description/hook/cmake_prefix_path.dsv'
[0.485s] INFO:colcon.colcon_core.shell:Creating environment hook '/home/marino-lc/ROS2dev/tesisx3_plus/install/dofbot_description/share/dofbot_description/hook/cmake_prefix_path.sh'
[0.486s] Level 1:colcon.colcon_core.environment:checking '/home/marino-lc/ROS2dev/tesisx3_plus/install/dofbot_description/bin'
[0.486s] Level 1:colcon.colcon_core.environment:checking '/home/marino-lc/ROS2dev/tesisx3_plus/install/dofbot_description/lib/pkgconfig/dofbot_description.pc'
[0.487s] Level 1:colcon.colcon_core.environment:checking '/home/marino-lc/ROS2dev/tesisx3_plus/install/dofbot_description/lib/python3.12/site-packages'
[0.487s] Level 1:colcon.colcon_core.environment:checking '/home/marino-lc/ROS2dev/tesisx3_plus/install/dofbot_description/bin'
[0.487s] INFO:colcon.colcon_core.shell:Creating package script '/home/marino-lc/ROS2dev/tesisx3_plus/install/dofbot_description/share/dofbot_description/package.ps1'
[0.488s] INFO:colcon.colcon_core.shell:Creating package descriptor '/home/marino-lc/ROS2dev/tesisx3_plus/install/dofbot_description/share/dofbot_description/package.dsv'
[0.489s] INFO:colcon.colcon_core.shell:Creating package script '/home/marino-lc/ROS2dev/tesisx3_plus/install/dofbot_description/share/dofbot_description/package.sh'
[0.489s] INFO:colcon.colcon_core.shell:Creating package script '/home/marino-lc/ROS2dev/tesisx3_plus/install/dofbot_description/share/dofbot_description/package.bash'
[0.490s] INFO:colcon.colcon_core.shell:Creating package script '/home/marino-lc/ROS2dev/tesisx3_plus/install/dofbot_description/share/dofbot_description/package.zsh'
[0.490s] Level 1:colcon.colcon_core.environment:create_file_with_runtime_dependencies(/home/marino-lc/ROS2dev/tesisx3_plus/install/dofbot_description/share/colcon-core/packages/dofbot_description)
[0.490s] Level 1:colcon.colcon_core.environment:create_environment_scripts_only(omni_description)
[0.491s] Level 1:colcon.colcon_core.environment:checking '/home/marino-lc/ROS2dev/tesisx3_plus/install/omni_description' for CMake module files
[0.492s] Level 1:colcon.colcon_core.environment:checking '/home/marino-lc/ROS2dev/tesisx3_plus/install/omni_description' for CMake config files
[0.493s] Level 1:colcon.colcon_core.shell:create_environment_hook('omni_description', 'cmake_prefix_path')
[0.493s] INFO:colcon.colcon_core.shell:Creating environment hook '/home/marino-lc/ROS2dev/tesisx3_plus/install/omni_description/share/omni_description/hook/cmake_prefix_path.ps1'
[0.494s] DEBUG:colcon.colcon_core.event_handler.log_command:Invoked command in '/home/marino-lc/ROS2dev/tesisx3_plus/build/omni_description' returned '0': CMAKE_PREFIX_PATH=${CMAKE_PREFIX_PATH}:/opt/ros/jazzy DEBUGINFOD_URLS=https://debuginfod.ubuntu.com /usr/bin/cmake --install /home/marino-lc/ROS2dev/tesisx3_plus/build/omni_description
[0.494s] INFO:colcon.colcon_core.shell:Creating environment descriptor '/home/marino-lc/ROS2dev/tesisx3_plus/install/omni_description/share/omni_description/hook/cmake_prefix_path.dsv'
[0.495s] INFO:colcon.colcon_core.shell:Creating environment hook '/home/marino-lc/ROS2dev/tesisx3_plus/install/omni_description/share/omni_description/hook/cmake_prefix_path.sh'
[0.496s] Level 1:colcon.colcon_core.environment:checking '/home/marino-lc/ROS2dev/tesisx3_plus/install/omni_description/bin'
[0.496s] Level 1:colcon.colcon_core.environment:checking '/home/marino-lc/ROS2dev/tesisx3_plus/install/omni_description/lib/pkgconfig/omni_description.pc'
[0.496s] Level 1:colcon.colcon_core.environment:checking '/home/marino-lc/ROS2dev/tesisx3_plus/install/omni_description/lib/python3.12/site-packages'
[0.497s] Level 1:colcon.colcon_core.environment:checking '/home/marino-lc/ROS2dev/tesisx3_plus/install/omni_description/bin'
[0.497s] INFO:colcon.colcon_core.shell:Creating package script '/home/marino-lc/ROS2dev/tesisx3_plus/install/omni_description/share/omni_description/package.ps1'
[0.498s] INFO:colcon.colcon_core.shell:Creating package descriptor '/home/marino-lc/ROS2dev/tesisx3_plus/install/omni_description/share/omni_description/package.dsv'
[0.499s] INFO:colcon.colcon_core.shell:Creating package script '/home/marino-lc/ROS2dev/tesisx3_plus/install/omni_description/share/omni_description/package.sh'
[0.500s] INFO:colcon.colcon_core.shell:Creating package script '/home/marino-lc/ROS2dev/tesisx3_plus/install/omni_description/share/omni_description/package.bash'
[0.500s] INFO:colcon.colcon_core.shell:Creating package script '/home/marino-lc/ROS2dev/tesisx3_plus/install/omni_description/share/omni_description/package.zsh'
[0.501s] Level 1:colcon.colcon_core.environment:create_file_with_runtime_dependencies(/home/marino-lc/ROS2dev/tesisx3_plus/install/omni_description/share/colcon-core/packages/omni_description)
[0.502s] Level 1:colcon.colcon_core.environment:create_environment_scripts_only(omni_description)
[0.502s] Level 1:colcon.colcon_core.environment:checking '/home/marino-lc/ROS2dev/tesisx3_plus/install/omni_description' for CMake module files
[0.502s] Level 1:colcon.colcon_core.environment:checking '/home/marino-lc/ROS2dev/tesisx3_plus/install/omni_description' for CMake config files
[0.503s] Level 1:colcon.colcon_core.shell:create_environment_hook('omni_description', 'cmake_prefix_path')
[0.503s] INFO:colcon.colcon_core.shell:Creating environment hook '/home/marino-lc/ROS2dev/tesisx3_plus/install/omni_description/share/omni_description/hook/cmake_prefix_path.ps1'
[0.504s] INFO:colcon.colcon_core.shell:Creating environment descriptor '/home/marino-lc/ROS2dev/tesisx3_plus/install/omni_description/share/omni_description/hook/cmake_prefix_path.dsv'
[0.504s] INFO:colcon.colcon_core.shell:Creating environment hook '/home/marino-lc/ROS2dev/tesisx3_plus/install/omni_description/share/omni_description/hook/cmake_prefix_path.sh'
[0.505s] Level 1:colcon.colcon_core.environment:checking '/home/marino-lc/ROS2dev/tesisx3_plus/install/omni_description/bin'
[0.505s] Level 1:colcon.colcon_core.environment:checking '/home/marino-lc/ROS2dev/tesisx3_plus/install/omni_description/lib/pkgconfig/omni_description.pc'
[0.505s] Level 1:colcon.colcon_core.environment:checking '/home/marino-lc/ROS2dev/tesisx3_plus/install/omni_description/lib/python3.12/site-packages'
[0.506s] Level 1:colcon.colcon_core.environment:checking '/home/marino-lc/ROS2dev/tesisx3_plus/install/omni_description/bin'
[0.506s] INFO:colcon.colcon_core.shell:Creating package script '/home/marino-lc/ROS2dev/tesisx3_plus/install/omni_description/share/omni_description/package.ps1'
[0.507s] INFO:colcon.colcon_core.shell:Creating package descriptor '/home/marino-lc/ROS2dev/tesisx3_plus/install/omni_description/share/omni_description/package.dsv'
[0.507s] INFO:colcon.colcon_core.shell:Creating package script '/home/marino-lc/ROS2dev/tesisx3_plus/install/omni_description/share/omni_description/package.sh'
[0.507s] INFO:colcon.colcon_core.shell:Creating package script '/home/marino-lc/ROS2dev/tesisx3_plus/install/omni_description/share/omni_description/package.bash'
[0.508s] INFO:colcon.colcon_core.shell:Creating package script '/home/marino-lc/ROS2dev/tesisx3_plus/install/omni_description/share/omni_description/package.zsh'
[0.508s] Level 1:colcon.colcon_core.environment:create_file_with_runtime_dependencies(/home/marino-lc/ROS2dev/tesisx3_plus/install/omni_description/share/colcon-core/packages/omni_description)
[0.509s] Level 1:colcon.colcon_core.environment:create_environment_scripts_only(omni_dofbot_description)
[0.510s] Level 1:colcon.colcon_core.environment:checking '/home/marino-lc/ROS2dev/tesisx3_plus/install/omni_dofbot_description' for CMake module files
[0.511s] DEBUG:colcon.colcon_core.event_handler.log_command:Invoked command in '/home/marino-lc/ROS2dev/tesisx3_plus/build/omni_dofbot_description' returned '0': CMAKE_PREFIX_PATH=${CMAKE_PREFIX_PATH}:/opt/ros/jazzy DEBUGINFOD_URLS=https://debuginfod.ubuntu.com /usr/bin/cmake --install /home/marino-lc/ROS2dev/tesisx3_plus/build/omni_dofbot_description
[0.511s] Level 1:colcon.colcon_core.environment:checking '/home/marino-lc/ROS2dev/tesisx3_plus/install/omni_dofbot_description' for CMake config files
[0.511s] Level 1:colcon.colcon_core.shell:create_environment_hook('omni_dofbot_description', 'cmake_prefix_path')
[0.511s] INFO:colcon.colcon_core.shell:Creating environment hook '/home/marino-lc/ROS2dev/tesisx3_plus/install/omni_dofbot_description/share/omni_dofbot_description/hook/cmake_prefix_path.ps1'
[0.512s] INFO:colcon.colcon_core.shell:Creating environment descriptor '/home/marino-lc/ROS2dev/tesisx3_plus/install/omni_dofbot_description/share/omni_dofbot_description/hook/cmake_prefix_path.dsv'
[0.513s] INFO:colcon.colcon_core.shell:Creating environment hook '/home/marino-lc/ROS2dev/tesisx3_plus/install/omni_dofbot_description/share/omni_dofbot_description/hook/cmake_prefix_path.sh'
[0.513s] Level 1:colcon.colcon_core.environment:checking '/home/marino-lc/ROS2dev/tesisx3_plus/install/omni_dofbot_description/bin'
[0.513s] Level 1:colcon.colcon_core.environment:checking '/home/marino-lc/ROS2dev/tesisx3_plus/install/omni_dofbot_description/lib/pkgconfig/omni_dofbot_description.pc'
[0.514s] Level 1:colcon.colcon_core.environment:checking '/home/marino-lc/ROS2dev/tesisx3_plus/install/omni_dofbot_description/lib/python3.12/site-packages'
[0.514s] Level 1:colcon.colcon_core.environment:checking '/home/marino-lc/ROS2dev/tesisx3_plus/install/omni_dofbot_description/bin'
[0.514s] INFO:colcon.colcon_core.shell:Creating package script '/home/marino-lc/ROS2dev/tesisx3_plus/install/omni_dofbot_description/share/omni_dofbot_description/package.ps1'
[0.515s] INFO:colcon.colcon_core.shell:Creating package descriptor '/home/marino-lc/ROS2dev/tesisx3_plus/install/omni_dofbot_description/share/omni_dofbot_description/package.dsv'
[0.515s] INFO:colcon.colcon_core.shell:Creating package script '/home/marino-lc/ROS2dev/tesisx3_plus/install/omni_dofbot_description/share/omni_dofbot_description/package.sh'
[0.516s] INFO:colcon.colcon_core.shell:Creating package script '/home/marino-lc/ROS2dev/tesisx3_plus/install/omni_dofbot_description/share/omni_dofbot_description/package.bash'
[0.516s] INFO:colcon.colcon_core.shell:Creating package script '/home/marino-lc/ROS2dev/tesisx3_plus/install/omni_dofbot_description/share/omni_dofbot_description/package.zsh'
[0.517s] Level 1:colcon.colcon_core.environment:create_file_with_runtime_dependencies(/home/marino-lc/ROS2dev/tesisx3_plus/install/omni_dofbot_description/share/colcon-core/packages/omni_dofbot_description)
[0.518s] Level 1:colcon.colcon_core.environment:create_environment_scripts_only(omni_dofbot_description)
[0.518s] Level 1:colcon.colcon_core.environment:checking '/home/marino-lc/ROS2dev/tesisx3_plus/install/omni_dofbot_description' for CMake module files
[0.518s] Level 1:colcon.colcon_core.environment:checking '/home/marino-lc/ROS2dev/tesisx3_plus/install/omni_dofbot_description' for CMake config files
[0.519s] Level 1:colcon.colcon_core.shell:create_environment_hook('omni_dofbot_description', 'cmake_prefix_path')
[0.519s] INFO:colcon.colcon_core.shell:Creating environment hook '/home/marino-lc/ROS2dev/tesisx3_plus/install/omni_dofbot_description/share/omni_dofbot_description/hook/cmake_prefix_path.ps1'
[0.519s] INFO:colcon.colcon_core.shell:Creating environment descriptor '/home/marino-lc/ROS2dev/tesisx3_plus/install/omni_dofbot_description/share/omni_dofbot_description/hook/cmake_prefix_path.dsv'
[0.520s] INFO:colcon.colcon_core.shell:Creating environment hook '/home/marino-lc/ROS2dev/tesisx3_plus/install/omni_dofbot_description/share/omni_dofbot_description/hook/cmake_prefix_path.sh'
[0.520s] Level 1:colcon.colcon_core.environment:checking '/home/marino-lc/ROS2dev/tesisx3_plus/install/omni_dofbot_description/bin'
[0.520s] Level 1:colcon.colcon_core.environment:checking '/home/marino-lc/ROS2dev/tesisx3_plus/install/omni_dofbot_description/lib/pkgconfig/omni_dofbot_description.pc'
[0.521s] Level 1:colcon.colcon_core.environment:checking '/home/marino-lc/ROS2dev/tesisx3_plus/install/omni_dofbot_description/lib/python3.12/site-packages'
[0.521s] Level 1:colcon.colcon_core.environment:checking '/home/marino-lc/ROS2dev/tesisx3_plus/install/omni_dofbot_description/bin'
[0.521s] INFO:colcon.colcon_core.shell:Creating package script '/home/marino-lc/ROS2dev/tesisx3_plus/install/omni_dofbot_description/share/omni_dofbot_description/package.ps1'
[0.522s] INFO:colcon.colcon_core.shell:Creating package descriptor '/home/marino-lc/ROS2dev/tesisx3_plus/install/omni_dofbot_description/share/omni_dofbot_description/package.dsv'
[0.522s] INFO:colcon.colcon_core.shell:Creating package script '/home/marino-lc/ROS2dev/tesisx3_plus/install/omni_dofbot_description/share/omni_dofbot_description/package.sh'
[0.522s] INFO:colcon.colcon_core.shell:Creating package script '/home/marino-lc/ROS2dev/tesisx3_plus/install/omni_dofbot_description/share/omni_dofbot_description/package.bash'
[0.523s] INFO:colcon.colcon_core.shell:Creating package script '/home/marino-lc/ROS2dev/tesisx3_plus/install/omni_dofbot_description/share/omni_dofbot_description/package.zsh'
[0.523s] Level 1:colcon.colcon_core.environment:create_file_with_runtime_dependencies(/home/marino-lc/ROS2dev/tesisx3_plus/install/omni_dofbot_description/share/colcon-core/packages/omni_dofbot_description)
[0.842s] DEBUG:colcon.colcon_core.event_handler.log_command:Invoked command in '/home/marino-lc/ROS2dev/tesisx3_plus/build/dofbot_bringup' returned '0': CMAKE_PREFIX_PATH=${CMAKE_PREFIX_PATH}:/opt/ros/jazzy DEBUGINFOD_URLS=https://debuginfod.ubuntu.com /usr/bin/cmake --build /home/marino-lc/ROS2dev/tesisx3_plus/build/dofbot_bringup -- -j12 -l12
[0.843s] DEBUG:colcon.colcon_core.event_handler.log_command:Invoking command in '/home/marino-lc/ROS2dev/tesisx3_plus/build/dofbot_bringup': CMAKE_PREFIX_PATH=${CMAKE_PREFIX_PATH}:/opt/ros/jazzy DEBUGINFOD_URLS=https://debuginfod.ubuntu.com /usr/bin/cmake --install /home/marino-lc/ROS2dev/tesisx3_plus/build/dofbot_bringup
[0.844s] DEBUG:colcon.colcon_core.event_handler.log_command:Invoked command in '/home/marino-lc/ROS2dev/tesisx3_plus/build/omni_bringup' returned '0': CMAKE_PREFIX_PATH=${CMAKE_PREFIX_PATH}:/opt/ros/jazzy DEBUGINFOD_URLS=https://debuginfod.ubuntu.com /usr/bin/cmake --build /home/marino-lc/ROS2dev/tesisx3_plus/build/omni_bringup -- -j12 -l12
[0.845s] DEBUG:colcon.colcon_core.event_handler.log_command:Invoking command in '/home/marino-lc/ROS2dev/tesisx3_plus/build/omni_bringup': CMAKE_PREFIX_PATH=${CMAKE_PREFIX_PATH}:/opt/ros/jazzy DEBUGINFOD_URLS=https://debuginfod.ubuntu.com /usr/bin/cmake --install /home/marino-lc/ROS2dev/tesisx3_plus/build/omni_bringup
[0.873s] DEBUG:colcon.colcon_core.event_handler.log_command:Invoked command in '/home/marino-lc/ROS2dev/tesisx3_plus/build/omni_dofbot_bringup' returned '0': CMAKE_PREFIX_PATH=${CMAKE_PREFIX_PATH}:/opt/ros/jazzy DEBUGINFOD_URLS=https://debuginfod.ubuntu.com /usr/bin/cmake --build /home/marino-lc/ROS2dev/tesisx3_plus/build/omni_dofbot_bringup -- -j12 -l12
[0.875s] DEBUG:colcon.colcon_core.event_handler.log_command:Invoking command in '/home/marino-lc/ROS2dev/tesisx3_plus/build/omni_dofbot_bringup': CMAKE_PREFIX_PATH=${CMAKE_PREFIX_PATH}:/opt/ros/jazzy DEBUGINFOD_URLS=https://debuginfod.ubuntu.com /usr/bin/cmake --install /home/marino-lc/ROS2dev/tesisx3_plus/build/omni_dofbot_bringup
[0.912s] Level 1:colcon.colcon_core.environment:create_environment_scripts_only(omni_bringup)
[0.912s] Level 1:colcon.colcon_core.environment:checking '/home/marino-lc/ROS2dev/tesisx3_plus/install/omni_bringup' for CMake module files
[0.913s] Level 1:colcon.colcon_core.environment:checking '/home/marino-lc/ROS2dev/tesisx3_plus/install/omni_bringup' for CMake config files
[0.913s] Level 1:colcon.colcon_core.shell:create_environment_hook('omni_bringup', 'cmake_prefix_path')
[0.914s] INFO:colcon.colcon_core.shell:Creating environment hook '/home/marino-lc/ROS2dev/tesisx3_plus/install/omni_bringup/share/omni_bringup/hook/cmake_prefix_path.ps1'
[0.915s] DEBUG:colcon.colcon_core.event_handler.log_command:Invoked command in '/home/marino-lc/ROS2dev/tesisx3_plus/build/omni_bringup' returned '0': CMAKE_PREFIX_PATH=${CMAKE_PREFIX_PATH}:/opt/ros/jazzy DEBUGINFOD_URLS=https://debuginfod.ubuntu.com /usr/bin/cmake --install /home/marino-lc/ROS2dev/tesisx3_plus/build/omni_bringup
[0.915s] INFO:colcon.colcon_core.shell:Creating environment descriptor '/home/marino-lc/ROS2dev/tesisx3_plus/install/omni_bringup/share/omni_bringup/hook/cmake_prefix_path.dsv'
[0.916s] INFO:colcon.colcon_core.shell:Creating environment hook '/home/marino-lc/ROS2dev/tesisx3_plus/install/omni_bringup/share/omni_bringup/hook/cmake_prefix_path.sh'
[0.916s] Level 1:colcon.colcon_core.environment:checking '/home/marino-lc/ROS2dev/tesisx3_plus/install/omni_bringup/lib'
[0.917s] Level 1:colcon.colcon_core.environment:checking '/home/marino-lc/ROS2dev/tesisx3_plus/install/omni_bringup/bin'
[0.917s] Level 1:colcon.colcon_core.environment:checking '/home/marino-lc/ROS2dev/tesisx3_plus/install/omni_bringup/lib/pkgconfig/omni_bringup.pc'
[0.917s] Level 1:colcon.colcon_core.environment:checking '/home/marino-lc/ROS2dev/tesisx3_plus/install/omni_bringup/lib/python3.12/site-packages'
[0.917s] Level 1:colcon.colcon_core.shell:create_environment_hook('omni_bringup', 'pythonpath')
[0.917s] INFO:colcon.colcon_core.shell:Creating environment hook '/home/marino-lc/ROS2dev/tesisx3_plus/install/omni_bringup/share/omni_bringup/hook/pythonpath.ps1'
[0.918s] INFO:colcon.colcon_core.shell:Creating environment descriptor '/home/marino-lc/ROS2dev/tesisx3_plus/install/omni_bringup/share/omni_bringup/hook/pythonpath.dsv'
[0.918s] INFO:colcon.colcon_core.shell:Creating environment hook '/home/marino-lc/ROS2dev/tesisx3_plus/install/omni_bringup/share/omni_bringup/hook/pythonpath.sh'
[0.919s] Level 1:colcon.colcon_core.environment:checking '/home/marino-lc/ROS2dev/tesisx3_plus/install/omni_bringup/bin'
[0.919s] INFO:colcon.colcon_core.shell:Creating package script '/home/marino-lc/ROS2dev/tesisx3_plus/install/omni_bringup/share/omni_bringup/package.ps1'
[0.920s] INFO:colcon.colcon_core.shell:Creating package descriptor '/home/marino-lc/ROS2dev/tesisx3_plus/install/omni_bringup/share/omni_bringup/package.dsv'
[0.920s] INFO:colcon.colcon_core.shell:Creating package script '/home/marino-lc/ROS2dev/tesisx3_plus/install/omni_bringup/share/omni_bringup/package.sh'
[0.921s] INFO:colcon.colcon_core.shell:Creating package script '/home/marino-lc/ROS2dev/tesisx3_plus/install/omni_bringup/share/omni_bringup/package.bash'
[0.921s] INFO:colcon.colcon_core.shell:Creating package script '/home/marino-lc/ROS2dev/tesisx3_plus/install/omni_bringup/share/omni_bringup/package.zsh'
[0.921s] Level 1:colcon.colcon_core.environment:create_file_with_runtime_dependencies(/home/marino-lc/ROS2dev/tesisx3_plus/install/omni_bringup/share/colcon-core/packages/omni_bringup)
[0.922s] Level 1:colcon.colcon_core.environment:create_environment_scripts_only(omni_bringup)
[0.922s] Level 1:colcon.colcon_core.environment:checking '/home/marino-lc/ROS2dev/tesisx3_plus/install/omni_bringup' for CMake module files
[0.922s] Level 1:colcon.colcon_core.environment:checking '/home/marino-lc/ROS2dev/tesisx3_plus/install/omni_bringup' for CMake config files
[0.923s] Level 1:colcon.colcon_core.shell:create_environment_hook('omni_bringup', 'cmake_prefix_path')
[0.923s] INFO:colcon.colcon_core.shell:Creating environment hook '/home/marino-lc/ROS2dev/tesisx3_plus/install/omni_bringup/share/omni_bringup/hook/cmake_prefix_path.ps1'
[0.923s] INFO:colcon.colcon_core.shell:Creating environment descriptor '/home/marino-lc/ROS2dev/tesisx3_plus/install/omni_bringup/share/omni_bringup/hook/cmake_prefix_path.dsv'
[0.923s] INFO:colcon.colcon_core.shell:Creating environment hook '/home/marino-lc/ROS2dev/tesisx3_plus/install/omni_bringup/share/omni_bringup/hook/cmake_prefix_path.sh'
[0.924s] Level 1:colcon.colcon_core.environment:checking '/home/marino-lc/ROS2dev/tesisx3_plus/install/omni_bringup/lib'
[0.924s] Level 1:colcon.colcon_core.environment:checking '/home/marino-lc/ROS2dev/tesisx3_plus/install/omni_bringup/bin'
[0.924s] Level 1:colcon.colcon_core.environment:checking '/home/marino-lc/ROS2dev/tesisx3_plus/install/omni_bringup/lib/pkgconfig/omni_bringup.pc'
[0.925s] Level 1:colcon.colcon_core.environment:checking '/home/marino-lc/ROS2dev/tesisx3_plus/install/omni_bringup/lib/python3.12/site-packages'
[0.925s] Level 1:colcon.colcon_core.shell:create_environment_hook('omni_bringup', 'pythonpath')
[0.925s] INFO:colcon.colcon_core.shell:Creating environment hook '/home/marino-lc/ROS2dev/tesisx3_plus/install/omni_bringup/share/omni_bringup/hook/pythonpath.ps1'
[0.925s] INFO:colcon.colcon_core.shell:Creating environment descriptor '/home/marino-lc/ROS2dev/tesisx3_plus/install/omni_bringup/share/omni_bringup/hook/pythonpath.dsv'
[0.926s] INFO:colcon.colcon_core.shell:Creating environment hook '/home/marino-lc/ROS2dev/tesisx3_plus/install/omni_bringup/share/omni_bringup/hook/pythonpath.sh'
[0.926s] Level 1:colcon.colcon_core.environment:checking '/home/marino-lc/ROS2dev/tesisx3_plus/install/omni_bringup/bin'
[0.927s] INFO:colcon.colcon_core.shell:Creating package script '/home/marino-lc/ROS2dev/tesisx3_plus/install/omni_bringup/share/omni_bringup/package.ps1'
[0.927s] INFO:colcon.colcon_core.shell:Creating package descriptor '/home/marino-lc/ROS2dev/tesisx3_plus/install/omni_bringup/share/omni_bringup/package.dsv'
[0.928s] INFO:colcon.colcon_core.shell:Creating package script '/home/marino-lc/ROS2dev/tesisx3_plus/install/omni_bringup/share/omni_bringup/package.sh'
[0.928s] INFO:colcon.colcon_core.shell:Creating package script '/home/marino-lc/ROS2dev/tesisx3_plus/install/omni_bringup/share/omni_bringup/package.bash'
[0.928s] INFO:colcon.colcon_core.shell:Creating package script '/home/marino-lc/ROS2dev/tesisx3_plus/install/omni_bringup/share/omni_bringup/package.zsh'
[0.929s] Level 1:colcon.colcon_core.environment:create_file_with_runtime_dependencies(/home/marino-lc/ROS2dev/tesisx3_plus/install/omni_bringup/share/colcon-core/packages/omni_bringup)
[0.929s] Level 1:colcon.colcon_core.environment:create_environment_scripts_only(dofbot_bringup)
[0.930s] Level 1:colcon.colcon_core.environment:checking '/home/marino-lc/ROS2dev/tesisx3_plus/install/dofbot_bringup' for CMake module files
[0.931s] DEBUG:colcon.colcon_core.event_handler.log_command:Invoked command in '/home/marino-lc/ROS2dev/tesisx3_plus/build/dofbot_bringup' returned '0': CMAKE_PREFIX_PATH=${CMAKE_PREFIX_PATH}:/opt/ros/jazzy DEBUGINFOD_URLS=https://debuginfod.ubuntu.com /usr/bin/cmake --install /home/marino-lc/ROS2dev/tesisx3_plus/build/dofbot_bringup
[0.931s] Level 1:colcon.colcon_core.environment:checking '/home/marino-lc/ROS2dev/tesisx3_plus/install/dofbot_bringup' for CMake config files
[0.932s] Level 1:colcon.colcon_core.shell:create_environment_hook('dofbot_bringup', 'cmake_prefix_path')
[0.932s] INFO:colcon.colcon_core.shell:Creating environment hook '/home/marino-lc/ROS2dev/tesisx3_plus/install/dofbot_bringup/share/dofbot_bringup/hook/cmake_prefix_path.ps1'
[0.932s] INFO:colcon.colcon_core.shell:Creating environment descriptor '/home/marino-lc/ROS2dev/tesisx3_plus/install/dofbot_bringup/share/dofbot_bringup/hook/cmake_prefix_path.dsv'
[0.933s] INFO:colcon.colcon_core.shell:Creating environment hook '/home/marino-lc/ROS2dev/tesisx3_plus/install/dofbot_bringup/share/dofbot_bringup/hook/cmake_prefix_path.sh'
[0.933s] Level 1:colcon.colcon_core.environment:checking '/home/marino-lc/ROS2dev/tesisx3_plus/install/dofbot_bringup/lib'
[0.933s] Level 1:colcon.colcon_core.environment:checking '/home/marino-lc/ROS2dev/tesisx3_plus/install/dofbot_bringup/bin'
[0.933s] Level 1:colcon.colcon_core.environment:checking '/home/marino-lc/ROS2dev/tesisx3_plus/install/dofbot_bringup/lib/pkgconfig/dofbot_bringup.pc'
[0.934s] Level 1:colcon.colcon_core.environment:checking '/home/marino-lc/ROS2dev/tesisx3_plus/install/dofbot_bringup/lib/python3.12/site-packages'
[0.934s] Level 1:colcon.colcon_core.shell:create_environment_hook('dofbot_bringup', 'pythonpath')
[0.934s] INFO:colcon.colcon_core.shell:Creating environment hook '/home/marino-lc/ROS2dev/tesisx3_plus/install/dofbot_bringup/share/dofbot_bringup/hook/pythonpath.ps1'
[0.934s] INFO:colcon.colcon_core.shell:Creating environment descriptor '/home/marino-lc/ROS2dev/tesisx3_plus/install/dofbot_bringup/share/dofbot_bringup/hook/pythonpath.dsv'
[0.934s] INFO:colcon.colcon_core.shell:Creating environment hook '/home/marino-lc/ROS2dev/tesisx3_plus/install/dofbot_bringup/share/dofbot_bringup/hook/pythonpath.sh'
[0.935s] Level 1:colcon.colcon_core.environment:checking '/home/marino-lc/ROS2dev/tesisx3_plus/install/dofbot_bringup/bin'
[0.935s] INFO:colcon.colcon_core.shell:Creating package script '/home/marino-lc/ROS2dev/tesisx3_plus/install/dofbot_bringup/share/dofbot_bringup/package.ps1'
[0.935s] INFO:colcon.colcon_core.shell:Creating package descriptor '/home/marino-lc/ROS2dev/tesisx3_plus/install/dofbot_bringup/share/dofbot_bringup/package.dsv'
[0.936s] INFO:colcon.colcon_core.shell:Creating package script '/home/marino-lc/ROS2dev/tesisx3_plus/install/dofbot_bringup/share/dofbot_bringup/package.sh'
[0.936s] INFO:colcon.colcon_core.shell:Creating package script '/home/marino-lc/ROS2dev/tesisx3_plus/install/dofbot_bringup/share/dofbot_bringup/package.bash'
[0.936s] INFO:colcon.colcon_core.shell:Creating package script '/home/marino-lc/ROS2dev/tesisx3_plus/install/dofbot_bringup/share/dofbot_bringup/package.zsh'
[0.937s] Level 1:colcon.colcon_core.environment:create_file_with_runtime_dependencies(/home/marino-lc/ROS2dev/tesisx3_plus/install/dofbot_bringup/share/colcon-core/packages/dofbot_bringup)
[0.937s] Level 1:colcon.colcon_core.environment:create_environment_scripts_only(dofbot_bringup)
[0.937s] Level 1:colcon.colcon_core.environment:checking '/home/marino-lc/ROS2dev/tesisx3_plus/install/dofbot_bringup' for CMake module files
[0.938s] Level 1:colcon.colcon_core.environment:checking '/home/marino-lc/ROS2dev/tesisx3_plus/install/dofbot_bringup' for CMake config files
[0.938s] Level 1:colcon.colcon_core.shell:create_environment_hook('dofbot_bringup', 'cmake_prefix_path')
[0.938s] INFO:colcon.colcon_core.shell:Creating environment hook '/home/marino-lc/ROS2dev/tesisx3_plus/install/dofbot_bringup/share/dofbot_bringup/hook/cmake_prefix_path.ps1'
[0.938s] INFO:colcon.colcon_core.shell:Creating environment descriptor '/home/marino-lc/ROS2dev/tesisx3_plus/install/dofbot_bringup/share/dofbot_bringup/hook/cmake_prefix_path.dsv'
[0.938s] INFO:colcon.colcon_core.shell:Creating environment hook '/home/marino-lc/ROS2dev/tesisx3_plus/install/dofbot_bringup/share/dofbot_bringup/hook/cmake_prefix_path.sh'
[0.939s] Level 1:colcon.colcon_core.environment:checking '/home/marino-lc/ROS2dev/tesisx3_plus/install/dofbot_bringup/lib'
[0.939s] Level 1:colcon.colcon_core.environment:checking '/home/marino-lc/ROS2dev/tesisx3_plus/install/dofbot_bringup/bin'
[0.939s] Level 1:colcon.colcon_core.environment:checking '/home/marino-lc/ROS2dev/tesisx3_plus/install/dofbot_bringup/lib/pkgconfig/dofbot_bringup.pc'
[0.939s] Level 1:colcon.colcon_core.environment:checking '/home/marino-lc/ROS2dev/tesisx3_plus/install/dofbot_bringup/lib/python3.12/site-packages'
[0.939s] Level 1:colcon.colcon_core.shell:create_environment_hook('dofbot_bringup', 'pythonpath')
[0.939s] INFO:colcon.colcon_core.shell:Creating environment hook '/home/marino-lc/ROS2dev/tesisx3_plus/install/dofbot_bringup/share/dofbot_bringup/hook/pythonpath.ps1'
[0.940s] INFO:colcon.colcon_core.shell:Creating environment descriptor '/home/marino-lc/ROS2dev/tesisx3_plus/install/dofbot_bringup/share/dofbot_bringup/hook/pythonpath.dsv'
[0.940s] INFO:colcon.colcon_core.shell:Creating environment hook '/home/marino-lc/ROS2dev/tesisx3_plus/install/dofbot_bringup/share/dofbot_bringup/hook/pythonpath.sh'
[0.941s] Level 1:colcon.colcon_core.environment:checking '/home/marino-lc/ROS2dev/tesisx3_plus/install/dofbot_bringup/bin'
[0.942s] INFO:colcon.colcon_core.shell:Creating package script '/home/marino-lc/ROS2dev/tesisx3_plus/install/dofbot_bringup/share/dofbot_bringup/package.ps1'
[0.943s] INFO:colcon.colcon_core.shell:Creating package descriptor '/home/marino-lc/ROS2dev/tesisx3_plus/install/dofbot_bringup/share/dofbot_bringup/package.dsv'
[0.947s] INFO:colcon.colcon_core.shell:Creating package script '/home/marino-lc/ROS2dev/tesisx3_plus/install/dofbot_bringup/share/dofbot_bringup/package.sh'
[0.949s] INFO:colcon.colcon_core.shell:Creating package script '/home/marino-lc/ROS2dev/tesisx3_plus/install/dofbot_bringup/share/dofbot_bringup/package.bash'
[0.949s] INFO:colcon.colcon_core.shell:Creating package script '/home/marino-lc/ROS2dev/tesisx3_plus/install/dofbot_bringup/share/dofbot_bringup/package.zsh'
[0.950s] Level 1:colcon.colcon_core.environment:create_file_with_runtime_dependencies(/home/marino-lc/ROS2dev/tesisx3_plus/install/dofbot_bringup/share/colcon-core/packages/dofbot_bringup)
[0.951s] Level 1:colcon.colcon_core.environment:create_environment_scripts_only(omni_dofbot_bringup)
[0.951s] Level 1:colcon.colcon_core.environment:checking '/home/marino-lc/ROS2dev/tesisx3_plus/install/omni_dofbot_bringup' for CMake module files
[0.952s] DEBUG:colcon.colcon_core.event_handler.log_command:Invoked command in '/home/marino-lc/ROS2dev/tesisx3_plus/build/omni_dofbot_bringup' returned '0': CMAKE_PREFIX_PATH=${CMAKE_PREFIX_PATH}:/opt/ros/jazzy DEBUGINFOD_URLS=https://debuginfod.ubuntu.com /usr/bin/cmake --install /home/marino-lc/ROS2dev/tesisx3_plus/build/omni_dofbot_bringup
[0.952s] Level 1:colcon.colcon_core.environment:checking '/home/marino-lc/ROS2dev/tesisx3_plus/install/omni_dofbot_bringup' for CMake config files
[0.953s] Level 1:colcon.colcon_core.shell:create_environment_hook('omni_dofbot_bringup', 'cmake_prefix_path')
[0.953s] INFO:colcon.colcon_core.shell:Creating environment hook '/home/marino-lc/ROS2dev/tesisx3_plus/install/omni_dofbot_bringup/share/omni_dofbot_bringup/hook/cmake_prefix_path.ps1'
[0.953s] INFO:colcon.colcon_core.shell:Creating environment descriptor '/home/marino-lc/ROS2dev/tesisx3_plus/install/omni_dofbot_bringup/share/omni_dofbot_bringup/hook/cmake_prefix_path.dsv'
[0.954s] INFO:colcon.colcon_core.shell:Creating environment hook '/home/marino-lc/ROS2dev/tesisx3_plus/install/omni_dofbot_bringup/share/omni_dofbot_bringup/hook/cmake_prefix_path.sh'
[0.954s] Level 1:colcon.colcon_core.environment:checking '/home/marino-lc/ROS2dev/tesisx3_plus/install/omni_dofbot_bringup/lib'
[0.954s] Level 1:colcon.colcon_core.environment:checking '/home/marino-lc/ROS2dev/tesisx3_plus/install/omni_dofbot_bringup/bin'
[0.954s] Level 1:colcon.colcon_core.environment:checking '/home/marino-lc/ROS2dev/tesisx3_plus/install/omni_dofbot_bringup/lib/pkgconfig/omni_dofbot_bringup.pc'
[0.954s] Level 1:colcon.colcon_core.environment:checking '/home/marino-lc/ROS2dev/tesisx3_plus/install/omni_dofbot_bringup/lib/python3.12/site-packages'
[0.954s] Level 1:colcon.colcon_core.shell:create_environment_hook('omni_dofbot_bringup', 'pythonpath')
[0.954s] INFO:colcon.colcon_core.shell:Creating environment hook '/home/marino-lc/ROS2dev/tesisx3_plus/install/omni_dofbot_bringup/share/omni_dofbot_bringup/hook/pythonpath.ps1'
[0.955s] INFO:colcon.colcon_core.shell:Creating environment descriptor '/home/marino-lc/ROS2dev/tesisx3_plus/install/omni_dofbot_bringup/share/omni_dofbot_bringup/hook/pythonpath.dsv'
[0.955s] INFO:colcon.colcon_core.shell:Creating environment hook '/home/marino-lc/ROS2dev/tesisx3_plus/install/omni_dofbot_bringup/share/omni_dofbot_bringup/hook/pythonpath.sh'
[0.955s] Level 1:colcon.colcon_core.environment:checking '/home/marino-lc/ROS2dev/tesisx3_plus/install/omni_dofbot_bringup/bin'
[0.956s] INFO:colcon.colcon_core.shell:Creating package script '/home/marino-lc/ROS2dev/tesisx3_plus/install/omni_dofbot_bringup/share/omni_dofbot_bringup/package.ps1'
[0.956s] INFO:colcon.colcon_core.shell:Creating package descriptor '/home/marino-lc/ROS2dev/tesisx3_plus/install/omni_dofbot_bringup/share/omni_dofbot_bringup/package.dsv'
[0.956s] INFO:colcon.colcon_core.shell:Creating package script '/home/marino-lc/ROS2dev/tesisx3_plus/install/omni_dofbot_bringup/share/omni_dofbot_bringup/package.sh'
[0.957s] INFO:colcon.colcon_core.shell:Creating package script '/home/marino-lc/ROS2dev/tesisx3_plus/install/omni_dofbot_bringup/share/omni_dofbot_bringup/package.bash'
[0.958s] INFO:colcon.colcon_core.shell:Creating package script '/home/marino-lc/ROS2dev/tesisx3_plus/install/omni_dofbot_bringup/share/omni_dofbot_bringup/package.zsh'
[0.958s] Level 1:colcon.colcon_core.environment:create_file_with_runtime_dependencies(/home/marino-lc/ROS2dev/tesisx3_plus/install/omni_dofbot_bringup/share/colcon-core/packages/omni_dofbot_bringup)
[0.959s] Level 1:colcon.colcon_core.environment:create_environment_scripts_only(omni_dofbot_bringup)
[0.959s] Level 1:colcon.colcon_core.environment:checking '/home/marino-lc/ROS2dev/tesisx3_plus/install/omni_dofbot_bringup' for CMake module files
[0.959s] Level 1:colcon.colcon_core.environment:checking '/home/marino-lc/ROS2dev/tesisx3_plus/install/omni_dofbot_bringup' for CMake config files
[0.960s] Level 1:colcon.colcon_core.shell:create_environment_hook('omni_dofbot_bringup', 'cmake_prefix_path')
[0.960s] INFO:colcon.colcon_core.shell:Creating environment hook '/home/marino-lc/ROS2dev/tesisx3_plus/install/omni_dofbot_bringup/share/omni_dofbot_bringup/hook/cmake_prefix_path.ps1'
[0.960s] INFO:colcon.colcon_core.shell:Creating environment descriptor '/home/marino-lc/ROS2dev/tesisx3_plus/install/omni_dofbot_bringup/share/omni_dofbot_bringup/hook/cmake_prefix_path.dsv'
[0.961s] INFO:colcon.colcon_core.shell:Creating environment hook '/home/marino-lc/ROS2dev/tesisx3_plus/install/omni_dofbot_bringup/share/omni_dofbot_bringup/hook/cmake_prefix_path.sh'
[0.961s] Level 1:colcon.colcon_core.environment:checking '/home/marino-lc/ROS2dev/tesisx3_plus/install/omni_dofbot_bringup/lib'
[0.961s] Level 1:colcon.colcon_core.environment:checking '/home/marino-lc/ROS2dev/tesisx3_plus/install/omni_dofbot_bringup/bin'
[0.961s] Level 1:colcon.colcon_core.environment:checking '/home/marino-lc/ROS2dev/tesisx3_plus/install/omni_dofbot_bringup/lib/pkgconfig/omni_dofbot_bringup.pc'
[0.962s] Level 1:colcon.colcon_core.environment:checking '/home/marino-lc/ROS2dev/tesisx3_plus/install/omni_dofbot_bringup/lib/python3.12/site-packages'
[0.962s] Level 1:colcon.colcon_core.shell:create_environment_hook('omni_dofbot_bringup', 'pythonpath')
[0.963s] INFO:colcon.colcon_core.shell:Creating environment hook '/home/marino-lc/ROS2dev/tesisx3_plus/install/omni_dofbot_bringup/share/omni_dofbot_bringup/hook/pythonpath.ps1'
[0.963s] INFO:colcon.colcon_core.shell:Creating environment descriptor '/home/marino-lc/ROS2dev/tesisx3_plus/install/omni_dofbot_bringup/share/omni_dofbot_bringup/hook/pythonpath.dsv'
[0.963s] INFO:colcon.colcon_core.shell:Creating environment hook '/home/marino-lc/ROS2dev/tesisx3_plus/install/omni_dofbot_bringup/share/omni_dofbot_bringup/hook/pythonpath.sh'
[0.964s] Level 1:colcon.colcon_core.environment:checking '/home/marino-lc/ROS2dev/tesisx3_plus/install/omni_dofbot_bringup/bin'
[0.964s] INFO:colcon.colcon_core.shell:Creating package script '/home/marino-lc/ROS2dev/tesisx3_plus/install/omni_dofbot_bringup/share/omni_dofbot_bringup/package.ps1'
[0.965s] INFO:colcon.colcon_core.shell:Creating package descriptor '/home/marino-lc/ROS2dev/tesisx3_plus/install/omni_dofbot_bringup/share/omni_dofbot_bringup/package.dsv'
[0.965s] INFO:colcon.colcon_core.shell:Creating package script '/home/marino-lc/ROS2dev/tesisx3_plus/install/omni_dofbot_bringup/share/omni_dofbot_bringup/package.sh'
[0.966s] INFO:colcon.colcon_core.shell:Creating package script '/home/marino-lc/ROS2dev/tesisx3_plus/install/omni_dofbot_bringup/share/omni_dofbot_bringup/package.bash'
[0.966s] INFO:colcon.colcon_core.shell:Creating package script '/home/marino-lc/ROS2dev/tesisx3_plus/install/omni_dofbot_bringup/share/omni_dofbot_bringup/package.zsh'
[0.966s] Level 1:colcon.colcon_core.environment:create_file_with_runtime_dependencies(/home/marino-lc/ROS2dev/tesisx3_plus/install/omni_dofbot_bringup/share/colcon-core/packages/omni_dofbot_bringup)
[0.966s] DEBUG:colcon.colcon_parallel_executor.executor.parallel:closing loop
[0.967s] DEBUG:colcon.colcon_parallel_executor.executor.parallel:loop closed
[0.967s] DEBUG:colcon.colcon_parallel_executor.executor.parallel:run_until_complete finished with '0'
[0.967s] DEBUG:colcon.colcon_core.event_reactor:joining thread
[0.971s] INFO:colcon.colcon_core.plugin_system:Skipping extension 'colcon_notification.desktop_notification.terminal_notifier': Not used on non-Darwin systems
[0.972s] INFO:colcon.colcon_core.plugin_system:Skipping extension 'colcon_notification.desktop_notification.win32': Not used on non-Windows systems
[0.972s] INFO:colcon.colcon_notification.desktop_notification:Sending desktop notification using 'notify2'
[0.988s] DEBUG:colcon.colcon_core.event_reactor:joined thread
[0.989s] INFO:colcon.colcon_core.shell:Creating prefix script '/home/marino-lc/ROS2dev/tesisx3_plus/install/local_setup.ps1'
[0.990s] INFO:colcon.colcon_core.shell:Creating prefix util module '/home/marino-lc/ROS2dev/tesisx3_plus/install/_local_setup_util_ps1.py'
[0.991s] INFO:colcon.colcon_core.shell:Creating prefix chain script '/home/marino-lc/ROS2dev/tesisx3_plus/install/setup.ps1'
[0.992s] INFO:colcon.colcon_core.shell:Creating prefix script '/home/marino-lc/ROS2dev/tesisx3_plus/install/local_setup.sh'
[0.993s] INFO:colcon.colcon_core.shell:Creating prefix util module '/home/marino-lc/ROS2dev/tesisx3_plus/install/_local_setup_util_sh.py'
[0.994s] INFO:colcon.colcon_core.shell:Creating prefix chain script '/home/marino-lc/ROS2dev/tesisx3_plus/install/setup.sh'
[0.995s] INFO:colcon.colcon_core.shell:Creating prefix script '/home/marino-lc/ROS2dev/tesisx3_plus/install/local_setup.bash'
[0.995s] INFO:colcon.colcon_core.shell:Creating prefix chain script '/home/marino-lc/ROS2dev/tesisx3_plus/install/setup.bash'
[0.997s] INFO:colcon.colcon_core.shell:Creating prefix script '/home/marino-lc/ROS2dev/tesisx3_plus/install/local_setup.zsh'
[0.997s] INFO:colcon.colcon_core.shell:Creating prefix chain script '/home/marino-lc/ROS2dev/tesisx3_plus/install/setup.zsh'
