[0.077s] Invoking command in '/home/marino-lc/ROS2dev/tesisx3_plus/build/omni_dofbot_description': CMAKE_PREFIX_PATH=${CMAKE_PREFIX_PATH}:/opt/ros/jazzy DEBUGINFOD_URLS=https://debuginfod.ubuntu.com /usr/bin/cmake --build /home/marino-lc/ROS2dev/tesisx3_plus/build/omni_dofbot_description -- -j12 -l12
[0.099s] Invoked command in '/home/marino-lc/ROS2dev/tesisx3_plus/build/omni_dofbot_description' returned '0': CMAKE_PREFIX_PATH=${CMAKE_PREFIX_PATH}:/opt/ros/jazzy DEBUGINFOD_URLS=https://debuginfod.ubuntu.com /usr/bin/cmake --build /home/marino-lc/ROS2dev/tesisx3_plus/build/omni_dofbot_description -- -j12 -l12
[0.101s] Invoking command in '/home/marino-lc/ROS2dev/tesisx3_plus/build/omni_dofbot_description': CMAKE_PREFIX_PATH=${CMAKE_PREFIX_PATH}:/opt/ros/jazzy DEBUGINFOD_URLS=https://debuginfod.ubuntu.com /usr/bin/cmake --install /home/marino-lc/ROS2dev/tesisx3_plus/build/omni_dofbot_description
[0.119s] -- Install configuration: ""
[0.119s] -- Up-to-date: /home/marino-lc/ROS2dev/tesisx3_plus/install/omni_dofbot_description/share/omni_dofbot_description//launch
[0.119s] -- Up-to-date: /home/marino-lc/ROS2dev/tesisx3_plus/install/omni_dofbot_description/share/omni_dofbot_description//launch/omni_dofbot_display.launch.xml
[0.119s] -- Up-to-date: /home/marino-lc/ROS2dev/tesisx3_plus/install/omni_dofbot_description/share/omni_dofbot_description//rviz
[0.119s] -- Up-to-date: /home/marino-lc/ROS2dev/tesisx3_plus/install/omni_dofbot_description/share/omni_dofbot_description//rviz/omni_dofbot_rviz.rviz
[0.119s] -- Up-to-date: /home/marino-lc/ROS2dev/tesisx3_plus/install/omni_dofbot_description/share/omni_dofbot_description//meshes
[0.119s] -- Up-to-date: /home/marino-lc/ROS2dev/tesisx3_plus/install/omni_dofbot_description/share/omni_dofbot_description//meshes/base_link_omni_dofbot.stl
[0.119s] -- Up-to-date: /home/marino-lc/ROS2dev/tesisx3_plus/install/omni_dofbot_description/share/omni_dofbot_description//meshes/display_omni_dofbot.stl
[0.120s] -- Up-to-date: /home/marino-lc/ROS2dev/tesisx3_plus/install/omni_dofbot_description/share/omni_dofbot_description//meshes/80mm_mecanum_wheel_hex.stl
[0.120s] -- Up-to-date: /home/marino-lc/ROS2dev/tesisx3_plus/install/omni_dofbot_description/share/omni_dofbot_description//urdf
[0.120s] -- Up-to-date: /home/marino-lc/ROS2dev/tesisx3_plus/install/omni_dofbot_description/share/omni_dofbot_description//urdf/omni_dofbot_controllers.xacro
[0.120s] -- Up-to-date: /home/marino-lc/ROS2dev/tesisx3_plus/install/omni_dofbot_description/share/omni_dofbot_description//urdf/omni_dofbot_trajectory_controller.xacro
[0.120s] -- Up-to-date: /home/marino-lc/ROS2dev/tesisx3_plus/install/omni_dofbot_description/share/omni_dofbot_description//urdf/omni_dofbot_urdf.xacro
[0.120s] -- Up-to-date: /home/marino-lc/ROS2dev/tesisx3_plus/install/omni_dofbot_description/share/omni_dofbot_description//urdf/xacro_properties.xacro
[0.120s] -- Up-to-date: /home/marino-lc/ROS2dev/tesisx3_plus/install/omni_dofbot_description/share/omni_dofbot_description//urdf/omni_dofbot_no_control.xacro
[0.120s] -- Up-to-date: /home/marino-lc/ROS2dev/tesisx3_plus/install/omni_dofbot_description/share/omni_dofbot_description//urdf/arm_base_link_xacro.xacro
[0.120s] -- Up-to-date: /home/marino-lc/ROS2dev/tesisx3_plus/install/omni_dofbot_description/share/omni_dofbot_description//config
[0.120s] -- Up-to-date: /home/marino-lc/ROS2dev/tesisx3_plus/install/omni_dofbot_description/share/omni_dofbot_description//config/omni_dofbot_controller.yaml
[0.120s] -- Up-to-date: /home/marino-lc/ROS2dev/tesisx3_plus/install/omni_dofbot_description/share/ament_index/resource_index/package_run_dependencies/omni_dofbot_description
[0.120s] -- Up-to-date: /home/marino-lc/ROS2dev/tesisx3_plus/install/omni_dofbot_description/share/ament_index/resource_index/parent_prefix_path/omni_dofbot_description
[0.120s] -- Up-to-date: /home/marino-lc/ROS2dev/tesisx3_plus/install/omni_dofbot_description/share/omni_dofbot_description/environment/ament_prefix_path.sh
[0.120s] -- Up-to-date: /home/marino-lc/ROS2dev/tesisx3_plus/install/omni_dofbot_description/share/omni_dofbot_description/environment/ament_prefix_path.dsv
[0.121s] -- Up-to-date: /home/marino-lc/ROS2dev/tesisx3_plus/install/omni_dofbot_description/share/omni_dofbot_description/environment/path.sh
[0.125s] -- Up-to-date: /home/marino-lc/ROS2dev/tesisx3_plus/install/omni_dofbot_description/share/omni_dofbot_description/environment/path.dsv
[0.125s] -- Up-to-date: /home/marino-lc/ROS2dev/tesisx3_plus/install/omni_dofbot_description/share/omni_dofbot_description/local_setup.bash
[0.125s] -- Up-to-date: /home/marino-lc/ROS2dev/tesisx3_plus/install/omni_dofbot_description/share/omni_dofbot_description/local_setup.sh
[0.125s] -- Up-to-date: /home/marino-lc/ROS2dev/tesisx3_plus/install/omni_dofbot_description/share/omni_dofbot_description/local_setup.zsh
[0.125s] -- Up-to-date: /home/marino-lc/ROS2dev/tesisx3_plus/install/omni_dofbot_description/share/omni_dofbot_description/local_setup.dsv
[0.125s] -- Installing: /home/marino-lc/ROS2dev/tesisx3_plus/install/omni_dofbot_description/share/omni_dofbot_description/package.dsv
[0.128s] -- Up-to-date: /home/marino-lc/ROS2dev/tesisx3_plus/install/omni_dofbot_description/share/ament_index/resource_index/packages/omni_dofbot_description
[0.128s] -- Up-to-date: /home/marino-lc/ROS2dev/tesisx3_plus/install/omni_dofbot_description/share/omni_dofbot_description/cmake/omni_dofbot_descriptionConfig.cmake
[0.128s] -- Up-to-date: /home/marino-lc/ROS2dev/tesisx3_plus/install/omni_dofbot_description/share/omni_dofbot_description/cmake/omni_dofbot_descriptionConfig-version.cmake
[0.128s] -- Up-to-date: /home/marino-lc/ROS2dev/tesisx3_plus/install/omni_dofbot_description/share/omni_dofbot_description/package.xml
[0.148s] Invoked command in '/home/marino-lc/ROS2dev/tesisx3_plus/build/omni_dofbot_description' returned '0': CMAKE_PREFIX_PATH=${CMAKE_PREFIX_PATH}:/opt/ros/jazzy DEBUGINFOD_URLS=https://debuginfod.ubuntu.com /usr/bin/cmake --install /home/marino-lc/ROS2dev/tesisx3_plus/build/omni_dofbot_description
