[0.010s] Invoking command in '/home/arrgusr/ROS2Dev/X3_PLUS/build/omni_dofbot_bringup': CMAKE_PREFIX_PATH=${CMAKE_PREFIX_PATH}:/opt/ros/jazzy DEBUGINFOD_URLS=https://debuginfod.ubuntu.com /usr/bin/cmake --build /home/arrgusr/ROS2Dev/X3_PLUS/build/omni_dofbot_bringup -- -j2 -l2
[0.124s] Built target ament_cmake_python_copy_omni_dofbot_bringup
[0.509s] running egg_info
[0.526s] writing omni_dofbot_bringup.egg-info/PKG-INFO
[0.526s] writing dependency_links to omni_dofbot_bringup.egg-info/dependency_links.txt
[0.526s] writing top-level names to omni_dofbot_bringup.egg-info/top_level.txt
[0.589s] reading manifest file 'omni_dofbot_bringup.egg-info/SOURCES.txt'
[0.589s] writing manifest file 'omni_dofbot_bringup.egg-info/SOURCES.txt'
[0.638s] Built target ament_cmake_python_build_omni_dofbot_bringup_egg
[0.655s] Invoked command in '/home/arrgusr/ROS2Dev/X3_PLUS/build/omni_dofbot_bringup' returned '0': CMAKE_PREFIX_PATH=${CMAKE_PREFIX_PATH}:/opt/ros/jazzy DEBUGINFOD_URLS=https://debuginfod.ubuntu.com /usr/bin/cmake --build /home/arrgusr/ROS2Dev/X3_PLUS/build/omni_dofbot_bringup -- -j2 -l2
[0.656s] Invoking command in '/home/arrgusr/ROS2Dev/X3_PLUS/build/omni_dofbot_bringup': CMAKE_PREFIX_PATH=${CMAKE_PREFIX_PATH}:/opt/ros/jazzy DEBUGINFOD_URLS=https://debuginfod.ubuntu.com /usr/bin/cmake --install /home/arrgusr/ROS2Dev/X3_PLUS/build/omni_dofbot_bringup
[0.669s] -- Install configuration: ""
[0.669s] -- Up-to-date: /home/arrgusr/ROS2Dev/X3_PLUS/install/omni_dofbot_bringup/share/omni_dofbot_bringup//launch
[0.669s] -- Up-to-date: /home/arrgusr/ROS2Dev/X3_PLUS/install/omni_dofbot_bringup/share/omni_dofbot_bringup//launch/omni_dofbot_controller.launch.py
[0.669s] -- Up-to-date: /home/arrgusr/ROS2Dev/X3_PLUS/install/omni_dofbot_bringup/share/omni_dofbot_bringup//rviz
[0.669s] -- Up-to-date: /home/arrgusr/ROS2Dev/X3_PLUS/install/omni_dofbot_bringup/share/omni_dofbot_bringup//rviz/omni_dofbot_trayectory_rviz.rviz
[0.670s] -- Up-to-date: /home/arrgusr/ROS2Dev/X3_PLUS/install/omni_dofbot_bringup/share/omni_dofbot_bringup//world
[0.670s] -- Up-to-date: /home/arrgusr/ROS2Dev/X3_PLUS/install/omni_dofbot_bringup/share/omni_dofbot_bringup//world/Mundo_mesa_y_cajas.world
[0.670s] -- Up-to-date: /home/arrgusr/ROS2Dev/X3_PLUS/install/omni_dofbot_bringup/share/omni_dofbot_bringup/environment/pythonpath.sh
[0.670s] -- Up-to-date: /home/arrgusr/ROS2Dev/X3_PLUS/install/omni_dofbot_bringup/share/omni_dofbot_bringup/environment/pythonpath.dsv
[0.670s] -- Up-to-date: /home/arrgusr/ROS2Dev/X3_PLUS/install/omni_dofbot_bringup/lib/python3.12/site-packages/omni_dofbot_bringup-0.0.0-py3.12.egg-info
[0.670s] -- Installing: /home/arrgusr/ROS2Dev/X3_PLUS/install/omni_dofbot_bringup/lib/python3.12/site-packages/omni_dofbot_bringup-0.0.0-py3.12.egg-info/PKG-INFO
[0.670s] -- Installing: /home/arrgusr/ROS2Dev/X3_PLUS/install/omni_dofbot_bringup/lib/python3.12/site-packages/omni_dofbot_bringup-0.0.0-py3.12.egg-info/SOURCES.txt
[0.670s] -- Installing: /home/arrgusr/ROS2Dev/X3_PLUS/install/omni_dofbot_bringup/lib/python3.12/site-packages/omni_dofbot_bringup-0.0.0-py3.12.egg-info/top_level.txt
[0.670s] -- Installing: /home/arrgusr/ROS2Dev/X3_PLUS/install/omni_dofbot_bringup/lib/python3.12/site-packages/omni_dofbot_bringup-0.0.0-py3.12.egg-info/dependency_links.txt
[0.671s] -- Up-to-date: /home/arrgusr/ROS2Dev/X3_PLUS/install/omni_dofbot_bringup/lib/python3.12/site-packages/omni_dofbot_bringup
[0.671s] -- Up-to-date: /home/arrgusr/ROS2Dev/X3_PLUS/install/omni_dofbot_bringup/lib/python3.12/site-packages/omni_dofbot_bringup/__init__.py
[0.811s] Listing '/home/arrgusr/ROS2Dev/X3_PLUS/install/omni_dofbot_bringup/lib/python3.12/site-packages/omni_dofbot_bringup'...
[0.816s] -- Up-to-date: /home/arrgusr/ROS2Dev/X3_PLUS/install/omni_dofbot_bringup/share/ament_index/resource_index/package_run_dependencies/omni_dofbot_bringup
[0.816s] -- Up-to-date: /home/arrgusr/ROS2Dev/X3_PLUS/install/omni_dofbot_bringup/share/ament_index/resource_index/parent_prefix_path/omni_dofbot_bringup
[0.816s] -- Up-to-date: /home/arrgusr/ROS2Dev/X3_PLUS/install/omni_dofbot_bringup/share/omni_dofbot_bringup/environment/ament_prefix_path.sh
[0.817s] -- Up-to-date: /home/arrgusr/ROS2Dev/X3_PLUS/install/omni_dofbot_bringup/share/omni_dofbot_bringup/environment/ament_prefix_path.dsv
[0.817s] -- Up-to-date: /home/arrgusr/ROS2Dev/X3_PLUS/install/omni_dofbot_bringup/share/omni_dofbot_bringup/environment/path.sh
[0.817s] -- Up-to-date: /home/arrgusr/ROS2Dev/X3_PLUS/install/omni_dofbot_bringup/share/omni_dofbot_bringup/environment/path.dsv
[0.817s] -- Up-to-date: /home/arrgusr/ROS2Dev/X3_PLUS/install/omni_dofbot_bringup/share/omni_dofbot_bringup/local_setup.bash
[0.817s] -- Up-to-date: /home/arrgusr/ROS2Dev/X3_PLUS/install/omni_dofbot_bringup/share/omni_dofbot_bringup/local_setup.sh
[0.817s] -- Up-to-date: /home/arrgusr/ROS2Dev/X3_PLUS/install/omni_dofbot_bringup/share/omni_dofbot_bringup/local_setup.zsh
[0.817s] -- Up-to-date: /home/arrgusr/ROS2Dev/X3_PLUS/install/omni_dofbot_bringup/share/omni_dofbot_bringup/local_setup.dsv
[0.817s] -- Up-to-date: /home/arrgusr/ROS2Dev/X3_PLUS/install/omni_dofbot_bringup/share/omni_dofbot_bringup/package.dsv
[0.817s] -- Up-to-date: /home/arrgusr/ROS2Dev/X3_PLUS/install/omni_dofbot_bringup/share/ament_index/resource_index/packages/omni_dofbot_bringup
[0.817s] -- Up-to-date: /home/arrgusr/ROS2Dev/X3_PLUS/install/omni_dofbot_bringup/share/omni_dofbot_bringup/cmake/omni_dofbot_bringupConfig.cmake
[0.817s] -- Up-to-date: /home/arrgusr/ROS2Dev/X3_PLUS/install/omni_dofbot_bringup/share/omni_dofbot_bringup/cmake/omni_dofbot_bringupConfig-version.cmake
[0.817s] -- Up-to-date: /home/arrgusr/ROS2Dev/X3_PLUS/install/omni_dofbot_bringup/share/omni_dofbot_bringup/package.xml
[0.820s] Invoked command in '/home/arrgusr/ROS2Dev/X3_PLUS/build/omni_dofbot_bringup' returned '0': CMAKE_PREFIX_PATH=${CMAKE_PREFIX_PATH}:/opt/ros/jazzy DEBUGINFOD_URLS=https://debuginfod.ubuntu.com /usr/bin/cmake --install /home/arrgusr/ROS2Dev/X3_PLUS/build/omni_dofbot_bringup
