[0.005s] Invoking command in '/home/arrusr/ROSDev2/tesisx3_plus/build/omni_dofbot_bringup': CMAKE_PREFIX_PATH=${CMAKE_PREFIX_PATH}:/opt/ros/jazzy DEBUGINFOD_URLS=https://debuginfod.ubuntu.com /usr/bin/cmake /home/arrusr/ROSDev2/tesisx3_plus/src/omni_dofbot_bringup -DCMAKE_INSTALL_PREFIX=/home/arrusr/ROSDev2/tesisx3_plus/install/omni_dofbot_bringup
[0.096s] -- The C compiler identification is GNU 11.5.0
[0.169s] -- The CXX compiler identification is GNU 11.5.0
[0.181s] -- Detecting C compiler ABI info
[0.239s] -- Detecting C compiler ABI info - done
[0.245s] -- Check for working C compiler: /usr/bin/cc - skipped
[0.245s] -- Detecting C compile features
[0.245s] -- Detecting C compile features - done
[0.252s] -- Detecting CXX compiler ABI info
[0.308s] -- Detecting CXX compiler ABI info - done
[0.314s] -- Check for working CXX compiler: /usr/bin/c++ - skipped
[0.314s] -- Detecting CXX compile features
[0.314s] -- Detecting CXX compile features - done
[0.318s] -- Found ament_cmake: 2.5.6 (/opt/ros/jazzy/share/ament_cmake/cmake)
[0.600s] -- Found Python3: /home/arrusr/.pyenv/shims/python3 (found version "3.12.3") found components: Interpreter 
[0.706s] -- Found rclpy: 7.1.11 (/opt/ros/jazzy/share/rclpy/cmake)
[0.708s] -- Found std_msgs: 5.3.7 (/opt/ros/jazzy/share/std_msgs/cmake)
[0.746s] -- Found rosidl_generator_c: 4.6.7 (/opt/ros/jazzy/share/rosidl_generator_c/cmake)
[0.758s] -- Found rosidl_generator_cpp: 4.6.7 (/opt/ros/jazzy/share/rosidl_generator_cpp/cmake)
[0.772s] -- Using all available rosidl_typesupport_c: rosidl_typesupport_fastrtps_c;rosidl_typesupport_introspection_c
[0.787s] -- Using all available rosidl_typesupport_cpp: rosidl_typesupport_fastrtps_cpp;rosidl_typesupport_introspection_cpp
[0.807s] -- Found geometry_msgs: 5.3.7 (/opt/ros/jazzy/share/geometry_msgs/cmake)
[0.817s] -- Found nav_msgs: 5.3.7 (/opt/ros/jazzy/share/nav_msgs/cmake)
[0.840s] -- Found control_msgs: 5.9.0 (/opt/ros/jazzy/share/control_msgs/cmake)
[1.114s] -- Configuring done (1.1s)
[1.116s] -- Generating done (0.0s)
[1.117s] -- Build files have been written to: /home/arrusr/ROSDev2/tesisx3_plus/build/omni_dofbot_bringup
[1.124s] Invoked command in '/home/arrusr/ROSDev2/tesisx3_plus/build/omni_dofbot_bringup' returned '0': CMAKE_PREFIX_PATH=${CMAKE_PREFIX_PATH}:/opt/ros/jazzy DEBUGINFOD_URLS=https://debuginfod.ubuntu.com /usr/bin/cmake /home/arrusr/ROSDev2/tesisx3_plus/src/omni_dofbot_bringup -DCMAKE_INSTALL_PREFIX=/home/arrusr/ROSDev2/tesisx3_plus/install/omni_dofbot_bringup
[1.124s] Invoking command in '/home/arrusr/ROSDev2/tesisx3_plus/build/omni_dofbot_bringup': CMAKE_PREFIX_PATH=${CMAKE_PREFIX_PATH}:/opt/ros/jazzy DEBUGINFOD_URLS=https://debuginfod.ubuntu.com /usr/bin/cmake --build /home/arrusr/ROSDev2/tesisx3_plus/build/omni_dofbot_bringup -- -j24 -l24
[1.159s] Built target ament_cmake_python_copy_omni_dofbot_bringup
[1.311s] running egg_info
[1.311s] creating omni_dofbot_bringup.egg-info
[1.322s] writing omni_dofbot_bringup.egg-info/PKG-INFO
[1.322s] writing dependency_links to omni_dofbot_bringup.egg-info/dependency_links.txt
[1.322s] writing top-level names to omni_dofbot_bringup.egg-info/top_level.txt
[1.322s] writing manifest file 'omni_dofbot_bringup.egg-info/SOURCES.txt'
[1.354s] reading manifest file 'omni_dofbot_bringup.egg-info/SOURCES.txt'
[1.354s] writing manifest file 'omni_dofbot_bringup.egg-info/SOURCES.txt'
[1.370s] Built target ament_cmake_python_build_omni_dofbot_bringup_egg
[1.377s] Invoked command in '/home/arrusr/ROSDev2/tesisx3_plus/build/omni_dofbot_bringup' returned '0': CMAKE_PREFIX_PATH=${CMAKE_PREFIX_PATH}:/opt/ros/jazzy DEBUGINFOD_URLS=https://debuginfod.ubuntu.com /usr/bin/cmake --build /home/arrusr/ROSDev2/tesisx3_plus/build/omni_dofbot_bringup -- -j24 -l24
[1.384s] Invoking command in '/home/arrusr/ROSDev2/tesisx3_plus/build/omni_dofbot_bringup': CMAKE_PREFIX_PATH=${CMAKE_PREFIX_PATH}:/opt/ros/jazzy DEBUGINFOD_URLS=https://debuginfod.ubuntu.com /usr/bin/cmake --install /home/arrusr/ROSDev2/tesisx3_plus/build/omni_dofbot_bringup
[1.389s] -- Install configuration: ""
[1.389s] -- Installing: /home/arrusr/ROSDev2/tesisx3_plus/install/omni_dofbot_bringup/share/omni_dofbot_bringup//launch
[1.389s] -- Installing: /home/arrusr/ROSDev2/tesisx3_plus/install/omni_dofbot_bringup/share/omni_dofbot_bringup//launch/omni_dofbot_diagnostic.launch.py
[1.389s] -- Installing: /home/arrusr/ROSDev2/tesisx3_plus/install/omni_dofbot_bringup/share/omni_dofbot_bringup//launch/omni_dofbot_controller.launch.py
[1.389s] -- Installing: /home/arrusr/ROSDev2/tesisx3_plus/install/omni_dofbot_bringup/share/omni_dofbot_bringup//launch/nav2_arena.launch.py
[1.389s] -- Installing: /home/arrusr/ROSDev2/tesisx3_plus/install/omni_dofbot_bringup/share/omni_dofbot_bringup//rviz
[1.389s] -- Installing: /home/arrusr/ROSDev2/tesisx3_plus/install/omni_dofbot_bringup/share/omni_dofbot_bringup//rviz/omni_dofbot_trayectory_rviz.rviz
[1.390s] -- Installing: /home/arrusr/ROSDev2/tesisx3_plus/install/omni_dofbot_bringup/share/omni_dofbot_bringup//world
[1.390s] -- Installing: /home/arrusr/ROSDev2/tesisx3_plus/install/omni_dofbot_bringup/share/omni_dofbot_bringup//world/Mundo_mesa_y_cajas.world
[1.390s] -- Installing: /home/arrusr/ROSDev2/tesisx3_plus/install/omni_dofbot_bringup/share/omni_dofbot_bringup//world/arena_world.world
[1.390s] -- Installing: /home/arrusr/ROSDev2/tesisx3_plus/install/omni_dofbot_bringup/share/omni_dofbot_bringup//config
[1.390s] -- Installing: /home/arrusr/ROSDev2/tesisx3_plus/install/omni_dofbot_bringup/share/omni_dofbot_bringup//config/waypoints.yaml
[1.391s] -- Installing: /home/arrusr/ROSDev2/tesisx3_plus/install/omni_dofbot_bringup/share/omni_dofbot_bringup//config/nav2_params.yaml
[1.391s] -- Installing: /home/arrusr/ROSDev2/tesisx3_plus/install/omni_dofbot_bringup/share/omni_dofbot_bringup//maps
[1.391s] -- Installing: /home/arrusr/ROSDev2/tesisx3_plus/install/omni_dofbot_bringup/share/omni_dofbot_bringup//maps/arena_map.yaml
[1.391s] -- Installing: /home/arrusr/ROSDev2/tesisx3_plus/install/omni_dofbot_bringup/share/omni_dofbot_bringup//maps/arena_map.pgm
[1.391s] -- Installing: /home/arrusr/ROSDev2/tesisx3_plus/install/omni_dofbot_bringup/share/omni_dofbot_bringup//maps/generate_map.py
[1.391s] -- Installing: /home/arrusr/ROSDev2/tesisx3_plus/install/omni_dofbot_bringup/share/omni_dofbot_bringup/environment/pythonpath.sh
[1.391s] -- Installing: /home/arrusr/ROSDev2/tesisx3_plus/install/omni_dofbot_bringup/share/omni_dofbot_bringup/environment/pythonpath.dsv
[1.391s] -- Installing: /home/arrusr/ROSDev2/tesisx3_plus/install/omni_dofbot_bringup/lib/python3.12/site-packages/omni_dofbot_bringup-0.0.0-py3.12.egg-info
[1.391s] -- Installing: /home/arrusr/ROSDev2/tesisx3_plus/install/omni_dofbot_bringup/lib/python3.12/site-packages/omni_dofbot_bringup-0.0.0-py3.12.egg-info/top_level.txt
[1.391s] -- Installing: /home/arrusr/ROSDev2/tesisx3_plus/install/omni_dofbot_bringup/lib/python3.12/site-packages/omni_dofbot_bringup-0.0.0-py3.12.egg-info/SOURCES.txt
[1.391s] -- Installing: /home/arrusr/ROSDev2/tesisx3_plus/install/omni_dofbot_bringup/lib/python3.12/site-packages/omni_dofbot_bringup-0.0.0-py3.12.egg-info/dependency_links.txt
[1.391s] -- Installing: /home/arrusr/ROSDev2/tesisx3_plus/install/omni_dofbot_bringup/lib/python3.12/site-packages/omni_dofbot_bringup-0.0.0-py3.12.egg-info/PKG-INFO
[1.391s] -- Installing: /home/arrusr/ROSDev2/tesisx3_plus/install/omni_dofbot_bringup/lib/python3.12/site-packages/omni_dofbot_bringup
[1.391s] -- Installing: /home/arrusr/ROSDev2/tesisx3_plus/install/omni_dofbot_bringup/lib/python3.12/site-packages/omni_dofbot_bringup/__init__.py
[1.446s] Listing '/home/arrusr/ROSDev2/tesisx3_plus/install/omni_dofbot_bringup/lib/python3.12/site-packages/omni_dofbot_bringup'...
[1.446s] Compiling '/home/arrusr/ROSDev2/tesisx3_plus/install/omni_dofbot_bringup/lib/python3.12/site-packages/omni_dofbot_bringup/__init__.py'...
[1.449s] -- Installing: /home/arrusr/ROSDev2/tesisx3_plus/install/omni_dofbot_bringup/lib/omni_dofbot_bringup/mecanum_kinematic_node.py
[1.449s] -- Installing: /home/arrusr/ROSDev2/tesisx3_plus/install/omni_dofbot_bringup/lib/omni_dofbot_bringup/ag_tuner.py
[1.449s] -- Installing: /home/arrusr/ROSDev2/tesisx3_plus/install/omni_dofbot_bringup/share/ament_index/resource_index/package_run_dependencies/omni_dofbot_bringup
[1.450s] -- Installing: /home/arrusr/ROSDev2/tesisx3_plus/install/omni_dofbot_bringup/share/ament_index/resource_index/parent_prefix_path/omni_dofbot_bringup
[1.450s] -- Installing: /home/arrusr/ROSDev2/tesisx3_plus/install/omni_dofbot_bringup/share/omni_dofbot_bringup/environment/ament_prefix_path.sh
[1.450s] -- Installing: /home/arrusr/ROSDev2/tesisx3_plus/install/omni_dofbot_bringup/share/omni_dofbot_bringup/environment/ament_prefix_path.dsv
[1.450s] -- Installing: /home/arrusr/ROSDev2/tesisx3_plus/install/omni_dofbot_bringup/share/omni_dofbot_bringup/environment/path.sh
[1.450s] -- Installing: /home/arrusr/ROSDev2/tesisx3_plus/install/omni_dofbot_bringup/share/omni_dofbot_bringup/environment/path.dsv
[1.450s] -- Installing: /home/arrusr/ROSDev2/tesisx3_plus/install/omni_dofbot_bringup/share/omni_dofbot_bringup/local_setup.bash
[1.450s] -- Installing: /home/arrusr/ROSDev2/tesisx3_plus/install/omni_dofbot_bringup/share/omni_dofbot_bringup/local_setup.sh
[1.450s] -- Installing: /home/arrusr/ROSDev2/tesisx3_plus/install/omni_dofbot_bringup/share/omni_dofbot_bringup/local_setup.zsh
[1.450s] -- Installing: /home/arrusr/ROSDev2/tesisx3_plus/install/omni_dofbot_bringup/share/omni_dofbot_bringup/local_setup.dsv
[1.450s] -- Installing: /home/arrusr/ROSDev2/tesisx3_plus/install/omni_dofbot_bringup/share/omni_dofbot_bringup/package.dsv
[1.450s] -- Installing: /home/arrusr/ROSDev2/tesisx3_plus/install/omni_dofbot_bringup/share/ament_index/resource_index/packages/omni_dofbot_bringup
[1.450s] -- Installing: /home/arrusr/ROSDev2/tesisx3_plus/install/omni_dofbot_bringup/share/omni_dofbot_bringup/cmake/omni_dofbot_bringupConfig.cmake
[1.450s] -- Installing: /home/arrusr/ROSDev2/tesisx3_plus/install/omni_dofbot_bringup/share/omni_dofbot_bringup/cmake/omni_dofbot_bringupConfig-version.cmake
[1.450s] -- Installing: /home/arrusr/ROSDev2/tesisx3_plus/install/omni_dofbot_bringup/share/omni_dofbot_bringup/package.xml
[1.452s] Invoked command in '/home/arrusr/ROSDev2/tesisx3_plus/build/omni_dofbot_bringup' returned '0': CMAKE_PREFIX_PATH=${CMAKE_PREFIX_PATH}:/opt/ros/jazzy DEBUGINFOD_URLS=https://debuginfod.ubuntu.com /usr/bin/cmake --install /home/arrusr/ROSDev2/tesisx3_plus/build/omni_dofbot_bringup
