[0.008s] Invoking command in '/home/arrusr/ROSDev2/tesisx3_plus/build/dofbot_description': CMAKE_PREFIX_PATH=${CMAKE_PREFIX_PATH}:/opt/ros/jazzy DEBUGINFOD_URLS=https://debuginfod.ubuntu.com /usr/bin/cmake /home/arrusr/ROSDev2/tesisx3_plus/src/dofbot_description -DCMAKE_INSTALL_PREFIX=/home/arrusr/ROSDev2/tesisx3_plus/install/dofbot_description
[0.134s] -- The C compiler identification is GNU 11.5.0
[0.210s] -- The CXX compiler identification is GNU 11.5.0
[0.222s] -- Detecting C compiler ABI info
[0.284s] -- Detecting C compiler ABI info - done
[0.290s] -- Check for working C compiler: /usr/bin/cc - skipped
[0.290s] -- Detecting C compile features
[0.291s] -- Detecting C compile features - done
[0.296s] -- Detecting CXX compiler ABI info
[0.351s] -- Detecting CXX compiler ABI info - done
[0.356s] -- Check for working CXX compiler: /usr/bin/c++ - skipped
[0.357s] -- Detecting CXX compile features
[0.357s] -- Detecting CXX compile features - done
[0.359s] -- Found ament_cmake: 2.5.6 (/opt/ros/jazzy/share/ament_cmake/cmake)
[0.633s] -- Found Python3: /home/arrusr/.pyenv/shims/python3 (found version "3.12.3") found components: Interpreter 
[0.803s] -- Configuring done (0.8s)
[0.805s] -- Generating done (0.0s)
[0.806s] -- Build files have been written to: /home/arrusr/ROSDev2/tesisx3_plus/build/dofbot_description
[0.811s] Invoked command in '/home/arrusr/ROSDev2/tesisx3_plus/build/dofbot_description' returned '0': CMAKE_PREFIX_PATH=${CMAKE_PREFIX_PATH}:/opt/ros/jazzy DEBUGINFOD_URLS=https://debuginfod.ubuntu.com /usr/bin/cmake /home/arrusr/ROSDev2/tesisx3_plus/src/dofbot_description -DCMAKE_INSTALL_PREFIX=/home/arrusr/ROSDev2/tesisx3_plus/install/dofbot_description
[0.812s] Invoking command in '/home/arrusr/ROSDev2/tesisx3_plus/build/dofbot_description': CMAKE_PREFIX_PATH=${CMAKE_PREFIX_PATH}:/opt/ros/jazzy DEBUGINFOD_URLS=https://debuginfod.ubuntu.com /usr/bin/cmake --build /home/arrusr/ROSDev2/tesisx3_plus/build/dofbot_description -- -j24 -l24
[0.838s] Invoked command in '/home/arrusr/ROSDev2/tesisx3_plus/build/dofbot_description' returned '0': CMAKE_PREFIX_PATH=${CMAKE_PREFIX_PATH}:/opt/ros/jazzy DEBUGINFOD_URLS=https://debuginfod.ubuntu.com /usr/bin/cmake --build /home/arrusr/ROSDev2/tesisx3_plus/build/dofbot_description -- -j24 -l24
[0.838s] Invoking command in '/home/arrusr/ROSDev2/tesisx3_plus/build/dofbot_description': CMAKE_PREFIX_PATH=${CMAKE_PREFIX_PATH}:/opt/ros/jazzy DEBUGINFOD_URLS=https://debuginfod.ubuntu.com /usr/bin/cmake --install /home/arrusr/ROSDev2/tesisx3_plus/build/dofbot_description
[0.842s] -- Install configuration: ""
[0.842s] -- Installing: /home/arrusr/ROSDev2/tesisx3_plus/install/dofbot_description/share/dofbot_description//config
[0.842s] -- Installing: /home/arrusr/ROSDev2/tesisx3_plus/install/dofbot_description/share/dofbot_description//config/dofbot_trajectory_controller.yaml
[0.842s] -- Installing: /home/arrusr/ROSDev2/tesisx3_plus/install/dofbot_description/share/dofbot_description//launch
[0.842s] -- Installing: /home/arrusr/ROSDev2/tesisx3_plus/install/dofbot_description/share/dofbot_description//launch/dofbot_arm.launch.xml
[0.842s] -- Installing: /home/arrusr/ROSDev2/tesisx3_plus/install/dofbot_description/share/dofbot_description//meshes
[0.843s] -- Installing: /home/arrusr/ROSDev2/tesisx3_plus/install/dofbot_description/share/dofbot_description//meshes/dofbot
[0.843s] -- Installing: /home/arrusr/ROSDev2/tesisx3_plus/install/dofbot_description/share/dofbot_description//meshes/dofbot/visual
[0.843s] -- Installing: /home/arrusr/ROSDev2/tesisx3_plus/install/dofbot_description/share/dofbot_description//meshes/dofbot/visual/arm_link3.STL
[0.847s] -- Installing: /home/arrusr/ROSDev2/tesisx3_plus/install/dofbot_description/share/dofbot_description//meshes/dofbot/visual/rgrip_finger2.STL
[0.847s] -- Installing: /home/arrusr/ROSDev2/tesisx3_plus/install/dofbot_description/share/dofbot_description//meshes/dofbot/visual/arm_link2.STL
[0.851s] -- Installing: /home/arrusr/ROSDev2/tesisx3_plus/install/dofbot_description/share/dofbot_description//meshes/dofbot/visual/rgrip_finger3.STL
[0.851s] -- Installing: /home/arrusr/ROSDev2/tesisx3_plus/install/dofbot_description/share/dofbot_description//meshes/dofbot/visual/arm_link1.STL
[0.854s] -- Installing: /home/arrusr/ROSDev2/tesisx3_plus/install/dofbot_description/share/dofbot_description//meshes/dofbot/visual/arm_link5.STL
[0.856s] -- Installing: /home/arrusr/ROSDev2/tesisx3_plus/install/dofbot_description/share/dofbot_description//meshes/dofbot/visual/lgrip_finger1.STL
[0.856s] -- Installing: /home/arrusr/ROSDev2/tesisx3_plus/install/dofbot_description/share/dofbot_description//meshes/dofbot/visual/base_link.STL
[0.858s] -- Installing: /home/arrusr/ROSDev2/tesisx3_plus/install/dofbot_description/share/dofbot_description//meshes/dofbot/visual/arm_link4.STL
[0.863s] -- Installing: /home/arrusr/ROSDev2/tesisx3_plus/install/dofbot_description/share/dofbot_description//meshes/dofbot/visual/rgrip_finger1.STL
[0.864s] -- Installing: /home/arrusr/ROSDev2/tesisx3_plus/install/dofbot_description/share/dofbot_description//meshes/dofbot/visual/lgrip_finger2.STL
[0.864s] -- Installing: /home/arrusr/ROSDev2/tesisx3_plus/install/dofbot_description/share/dofbot_description//meshes/dofbot/visual/lgrip_finger3.STL
[0.864s] -- Installing: /home/arrusr/ROSDev2/tesisx3_plus/install/dofbot_description/share/dofbot_description//meshes/sensor
[0.864s] -- Installing: /home/arrusr/ROSDev2/tesisx3_plus/install/dofbot_description/share/dofbot_description//meshes/sensor/visual
[0.864s] -- Installing: /home/arrusr/ROSDev2/tesisx3_plus/install/dofbot_description/share/dofbot_description//meshes/sensor/visual/mono_link.STL
[0.866s] -- Installing: /home/arrusr/ROSDev2/tesisx3_plus/install/dofbot_description/share/dofbot_description//rviz
[0.866s] -- Installing: /home/arrusr/ROSDev2/tesisx3_plus/install/dofbot_description/share/dofbot_description//rviz/dofbot_arm_rviz.rviz
[0.866s] -- Installing: /home/arrusr/ROSDev2/tesisx3_plus/install/dofbot_description/share/dofbot_description//urdf
[0.866s] -- Installing: /home/arrusr/ROSDev2/tesisx3_plus/install/dofbot_description/share/dofbot_description//urdf/dofbot_trajectory_controller.xacro
[0.866s] -- Installing: /home/arrusr/ROSDev2/tesisx3_plus/install/dofbot_description/share/dofbot_description//urdf/dofbot_gz_properties.xacro
[0.866s] -- Installing: /home/arrusr/ROSDev2/tesisx3_plus/install/dofbot_description/share/dofbot_description//urdf/arm_base_link_xacro.xacro
[0.866s] -- Installing: /home/arrusr/ROSDev2/tesisx3_plus/install/dofbot_description/share/dofbot_description//urdf/dofbot_arm_urdf.xacro
[0.866s] -- Installing: /home/arrusr/ROSDev2/tesisx3_plus/install/dofbot_description/share/dofbot_description//urdf/xacro_properties.xacro
[0.866s] -- Installing: /home/arrusr/ROSDev2/tesisx3_plus/install/dofbot_description/share/dofbot_description//urdf/monocular_camera_sensor.xacro
[0.867s] -- Installing: /home/arrusr/ROSDev2/tesisx3_plus/install/dofbot_description/share/dofbot_description//urdf/trajectory_controller.xacro
[0.867s] -- Installing: /home/arrusr/ROSDev2/tesisx3_plus/install/dofbot_description/share/ament_index/resource_index/package_run_dependencies/dofbot_description
[0.867s] -- Installing: /home/arrusr/ROSDev2/tesisx3_plus/install/dofbot_description/share/ament_index/resource_index/parent_prefix_path/dofbot_description
[0.867s] -- Installing: /home/arrusr/ROSDev2/tesisx3_plus/install/dofbot_description/share/dofbot_description/environment/ament_prefix_path.sh
[0.867s] -- Installing: /home/arrusr/ROSDev2/tesisx3_plus/install/dofbot_description/share/dofbot_description/environment/ament_prefix_path.dsv
[0.867s] -- Installing: /home/arrusr/ROSDev2/tesisx3_plus/install/dofbot_description/share/dofbot_description/environment/path.sh
[0.867s] -- Installing: /home/arrusr/ROSDev2/tesisx3_plus/install/dofbot_description/share/dofbot_description/environment/path.dsv
[0.867s] -- Installing: /home/arrusr/ROSDev2/tesisx3_plus/install/dofbot_description/share/dofbot_description/local_setup.bash
[0.867s] -- Installing: /home/arrusr/ROSDev2/tesisx3_plus/install/dofbot_description/share/dofbot_description/local_setup.sh
[0.867s] -- Installing: /home/arrusr/ROSDev2/tesisx3_plus/install/dofbot_description/share/dofbot_description/local_setup.zsh
[0.867s] -- Installing: /home/arrusr/ROSDev2/tesisx3_plus/install/dofbot_description/share/dofbot_description/local_setup.dsv
[0.867s] -- Installing: /home/arrusr/ROSDev2/tesisx3_plus/install/dofbot_description/share/dofbot_description/package.dsv
[0.867s] -- Installing: /home/arrusr/ROSDev2/tesisx3_plus/install/dofbot_description/share/ament_index/resource_index/packages/dofbot_description
[0.867s] -- Installing: /home/arrusr/ROSDev2/tesisx3_plus/install/dofbot_description/share/dofbot_description/cmake/dofbot_descriptionConfig.cmake
[0.867s] -- Installing: /home/arrusr/ROSDev2/tesisx3_plus/install/dofbot_description/share/dofbot_description/cmake/dofbot_descriptionConfig-version.cmake
[0.867s] -- Installing: /home/arrusr/ROSDev2/tesisx3_plus/install/dofbot_description/share/dofbot_description/package.xml
[0.868s] Invoked command in '/home/arrusr/ROSDev2/tesisx3_plus/build/dofbot_description' returned '0': CMAKE_PREFIX_PATH=${CMAKE_PREFIX_PATH}:/opt/ros/jazzy DEBUGINFOD_URLS=https://debuginfod.ubuntu.com /usr/bin/cmake --install /home/arrusr/ROSDev2/tesisx3_plus/build/dofbot_description
